#
# There is insufficient memory for the Java Runtime Environment to continue.
# Native memory allocation (malloc) failed to allocate 558736 bytes. Error detail: Chunk::new
# Possible reasons:
#   The system is out of physical RAM or swap space
#   This process is running with CompressedOops enabled, and the Java Heap may be blocking the growth of the native heap
# Possible solutions:
#   Reduce memory load on the system
#   Increase physical memory or swap space
#   Check if swap backing store is full
#   Decrease Java heap size (-Xmx/-Xms)
#   Decrease number of Java threads
#   Decrease Java thread stack sizes (-Xss)
#   Set larger code cache with -XX:ReservedCodeCacheSize=
#   JVM is running with Unscaled Compressed Oops mode in which the Java heap is
#     placed in the first 4GB address space. The Java Heap base address is the
#     maximum limit for the native heap growth. Please use -XX:HeapBaseMinAddress
#     to set the Java Heap base and to place the Java Heap above 4GB virtual address.
# This output file may be truncated or incomplete.
#
#  Out of Memory Error (arena.cpp:168), pid=14212, tid=1336
#
# JRE version: OpenJDK Runtime Environment Temurin-21.0.6+7 (21.0.6+7) (build 21.0.6+7-LTS)
# Java VM: OpenJDK 64-Bit Server VM Temurin-21.0.6+7 (21.0.6+7-LTS, mixed mode, sharing, tiered, compressed oops, compressed class ptrs, g1 gc, windows-amd64)
# No core dump will be written. Minidumps are not enabled by default on client versions of Windows
#

---------------  S U M M A R Y ------------

Command Line: --add-opens=java.base/java.lang=ALL-UNNAMED --add-opens=java.base/java.lang.invoke=ALL-UNNAMED --add-opens=java.base/java.util=ALL-UNNAMED --add-opens=java.prefs/java.util.prefs=ALL-UNNAMED --add-exports=jdk.compiler/com.sun.tools.javac.api=ALL-UNNAMED --add-exports=jdk.compiler/com.sun.tools.javac.util=ALL-UNNAMED --add-opens=java.base/java.util=ALL-UNNAMED --add-opens=java.prefs/java.util.prefs=ALL-UNNAMED --add-opens=java.base/java.nio.charset=ALL-UNNAMED --add-opens=java.base/java.net=ALL-UNNAMED --add-opens=java.base/java.util.concurrent.atomic=ALL-UNNAMED --add-opens=java.xml/javax.xml.namespace=ALL-UNNAMED -XX:MaxMetaspaceSize=384m -XX:+HeapDumpOnOutOfMemoryError -Xms256m -Xmx512m -Dfile.encoding=UTF-8 -Duser.country=FR -Duser.language=fr -Duser.variant -javaagent:C:\Users\SBS\.gradle\wrapper\dists\gradle-8.14-bin\38aieal9i53h9rfe7vjup95b9\gradle-8.14\lib\agents\gradle-instrumentation-agent-8.14.jar org.gradle.launcher.daemon.bootstrap.GradleDaemon 8.14

Host: AMD Ryzen 5 5500H with Radeon Graphics         , 8 cores, 6G,  Windows 11 , 64 bit Build 26100 (10.0.26100.9168)
Time: Sat Aug 15 14:12:31 2026 Afr. centrale Ouest elapsed time: 82.494895 seconds (0d 0h 1m 22s)

---------------  T H R E A D  ---------------

Current thread (0x000001c5ff1ed660):  JavaThread "C2 CompilerThread0" daemon [_thread_in_native, id=1336, stack(0x0000001982d00000,0x0000001982e00000) (1024K)]


Current CompileTask:
C2:82495 5108       4       org.objectweb.asm.SymbolTable::addConstantMemberReference (147 bytes)

Stack: [0x0000001982d00000,0x0000001982e00000]
Native frames: (J=compiled Java code, j=interpreted, Vv=VM code, C=native code)
V  [jvm.dll+0x6cdee9]
V  [jvm.dll+0x8a83d1]
V  [jvm.dll+0x8aa8fe]
V  [jvm.dll+0x8aafe3]
V  [jvm.dll+0x27f706]
V  [jvm.dll+0xc500d]
V  [jvm.dll+0xc5543]
V  [jvm.dll+0x3b6752]
V  [jvm.dll+0x382935]
V  [jvm.dll+0x381d9a]
V  [jvm.dll+0x2479f0]
V  [jvm.dll+0x246fcf]
V  [jvm.dll+0x1c75ee]
V  [jvm.dll+0x25685a]
V  [jvm.dll+0x254dfa]
V  [jvm.dll+0x3f0256]
V  [jvm.dll+0x851f8b]
V  [jvm.dll+0x6cc5ed]
C  [ucrtbase.dll+0x2cd30]
C  [KERNEL32.DLL+0x2ccb7]
C  [ntdll.dll+0xaad6c]


---------------  P R O C E S S  ---------------

Threads class SMR info:
_java_thread_list=0x000001c59c3dee70, length=36, elements={
0x000001c5e43600b0, 0x000001c5ff1e19c0, 0x000001c5ff1e4420, 0x000001c5ff1f8090,
0x000001c5ff1f9280, 0x000001c5ff1ebd60, 0x000001c5ff1ec7b0, 0x000001c5ff1ed660,
0x000001c5ff1fc070, 0x000001c5ff30d5e0, 0x000001c5ff4b1e20, 0x000001c5ff766aa0,
0x000001c5993b4cc0, 0x000001c5ff38c590, 0x000001c5995078b0, 0x000001c599516870,
0x000001c59952f800, 0x000001c599262a80, 0x000001c599277e20, 0x000001c5992763e0,
0x000001c5992756c0, 0x000001c5992784b0, 0x000001c599275d50, 0x000001c599276a70,
0x000001c599275030, 0x000001c599277100, 0x000001c59bce23f0, 0x000001c59bce4b50,
0x000001c59bce2a80, 0x000001c59bce44c0, 0x000001c59bce3e30, 0x000001c59bce3110,
0x000001c59bce16d0, 0x000001c59bce51e0, 0x000001c59bce1d60, 0x000001c59bce7fd0
}

Java Threads: ( => current thread )
  0x000001c5e43600b0 JavaThread "main"                              [_thread_blocked, id=8464, stack(0x0000001981f00000,0x0000001982000000) (1024K)]
  0x000001c5ff1e19c0 JavaThread "Reference Handler"          daemon [_thread_blocked, id=8908, stack(0x0000001982700000,0x0000001982800000) (1024K)]
  0x000001c5ff1e4420 JavaThread "Finalizer"                  daemon [_thread_blocked, id=3416, stack(0x0000001982800000,0x0000001982900000) (1024K)]
  0x000001c5ff1f8090 JavaThread "Signal Dispatcher"          daemon [_thread_blocked, id=4604, stack(0x0000001982900000,0x0000001982a00000) (1024K)]
  0x000001c5ff1f9280 JavaThread "Attach Listener"            daemon [_thread_blocked, id=11840, stack(0x0000001982a00000,0x0000001982b00000) (1024K)]
  0x000001c5ff1ebd60 JavaThread "Service Thread"             daemon [_thread_blocked, id=13092, stack(0x0000001982b00000,0x0000001982c00000) (1024K)]
  0x000001c5ff1ec7b0 JavaThread "Monitor Deflation Thread"   daemon [_thread_blocked, id=13512, stack(0x0000001982c00000,0x0000001982d00000) (1024K)]
=>0x000001c5ff1ed660 JavaThread "C2 CompilerThread0"         daemon [_thread_in_native, id=1336, stack(0x0000001982d00000,0x0000001982e00000) (1024K)]
  0x000001c5ff1fc070 JavaThread "C1 CompilerThread0"         daemon [_thread_blocked, id=2092, stack(0x0000001982e00000,0x0000001982f00000) (1024K)]
  0x000001c5ff30d5e0 JavaThread "Common-Cleaner"             daemon [_thread_blocked, id=9168, stack(0x0000001982f00000,0x0000001983000000) (1024K)]
  0x000001c5ff4b1e20 JavaThread "Notification Thread"        daemon [_thread_blocked, id=18724, stack(0x0000001983000000,0x0000001983100000) (1024K)]
  0x000001c5ff766aa0 JavaThread "Daemon health stats"               [_thread_blocked, id=8792, stack(0x0000001983800000,0x0000001983900000) (1024K)]
  0x000001c5993b4cc0 JavaThread "Incoming local TCP Connector on port 56392"        [_thread_in_native, id=3648, stack(0x0000001983900000,0x0000001983a00000) (1024K)]
  0x000001c5ff38c590 JavaThread "Daemon periodic checks"            [_thread_blocked, id=12440, stack(0x0000001983a00000,0x0000001983b00000) (1024K)]
  0x000001c5995078b0 JavaThread "Daemon"                            [_thread_blocked, id=14616, stack(0x0000001983b00000,0x0000001983c00000) (1024K)]
  0x000001c599516870 JavaThread "Handler for socket connection from /127.0.0.1:56392 to /127.0.0.1:56393"        [_thread_in_native, id=15300, stack(0x0000001983c00000,0x0000001983d00000) (1024K)]
  0x000001c59952f800 JavaThread "Cancel handler"                    [_thread_blocked, id=8036, stack(0x0000001983d00000,0x0000001983e00000) (1024K)]
  0x000001c599262a80 JavaThread "Daemon worker"                     [_thread_in_native, id=6916, stack(0x0000001983e00000,0x0000001983f00000) (1024K)]
  0x000001c599277e20 JavaThread "Asynchronous log dispatcher for DefaultDaemonConnection: socket connection from /127.0.0.1:56392 to /127.0.0.1:56393"        [_thread_blocked, id=10564, stack(0x0000001983f00000,0x0000001984000000) (1024K)]
  0x000001c5992763e0 JavaThread "Stdin handler"                     [_thread_blocked, id=3480, stack(0x0000001984000000,0x0000001984100000) (1024K)]
  0x000001c5992756c0 JavaThread "Daemon client event forwarder"        [_thread_blocked, id=9880, stack(0x0000001984100000,0x0000001984200000) (1024K)]
  0x000001c5992784b0 JavaThread "Cache worker for journal cache (C:\Users\SBS\.gradle\caches\journal-1)"        [_thread_blocked, id=22124, stack(0x0000001984200000,0x0000001984300000) (1024K)]
  0x000001c599275d50 JavaThread "File lock request listener"        [_thread_in_native, id=16040, stack(0x0000001984300000,0x0000001984400000) (1024K)]
  0x000001c599276a70 JavaThread "File lock release action executor"        [_thread_blocked, id=21904, stack(0x0000001984400000,0x0000001984500000) (1024K)]
  0x000001c599275030 JavaThread "Cache worker for file hash cache (C:\Users\SBS\.gradle\caches\8.14\fileHashes)"        [_thread_blocked, id=1500, stack(0x0000001984500000,0x0000001984600000) (1024K)]
  0x000001c599277100 JavaThread "Cache worker for file hash cache (C:\Users\SBS\Desktop\start UP\wym\BACKEND\.gradle\8.14\fileHashes)"        [_thread_blocked, id=13020, stack(0x0000001984700000,0x0000001984800000) (1024K)]
  0x000001c59bce23f0 JavaThread "Cache worker for Build Output Cleanup Cache (C:\Users\SBS\Desktop\start UP\wym\BACKEND\.gradle\buildOutputCleanup)"        [_thread_blocked, id=7088, stack(0x0000001984800000,0x0000001984900000) (1024K)]
  0x000001c59bce4b50 JavaThread "File watcher server"        daemon [_thread_in_native, id=4644, stack(0x0000001984900000,0x0000001984a00000) (1024K)]
  0x000001c59bce2a80 JavaThread "File watcher consumer"      daemon [_thread_blocked, id=14916, stack(0x0000001984a00000,0x0000001984b00000) (1024K)]
  0x000001c59bce44c0 JavaThread "jar transforms"                    [_thread_blocked, id=14520, stack(0x0000001984c00000,0x0000001984d00000) (1024K)]
  0x000001c59bce3e30 JavaThread "jar transforms Thread 2"           [_thread_blocked, id=15908, stack(0x0000001984b00000,0x0000001984c00000) (1024K)]
  0x000001c59bce3110 JavaThread "Cache worker for checksums cache (C:\Users\SBS\Desktop\start UP\wym\BACKEND\.gradle\8.14\checksums)"        [_thread_blocked, id=25304, stack(0x0000001984d00000,0x0000001984e00000) (1024K)]
  0x000001c59bce16d0 JavaThread "Cache worker for file content cache (C:\Users\SBS\.gradle\caches\8.14\fileContent)"        [_thread_blocked, id=13656, stack(0x0000001984e00000,0x0000001984f00000) (1024K)]
  0x000001c59bce51e0 JavaThread "Cache worker for cache directory md-supplier (C:\Users\SBS\.gradle\caches\8.14\md-supplier)"        [_thread_blocked, id=9308, stack(0x0000001984f00000,0x0000001985000000) (1024K)]
  0x000001c59bce1d60 JavaThread "Cache worker for cache directory md-rule (C:\Users\SBS\.gradle\caches\8.14\md-rule)"        [_thread_blocked, id=3360, stack(0x0000001985000000,0x0000001985100000) (1024K)]
  0x000001c59bce7fd0 JavaThread "jar transforms Thread 3"           [_thread_blocked, id=1712, stack(0x0000001981c00000,0x0000001981d00000) (1024K)]
Total: 36

Other Threads:
  0x000001c5ff1c5360 VMThread "VM Thread"                           [id=9792, stack(0x0000001982600000,0x0000001982700000) (1024K)]
  0x000001c5ff1b5c60 WatcherThread "VM Periodic Task Thread"        [id=772, stack(0x0000001982500000,0x0000001982600000) (1024K)]
  0x000001c5e438b4a0 WorkerThread "GC Thread#0"                     [id=8416, stack(0x0000001982000000,0x0000001982100000) (1024K)]
  0x000001c5ff6614a0 WorkerThread "GC Thread#1"                     [id=13476, stack(0x0000001983100000,0x0000001983200000) (1024K)]
  0x000001c5ff4d98e0 WorkerThread "GC Thread#2"                     [id=1920, stack(0x0000001983200000,0x0000001983300000) (1024K)]
  0x000001c5ff550880 WorkerThread "GC Thread#3"                     [id=15340, stack(0x0000001983300000,0x0000001983400000) (1024K)]
  0x000001c5ff656880 WorkerThread "GC Thread#4"                     [id=9660, stack(0x0000001983400000,0x0000001983500000) (1024K)]
  0x000001c5ff656c20 WorkerThread "GC Thread#5"                     [id=3868, stack(0x0000001983500000,0x0000001983600000) (1024K)]
  0x000001c5993d9700 WorkerThread "GC Thread#6"                     [id=6496, stack(0x0000001983600000,0x0000001983700000) (1024K)]
  0x000001c59929a270 WorkerThread "GC Thread#7"                     [id=14252, stack(0x0000001983700000,0x0000001983800000) (1024K)]
  0x000001c5e4391bb0 ConcurrentGCThread "G1 Main Marker"            [id=3000, stack(0x0000001982100000,0x0000001982200000) (1024K)]
  0x000001c5e4393440 WorkerThread "G1 Conc#0"                       [id=4208, stack(0x0000001982200000,0x0000001982300000) (1024K)]
  0x000001c59b464760 WorkerThread "G1 Conc#1"                       [id=25564, stack(0x0000001984600000,0x0000001984700000) (1024K)]
  0x000001c5ff0861f0 ConcurrentGCThread "G1 Refine#0"               [id=2664, stack(0x0000001982300000,0x0000001982400000) (1024K)]
  0x000001c5ff086b70 ConcurrentGCThread "G1 Service"                [id=11608, stack(0x0000001982400000,0x0000001982500000) (1024K)]
Total: 15

Threads with active compile tasks:
C2 CompilerThread0  87176 5108       4       org.objectweb.asm.SymbolTable::addConstantMemberReference (147 bytes)
Total: 1

VM state: not at safepoint (normal execution)

VM Mutex/Monitor currently owned by a thread: None

Heap address: 0x00000000e0000000, size: 512 MB, Compressed Oops mode: 32-bit

CDS archive(s) mapped at: [0x000001c580000000-0x000001c580c80000-0x000001c580c80000), size 13107200, SharedBaseAddress: 0x000001c580000000, ArchiveRelocationMode: 1.
Compressed class space mapped at: 0x000001c581000000-0x000001c595000000, reserved size: 335544320
Narrow klass base: 0x000001c580000000, Narrow klass shift: 0, Narrow klass range: 0x100000000

GC Precious Log:
 CardTable entry size: 512
 Card Set container configuration: InlinePtr #cards 5 size 8 Array Of Cards #cards 12 size 40 Howl #buckets 4 coarsen threshold 1843 Howl Bitmap #cards 512 size 80 coarsen threshold 460 Card regions per heap region 1 cards per card region 2048
 CPUs: 8 total, 8 available
 Memory: 7020M
 Large Page Support: Disabled
 NUMA Support: Disabled
 Compressed Oops: Enabled (32-bit)
 Heap Region Size: 1M
 Heap Min Capacity: 256M
 Heap Initial Capacity: 256M
 Heap Max Capacity: 512M
 Pre-touch: Disabled
 Parallel Workers: 8
 Concurrent Workers: 2
 Concurrent Refinement Workers: 8
 Periodic GC: Disabled

Heap:
 garbage-first heap   total 262144K, used 113200K [0x00000000e0000000, 0x0000000100000000)
  region size 1024K, 83 young (84992K), 9 survivors (9216K)
 Metaspace       used 44772K, committed 46336K, reserved 393216K
  class space    used 6261K, committed 7040K, reserved 327680K

Heap Regions: E=young(eden), S=young(survivor), O=old, HS=humongous(starts), HC=humongous(continues), CS=collection set, F=free, TAMS=top-at-mark-start, PB=parsable bottom
|   0|0x00000000e0000000, 0x00000000e0100000, 0x00000000e0100000|100%|HS|  |TAMS 0x00000000e0000000| PB 0x00000000e0000000| Complete 
|   1|0x00000000e0100000, 0x00000000e0200000, 0x00000000e0200000|100%|HC|  |TAMS 0x00000000e0100000| PB 0x00000000e0100000| Complete 
|   2|0x00000000e0200000, 0x00000000e0300000, 0x00000000e0300000|100%|HC|  |TAMS 0x00000000e0200000| PB 0x00000000e0200000| Complete 
|   3|0x00000000e0300000, 0x00000000e0400000, 0x00000000e0400000|100%| O|  |TAMS 0x00000000e0300000| PB 0x00000000e0300000| Untracked 
|   4|0x00000000e0400000, 0x00000000e0500000, 0x00000000e0500000|100%| O|  |TAMS 0x00000000e0400000| PB 0x00000000e0400000| Untracked 
|   5|0x00000000e0500000, 0x00000000e0600000, 0x00000000e0600000|100%| O|  |TAMS 0x00000000e0500000| PB 0x00000000e0500000| Untracked 
|   6|0x00000000e0600000, 0x00000000e0700000, 0x00000000e0700000|100%|HS|  |TAMS 0x00000000e0600000| PB 0x00000000e0600000| Complete 
|   7|0x00000000e0700000, 0x00000000e0800000, 0x00000000e0800000|100%| O|  |TAMS 0x00000000e0700000| PB 0x00000000e0700000| Untracked 
|   8|0x00000000e0800000, 0x00000000e0900000, 0x00000000e0900000|100%| O|  |TAMS 0x00000000e0800000| PB 0x00000000e0800000| Untracked 
|   9|0x00000000e0900000, 0x00000000e0a00000, 0x00000000e0a00000|100%| O|  |TAMS 0x00000000e0900000| PB 0x00000000e0900000| Untracked 
|  10|0x00000000e0a00000, 0x00000000e0b00000, 0x00000000e0b00000|100%| O|  |TAMS 0x00000000e0a00000| PB 0x00000000e0a00000| Untracked 
|  11|0x00000000e0b00000, 0x00000000e0c00000, 0x00000000e0c00000|100%|HS|  |TAMS 0x00000000e0b00000| PB 0x00000000e0b00000| Complete 
|  12|0x00000000e0c00000, 0x00000000e0d00000, 0x00000000e0d00000|100%| O|  |TAMS 0x00000000e0c00000| PB 0x00000000e0c00000| Untracked 
|  13|0x00000000e0d00000, 0x00000000e0e00000, 0x00000000e0e00000|100%| O|  |TAMS 0x00000000e0d00000| PB 0x00000000e0d00000| Untracked 
|  14|0x00000000e0e00000, 0x00000000e0f00000, 0x00000000e0f00000|100%| O|  |TAMS 0x00000000e0e00000| PB 0x00000000e0e00000| Untracked 
|  15|0x00000000e0f00000, 0x00000000e1000000, 0x00000000e1000000|100%| O|  |TAMS 0x00000000e0f00000| PB 0x00000000e0f00000| Untracked 
|  16|0x00000000e1000000, 0x00000000e1100000, 0x00000000e1100000|100%| O|  |TAMS 0x00000000e1000000| PB 0x00000000e1000000| Untracked 
|  17|0x00000000e1100000, 0x00000000e1200000, 0x00000000e1200000|100%| O|Cm|TAMS 0x00000000e1100000| PB 0x00000000e1100000| Complete 
|  18|0x00000000e1200000, 0x00000000e1300000, 0x00000000e1300000|100%| O|  |TAMS 0x00000000e1200000| PB 0x00000000e1200000| Untracked 
|  19|0x00000000e1300000, 0x00000000e1400000, 0x00000000e1400000|100%| O|  |TAMS 0x00000000e1300000| PB 0x00000000e1300000| Untracked 
|  20|0x00000000e1400000, 0x00000000e1500000, 0x00000000e1500000|100%| O|  |TAMS 0x00000000e1400000| PB 0x00000000e1400000| Untracked 
|  21|0x00000000e1500000, 0x00000000e1600000, 0x00000000e1600000|100%| O|  |TAMS 0x00000000e1500000| PB 0x00000000e1500000| Untracked 
|  22|0x00000000e1600000, 0x00000000e1700000, 0x00000000e1700000|100%| O|  |TAMS 0x00000000e1600000| PB 0x00000000e1600000| Untracked 
|  23|0x00000000e1700000, 0x00000000e1800000, 0x00000000e1800000|100%| O|  |TAMS 0x00000000e1700000| PB 0x00000000e1700000| Untracked 
|  24|0x00000000e1800000, 0x00000000e1858680, 0x00000000e1900000| 34%| O|  |TAMS 0x00000000e1800000| PB 0x00000000e1800000| Untracked 
|  25|0x00000000e1900000, 0x00000000e1a00000, 0x00000000e1a00000|100%|HS|  |TAMS 0x00000000e1900000| PB 0x00000000e1900000| Complete 
|  26|0x00000000e1a00000, 0x00000000e1b00000, 0x00000000e1b00000|100%|HS|  |TAMS 0x00000000e1a00000| PB 0x00000000e1a00000| Complete 
|  27|0x00000000e1b00000, 0x00000000e1c00000, 0x00000000e1c00000|100%|HS|  |TAMS 0x00000000e1b00000| PB 0x00000000e1b00000| Complete 
|  28|0x00000000e1c00000, 0x00000000e1d00000, 0x00000000e1d00000|100%|HC|  |TAMS 0x00000000e1c00000| PB 0x00000000e1c00000| Complete 
|  29|0x00000000e1d00000, 0x00000000e1e00000, 0x00000000e1e00000|100%|HS|  |TAMS 0x00000000e1d00000| PB 0x00000000e1d00000| Complete 
|  30|0x00000000e1e00000, 0x00000000e1f00000, 0x00000000e1f00000|100%|HC|  |TAMS 0x00000000e1e00000| PB 0x00000000e1e00000| Complete 
|  31|0x00000000e1f00000, 0x00000000e1f00000, 0x00000000e2000000|  0%| F|  |TAMS 0x00000000e1f00000| PB 0x00000000e1f00000| Untracked 
|  32|0x00000000e2000000, 0x00000000e2000000, 0x00000000e2100000|  0%| F|  |TAMS 0x00000000e2000000| PB 0x00000000e2000000| Untracked 
|  33|0x00000000e2100000, 0x00000000e2100000, 0x00000000e2200000|  0%| F|  |TAMS 0x00000000e2100000| PB 0x00000000e2100000| Untracked 
|  34|0x00000000e2200000, 0x00000000e2200000, 0x00000000e2300000|  0%| F|  |TAMS 0x00000000e2200000| PB 0x00000000e2200000| Untracked 
|  35|0x00000000e2300000, 0x00000000e2300000, 0x00000000e2400000|  0%| F|  |TAMS 0x00000000e2300000| PB 0x00000000e2300000| Untracked 
|  36|0x00000000e2400000, 0x00000000e2400000, 0x00000000e2500000|  0%| F|  |TAMS 0x00000000e2400000| PB 0x00000000e2400000| Untracked 
|  37|0x00000000e2500000, 0x00000000e2500000, 0x00000000e2600000|  0%| F|  |TAMS 0x00000000e2500000| PB 0x00000000e2500000| Untracked 
|  38|0x00000000e2600000, 0x00000000e2600000, 0x00000000e2700000|  0%| F|  |TAMS 0x00000000e2600000| PB 0x00000000e2600000| Untracked 
|  39|0x00000000e2700000, 0x00000000e2700000, 0x00000000e2800000|  0%| F|  |TAMS 0x00000000e2700000| PB 0x00000000e2700000| Untracked 
|  40|0x00000000e2800000, 0x00000000e2800000, 0x00000000e2900000|  0%| F|  |TAMS 0x00000000e2800000| PB 0x00000000e2800000| Untracked 
|  41|0x00000000e2900000, 0x00000000e2900000, 0x00000000e2a00000|  0%| F|  |TAMS 0x00000000e2900000| PB 0x00000000e2900000| Untracked 
|  42|0x00000000e2a00000, 0x00000000e2a00000, 0x00000000e2b00000|  0%| F|  |TAMS 0x00000000e2a00000| PB 0x00000000e2a00000| Untracked 
|  43|0x00000000e2b00000, 0x00000000e2b00000, 0x00000000e2c00000|  0%| F|  |TAMS 0x00000000e2b00000| PB 0x00000000e2b00000| Untracked 
|  44|0x00000000e2c00000, 0x00000000e2c00000, 0x00000000e2d00000|  0%| F|  |TAMS 0x00000000e2c00000| PB 0x00000000e2c00000| Untracked 
|  45|0x00000000e2d00000, 0x00000000e2d00000, 0x00000000e2e00000|  0%| F|  |TAMS 0x00000000e2d00000| PB 0x00000000e2d00000| Untracked 
|  46|0x00000000e2e00000, 0x00000000e2e00000, 0x00000000e2f00000|  0%| F|  |TAMS 0x00000000e2e00000| PB 0x00000000e2e00000| Untracked 
|  47|0x00000000e2f00000, 0x00000000e2f00000, 0x00000000e3000000|  0%| F|  |TAMS 0x00000000e2f00000| PB 0x00000000e2f00000| Untracked 
|  48|0x00000000e3000000, 0x00000000e3000000, 0x00000000e3100000|  0%| F|  |TAMS 0x00000000e3000000| PB 0x00000000e3000000| Untracked 
|  49|0x00000000e3100000, 0x00000000e3100000, 0x00000000e3200000|  0%| F|  |TAMS 0x00000000e3100000| PB 0x00000000e3100000| Untracked 
|  50|0x00000000e3200000, 0x00000000e3200000, 0x00000000e3300000|  0%| F|  |TAMS 0x00000000e3200000| PB 0x00000000e3200000| Untracked 
|  51|0x00000000e3300000, 0x00000000e3300000, 0x00000000e3400000|  0%| F|  |TAMS 0x00000000e3300000| PB 0x00000000e3300000| Untracked 
|  52|0x00000000e3400000, 0x00000000e3400000, 0x00000000e3500000|  0%| F|  |TAMS 0x00000000e3400000| PB 0x00000000e3400000| Untracked 
|  53|0x00000000e3500000, 0x00000000e3500000, 0x00000000e3600000|  0%| F|  |TAMS 0x00000000e3500000| PB 0x00000000e3500000| Untracked 
|  54|0x00000000e3600000, 0x00000000e3600000, 0x00000000e3700000|  0%| F|  |TAMS 0x00000000e3600000| PB 0x00000000e3600000| Untracked 
|  55|0x00000000e3700000, 0x00000000e3700000, 0x00000000e3800000|  0%| F|  |TAMS 0x00000000e3700000| PB 0x00000000e3700000| Untracked 
|  56|0x00000000e3800000, 0x00000000e3800000, 0x00000000e3900000|  0%| F|  |TAMS 0x00000000e3800000| PB 0x00000000e3800000| Untracked 
|  57|0x00000000e3900000, 0x00000000e3900000, 0x00000000e3a00000|  0%| F|  |TAMS 0x00000000e3900000| PB 0x00000000e3900000| Untracked 
|  58|0x00000000e3a00000, 0x00000000e3a00000, 0x00000000e3b00000|  0%| F|  |TAMS 0x00000000e3a00000| PB 0x00000000e3a00000| Untracked 
|  59|0x00000000e3b00000, 0x00000000e3b00000, 0x00000000e3c00000|  0%| F|  |TAMS 0x00000000e3b00000| PB 0x00000000e3b00000| Untracked 
|  60|0x00000000e3c00000, 0x00000000e3c00000, 0x00000000e3d00000|  0%| F|  |TAMS 0x00000000e3c00000| PB 0x00000000e3c00000| Untracked 
|  61|0x00000000e3d00000, 0x00000000e3d00000, 0x00000000e3e00000|  0%| F|  |TAMS 0x00000000e3d00000| PB 0x00000000e3d00000| Untracked 
|  62|0x00000000e3e00000, 0x00000000e3e00000, 0x00000000e3f00000|  0%| F|  |TAMS 0x00000000e3e00000| PB 0x00000000e3e00000| Untracked 
|  63|0x00000000e3f00000, 0x00000000e3f00000, 0x00000000e4000000|  0%| F|  |TAMS 0x00000000e3f00000| PB 0x00000000e3f00000| Untracked 
|  64|0x00000000e4000000, 0x00000000e4000000, 0x00000000e4100000|  0%| F|  |TAMS 0x00000000e4000000| PB 0x00000000e4000000| Untracked 
|  65|0x00000000e4100000, 0x00000000e4100000, 0x00000000e4200000|  0%| F|  |TAMS 0x00000000e4100000| PB 0x00000000e4100000| Untracked 
|  66|0x00000000e4200000, 0x00000000e4200000, 0x00000000e4300000|  0%| F|  |TAMS 0x00000000e4200000| PB 0x00000000e4200000| Untracked 
|  67|0x00000000e4300000, 0x00000000e4300000, 0x00000000e4400000|  0%| F|  |TAMS 0x00000000e4300000| PB 0x00000000e4300000| Untracked 
|  68|0x00000000e4400000, 0x00000000e4400000, 0x00000000e4500000|  0%| F|  |TAMS 0x00000000e4400000| PB 0x00000000e4400000| Untracked 
|  69|0x00000000e4500000, 0x00000000e4500000, 0x00000000e4600000|  0%| F|  |TAMS 0x00000000e4500000| PB 0x00000000e4500000| Untracked 
|  70|0x00000000e4600000, 0x00000000e4600000, 0x00000000e4700000|  0%| F|  |TAMS 0x00000000e4600000| PB 0x00000000e4600000| Untracked 
|  71|0x00000000e4700000, 0x00000000e4700000, 0x00000000e4800000|  0%| F|  |TAMS 0x00000000e4700000| PB 0x00000000e4700000| Untracked 
|  72|0x00000000e4800000, 0x00000000e4800000, 0x00000000e4900000|  0%| F|  |TAMS 0x00000000e4800000| PB 0x00000000e4800000| Untracked 
|  73|0x00000000e4900000, 0x00000000e4900000, 0x00000000e4a00000|  0%| F|  |TAMS 0x00000000e4900000| PB 0x00000000e4900000| Untracked 
|  74|0x00000000e4a00000, 0x00000000e4a00000, 0x00000000e4b00000|  0%| F|  |TAMS 0x00000000e4a00000| PB 0x00000000e4a00000| Untracked 
|  75|0x00000000e4b00000, 0x00000000e4b00000, 0x00000000e4c00000|  0%| F|  |TAMS 0x00000000e4b00000| PB 0x00000000e4b00000| Untracked 
|  76|0x00000000e4c00000, 0x00000000e4c00000, 0x00000000e4d00000|  0%| F|  |TAMS 0x00000000e4c00000| PB 0x00000000e4c00000| Untracked 
|  77|0x00000000e4d00000, 0x00000000e4d00000, 0x00000000e4e00000|  0%| F|  |TAMS 0x00000000e4d00000| PB 0x00000000e4d00000| Untracked 
|  78|0x00000000e4e00000, 0x00000000e4e00000, 0x00000000e4f00000|  0%| F|  |TAMS 0x00000000e4e00000| PB 0x00000000e4e00000| Untracked 
|  79|0x00000000e4f00000, 0x00000000e4f00000, 0x00000000e5000000|  0%| F|  |TAMS 0x00000000e4f00000| PB 0x00000000e4f00000| Untracked 
|  80|0x00000000e5000000, 0x00000000e5000000, 0x00000000e5100000|  0%| F|  |TAMS 0x00000000e5000000| PB 0x00000000e5000000| Untracked 
|  81|0x00000000e5100000, 0x00000000e5100000, 0x00000000e5200000|  0%| F|  |TAMS 0x00000000e5100000| PB 0x00000000e5100000| Untracked 
|  82|0x00000000e5200000, 0x00000000e5200000, 0x00000000e5300000|  0%| F|  |TAMS 0x00000000e5200000| PB 0x00000000e5200000| Untracked 
|  83|0x00000000e5300000, 0x00000000e5300000, 0x00000000e5400000|  0%| F|  |TAMS 0x00000000e5300000| PB 0x00000000e5300000| Untracked 
|  84|0x00000000e5400000, 0x00000000e5400000, 0x00000000e5500000|  0%| F|  |TAMS 0x00000000e5400000| PB 0x00000000e5400000| Untracked 
|  85|0x00000000e5500000, 0x00000000e5500000, 0x00000000e5600000|  0%| F|  |TAMS 0x00000000e5500000| PB 0x00000000e5500000| Untracked 
|  86|0x00000000e5600000, 0x00000000e5600000, 0x00000000e5700000|  0%| F|  |TAMS 0x00000000e5600000| PB 0x00000000e5600000| Untracked 
|  87|0x00000000e5700000, 0x00000000e5700000, 0x00000000e5800000|  0%| F|  |TAMS 0x00000000e5700000| PB 0x00000000e5700000| Untracked 
|  88|0x00000000e5800000, 0x00000000e5800000, 0x00000000e5900000|  0%| F|  |TAMS 0x00000000e5800000| PB 0x00000000e5800000| Untracked 
|  89|0x00000000e5900000, 0x00000000e5900000, 0x00000000e5a00000|  0%| F|  |TAMS 0x00000000e5900000| PB 0x00000000e5900000| Untracked 
|  90|0x00000000e5a00000, 0x00000000e5a00000, 0x00000000e5b00000|  0%| F|  |TAMS 0x00000000e5a00000| PB 0x00000000e5a00000| Untracked 
|  91|0x00000000e5b00000, 0x00000000e5b00000, 0x00000000e5c00000|  0%| F|  |TAMS 0x00000000e5b00000| PB 0x00000000e5b00000| Untracked 
|  92|0x00000000e5c00000, 0x00000000e5c00000, 0x00000000e5d00000|  0%| F|  |TAMS 0x00000000e5c00000| PB 0x00000000e5c00000| Untracked 
|  93|0x00000000e5d00000, 0x00000000e5d00000, 0x00000000e5e00000|  0%| F|  |TAMS 0x00000000e5d00000| PB 0x00000000e5d00000| Untracked 
|  94|0x00000000e5e00000, 0x00000000e5e00000, 0x00000000e5f00000|  0%| F|  |TAMS 0x00000000e5e00000| PB 0x00000000e5e00000| Untracked 
|  95|0x00000000e5f00000, 0x00000000e5f00000, 0x00000000e6000000|  0%| F|  |TAMS 0x00000000e5f00000| PB 0x00000000e5f00000| Untracked 
|  96|0x00000000e6000000, 0x00000000e6000000, 0x00000000e6100000|  0%| F|  |TAMS 0x00000000e6000000| PB 0x00000000e6000000| Untracked 
|  97|0x00000000e6100000, 0x00000000e6100000, 0x00000000e6200000|  0%| F|  |TAMS 0x00000000e6100000| PB 0x00000000e6100000| Untracked 
|  98|0x00000000e6200000, 0x00000000e6200000, 0x00000000e6300000|  0%| F|  |TAMS 0x00000000e6200000| PB 0x00000000e6200000| Untracked 
|  99|0x00000000e6300000, 0x00000000e6300000, 0x00000000e6400000|  0%| F|  |TAMS 0x00000000e6300000| PB 0x00000000e6300000| Untracked 
| 100|0x00000000e6400000, 0x00000000e6400000, 0x00000000e6500000|  0%| F|  |TAMS 0x00000000e6400000| PB 0x00000000e6400000| Untracked 
| 101|0x00000000e6500000, 0x00000000e6500000, 0x00000000e6600000|  0%| F|  |TAMS 0x00000000e6500000| PB 0x00000000e6500000| Untracked 
| 102|0x00000000e6600000, 0x00000000e6600000, 0x00000000e6700000|  0%| F|  |TAMS 0x00000000e6600000| PB 0x00000000e6600000| Untracked 
| 103|0x00000000e6700000, 0x00000000e6700000, 0x00000000e6800000|  0%| F|  |TAMS 0x00000000e6700000| PB 0x00000000e6700000| Untracked 
| 104|0x00000000e6800000, 0x00000000e6800000, 0x00000000e6900000|  0%| F|  |TAMS 0x00000000e6800000| PB 0x00000000e6800000| Untracked 
| 105|0x00000000e6900000, 0x00000000e6900000, 0x00000000e6a00000|  0%| F|  |TAMS 0x00000000e6900000| PB 0x00000000e6900000| Untracked 
| 106|0x00000000e6a00000, 0x00000000e6a00000, 0x00000000e6b00000|  0%| F|  |TAMS 0x00000000e6a00000| PB 0x00000000e6a00000| Untracked 
| 107|0x00000000e6b00000, 0x00000000e6b00000, 0x00000000e6c00000|  0%| F|  |TAMS 0x00000000e6b00000| PB 0x00000000e6b00000| Untracked 
| 108|0x00000000e6c00000, 0x00000000e6c00000, 0x00000000e6d00000|  0%| F|  |TAMS 0x00000000e6c00000| PB 0x00000000e6c00000| Untracked 
| 109|0x00000000e6d00000, 0x00000000e6d00000, 0x00000000e6e00000|  0%| F|  |TAMS 0x00000000e6d00000| PB 0x00000000e6d00000| Untracked 
| 110|0x00000000e6e00000, 0x00000000e6e00000, 0x00000000e6f00000|  0%| F|  |TAMS 0x00000000e6e00000| PB 0x00000000e6e00000| Untracked 
| 111|0x00000000e6f00000, 0x00000000e6f00000, 0x00000000e7000000|  0%| F|  |TAMS 0x00000000e6f00000| PB 0x00000000e6f00000| Untracked 
| 112|0x00000000e7000000, 0x00000000e7000000, 0x00000000e7100000|  0%| F|  |TAMS 0x00000000e7000000| PB 0x00000000e7000000| Untracked 
| 113|0x00000000e7100000, 0x00000000e7100000, 0x00000000e7200000|  0%| F|  |TAMS 0x00000000e7100000| PB 0x00000000e7100000| Untracked 
| 114|0x00000000e7200000, 0x00000000e7200000, 0x00000000e7300000|  0%| F|  |TAMS 0x00000000e7200000| PB 0x00000000e7200000| Untracked 
| 115|0x00000000e7300000, 0x00000000e7300000, 0x00000000e7400000|  0%| F|  |TAMS 0x00000000e7300000| PB 0x00000000e7300000| Untracked 
| 116|0x00000000e7400000, 0x00000000e7400000, 0x00000000e7500000|  0%| F|  |TAMS 0x00000000e7400000| PB 0x00000000e7400000| Untracked 
| 117|0x00000000e7500000, 0x00000000e7500000, 0x00000000e7600000|  0%| F|  |TAMS 0x00000000e7500000| PB 0x00000000e7500000| Untracked 
| 118|0x00000000e7600000, 0x00000000e7600000, 0x00000000e7700000|  0%| F|  |TAMS 0x00000000e7600000| PB 0x00000000e7600000| Untracked 
| 119|0x00000000e7700000, 0x00000000e7700000, 0x00000000e7800000|  0%| F|  |TAMS 0x00000000e7700000| PB 0x00000000e7700000| Untracked 
| 120|0x00000000e7800000, 0x00000000e7800000, 0x00000000e7900000|  0%| F|  |TAMS 0x00000000e7800000| PB 0x00000000e7800000| Untracked 
| 121|0x00000000e7900000, 0x00000000e7900000, 0x00000000e7a00000|  0%| F|  |TAMS 0x00000000e7900000| PB 0x00000000e7900000| Untracked 
| 122|0x00000000e7a00000, 0x00000000e7a00000, 0x00000000e7b00000|  0%| F|  |TAMS 0x00000000e7a00000| PB 0x00000000e7a00000| Untracked 
| 123|0x00000000e7b00000, 0x00000000e7b00000, 0x00000000e7c00000|  0%| F|  |TAMS 0x00000000e7b00000| PB 0x00000000e7b00000| Untracked 
| 124|0x00000000e7c00000, 0x00000000e7c00000, 0x00000000e7d00000|  0%| F|  |TAMS 0x00000000e7c00000| PB 0x00000000e7c00000| Untracked 
| 125|0x00000000e7d00000, 0x00000000e7d00000, 0x00000000e7e00000|  0%| F|  |TAMS 0x00000000e7d00000| PB 0x00000000e7d00000| Untracked 
| 126|0x00000000e7e00000, 0x00000000e7e00000, 0x00000000e7f00000|  0%| F|  |TAMS 0x00000000e7e00000| PB 0x00000000e7e00000| Untracked 
| 127|0x00000000e7f00000, 0x00000000e7f00000, 0x00000000e8000000|  0%| F|  |TAMS 0x00000000e7f00000| PB 0x00000000e7f00000| Untracked 
| 128|0x00000000e8000000, 0x00000000e8000000, 0x00000000e8100000|  0%| F|  |TAMS 0x00000000e8000000| PB 0x00000000e8000000| Untracked 
| 129|0x00000000e8100000, 0x00000000e8100000, 0x00000000e8200000|  0%| F|  |TAMS 0x00000000e8100000| PB 0x00000000e8100000| Untracked 
| 130|0x00000000e8200000, 0x00000000e8200000, 0x00000000e8300000|  0%| F|  |TAMS 0x00000000e8200000| PB 0x00000000e8200000| Untracked 
| 131|0x00000000e8300000, 0x00000000e8300000, 0x00000000e8400000|  0%| F|  |TAMS 0x00000000e8300000| PB 0x00000000e8300000| Untracked 
| 132|0x00000000e8400000, 0x00000000e8400000, 0x00000000e8500000|  0%| F|  |TAMS 0x00000000e8400000| PB 0x00000000e8400000| Untracked 
| 133|0x00000000e8500000, 0x00000000e8500000, 0x00000000e8600000|  0%| F|  |TAMS 0x00000000e8500000| PB 0x00000000e8500000| Untracked 
| 134|0x00000000e8600000, 0x00000000e8600000, 0x00000000e8700000|  0%| F|  |TAMS 0x00000000e8600000| PB 0x00000000e8600000| Untracked 
| 135|0x00000000e8700000, 0x00000000e8700000, 0x00000000e8800000|  0%| F|  |TAMS 0x00000000e8700000| PB 0x00000000e8700000| Untracked 
| 136|0x00000000e8800000, 0x00000000e8800000, 0x00000000e8900000|  0%| F|  |TAMS 0x00000000e8800000| PB 0x00000000e8800000| Untracked 
| 137|0x00000000e8900000, 0x00000000e8900000, 0x00000000e8a00000|  0%| F|  |TAMS 0x00000000e8900000| PB 0x00000000e8900000| Untracked 
| 138|0x00000000e8a00000, 0x00000000e8a00000, 0x00000000e8b00000|  0%| F|  |TAMS 0x00000000e8a00000| PB 0x00000000e8a00000| Untracked 
| 139|0x00000000e8b00000, 0x00000000e8b00000, 0x00000000e8c00000|  0%| F|  |TAMS 0x00000000e8b00000| PB 0x00000000e8b00000| Untracked 
| 140|0x00000000e8c00000, 0x00000000e8c00000, 0x00000000e8d00000|  0%| F|  |TAMS 0x00000000e8c00000| PB 0x00000000e8c00000| Untracked 
| 141|0x00000000e8d00000, 0x00000000e8d00000, 0x00000000e8e00000|  0%| F|  |TAMS 0x00000000e8d00000| PB 0x00000000e8d00000| Untracked 
| 142|0x00000000e8e00000, 0x00000000e8e00000, 0x00000000e8f00000|  0%| F|  |TAMS 0x00000000e8e00000| PB 0x00000000e8e00000| Untracked 
| 143|0x00000000e8f00000, 0x00000000e8f00000, 0x00000000e9000000|  0%| F|  |TAMS 0x00000000e8f00000| PB 0x00000000e8f00000| Untracked 
| 144|0x00000000e9000000, 0x00000000e9000000, 0x00000000e9100000|  0%| F|  |TAMS 0x00000000e9000000| PB 0x00000000e9000000| Untracked 
| 145|0x00000000e9100000, 0x00000000e9100000, 0x00000000e9200000|  0%| F|  |TAMS 0x00000000e9100000| PB 0x00000000e9100000| Untracked 
| 146|0x00000000e9200000, 0x00000000e9200000, 0x00000000e9300000|  0%| F|  |TAMS 0x00000000e9200000| PB 0x00000000e9200000| Untracked 
| 147|0x00000000e9300000, 0x00000000e9300000, 0x00000000e9400000|  0%| F|  |TAMS 0x00000000e9300000| PB 0x00000000e9300000| Untracked 
| 148|0x00000000e9400000, 0x00000000e9400000, 0x00000000e9500000|  0%| F|  |TAMS 0x00000000e9400000| PB 0x00000000e9400000| Untracked 
| 149|0x00000000e9500000, 0x00000000e9500000, 0x00000000e9600000|  0%| F|  |TAMS 0x00000000e9500000| PB 0x00000000e9500000| Untracked 
| 150|0x00000000e9600000, 0x00000000e9600000, 0x00000000e9700000|  0%| F|  |TAMS 0x00000000e9600000| PB 0x00000000e9600000| Untracked 
| 151|0x00000000e9700000, 0x00000000e9700000, 0x00000000e9800000|  0%| F|  |TAMS 0x00000000e9700000| PB 0x00000000e9700000| Untracked 
| 152|0x00000000e9800000, 0x00000000e9800000, 0x00000000e9900000|  0%| F|  |TAMS 0x00000000e9800000| PB 0x00000000e9800000| Untracked 
| 153|0x00000000e9900000, 0x00000000e9900000, 0x00000000e9a00000|  0%| F|  |TAMS 0x00000000e9900000| PB 0x00000000e9900000| Untracked 
| 154|0x00000000e9a00000, 0x00000000e9a00000, 0x00000000e9b00000|  0%| F|  |TAMS 0x00000000e9a00000| PB 0x00000000e9a00000| Untracked 
| 155|0x00000000e9b00000, 0x00000000e9b00000, 0x00000000e9c00000|  0%| F|  |TAMS 0x00000000e9b00000| PB 0x00000000e9b00000| Untracked 
| 156|0x00000000e9c00000, 0x00000000e9c00000, 0x00000000e9d00000|  0%| F|  |TAMS 0x00000000e9c00000| PB 0x00000000e9c00000| Untracked 
| 157|0x00000000e9d00000, 0x00000000e9d00000, 0x00000000e9e00000|  0%| F|  |TAMS 0x00000000e9d00000| PB 0x00000000e9d00000| Untracked 
| 158|0x00000000e9e00000, 0x00000000e9e00000, 0x00000000e9f00000|  0%| F|  |TAMS 0x00000000e9e00000| PB 0x00000000e9e00000| Untracked 
| 159|0x00000000e9f00000, 0x00000000e9f00000, 0x00000000ea000000|  0%| F|  |TAMS 0x00000000e9f00000| PB 0x00000000e9f00000| Untracked 
| 160|0x00000000ea000000, 0x00000000ea000000, 0x00000000ea100000|  0%| F|  |TAMS 0x00000000ea000000| PB 0x00000000ea000000| Untracked 
| 161|0x00000000ea100000, 0x00000000ea100000, 0x00000000ea200000|  0%| F|  |TAMS 0x00000000ea100000| PB 0x00000000ea100000| Untracked 
| 162|0x00000000ea200000, 0x00000000ea200000, 0x00000000ea300000|  0%| F|  |TAMS 0x00000000ea200000| PB 0x00000000ea200000| Untracked 
| 163|0x00000000ea300000, 0x00000000ea300000, 0x00000000ea400000|  0%| F|  |TAMS 0x00000000ea300000| PB 0x00000000ea300000| Untracked 
| 164|0x00000000ea400000, 0x00000000ea400000, 0x00000000ea500000|  0%| F|  |TAMS 0x00000000ea400000| PB 0x00000000ea400000| Untracked 
| 165|0x00000000ea500000, 0x00000000ea500000, 0x00000000ea600000|  0%| F|  |TAMS 0x00000000ea500000| PB 0x00000000ea500000| Untracked 
| 166|0x00000000ea600000, 0x00000000ea600000, 0x00000000ea700000|  0%| F|  |TAMS 0x00000000ea600000| PB 0x00000000ea600000| Untracked 
| 167|0x00000000ea700000, 0x00000000ea700000, 0x00000000ea800000|  0%| F|  |TAMS 0x00000000ea700000| PB 0x00000000ea700000| Untracked 
| 168|0x00000000ea800000, 0x00000000ea800000, 0x00000000ea900000|  0%| F|  |TAMS 0x00000000ea800000| PB 0x00000000ea800000| Untracked 
| 169|0x00000000ea900000, 0x00000000ea900000, 0x00000000eaa00000|  0%| F|  |TAMS 0x00000000ea900000| PB 0x00000000ea900000| Untracked 
| 170|0x00000000eaa00000, 0x00000000eaa00000, 0x00000000eab00000|  0%| F|  |TAMS 0x00000000eaa00000| PB 0x00000000eaa00000| Untracked 
| 171|0x00000000eab00000, 0x00000000eab00000, 0x00000000eac00000|  0%| F|  |TAMS 0x00000000eab00000| PB 0x00000000eab00000| Untracked 
| 172|0x00000000eac00000, 0x00000000eac00000, 0x00000000ead00000|  0%| F|  |TAMS 0x00000000eac00000| PB 0x00000000eac00000| Untracked 
| 173|0x00000000ead00000, 0x00000000eae00000, 0x00000000eae00000|100%| E|  |TAMS 0x00000000ead00000| PB 0x00000000ead00000| Complete 
| 174|0x00000000eae00000, 0x00000000eaf00000, 0x00000000eaf00000|100%| E|CS|TAMS 0x00000000eae00000| PB 0x00000000eae00000| Complete 
| 175|0x00000000eaf00000, 0x00000000eb000000, 0x00000000eb000000|100%| E|CS|TAMS 0x00000000eaf00000| PB 0x00000000eaf00000| Complete 
| 176|0x00000000eb000000, 0x00000000eb100000, 0x00000000eb100000|100%| E|CS|TAMS 0x00000000eb000000| PB 0x00000000eb000000| Complete 
| 177|0x00000000eb100000, 0x00000000eb200000, 0x00000000eb200000|100%| E|CS|TAMS 0x00000000eb100000| PB 0x00000000eb100000| Complete 
| 178|0x00000000eb200000, 0x00000000eb300000, 0x00000000eb300000|100%| E|CS|TAMS 0x00000000eb200000| PB 0x00000000eb200000| Complete 
| 179|0x00000000eb300000, 0x00000000eb400000, 0x00000000eb400000|100%| E|CS|TAMS 0x00000000eb300000| PB 0x00000000eb300000| Complete 
| 180|0x00000000eb400000, 0x00000000eb500000, 0x00000000eb500000|100%| E|CS|TAMS 0x00000000eb400000| PB 0x00000000eb400000| Complete 
| 181|0x00000000eb500000, 0x00000000eb600000, 0x00000000eb600000|100%| E|CS|TAMS 0x00000000eb500000| PB 0x00000000eb500000| Complete 
| 182|0x00000000eb600000, 0x00000000eb700000, 0x00000000eb700000|100%| E|CS|TAMS 0x00000000eb600000| PB 0x00000000eb600000| Complete 
| 183|0x00000000eb700000, 0x00000000eb800000, 0x00000000eb800000|100%| E|CS|TAMS 0x00000000eb700000| PB 0x00000000eb700000| Complete 
| 184|0x00000000eb800000, 0x00000000eb900000, 0x00000000eb900000|100%| E|CS|TAMS 0x00000000eb800000| PB 0x00000000eb800000| Complete 
| 185|0x00000000eb900000, 0x00000000eba00000, 0x00000000eba00000|100%| E|CS|TAMS 0x00000000eb900000| PB 0x00000000eb900000| Complete 
| 186|0x00000000eba00000, 0x00000000ebb00000, 0x00000000ebb00000|100%| E|CS|TAMS 0x00000000eba00000| PB 0x00000000eba00000| Complete 
| 187|0x00000000ebb00000, 0x00000000ebc00000, 0x00000000ebc00000|100%| E|CS|TAMS 0x00000000ebb00000| PB 0x00000000ebb00000| Complete 
| 188|0x00000000ebc00000, 0x00000000ebd00000, 0x00000000ebd00000|100%| E|CS|TAMS 0x00000000ebc00000| PB 0x00000000ebc00000| Complete 
| 189|0x00000000ebd00000, 0x00000000ebe00000, 0x00000000ebe00000|100%| E|CS|TAMS 0x00000000ebd00000| PB 0x00000000ebd00000| Complete 
| 190|0x00000000ebe00000, 0x00000000ebf00000, 0x00000000ebf00000|100%| E|CS|TAMS 0x00000000ebe00000| PB 0x00000000ebe00000| Complete 
| 191|0x00000000ebf00000, 0x00000000ec000000, 0x00000000ec000000|100%| E|CS|TAMS 0x00000000ebf00000| PB 0x00000000ebf00000| Complete 
| 192|0x00000000ec000000, 0x00000000ec100000, 0x00000000ec100000|100%| E|CS|TAMS 0x00000000ec000000| PB 0x00000000ec000000| Complete 
| 193|0x00000000ec100000, 0x00000000ec200000, 0x00000000ec200000|100%| E|CS|TAMS 0x00000000ec100000| PB 0x00000000ec100000| Complete 
| 194|0x00000000ec200000, 0x00000000ec300000, 0x00000000ec300000|100%| E|  |TAMS 0x00000000ec200000| PB 0x00000000ec200000| Complete 
| 195|0x00000000ec300000, 0x00000000ec400000, 0x00000000ec400000|100%| E|CS|TAMS 0x00000000ec300000| PB 0x00000000ec300000| Complete 
| 196|0x00000000ec400000, 0x00000000ec500000, 0x00000000ec500000|100%| E|CS|TAMS 0x00000000ec400000| PB 0x00000000ec400000| Complete 
| 197|0x00000000ec500000, 0x00000000ec600000, 0x00000000ec600000|100%| E|CS|TAMS 0x00000000ec500000| PB 0x00000000ec500000| Complete 
| 198|0x00000000ec600000, 0x00000000ec700000, 0x00000000ec700000|100%| E|CS|TAMS 0x00000000ec600000| PB 0x00000000ec600000| Complete 
| 199|0x00000000ec700000, 0x00000000ec800000, 0x00000000ec800000|100%| E|CS|TAMS 0x00000000ec700000| PB 0x00000000ec700000| Complete 
| 200|0x00000000ec800000, 0x00000000ec900000, 0x00000000ec900000|100%| E|CS|TAMS 0x00000000ec800000| PB 0x00000000ec800000| Complete 
| 201|0x00000000ec900000, 0x00000000eca00000, 0x00000000eca00000|100%| E|CS|TAMS 0x00000000ec900000| PB 0x00000000ec900000| Complete 
| 202|0x00000000eca00000, 0x00000000ecb00000, 0x00000000ecb00000|100%| E|CS|TAMS 0x00000000eca00000| PB 0x00000000eca00000| Complete 
| 203|0x00000000ecb00000, 0x00000000ecc00000, 0x00000000ecc00000|100%| E|CS|TAMS 0x00000000ecb00000| PB 0x00000000ecb00000| Complete 
| 204|0x00000000ecc00000, 0x00000000ecd00000, 0x00000000ecd00000|100%| E|CS|TAMS 0x00000000ecc00000| PB 0x00000000ecc00000| Complete 
| 205|0x00000000ecd00000, 0x00000000ece00000, 0x00000000ece00000|100%| E|CS|TAMS 0x00000000ecd00000| PB 0x00000000ecd00000| Complete 
| 206|0x00000000ece00000, 0x00000000ecf00000, 0x00000000ecf00000|100%| E|CS|TAMS 0x00000000ece00000| PB 0x00000000ece00000| Complete 
| 207|0x00000000ecf00000, 0x00000000ed000000, 0x00000000ed000000|100%| E|CS|TAMS 0x00000000ecf00000| PB 0x00000000ecf00000| Complete 
| 208|0x00000000ed000000, 0x00000000ed100000, 0x00000000ed100000|100%| E|CS|TAMS 0x00000000ed000000| PB 0x00000000ed000000| Complete 
| 209|0x00000000ed100000, 0x00000000ed200000, 0x00000000ed200000|100%| E|CS|TAMS 0x00000000ed100000| PB 0x00000000ed100000| Complete 
| 210|0x00000000ed200000, 0x00000000ed300000, 0x00000000ed300000|100%| E|CS|TAMS 0x00000000ed200000| PB 0x00000000ed200000| Complete 
| 211|0x00000000ed300000, 0x00000000ed400000, 0x00000000ed400000|100%| E|CS|TAMS 0x00000000ed300000| PB 0x00000000ed300000| Complete 
| 212|0x00000000ed400000, 0x00000000ed500000, 0x00000000ed500000|100%| E|CS|TAMS 0x00000000ed400000| PB 0x00000000ed400000| Complete 
| 213|0x00000000ed500000, 0x00000000ed600000, 0x00000000ed600000|100%| E|CS|TAMS 0x00000000ed500000| PB 0x00000000ed500000| Complete 
| 214|0x00000000ed600000, 0x00000000ed700000, 0x00000000ed700000|100%| E|CS|TAMS 0x00000000ed600000| PB 0x00000000ed600000| Complete 
| 215|0x00000000ed700000, 0x00000000ed800000, 0x00000000ed800000|100%| E|CS|TAMS 0x00000000ed700000| PB 0x00000000ed700000| Complete 
| 216|0x00000000ed800000, 0x00000000ed900000, 0x00000000ed900000|100%| E|CS|TAMS 0x00000000ed800000| PB 0x00000000ed800000| Complete 
| 217|0x00000000ed900000, 0x00000000eda00000, 0x00000000eda00000|100%| E|CS|TAMS 0x00000000ed900000| PB 0x00000000ed900000| Complete 
| 218|0x00000000eda00000, 0x00000000edb00000, 0x00000000edb00000|100%| E|CS|TAMS 0x00000000eda00000| PB 0x00000000eda00000| Complete 
| 219|0x00000000edb00000, 0x00000000edc00000, 0x00000000edc00000|100%| E|CS|TAMS 0x00000000edb00000| PB 0x00000000edb00000| Complete 
| 220|0x00000000edc00000, 0x00000000edd00000, 0x00000000edd00000|100%| E|CS|TAMS 0x00000000edc00000| PB 0x00000000edc00000| Complete 
| 221|0x00000000edd00000, 0x00000000ede00000, 0x00000000ede00000|100%| E|CS|TAMS 0x00000000edd00000| PB 0x00000000edd00000| Complete 
| 222|0x00000000ede00000, 0x00000000edf00000, 0x00000000edf00000|100%| E|CS|TAMS 0x00000000ede00000| PB 0x00000000ede00000| Complete 
| 223|0x00000000edf00000, 0x00000000ee000000, 0x00000000ee000000|100%| E|CS|TAMS 0x00000000edf00000| PB 0x00000000edf00000| Complete 
| 224|0x00000000ee000000, 0x00000000ee100000, 0x00000000ee100000|100%| E|CS|TAMS 0x00000000ee000000| PB 0x00000000ee000000| Complete 
| 225|0x00000000ee100000, 0x00000000ee200000, 0x00000000ee200000|100%| E|CS|TAMS 0x00000000ee100000| PB 0x00000000ee100000| Complete 
| 226|0x00000000ee200000, 0x00000000ee300000, 0x00000000ee300000|100%| E|CS|TAMS 0x00000000ee200000| PB 0x00000000ee200000| Complete 
| 227|0x00000000ee300000, 0x00000000ee400000, 0x00000000ee400000|100%| E|CS|TAMS 0x00000000ee300000| PB 0x00000000ee300000| Complete 
| 228|0x00000000ee400000, 0x00000000ee500000, 0x00000000ee500000|100%| E|CS|TAMS 0x00000000ee400000| PB 0x00000000ee400000| Complete 
| 229|0x00000000ee500000, 0x00000000ee600000, 0x00000000ee600000|100%| E|CS|TAMS 0x00000000ee500000| PB 0x00000000ee500000| Complete 
| 230|0x00000000ee600000, 0x00000000ee700000, 0x00000000ee700000|100%| E|CS|TAMS 0x00000000ee600000| PB 0x00000000ee600000| Complete 
| 231|0x00000000ee700000, 0x00000000ee800000, 0x00000000ee800000|100%| E|CS|TAMS 0x00000000ee700000| PB 0x00000000ee700000| Complete 
| 232|0x00000000ee800000, 0x00000000ee833af8, 0x00000000ee900000| 20%| S|CS|TAMS 0x00000000ee800000| PB 0x00000000ee800000| Complete 
| 233|0x00000000ee900000, 0x00000000eea00000, 0x00000000eea00000|100%| S|CS|TAMS 0x00000000ee900000| PB 0x00000000ee900000| Complete 
| 234|0x00000000eea00000, 0x00000000eeb00000, 0x00000000eeb00000|100%| S|CS|TAMS 0x00000000eea00000| PB 0x00000000eea00000| Complete 
| 235|0x00000000eeb00000, 0x00000000eec00000, 0x00000000eec00000|100%| S|CS|TAMS 0x00000000eeb00000| PB 0x00000000eeb00000| Complete 
| 236|0x00000000eec00000, 0x00000000eed00000, 0x00000000eed00000|100%| S|CS|TAMS 0x00000000eec00000| PB 0x00000000eec00000| Complete 
| 237|0x00000000eed00000, 0x00000000eee00000, 0x00000000eee00000|100%| S|CS|TAMS 0x00000000eed00000| PB 0x00000000eed00000| Complete 
| 238|0x00000000eee00000, 0x00000000eef00000, 0x00000000eef00000|100%| S|CS|TAMS 0x00000000eee00000| PB 0x00000000eee00000| Complete 
| 239|0x00000000eef00000, 0x00000000ef000000, 0x00000000ef000000|100%| S|CS|TAMS 0x00000000eef00000| PB 0x00000000eef00000| Complete 
| 240|0x00000000ef000000, 0x00000000ef100000, 0x00000000ef100000|100%| S|CS|TAMS 0x00000000ef000000| PB 0x00000000ef000000| Complete 
| 241|0x00000000ef100000, 0x00000000ef200000, 0x00000000ef200000|100%| E|CS|TAMS 0x00000000ef100000| PB 0x00000000ef100000| Complete 
| 242|0x00000000ef200000, 0x00000000ef300000, 0x00000000ef300000|100%| E|CS|TAMS 0x00000000ef200000| PB 0x00000000ef200000| Complete 
| 243|0x00000000ef300000, 0x00000000ef400000, 0x00000000ef400000|100%| E|CS|TAMS 0x00000000ef300000| PB 0x00000000ef300000| Complete 
| 244|0x00000000ef400000, 0x00000000ef500000, 0x00000000ef500000|100%| E|CS|TAMS 0x00000000ef400000| PB 0x00000000ef400000| Complete 
| 245|0x00000000ef500000, 0x00000000ef600000, 0x00000000ef600000|100%| E|CS|TAMS 0x00000000ef500000| PB 0x00000000ef500000| Complete 
| 246|0x00000000ef600000, 0x00000000ef700000, 0x00000000ef700000|100%| E|CS|TAMS 0x00000000ef600000| PB 0x00000000ef600000| Complete 
| 247|0x00000000ef700000, 0x00000000ef800000, 0x00000000ef800000|100%| E|CS|TAMS 0x00000000ef700000| PB 0x00000000ef700000| Complete 
| 248|0x00000000ef800000, 0x00000000ef900000, 0x00000000ef900000|100%| E|CS|TAMS 0x00000000ef800000| PB 0x00000000ef800000| Complete 
| 249|0x00000000ef900000, 0x00000000efa00000, 0x00000000efa00000|100%| E|CS|TAMS 0x00000000ef900000| PB 0x00000000ef900000| Complete 
| 250|0x00000000efa00000, 0x00000000efb00000, 0x00000000efb00000|100%| E|CS|TAMS 0x00000000efa00000| PB 0x00000000efa00000| Complete 
| 251|0x00000000efb00000, 0x00000000efc00000, 0x00000000efc00000|100%| E|CS|TAMS 0x00000000efb00000| PB 0x00000000efb00000| Complete 
| 252|0x00000000efc00000, 0x00000000efd00000, 0x00000000efd00000|100%| E|CS|TAMS 0x00000000efc00000| PB 0x00000000efc00000| Complete 
| 253|0x00000000efd00000, 0x00000000efe00000, 0x00000000efe00000|100%| E|CS|TAMS 0x00000000efd00000| PB 0x00000000efd00000| Complete 
| 254|0x00000000efe00000, 0x00000000eff00000, 0x00000000eff00000|100%| E|CS|TAMS 0x00000000efe00000| PB 0x00000000efe00000| Complete 
| 255|0x00000000eff00000, 0x00000000f0000000, 0x00000000f0000000|100%| E|CS|TAMS 0x00000000eff00000| PB 0x00000000eff00000| Complete 

Card table byte_map: [0x000001c5fbe70000,0x000001c5fbf70000] _byte_map_base: 0x000001c5fb770000

Marking Bits: (CMBitMap*) 0x000001c5e438bab0
 Bits: [0x000001c5fbf70000, 0x000001c5fc770000)

Polling page: 0x000001c5e2370000

Metaspace:

Usage:
  Non-class:     37.61 MB used.
      Class:      6.11 MB used.
       Both:     43.72 MB used.

Virtual space:
  Non-class space:       64.00 MB reserved,      38.38 MB ( 60%) committed,  1 nodes.
      Class space:      320.00 MB reserved,       6.88 MB (  2%) committed,  1 nodes.
             Both:      384.00 MB reserved,      45.25 MB ( 12%) committed. 

Chunk freelists:
   Non-Class:  8.81 MB
       Class:  9.08 MB
        Both:  17.89 MB

MaxMetaspaceSize: 384.00 MB
CompressedClassSpaceSize: 320.00 MB
Initial GC threshold: 21.00 MB
Current GC threshold: 59.69 MB
CDS: on
 - commit_granule_bytes: 65536.
 - commit_granule_words: 8192.
 - virtual_space_node_default_size: 8388608.
 - enlarge_chunks_in_place: 1.
 - use_allocation_guard: 0.


Internal statistics:

num_allocs_failed_limit: 12.
num_arena_births: 2754.
num_arena_deaths: 0.
num_vsnodes_births: 2.
num_vsnodes_deaths: 0.
num_space_committed: 724.
num_space_uncommitted: 0.
num_chunks_returned_to_freelist: 12.
num_chunks_taken_from_freelist: 4871.
num_chunk_merges: 12.
num_chunk_splits: 3153.
num_chunks_enlarged: 1904.
num_inconsistent_stats: 0.

CodeHeap 'non-profiled nmethods': size=120000Kb used=2933Kb max_used=2933Kb free=117066Kb
 bounds [0x000001c5f4510000, 0x000001c5f47f0000, 0x000001c5fba40000]
CodeHeap 'profiled nmethods': size=120000Kb used=8852Kb max_used=9145Kb free=111147Kb
 bounds [0x000001c5eca40000, 0x000001c5ed350000, 0x000001c5f3f70000]
CodeHeap 'non-nmethods': size=5760Kb used=2703Kb max_used=2739Kb free=3057Kb
 bounds [0x000001c5f3f70000, 0x000001c5f4220000, 0x000001c5f4510000]
 total_blobs=5436 nmethods=4595 adapters=744
 compilation: enabled
              stopped_count=0, restarted_count=0
 full_count=0

Compilation events (20 events):
Event: 76.115 Thread 0x000001c5ff1fc070 nmethod 5103 0x000001c5f47eb210 code [0x000001c5f47eb3a0, 0x000001c5f47eb468]
Event: 76.115 Thread 0x000001c5ff1fc070 5104       1       java.lang.management.DefaultPlatformMBeanProvider$6::mbeanInterfaceNames (5 bytes)
Event: 76.115 Thread 0x000001c5ff1fc070 nmethod 5104 0x000001c5f47eb510 code [0x000001c5f47eb6a0, 0x000001c5f47eb768]
Event: 76.857 Thread 0x000001c5ff1ed660 5105       4       com.google.common.collect.RegularImmutableSet::iterator (5 bytes)
Event: 76.858 Thread 0x000001c5ff1fc070 5106       3       org.gradle.internal.instantiation.generator.AbstractClassGenerator$ClassGenerationHandler::hasFields (1 bytes)
Event: 76.858 Thread 0x000001c5ff1fc070 nmethod 5106 0x000001c5ece26310 code [0x000001c5ece264a0, 0x000001c5ece265a8]
Event: 76.859 Thread 0x000001c5ff1fc070 5107       3       org.gradle.model.internal.asm.MethodVisitorScope::_GOTO (9 bytes)
Event: 76.860 Thread 0x000001c5ff1fc070 nmethod 5107 0x000001c5ecfbe090 code [0x000001c5ecfbe240, 0x000001c5ecfbe4b0]
Event: 76.861 Thread 0x000001c5ff1fc070 5109       3       org.gradle.internal.instantiation.generator.AsmBackedClassGenerator$ClassBuilderImpl::applyConventionMappingToGetter (64 bytes)
Event: 76.862 Thread 0x000001c5ff1ed660 nmethod 5105 0x000001c5f47eb810 code [0x000001c5f47eb9a0, 0x000001c5f47ebb50]
Event: 76.862 Thread 0x000001c5ff1ed660 5108       4       org.objectweb.asm.SymbolTable::addConstantMemberReference (147 bytes)
Event: 76.862 Thread 0x000001c5ff1fc070 nmethod 5109 0x000001c5ecb0ac90 code [0x000001c5ecb0af00, 0x000001c5ecb0bba0]
Event: 76.862 Thread 0x000001c5ff1fc070 5112       3       java.lang.invoke.LambdaForm$DMH/0x000001c5811e0800::newInvokeSpecial (32 bytes)
Event: 76.863 Thread 0x000001c5ff1fc070 nmethod 5112 0x000001c5ecb0a110 code [0x000001c5ecb0a300, 0x000001c5ecb0aab8]
Event: 76.863 Thread 0x000001c5ff1fc070 5111       1       org.gradle.internal.instantiation.generator.AbstractClassGenerator$PropertyMetadata::access$1400 (5 bytes)
Event: 76.863 Thread 0x000001c5ff1fc070 nmethod 5111 0x000001c5f47ebc90 code [0x000001c5f47ebe20, 0x000001c5f47ebed0]
Event: 76.864 Thread 0x000001c5ff1fc070 5113       3       java.util.TreeMap$EntryIterator::next (5 bytes)
Event: 76.865 Thread 0x000001c5ff1fc070 nmethod 5113 0x000001c5ecfbdc90 code [0x000001c5ecfbde40, 0x000001c5ecfbdfd8]
Event: 76.865 Thread 0x000001c5ff1fc070 5114       3       java.util.TreeMap$EntryIterator::next (5 bytes)
Event: 76.865 Thread 0x000001c5ff1fc070 nmethod 5114 0x000001c5ecfbd710 code [0x000001c5ecfbd8c0, 0x000001c5ecfbd9f8]

GC Heap History (14 events):
Event: 1.952 GC heap before
{Heap before GC invocations=0 (full 0):
 garbage-first heap   total 262144K, used 22528K [0x00000000e0000000, 0x0000000100000000)
  region size 1024K, 23 young (23552K), 0 survivors (0K)
 Metaspace       used 1045K, committed 1152K, reserved 393216K
  class space    used 76K, committed 128K, reserved 327680K
}
Event: 2.056 GC heap after
{Heap after GC invocations=1 (full 0):
 garbage-first heap   total 262144K, used 1877K [0x00000000e0000000, 0x0000000100000000)
  region size 1024K, 2 young (2048K), 2 survivors (2048K)
 Metaspace       used 1045K, committed 1152K, reserved 393216K
  class space    used 76K, committed 128K, reserved 327680K
}
Event: 8.864 GC heap before
{Heap before GC invocations=1 (full 0):
 garbage-first heap   total 262144K, used 41813K [0x00000000e0000000, 0x0000000100000000)
  region size 1024K, 38 young (38912K), 2 survivors (2048K)
 Metaspace       used 4399K, committed 4608K, reserved 393216K
  class space    used 541K, committed 640K, reserved 327680K
}
Event: 8.872 GC heap after
{Heap after GC invocations=2 (full 0):
 garbage-first heap   total 262144K, used 11264K [0x00000000e0000000, 0x0000000100000000)
  region size 1024K, 5 young (5120K), 5 survivors (5120K)
 Metaspace       used 4399K, committed 4608K, reserved 393216K
  class space    used 541K, committed 640K, reserved 327680K
}
Event: 14.191 GC heap before
{Heap before GC invocations=2 (full 0):
 garbage-first heap   total 262144K, used 65536K [0x00000000e0000000, 0x0000000100000000)
  region size 1024K, 56 young (57344K), 5 survivors (5120K)
 Metaspace       used 6082K, committed 6336K, reserved 393216K
  class space    used 789K, committed 896K, reserved 327680K
}
Event: 14.201 GC heap after
{Heap after GC invocations=3 (full 0):
 garbage-first heap   total 262144K, used 17920K [0x00000000e0000000, 0x0000000100000000)
  region size 1024K, 6 young (6144K), 6 survivors (6144K)
 Metaspace       used 6082K, committed 6336K, reserved 393216K
  class space    used 789K, committed 896K, reserved 327680K
}
Event: 41.951 GC heap before
{Heap before GC invocations=3 (full 0):
 garbage-first heap   total 262144K, used 104960K [0x00000000e0000000, 0x0000000100000000)
  region size 1024K, 92 young (94208K), 6 survivors (6144K)
 Metaspace       used 20826K, committed 21504K, reserved 393216K
  class space    used 2970K, committed 3328K, reserved 327680K
}
Event: 41.970 GC heap after
{Heap after GC invocations=4 (full 0):
 garbage-first heap   total 262144K, used 24432K [0x00000000e0000000, 0x0000000100000000)
  region size 1024K, 12 young (12288K), 12 survivors (12288K)
 Metaspace       used 20826K, committed 21504K, reserved 393216K
  class space    used 2970K, committed 3328K, reserved 327680K
}
Event: 56.691 GC heap before
{Heap before GC invocations=5 (full 0):
 garbage-first heap   total 262144K, used 131952K [0x00000000e0000000, 0x0000000100000000)
  region size 1024K, 119 young (121856K), 12 survivors (12288K)
 Metaspace       used 34954K, committed 35968K, reserved 393216K
  class space    used 4867K, committed 5376K, reserved 327680K
}
Event: 56.710 GC heap after
{Heap after GC invocations=6 (full 0):
 garbage-first heap   total 262144K, used 32917K [0x00000000e0000000, 0x0000000100000000)
  region size 1024K, 15 young (15360K), 15 survivors (15360K)
 Metaspace       used 34954K, committed 35968K, reserved 393216K
  class space    used 4867K, committed 5376K, reserved 327680K
}
Event: 56.900 GC heap before
{Heap before GC invocations=6 (full 0):
 garbage-first heap   total 262144K, used 34965K [0x00000000e0000000, 0x0000000100000000)
  region size 1024K, 18 young (18432K), 15 survivors (15360K)
 Metaspace       used 35160K, committed 36288K, reserved 393216K
  class space    used 4904K, committed 5504K, reserved 327680K
}
Event: 56.914 GC heap after
{Heap after GC invocations=7 (full 0):
 garbage-first heap   total 262144K, used 32387K [0x00000000e0000000, 0x0000000100000000)
  region size 1024K, 9 young (9216K), 9 survivors (9216K)
 Metaspace       used 35160K, committed 36288K, reserved 393216K
  class space    used 4904K, committed 5504K, reserved 327680K
}
Event: 57.286 GC heap before
{Heap before GC invocations=7 (full 0):
 garbage-first heap   total 262144K, used 37507K [0x00000000e0000000, 0x0000000100000000)
  region size 1024K, 15 young (15360K), 9 survivors (9216K)
 Metaspace       used 35560K, committed 36608K, reserved 393216K
  class space    used 4959K, committed 5504K, reserved 327680K
}
Event: 57.295 GC heap after
{Heap after GC invocations=8 (full 0):
 garbage-first heap   total 262144K, used 32304K [0x00000000e0000000, 0x0000000100000000)
  region size 1024K, 9 young (9216K), 9 survivors (9216K)
 Metaspace       used 35560K, committed 36608K, reserved 393216K
  class space    used 4959K, committed 5504K, reserved 327680K
}

Dll operation events (15 events):
Event: 0.029 Loaded shared library C:\Program Files\Eclipse Adoptium\jdk-21.0.6.7-hotspot\bin\java.dll
Event: 0.142 Loaded shared library C:\Program Files\Eclipse Adoptium\jdk-21.0.6.7-hotspot\bin\jsvml.dll
Event: 0.230 Loaded shared library C:\Program Files\Eclipse Adoptium\jdk-21.0.6.7-hotspot\bin\zip.dll
Event: 0.239 Loaded shared library C:\Program Files\Eclipse Adoptium\jdk-21.0.6.7-hotspot\bin\instrument.dll
Event: 0.261 Loaded shared library C:\Program Files\Eclipse Adoptium\jdk-21.0.6.7-hotspot\bin\net.dll
Event: 0.268 Loaded shared library C:\Program Files\Eclipse Adoptium\jdk-21.0.6.7-hotspot\bin\nio.dll
Event: 0.275 Loaded shared library C:\Program Files\Eclipse Adoptium\jdk-21.0.6.7-hotspot\bin\zip.dll
Event: 1.559 Loaded shared library C:\Program Files\Eclipse Adoptium\jdk-21.0.6.7-hotspot\bin\jimage.dll
Event: 2.889 Loaded shared library C:\Program Files\Eclipse Adoptium\jdk-21.0.6.7-hotspot\bin\verify.dll
Event: 4.393 Loaded shared library C:\Users\SBS\.gradle\native\1def1411415f61bf3af743bc5b6707747c0891f09f0c88961ee8f79bc544acac\windows-amd64\native-platform.dll
Event: 4.578 Loaded shared library C:\Users\SBS\.gradle\native\0.2.7\x86_64-windows-gnu\gradle-fileevents.dll
Event: 14.350 Loaded shared library C:\Program Files\Eclipse Adoptium\jdk-21.0.6.7-hotspot\bin\management.dll
Event: 14.372 Loaded shared library C:\Program Files\Eclipse Adoptium\jdk-21.0.6.7-hotspot\bin\management_ext.dll
Event: 17.364 Loaded shared library C:\Program Files\Eclipse Adoptium\jdk-21.0.6.7-hotspot\bin\extnet.dll
Event: 22.765 Loaded shared library C:\Program Files\Eclipse Adoptium\jdk-21.0.6.7-hotspot\bin\sunmscapi.dll

Deoptimization events (20 events):
Event: 66.284 Thread 0x000001c599262a80 Uncommon trap: trap_request=0xffffffde fr.pc=0x000001c5f474ca4c relative=0x000000000000020c
Event: 66.284 Thread 0x000001c599262a80 Uncommon trap: reason=class_check action=maybe_recompile pc=0x000001c5f474ca4c method=jdk.internal.loader.URLClassPath.getResource(Ljava/lang/String;Z)Ljdk/internal/loader/Resource; @ 53 c2
Event: 66.285 Thread 0x000001c599262a80 DEOPT PACKING pc=0x000001c5f474ca4c sp=0x0000001983ef7dd0
Event: 66.285 Thread 0x000001c599262a80 DEOPT UNPACKING pc=0x000001c5f3fc46a2 sp=0x0000001983ef7d60 mode 2
Event: 72.933 Thread 0x000001c599262a80 Uncommon trap: trap_request=0xffffffc6 fr.pc=0x000001c5f46eeedc relative=0x00000000000002fc
Event: 72.933 Thread 0x000001c599262a80 Uncommon trap: reason=bimorphic_or_optimized_type_check action=maybe_recompile pc=0x000001c5f46eeedc method=com.google.common.base.CharMatcher.indexIn(Ljava/lang/CharSequence;I)I @ 31 c2
Event: 72.933 Thread 0x000001c599262a80 DEOPT PACKING pc=0x000001c5f46eeedc sp=0x0000001983ef8560
Event: 72.933 Thread 0x000001c599262a80 DEOPT UNPACKING pc=0x000001c5f3fc46a2 sp=0x0000001983ef8508 mode 2
Event: 72.934 Thread 0x000001c599262a80 Uncommon trap: trap_request=0xffffffc6 fr.pc=0x000001c5f46eeedc relative=0x00000000000002fc
Event: 72.934 Thread 0x000001c599262a80 Uncommon trap: reason=bimorphic_or_optimized_type_check action=maybe_recompile pc=0x000001c5f46eeedc method=com.google.common.base.CharMatcher.indexIn(Ljava/lang/CharSequence;I)I @ 31 c2
Event: 72.934 Thread 0x000001c599262a80 DEOPT PACKING pc=0x000001c5f46eeedc sp=0x0000001983ef8550
Event: 72.934 Thread 0x000001c599262a80 DEOPT UNPACKING pc=0x000001c5f3fc46a2 sp=0x0000001983ef84f8 mode 2
Event: 73.017 Thread 0x000001c599262a80 Uncommon trap: trap_request=0xffffffc6 fr.pc=0x000001c5f46eeedc relative=0x00000000000002fc
Event: 73.017 Thread 0x000001c599262a80 Uncommon trap: reason=bimorphic_or_optimized_type_check action=maybe_recompile pc=0x000001c5f46eeedc method=com.google.common.base.CharMatcher.indexIn(Ljava/lang/CharSequence;I)I @ 31 c2
Event: 73.017 Thread 0x000001c599262a80 DEOPT PACKING pc=0x000001c5f46eeedc sp=0x0000001983ef8550
Event: 73.017 Thread 0x000001c599262a80 DEOPT UNPACKING pc=0x000001c5f3fc46a2 sp=0x0000001983ef84f8 mode 2
Event: 74.232 Thread 0x000001c599262a80 Uncommon trap: trap_request=0xffffffc6 fr.pc=0x000001c5f46eeedc relative=0x00000000000002fc
Event: 74.232 Thread 0x000001c599262a80 Uncommon trap: reason=bimorphic_or_optimized_type_check action=maybe_recompile pc=0x000001c5f46eeedc method=com.google.common.base.CharMatcher.indexIn(Ljava/lang/CharSequence;I)I @ 31 c2
Event: 74.232 Thread 0x000001c599262a80 DEOPT PACKING pc=0x000001c5f46eeedc sp=0x0000001983ef9260
Event: 74.232 Thread 0x000001c599262a80 DEOPT UNPACKING pc=0x000001c5f3fc46a2 sp=0x0000001983ef9208 mode 2

Classes loaded (20 events):
Event: 64.758 Loading class javax/naming/NamingException
Event: 64.759 Loading class javax/naming/NamingException done
Event: 64.759 Loading class javax/naming/InvalidNameException
Event: 64.759 Loading class javax/naming/InvalidNameException done
Event: 64.760 Loading class java/security/cert/CertificateParsingException
Event: 64.825 Loading class java/security/cert/CertificateException
Event: 64.921 Loading class java/security/cert/CertificateException done
Event: 64.922 Loading class java/security/cert/CertificateParsingException done
Event: 66.662 Loading class com/sun/beans/finder/MethodFinder
Event: 66.811 Loading class com/sun/beans/finder/AbstractFinder
Event: 66.908 Loading class com/sun/beans/finder/AbstractFinder done
Event: 66.908 Loading class com/sun/beans/finder/MethodFinder done
Event: 66.908 Loading class com/sun/beans/finder/MethodFinder$1
Event: 66.911 Loading class com/sun/beans/finder/MethodFinder$1 done
Event: 66.911 Loading class com/sun/beans/finder/FinderUtils
Event: 66.912 Loading class com/sun/beans/finder/FinderUtils done
Event: 72.113 Loading class sun/reflect/MagicAccessorImpl
Event: 72.113 Loading class sun/reflect/MagicAccessorImpl done
Event: 72.845 Loading class java/util/function/IntBinaryOperator
Event: 72.846 Loading class java/util/function/IntBinaryOperator done

Classes unloaded (0 events):
No events

Classes redefined (0 events):
No events

Internal exceptions (20 events):
Event: 60.024 Thread 0x000001c599262a80 Implicit null exception at 0x000001c5f471c87c to 0x000001c5f471c934
Event: 63.056 Thread 0x000001c599262a80 Exception <a 'java/lang/NoSuchMethodError'{0x00000000ecbb0290}: 'long java.lang.invoke.DirectMethodHandle$Holder.invokeStatic(java.lang.Object, long)'> (0x00000000ecbb0290) 
thrown [s\src\hotspot\share\interpreter\linkResolver.cpp, line 773]
Event: 64.030 Thread 0x000001c599262a80 Exception <a 'java/lang/NoSuchMethodError'{0x00000000ec53f138}: 'java.lang.Object java.lang.invoke.DirectMethodHandle$Holder.invokeVirtual(java.lang.Object, java.lang.Object, java.lang.Object, java.lang.Object, java.lang.Object, java.lang.Object, java.lang.Object, java.lang.Object, java.lang.Object, java.lang.Object, java.lang.Object, java.lang.Object, java.lang.Object, java.lang.Object, java.lang.Object, java.lang.Object, java.lang.Object)'> (0x00000000ec53f138) 
thrown [s\src\hotspot\share\interpreter\li
Event: 64.031 Thread 0x000001c599262a80 Exception <a 'java/lang/NoSuchMethodError'{0x00000000ec5451b0}: 'java.lang.Object java.lang.invoke.DirectMethodHandle$Holder.invokeSpecial(java.lang.Object, java.lang.Object, java.lang.Object, java.lang.Object, java.lang.Object, java.lang.Object, java.lang.Object, java.lang.Object, java.lang.Object, java.lang.Object, java.lang.Object, java.lang.Object, java.lang.Object, java.lang.Object, java.lang.Object, java.lang.Object, java.lang.Object, java.lang.Object)'> (0x00000000ec5451b0) 
thrown [s\src\hotspot\sh
Event: 64.032 Thread 0x000001c599262a80 Exception <a 'java/lang/NoSuchMethodError'{0x00000000ec54a778}: 'java.lang.Object java.lang.invoke.DelegatingMethodHandle$Holder.reinvoke_L(java.lang.Object, java.lang.Object, java.lang.Object, java.lang.Object, java.lang.Object, java.lang.Object, java.lang.Object, java.lang.Object, java.lang.Object, java.lang.Object, java.lang.Object, java.lang.Object, java.lang.Object, java.lang.Object, java.lang.Object, java.lang.Object, java.lang.Object)'> (0x00000000ec54a778) 
thrown [s\src\hotspot\share\interpreter\l
Event: 66.287 Thread 0x000001c599262a80 Exception <a 'java/lang/ClassNotFoundException'{0x00000000ebf7d6a8}: build_20im142lzfaiscyl93g892ltwBeanInfo> (0x00000000ebf7d6a8) 
thrown [s\src\hotspot\share\classfile\systemDictionary.cpp, line 312]
Event: 66.288 Thread 0x000001c599262a80 Exception <a 'java/lang/ClassNotFoundException'{0x00000000ebe07760}: org/gradle/api/internal/project/ProjectScriptBeanInfo> (0x00000000ebe07760) 
thrown [s\src\hotspot\share\classfile\systemDictionary.cpp, line 312]
Event: 66.289 Thread 0x000001c599262a80 Exception <a 'java/lang/ClassNotFoundException'{0x00000000ebe116f8}: org/gradle/api/internal/project/ProjectScriptCustomizer> (0x00000000ebe116f8) 
thrown [s\src\hotspot\share\classfile\systemDictionary.cpp, line 312]
Event: 66.313 Thread 0x000001c599262a80 Exception <a 'java/lang/ClassNotFoundException'{0x00000000ebe28fd0}: build_20im142lzfaiscyl93g892ltwCustomizer> (0x00000000ebe28fd0) 
thrown [s\src\hotspot\share\classfile\systemDictionary.cpp, line 312]
Event: 66.651 Thread 0x000001c599262a80 Exception <a 'java/lang/ClassNotFoundException'{0x00000000ebe99440}: groovy/lang/Closure$1BeanInfo> (0x00000000ebe99440) 
thrown [s\src\hotspot\share\classfile\systemDictionary.cpp, line 312]
Event: 66.653 Thread 0x000001c599262a80 Exception <a 'java/lang/ClassNotFoundException'{0x00000000ebea84d8}: groovy/lang/ClosureBeanInfo> (0x00000000ebea84d8) 
thrown [s\src\hotspot\share\classfile\systemDictionary.cpp, line 312]
Event: 66.655 Thread 0x000001c599262a80 Exception <a 'java/lang/ClassNotFoundException'{0x00000000ebeb73a8}: groovy/lang/ClosureCustomizer> (0x00000000ebeb73a8) 
thrown [s\src\hotspot\share\classfile\systemDictionary.cpp, line 312]
Event: 66.662 Thread 0x000001c599262a80 Exception <a 'java/lang/ClassNotFoundException'{0x00000000ebeea2a8}: groovy/lang/Closure$1Customizer> (0x00000000ebeea2a8) 
thrown [s\src\hotspot\share\classfile\systemDictionary.cpp, line 312]
Event: 72.824 Thread 0x000001c599262a80 Exception <a 'java/lang/ClassNotFoundException'{0x00000000eba53e10}: org/gradle/internal/metaobject/ConfigureDelegateBeanInfo> (0x00000000eba53e10) 
thrown [s\src\hotspot\share\classfile\systemDictionary.cpp, line 312]
Event: 72.826 Thread 0x000001c599262a80 Exception <a 'java/lang/ClassNotFoundException'{0x00000000eba635e8}: org/gradle/internal/metaobject/ConfigureDelegateCustomizer> (0x00000000eba635e8) 
thrown [s\src\hotspot\share\classfile\systemDictionary.cpp, line 312]
Event: 72.867 Thread 0x000001c599262a80 Exception <a 'java/lang/ClassNotFoundException'{0x00000000eb910ef8}: org/gradle/plugin/use/internal/PluginRequestCollector$PluginDependenciesSpecImplBeanInfo> (0x00000000eb910ef8) 
thrown [s\src\hotspot\share\classfile\systemDictionary.cpp, line 312]
Event: 72.876 Thread 0x000001c599262a80 Exception <a 'java/lang/ClassNotFoundException'{0x00000000eb921ba0}: org/gradle/plugin/use/internal/PluginRequestCollector$PluginDependenciesSpecImplCustomizer> (0x00000000eb921ba0) 
thrown [s\src\hotspot\share\classfile\systemDictionary.cpp, line 312]
Event: 72.899 Thread 0x000001c599262a80 Exception <a 'java/lang/NoSuchMethodError'{0x00000000eb930a10}: 'java.lang.Object java.lang.invoke.DirectMethodHandle$Holder.invokeVirtual(java.lang.Object, java.lang.Object, java.lang.Object, int)'> (0x00000000eb930a10) 
thrown [s\src\hotspot\share\interpreter\linkResolver.cpp, line 773]
Event: 73.007 Thread 0x000001c599262a80 Exception <a 'java/lang/ClassNotFoundException'{0x00000000eb9ac940}: org/gradle/plugin/use/internal/PluginRequestCollector$PluginDependencySpecImplBeanInfo> (0x00000000eb9ac940) 
thrown [s\src\hotspot\share\classfile\systemDictionary.cpp, line 312]
Event: 73.010 Thread 0x000001c599262a80 Exception <a 'java/lang/ClassNotFoundException'{0x00000000eb9bca48}: org/gradle/plugin/use/internal/PluginRequestCollector$PluginDependencySpecImplCustomizer> (0x00000000eb9bca48) 
thrown [s\src\hotspot\share\classfile\systemDictionary.cpp, line 312]

ZGC Phase Switch (0 events):
No events

VM Operations (20 events):
Event: 63.119 Executing VM operation: HandshakeAllThreads (Deoptimize)
Event: 63.119 Executing VM operation: HandshakeAllThreads (Deoptimize) done
Event: 64.121 Executing VM operation: Cleanup
Event: 64.152 Executing VM operation: Cleanup done
Event: 66.176 Executing VM operation: Cleanup
Event: 66.176 Executing VM operation: Cleanup done
Event: 67.188 Executing VM operation: Cleanup
Event: 67.188 Executing VM operation: Cleanup done
Event: 71.237 Executing VM operation: Cleanup
Event: 71.269 Executing VM operation: Cleanup done
Event: 72.284 Executing VM operation: Cleanup
Event: 72.316 Executing VM operation: Cleanup done
Event: 73.328 Executing VM operation: Cleanup
Event: 73.360 Executing VM operation: Cleanup done
Event: 74.362 Executing VM operation: Cleanup
Event: 74.362 Executing VM operation: Cleanup done
Event: 75.369 Executing VM operation: Cleanup
Event: 75.369 Executing VM operation: Cleanup done
Event: 77.388 Executing VM operation: Cleanup
Event: 77.389 Executing VM operation: Cleanup done

Memory protections (0 events):
No events

Nmethod flushes (20 events):
Event: 57.331 Thread 0x000001c5ff1c5360 flushing  nmethod 0x000001c5ecc0dc10
Event: 57.331 Thread 0x000001c5ff1c5360 flushing  nmethod 0x000001c5ecc10a10
Event: 57.331 Thread 0x000001c5ff1c5360 flushing  nmethod 0x000001c5ecc10e10
Event: 57.331 Thread 0x000001c5ff1c5360 flushing  nmethod 0x000001c5ecc12210
Event: 57.331 Thread 0x000001c5ff1c5360 flushing  nmethod 0x000001c5ecc12790
Event: 57.331 Thread 0x000001c5ff1c5360 flushing  nmethod 0x000001c5ecc13610
Event: 57.331 Thread 0x000001c5ff1c5360 flushing  nmethod 0x000001c5ecc4a110
Event: 57.331 Thread 0x000001c5ff1c5360 flushing  nmethod 0x000001c5ecc4b010
Event: 57.331 Thread 0x000001c5ff1c5360 flushing  nmethod 0x000001c5ecc4c190
Event: 57.331 Thread 0x000001c5ff1c5360 flushing  nmethod 0x000001c5ecc4f110
Event: 57.331 Thread 0x000001c5ff1c5360 flushing  nmethod 0x000001c5ecc5d590
Event: 57.331 Thread 0x000001c5ff1c5360 flushing  nmethod 0x000001c5ecd41a90
Event: 57.331 Thread 0x000001c5ff1c5360 flushing  nmethod 0x000001c5ecdee110
Event: 57.331 Thread 0x000001c5ff1c5360 flushing  nmethod 0x000001c5ece23c10
Event: 57.331 Thread 0x000001c5ff1c5360 flushing  nmethod 0x000001c5ece26310
Event: 57.331 Thread 0x000001c5ff1c5360 flushing  nmethod 0x000001c5ece26c10
Event: 57.331 Thread 0x000001c5ff1c5360 flushing  nmethod 0x000001c5ece27890
Event: 57.331 Thread 0x000001c5ff1c5360 flushing  nmethod 0x000001c5ece69e10
Event: 57.331 Thread 0x000001c5ff1c5360 flushing  nmethod 0x000001c5ecf31910
Event: 57.331 Thread 0x000001c5ff1c5360 flushing  nmethod 0x000001c5ecf6c810

Events (20 events):
Event: 31.861 Thread 0x000001c599262a80 Thread added: 0x000001c599275030
Event: 32.165 Thread 0x000001c5ff1fc070 Thread added: 0x000001c599f60e60
Event: 33.317 Thread 0x000001c599f60e60 Thread exited: 0x000001c599f60e60
Event: 43.588 Thread 0x000001c599262a80 Thread added: 0x000001c599277100
Event: 43.670 Thread 0x000001c599262a80 Thread added: 0x000001c59bce23f0
Event: 45.790 Thread 0x000001c599262a80 Thread added: 0x000001c59bce4b50
Event: 45.889 Thread 0x000001c599262a80 Thread added: 0x000001c59bce2a80
Event: 51.509 Thread 0x000001c5ff1fc070 Thread added: 0x000001c59b40c020
Event: 51.783 Thread 0x000001c59b40c020 Thread exited: 0x000001c59b40c020
Event: 53.355 Thread 0x000001c5ff1fc070 Thread added: 0x000001c59c0ac740
Event: 53.944 Thread 0x000001c5ff1ed660 Thread added: 0x000001c59cda0a50
Event: 54.859 Thread 0x000001c59cda0a50 Thread exited: 0x000001c59cda0a50
Event: 54.908 Thread 0x000001c599262a80 Thread added: 0x000001c59bce44c0
Event: 55.381 Thread 0x000001c59c0ac740 Thread exited: 0x000001c59c0ac740
Event: 55.384 Thread 0x000001c599262a80 Thread added: 0x000001c59bce3e30
Event: 56.636 Thread 0x000001c599262a80 Thread added: 0x000001c59bce3110
Event: 56.781 Thread 0x000001c599262a80 Thread added: 0x000001c59bce16d0
Event: 58.595 Thread 0x000001c599262a80 Thread added: 0x000001c59bce51e0
Event: 59.054 Thread 0x000001c599262a80 Thread added: 0x000001c59bce1d60
Event: 66.133 Thread 0x000001c599262a80 Thread added: 0x000001c59bce7fd0


Dynamic libraries:
0x00007ff688c70000 - 0x00007ff688c7e000 	C:\Program Files\Eclipse Adoptium\jdk-21.0.6.7-hotspot\bin\java.exe
0x00007ffb6fe40000 - 0x00007ffb700a6000 	C:\WINDOWS\SYSTEM32\ntdll.dll
0x00007ffb6dd80000 - 0x00007ffb6de49000 	C:\WINDOWS\System32\KERNEL32.DLL
0x00007ffb6d460000 - 0x00007ffb6d85f000 	C:\WINDOWS\System32\KERNELBASE.dll
0x00007ffb6d050000 - 0x00007ffb6d19c000 	C:\WINDOWS\System32\ucrtbase.dll
0x00007ffb5d700000 - 0x00007ffb5d718000 	C:\Program Files\Eclipse Adoptium\jdk-21.0.6.7-hotspot\bin\jli.dll
0x00007ffb6fc30000 - 0x00007ffb6fdf6000 	C:\WINDOWS\System32\USER32.dll
0x00007ffb6d240000 - 0x00007ffb6d267000 	C:\WINDOWS\System32\win32u.dll
0x00007ffb6f7a0000 - 0x00007ffb6f7cb000 	C:\WINDOWS\System32\GDI32.dll
0x00007ffb6d330000 - 0x00007ffb6d459000 	C:\WINDOWS\System32\gdi32full.dll
0x00007ffb6d930000 - 0x00007ffb6d9d3000 	C:\WINDOWS\System32\msvcp_win.dll
0x00007ffb4c860000 - 0x00007ffb4caf1000 	C:\WINDOWS\WinSxS\amd64_microsoft.windows.common-controls_6595b64144ccf1df_6.0.26100.8972_none_3e0da176e32f9d4b\COMCTL32.dll
0x00007ffb6dc90000 - 0x00007ffb6dd39000 	C:\WINDOWS\System32\msvcrt.dll
0x00007ffb4d130000 - 0x00007ffb4d14e000 	C:\Program Files\Eclipse Adoptium\jdk-21.0.6.7-hotspot\bin\VCRUNTIME140.dll
0x00007ffb6de50000 - 0x00007ffb6de82000 	C:\WINDOWS\System32\IMM32.DLL
0x00007ffb5ff20000 - 0x00007ffb5ff2c000 	C:\Program Files\Eclipse Adoptium\jdk-21.0.6.7-hotspot\bin\vcruntime140_1.dll
0x00007ffb37a20000 - 0x00007ffb37aad000 	C:\Program Files\Eclipse Adoptium\jdk-21.0.6.7-hotspot\bin\msvcp140.dll
0x00007ffaf46e0000 - 0x00007ffaf5470000 	C:\Program Files\Eclipse Adoptium\jdk-21.0.6.7-hotspot\bin\server\jvm.dll
0x00007ffb6e590000 - 0x00007ffb6e64c000 	C:\WINDOWS\System32\ADVAPI32.dll
0x00007ffb6fac0000 - 0x00007ffb6fb6a000 	C:\WINDOWS\System32\sechost.dll
0x00007ffb6ee50000 - 0x00007ffb6ef68000 	C:\WINDOWS\System32\RPCRT4.dll
0x00007ffb6fb90000 - 0x00007ffb6fc12000 	C:\WINDOWS\System32\WS2_32.dll
0x00007ffb6ced0000 - 0x00007ffb6cf2e000 	C:\WINDOWS\SYSTEM32\POWRPROF.dll
0x00007ffb5b7e0000 - 0x00007ffb5b816000 	C:\WINDOWS\SYSTEM32\WINMM.dll
0x00007ffb5b820000 - 0x00007ffb5b82b000 	C:\WINDOWS\SYSTEM32\VERSION.dll
0x00007ffb6ceb0000 - 0x00007ffb6cec5000 	C:\WINDOWS\SYSTEM32\UMPDC.dll
0x00007ffb6bd00000 - 0x00007ffb6bd1b000 	C:\WINDOWS\SYSTEM32\kernel.appcore.dll
0x00007ffb5d620000 - 0x00007ffb5d62a000 	C:\Program Files\Eclipse Adoptium\jdk-21.0.6.7-hotspot\bin\jimage.dll
0x00007ffb4fd40000 - 0x00007ffb4ff82000 	C:\WINDOWS\SYSTEM32\DBGHELP.DLL
0x00007ffb6efc0000 - 0x00007ffb6f345000 	C:\WINDOWS\System32\combase.dll
0x00007ffb6f350000 - 0x00007ffb6f429000 	C:\WINDOWS\System32\OLEAUT32.dll
0x00007ffb4e330000 - 0x00007ffb4e36b000 	C:\WINDOWS\SYSTEM32\dbgcore.DLL
0x00007ffb6d270000 - 0x00007ffb6d31c000 	C:\WINDOWS\System32\bcryptPrimitives.dll
0x00007ffb61270000 - 0x00007ffb6127f000 	C:\Program Files\Eclipse Adoptium\jdk-21.0.6.7-hotspot\bin\instrument.dll
0x00007ffb47220000 - 0x00007ffb4723f000 	C:\Program Files\Eclipse Adoptium\jdk-21.0.6.7-hotspot\bin\java.dll
0x00007ffb6e6c0000 - 0x00007ffb6ee48000 	C:\WINDOWS\System32\SHELL32.dll
0x00007ffb6aae0000 - 0x00007ffb6b37b000 	C:\WINDOWS\SYSTEM32\windows.storage.dll
0x00007ffb6de90000 - 0x00007ffb6df89000 	C:\WINDOWS\System32\SHCORE.dll
0x00007ffb6f730000 - 0x00007ffb6f796000 	C:\WINDOWS\System32\shlwapi.dll
0x00007ffb6cf70000 - 0x00007ffb6cf99000 	C:\WINDOWS\SYSTEM32\profapi.dll
0x00007ffb32d30000 - 0x00007ffb32e07000 	C:\Program Files\Eclipse Adoptium\jdk-21.0.6.7-hotspot\bin\jsvml.dll
0x00007ffb46dd0000 - 0x00007ffb46de8000 	C:\Program Files\Eclipse Adoptium\jdk-21.0.6.7-hotspot\bin\zip.dll
0x00007ffb4d200000 - 0x00007ffb4d210000 	C:\Program Files\Eclipse Adoptium\jdk-21.0.6.7-hotspot\bin\net.dll
0x00007ffb65fa0000 - 0x00007ffb660c8000 	C:\WINDOWS\SYSTEM32\WINHTTP.dll
0x00007ffb6c290000 - 0x00007ffb6c2fc000 	C:\WINDOWS\system32\mswsock.dll
0x00007ffb471a0000 - 0x00007ffb471b6000 	C:\Program Files\Eclipse Adoptium\jdk-21.0.6.7-hotspot\bin\nio.dll
0x00007ffb47330000 - 0x00007ffb47340000 	C:\Program Files\Eclipse Adoptium\jdk-21.0.6.7-hotspot\bin\verify.dll
0x00007ffb69e00000 - 0x00007ffb69e27000 	C:\Users\SBS\.gradle\native\1def1411415f61bf3af743bc5b6707747c0891f09f0c88961ee8f79bc544acac\windows-amd64\native-platform.dll
0x00007ffb3c510000 - 0x00007ffb3c588000 	C:\Users\SBS\.gradle\native\0.2.7\x86_64-windows-gnu\gradle-fileevents.dll
0x00007ffb47110000 - 0x00007ffb4711a000 	C:\Program Files\Eclipse Adoptium\jdk-21.0.6.7-hotspot\bin\management.dll
0x00007ffb46e60000 - 0x00007ffb46e6b000 	C:\Program Files\Eclipse Adoptium\jdk-21.0.6.7-hotspot\bin\management_ext.dll
0x00007ffb6dd40000 - 0x00007ffb6dd48000 	C:\WINDOWS\System32\PSAPI.DLL
0x00007ffb6b6b0000 - 0x00007ffb6b6e3000 	C:\WINDOWS\SYSTEM32\IPHLPAPI.DLL
0x00007ffb6fc20000 - 0x00007ffb6fc2a000 	C:\WINDOWS\System32\NSI.dll
0x00007ffb44420000 - 0x00007ffb44429000 	C:\Program Files\Eclipse Adoptium\jdk-21.0.6.7-hotspot\bin\extnet.dll
0x00007ffb6c6b0000 - 0x00007ffb6c6cb000 	C:\WINDOWS\SYSTEM32\CRYPTSP.dll
0x00007ffb6bc60000 - 0x00007ffb6bc99000 	C:\WINDOWS\system32\rsaenh.dll
0x00007ffb6c340000 - 0x00007ffb6c372000 	C:\WINDOWS\SYSTEM32\USERENV.dll
0x00007ffb6cf40000 - 0x00007ffb6cf6a000 	C:\WINDOWS\SYSTEM32\bcrypt.dll
0x00007ffb6c4f0000 - 0x00007ffb6c4fc000 	C:\WINDOWS\SYSTEM32\CRYPTBASE.dll
0x00007ffb61100000 - 0x00007ffb6110e000 	C:\Program Files\Eclipse Adoptium\jdk-21.0.6.7-hotspot\bin\sunmscapi.dll
0x00007ffb6d9e0000 - 0x00007ffb6db5e000 	C:\WINDOWS\System32\CRYPT32.dll
0x00007ffb6c820000 - 0x00007ffb6c850000 	C:\WINDOWS\SYSTEM32\ncrypt.dll
0x00007ffb6c7d0000 - 0x00007ffb6c80f000 	C:\WINDOWS\SYSTEM32\NTASN1.dll
0x00007ffb61c30000 - 0x00007ffb61c38000 	C:\WINDOWS\system32\wshunix.dll

dbghelp: loaded successfully - version: 4.0.5 - missing functions: none
symbol engine: initialized successfully - sym options: 0x614 - pdb path: .;C:\Program Files\Eclipse Adoptium\jdk-21.0.6.7-hotspot\bin;C:\WINDOWS\SYSTEM32;C:\WINDOWS\WinSxS\amd64_microsoft.windows.common-controls_6595b64144ccf1df_6.0.26100.8972_none_3e0da176e32f9d4b;C:\Program Files\Eclipse Adoptium\jdk-21.0.6.7-hotspot\bin\server;C:\Users\SBS\.gradle\native\1def1411415f61bf3af743bc5b6707747c0891f09f0c88961ee8f79bc544acac\windows-amd64;C:\Users\SBS\.gradle\native\0.2.7\x86_64-windows-gnu

VM Arguments:
jvm_args: --add-opens=java.base/java.lang=ALL-UNNAMED --add-opens=java.base/java.lang.invoke=ALL-UNNAMED --add-opens=java.base/java.util=ALL-UNNAMED --add-opens=java.prefs/java.util.prefs=ALL-UNNAMED --add-exports=jdk.compiler/com.sun.tools.javac.api=ALL-UNNAMED --add-exports=jdk.compiler/com.sun.tools.javac.util=ALL-UNNAMED --add-opens=java.base/java.util=ALL-UNNAMED --add-opens=java.prefs/java.util.prefs=ALL-UNNAMED --add-opens=java.base/java.nio.charset=ALL-UNNAMED --add-opens=java.base/java.net=ALL-UNNAMED --add-opens=java.base/java.util.concurrent.atomic=ALL-UNNAMED --add-opens=java.xml/javax.xml.namespace=ALL-UNNAMED -XX:MaxMetaspaceSize=384m -XX:+HeapDumpOnOutOfMemoryError -Xms256m -Xmx512m -Dfile.encoding=UTF-8 -Duser.country=FR -Duser.language=fr -Duser.variant -javaagent:C:\Users\SBS\.gradle\wrapper\dists\gradle-8.14-bin\38aieal9i53h9rfe7vjup95b9\gradle-8.14\lib\agents\gradle-instrumentation-agent-8.14.jar 
java_command: org.gradle.launcher.daemon.bootstrap.GradleDaemon 8.14
java_class_path (initial): C:\Users\SBS\.gradle\wrapper\dists\gradle-8.14-bin\38aieal9i53h9rfe7vjup95b9\gradle-8.14\lib\gradle-daemon-main-8.14.jar
Launcher Type: SUN_STANDARD

[Global flags]
     intx CICompilerCount                          = 4                                         {product} {ergonomic}
   size_t CompressedClassSpaceSize                 = 335544320                                 {product} {ergonomic}
     uint ConcGCThreads                            = 2                                         {product} {ergonomic}
     uint G1ConcRefinementThreads                  = 8                                         {product} {ergonomic}
   size_t G1HeapRegionSize                         = 1048576                                   {product} {ergonomic}
    uintx GCDrainStackTargetSize                   = 64                                        {product} {ergonomic}
     bool HeapDumpOnOutOfMemoryError               = true                                   {manageable} {command line}
   size_t InitialHeapSize                          = 268435456                                 {product} {command line}
   size_t MarkStackSize                            = 4194304                                   {product} {ergonomic}
   size_t MaxHeapSize                              = 536870912                                 {product} {command line}
   size_t MaxMetaspaceSize                         = 402653184                                 {product} {command line}
   size_t MaxNewSize                               = 321912832                                 {product} {ergonomic}
   size_t MinHeapDeltaBytes                        = 1048576                                   {product} {ergonomic}
   size_t MinHeapSize                              = 268435456                                 {product} {command line}
    uintx NonNMethodCodeHeapSize                   = 5839372                                {pd product} {ergonomic}
    uintx NonProfiledCodeHeapSize                  = 122909434                              {pd product} {ergonomic}
    uintx ProfiledCodeHeapSize                     = 122909434                              {pd product} {ergonomic}
    uintx ReservedCodeCacheSize                    = 251658240                              {pd product} {ergonomic}
     bool SegmentedCodeCache                       = true                                      {product} {ergonomic}
   size_t SoftMaxHeapSize                          = 536870912                              {manageable} {ergonomic}
     bool UseCompressedOops                        = true                           {product lp64_product} {ergonomic}
     bool UseG1GC                                  = true                                      {product} {ergonomic}
     bool UseLargePagesIndividualAllocation        = false                                  {pd product} {ergonomic}

Logging:
Log output configuration:
 #0: stdout all=warning uptime,level,tags foldmultilines=false
 #1: stderr all=off uptime,level,tags foldmultilines=false

Environment Variables:
JAVA_HOME=C:\Program Files\Eclipse Adoptium\jdk-21.0.6.7-hotspot
PATH=C:\Program Files\Eclipse Adoptium\jdk-21.0.6.7-hotspot\bin;C:\WINDOWS\system32;C:\WINDOWS;C:\WINDOWS\System32\Wbem;C:\WINDOWS\System32\WindowsPowerShell\v1.0\;C:\WINDOWS\System32\OpenSSH\;C:\Program Files\Git\cmd;C:\Program Files\MongoDB\Server\8.0;C:\xampp\php;C:\Program Files\nodejs\;C:\Program Files\NVIDIA Corporation\NVIDIA App\NvDLISR;C:\Program Files\Microsoft SQL Server\170\Tools\Binn\;C:\Program Files\dotnet\;%JAVA_HOME%\bin;C:\Users\SBS\AppData\Local\Programs\Python\Launcher\;C:\Users\SBS\AppData\Local\Microsoft\WindowsApps;C:\Users\SBS\AppData\Local\Programs\Microsoft VS Code\bin;C:\MinGW\bin;C:\Users\SBS\AppData\Local\spicetify;C:\Users\SBS\Documents\mongosh-2.3.8-win32-x64\bin;C:\Users\SBS\AppData\Roaming\npm;C:\Users\SBS\AppData\Local\Microsoft\WindowsApps;C:\Users\SBS\.dotnet\tools;C:\Users\SBS\Downloads\Rep\winutils-master\hadoop-3.3.6\bin;C:\Users\SBS\Downloads\Rep\winutils-master\hadoop-3.3.6\bin;C:\Users\SBS\Downloads\apache-maven-3.9.11-bin\apache-maven-3.9.11\bin;C:\Program Files\Eclipse Adoptium\jdk-21.0.6.7-hotspot\bin;C:\Users\SBS\AppData\Roaming\npm;C:\Users\SBS\AppData\Local\Programs\Antigravity\bin
USERNAME=SBS
OS=Windows_NT
PROCESSOR_IDENTIFIER=AMD64 Family 25 Model 80 Stepping 0, AuthenticAMD
TMP=C:\Users\SBS\AppData\Local\Temp
TEMP=C:\Users\SBS\AppData\Local\Temp




Periodic native trim disabled

---------------  S Y S T E M  ---------------

OS:
 Windows 11 , 64 bit Build 26100 (10.0.26100.9168)
OS uptime: 0 days 20:50 hours
Hyper-V role detected

CPU: total 8 (initial active 8) (8 cores per cpu, 2 threads per core) family 25 model 80 stepping 0 microcode 0xa50000d, cx8, cmov, fxsr, ht, mmx, 3dnowpref, sse, sse2, sse3, ssse3, sse4a, sse4.1, sse4.2, popcnt, lzcnt, tsc, tscinvbit, avx, avx2, aes, erms, clmul, bmi1, bmi2, adx, sha, fma, vzeroupper, clflush, clflushopt, hv, rdtscp, rdpid, fsrm, f16c, cet_ss
Processor Information for the first 8 processors :
  Max Mhz: 3301, Current Mhz: 1908, Mhz Limit: 3301

Memory: 4k page, system-wide physical 7020M (77M free)
TotalPageFile size 22657M (AvailPageFile size 0M)
current process WorkingSet (physical memory assigned to process): 174M, peak: 319M
current process commit charge ("private bytes"): 454M, peak: 471M

vm_info: OpenJDK 64-Bit Server VM (21.0.6+7-LTS) for windows-amd64 JRE (21.0.6+7-LTS), built on 2025-01-21T00:00:00Z by "admin" with MS VC++ 17.7 (VS2022)

END.
