#
# There is insufficient memory for the Java Runtime Environment to continue.
# Native memory allocation (malloc) failed to allocate 1106528 bytes. Error detail: Chunk::new
# Possible reasons:
#   The system is out of physical RAM or swap space
#   This process is running with CompressedOops enabled, and the Java Heap may be blocking the growth of the native heap
# Possible solutions:
#   Reduce memory load on the system
#   Increase physical memory or swap space
#   Check if swap backing store is full
#   Decrease Java heap size (-Xmx/-Xms)
#   Decrease number of Java threads
#   Decrease Java thread stack sizes (-Xss)
#   Set larger code cache with -XX:ReservedCodeCacheSize=
#   JVM is running with Unscaled Compressed Oops mode in which the Java heap is
#     placed in the first 4GB address space. The Java Heap base address is the
#     maximum limit for the native heap growth. Please use -XX:HeapBaseMinAddress
#     to set the Java Heap base and to place the Java Heap above 4GB virtual address.
# This output file may be truncated or incomplete.
#
#  Out of Memory Error (arena.cpp:168), pid=16784, tid=7504
#
# JRE version: OpenJDK Runtime Environment Temurin-21.0.6+7 (21.0.6+7) (build 21.0.6+7-LTS)
# Java VM: OpenJDK 64-Bit Server VM Temurin-21.0.6+7 (21.0.6+7-LTS, mixed mode, sharing, tiered, compressed oops, compressed class ptrs, g1 gc, windows-amd64)
# No core dump will be written. Minidumps are not enabled by default on client versions of Windows
#

---------------  S U M M A R Y ------------

Command Line: --add-opens=java.base/java.lang=ALL-UNNAMED --add-opens=java.base/java.lang.invoke=ALL-UNNAMED --add-opens=java.base/java.util=ALL-UNNAMED --add-opens=java.prefs/java.util.prefs=ALL-UNNAMED --add-exports=jdk.compiler/com.sun.tools.javac.api=ALL-UNNAMED --add-exports=jdk.compiler/com.sun.tools.javac.util=ALL-UNNAMED --add-opens=java.base/java.util=ALL-UNNAMED --add-opens=java.prefs/java.util.prefs=ALL-UNNAMED --add-opens=java.base/java.nio.charset=ALL-UNNAMED --add-opens=java.base/java.net=ALL-UNNAMED --add-opens=java.base/java.util.concurrent.atomic=ALL-UNNAMED --add-opens=java.xml/javax.xml.namespace=ALL-UNNAMED -XX:MaxMetaspaceSize=384m -XX:+HeapDumpOnOutOfMemoryError -Xms256m -Xmx512m -Dfile.encoding=UTF-8 -Duser.country=FR -Duser.language=fr -Duser.variant -javaagent:C:\Users\SBS\.gradle\wrapper\dists\gradle-8.14-bin\38aieal9i53h9rfe7vjup95b9\gradle-8.14\lib\agents\gradle-instrumentation-agent-8.14.jar org.gradle.launcher.daemon.bootstrap.GradleDaemon 8.14

Host: AMD Ryzen 5 5500H with Radeon Graphics         , 8 cores, 6G,  Windows 11 , 64 bit Build 26100 (10.0.26100.9168)
Time: Sat Aug 15 14:09:00 2026 Afr. centrale Ouest elapsed time: 123.294483 seconds (0d 0h 2m 3s)

---------------  T H R E A D  ---------------

Current thread (0x00000264217b3500):  JavaThread "C2 CompilerThread0" daemon [_thread_in_native, id=7504, stack(0x000000ae10700000,0x000000ae10800000) (1024K)]


Current CompileTask:
C2:123294 7002       4       javax.management.ObjectName::construct (1135 bytes)

Stack: [0x000000ae10700000,0x000000ae10800000]
Native frames: (J=compiled Java code, j=interpreted, Vv=VM code, C=native code)
V  [jvm.dll+0x6cdee9]
V  [jvm.dll+0x8a83d1]
V  [jvm.dll+0x8aa8fe]
V  [jvm.dll+0x8aafe3]
V  [jvm.dll+0x27f706]
V  [jvm.dll+0xc500d]
V  [jvm.dll+0xc5543]
V  [jvm.dll+0x3b678c]
V  [jvm.dll+0x1e0009]
V  [jvm.dll+0x247b42]
V  [jvm.dll+0x246fcf]
V  [jvm.dll+0x1c75ee]
V  [jvm.dll+0x25685a]
V  [jvm.dll+0x254dfa]
V  [jvm.dll+0x3f0256]
V  [jvm.dll+0x851f8b]
V  [jvm.dll+0x6cc5ed]
C  [ucrtbase.dll+0x2cd30]
C  [KERNEL32.DLL+0x2ccb7]
C  [ntdll.dll+0xaad6c]


---------------  P R O C E S S  ---------------

Threads class SMR info:
_java_thread_list=0x000002643ec11980, length=58, elements={
0x00000264069200b0, 0x00000264217a3f60, 0x00000264217a7530, 0x00000264217b0890,
0x00000264217b12e0, 0x00000264217b1d30, 0x00000264217b2780, 0x00000264217b3500,
0x00000264217bbd70, 0x0000026421823550, 0x00000264219ebd90, 0x000002643c7ce740,
0x000002643bbcdcf0, 0x000002643c6f4ac0, 0x000002643bb36cc0, 0x0000026421b023d0,
0x000002643b8d8ca0, 0x000002643b8d78f0, 0x000002643b8d9330, 0x000002643b8d7f80,
0x000002643b8d8610, 0x000002643b8d99c0, 0x000002643b8d6540, 0x000002643b8d6bd0,
0x000002643b8d7260, 0x000002643e565370, 0x000002643e565a00, 0x000002643e563fc0,
0x000002643e566090, 0x000002643e567440, 0x000002643e5687f0, 0x000002643e567ad0,
0x000002643e568160, 0x000002643e568e80, 0x000002643e569510, 0x000002643e56a230,
0x000002643e56b5e0, 0x000002643df61390, 0x000002643df61a20, 0x000002643df62740,
0x000002643df5ffe0, 0x000002643df60670, 0x000002643df620b0, 0x000002643df62dd0,
0x000002643df5f950, 0x000002643df63460, 0x000002643df63af0, 0x000002643df64180,
0x000002643df60d00, 0x000002643df64810, 0x000002643df64ea0, 0x000002643df65530,
0x000002643df65bc0, 0x000002643df66250, 0x000002643df668e0, 0x000002643ccdf980,
0x000002643ccdec60, 0x000002643cce0010
}

Java Threads: ( => current thread )
  0x00000264069200b0 JavaThread "main"                              [_thread_blocked, id=22420, stack(0x000000ae0f900000,0x000000ae0fa00000) (1024K)]
  0x00000264217a3f60 JavaThread "Reference Handler"          daemon [_thread_blocked, id=22364, stack(0x000000ae10100000,0x000000ae10200000) (1024K)]
  0x00000264217a7530 JavaThread "Finalizer"                  daemon [_thread_blocked, id=22004, stack(0x000000ae10200000,0x000000ae10300000) (1024K)]
  0x00000264217b0890 JavaThread "Signal Dispatcher"          daemon [_thread_blocked, id=7104, stack(0x000000ae10300000,0x000000ae10400000) (1024K)]
  0x00000264217b12e0 JavaThread "Attach Listener"            daemon [_thread_blocked, id=11788, stack(0x000000ae10400000,0x000000ae10500000) (1024K)]
  0x00000264217b1d30 JavaThread "Service Thread"             daemon [_thread_blocked, id=20924, stack(0x000000ae10500000,0x000000ae10600000) (1024K)]
  0x00000264217b2780 JavaThread "Monitor Deflation Thread"   daemon [_thread_blocked, id=8284, stack(0x000000ae10600000,0x000000ae10700000) (1024K)]
=>0x00000264217b3500 JavaThread "C2 CompilerThread0"         daemon [_thread_in_native, id=7504, stack(0x000000ae10700000,0x000000ae10800000) (1024K)]
  0x00000264217bbd70 JavaThread "C1 CompilerThread0"         daemon [_thread_blocked, id=9952, stack(0x000000ae10800000,0x000000ae10900000) (1024K)]
  0x0000026421823550 JavaThread "Common-Cleaner"             daemon [_thread_blocked, id=20796, stack(0x000000ae10900000,0x000000ae10a00000) (1024K)]
  0x00000264219ebd90 JavaThread "Notification Thread"        daemon [_thread_blocked, id=10928, stack(0x000000ae10a00000,0x000000ae10b00000) (1024K)]
  0x000002643c7ce740 JavaThread "Daemon health stats"               [_thread_blocked, id=23352, stack(0x000000ae11100000,0x000000ae11200000) (1024K)]
  0x000002643bbcdcf0 JavaThread "Incoming local TCP Connector on port 54466"        [_thread_in_native, id=22572, stack(0x000000ae0f800000,0x000000ae0f900000) (1024K)]
  0x000002643c6f4ac0 JavaThread "Daemon periodic checks"            [_thread_blocked, id=22180, stack(0x000000ae11200000,0x000000ae11300000) (1024K)]
  0x000002643bb36cc0 JavaThread "Daemon"                            [_thread_blocked, id=20656, stack(0x000000ae11300000,0x000000ae11400000) (1024K)]
  0x0000026421b023d0 JavaThread "Daemon worker"                     [_thread_in_native, id=22576, stack(0x000000ae11600000,0x000000ae11700000) (1024K)]
  0x000002643b8d8ca0 JavaThread "Handler for socket connection from /127.0.0.1:54466 to /127.0.0.1:54484"        [_thread_in_native, id=21568, stack(0x000000ae11400000,0x000000ae11500000) (1024K)]
  0x000002643b8d78f0 JavaThread "Cancel handler"                    [_thread_blocked, id=18680, stack(0x000000ae11500000,0x000000ae11600000) (1024K)]
  0x000002643b8d9330 JavaThread "Asynchronous log dispatcher for DefaultDaemonConnection: socket connection from /127.0.0.1:54466 to /127.0.0.1:54484"        [_thread_blocked, id=14580, stack(0x000000ae11700000,0x000000ae11800000) (1024K)]
  0x000002643b8d7f80 JavaThread "Stdin handler"                     [_thread_blocked, id=16040, stack(0x000000ae11800000,0x000000ae11900000) (1024K)]
  0x000002643b8d8610 JavaThread "Daemon client event forwarder"        [_thread_blocked, id=21904, stack(0x000000ae11900000,0x000000ae11a00000) (1024K)]
  0x000002643b8d99c0 JavaThread "Cache worker for journal cache (C:\Users\SBS\.gradle\caches\journal-1)"        [_thread_blocked, id=15736, stack(0x000000ae11a00000,0x000000ae11b00000) (1024K)]
  0x000002643b8d6540 JavaThread "File lock request listener"        [_thread_in_native, id=7820, stack(0x000000ae11b00000,0x000000ae11c00000) (1024K)]
  0x000002643b8d6bd0 JavaThread "Cache worker for file hash cache (C:\Users\SBS\.gradle\caches\8.14\fileHashes)"        [_thread_blocked, id=22324, stack(0x000000ae11c00000,0x000000ae11d00000) (1024K)]
  0x000002643b8d7260 JavaThread "File lock release action executor"        [_thread_blocked, id=21076, stack(0x000000ae11d00000,0x000000ae11e00000) (1024K)]
  0x000002643e565370 JavaThread "Cache worker for file hash cache (C:\Users\SBS\Desktop\start UP\wym\BACKEND\.gradle\8.14\fileHashes)"        [_thread_blocked, id=23896, stack(0x000000ae12000000,0x000000ae12100000) (1024K)]
  0x000002643e565a00 JavaThread "Cache worker for Build Output Cleanup Cache (C:\Users\SBS\Desktop\start UP\wym\BACKEND\.gradle\buildOutputCleanup)"        [_thread_blocked, id=23908, stack(0x000000ae12100000,0x000000ae12200000) (1024K)]
  0x000002643e563fc0 JavaThread "File watcher server"        daemon [_thread_in_native, id=24000, stack(0x000000ae12200000,0x000000ae12300000) (1024K)]
  0x000002643e566090 JavaThread "File watcher consumer"      daemon [_thread_blocked, id=24004, stack(0x000000ae12300000,0x000000ae12400000) (1024K)]
  0x000002643e567440 JavaThread "jar transforms"                    [_thread_blocked, id=23816, stack(0x000000ae12400000,0x000000ae12500000) (1024K)]
  0x000002643e5687f0 JavaThread "jar transforms Thread 2"           [_thread_blocked, id=22020, stack(0x000000ae12500000,0x000000ae12600000) (1024K)]
  0x000002643e567ad0 JavaThread "Cache worker for checksums cache (C:\Users\SBS\Desktop\start UP\wym\BACKEND\.gradle\8.14\checksums)"        [_thread_blocked, id=24432, stack(0x000000ae12600000,0x000000ae12700000) (1024K)]
  0x000002643e568160 JavaThread "Cache worker for file content cache (C:\Users\SBS\.gradle\caches\8.14\fileContent)"        [_thread_blocked, id=24448, stack(0x000000ae12700000,0x000000ae12800000) (1024K)]
  0x000002643e568e80 JavaThread "Cache worker for cache directory md-supplier (C:\Users\SBS\.gradle\caches\8.14\md-supplier)"        [_thread_blocked, id=24256, stack(0x000000ae12800000,0x000000ae12900000) (1024K)]
  0x000002643e569510 JavaThread "Cache worker for cache directory md-rule (C:\Users\SBS\.gradle\caches\8.14\md-rule)"        [_thread_blocked, id=23836, stack(0x000000ae12900000,0x000000ae12a00000) (1024K)]
  0x000002643e56a230 JavaThread "jar transforms Thread 3"           [_thread_blocked, id=23700, stack(0x000000ae12a00000,0x000000ae12b00000) (1024K)]
  0x000002643e56b5e0 JavaThread "Unconstrained build operations"        [_thread_blocked, id=24776, stack(0x000000ae0f600000,0x000000ae0f700000) (1024K)]
  0x000002643df61390 JavaThread "Unconstrained build operations Thread 2"        [_thread_blocked, id=24780, stack(0x000000ae0f700000,0x000000ae0f800000) (1024K)]
  0x000002643df61a20 JavaThread "Unconstrained build operations Thread 3"        [_thread_blocked, id=24784, stack(0x000000ae12b00000,0x000000ae12c00000) (1024K)]
  0x000002643df62740 JavaThread "Unconstrained build operations Thread 4"        [_thread_blocked, id=24788, stack(0x000000ae12c00000,0x000000ae12d00000) (1024K)]
  0x000002643df5ffe0 JavaThread "Unconstrained build operations Thread 5"        [_thread_blocked, id=24792, stack(0x000000ae12d00000,0x000000ae12e00000) (1024K)]
  0x000002643df60670 JavaThread "Unconstrained build operations Thread 6"        [_thread_blocked, id=24796, stack(0x000000ae12e00000,0x000000ae12f00000) (1024K)]
  0x000002643df620b0 JavaThread "Unconstrained build operations Thread 7"        [_thread_blocked, id=24800, stack(0x000000ae12f00000,0x000000ae13000000) (1024K)]
  0x000002643df62dd0 JavaThread "Unconstrained build operations Thread 8"        [_thread_blocked, id=24992, stack(0x000000ae13000000,0x000000ae13100000) (1024K)]
  0x000002643df5f950 JavaThread "Unconstrained build operations Thread 9"        [_thread_blocked, id=24996, stack(0x000000ae13100000,0x000000ae13200000) (1024K)]
  0x000002643df63460 JavaThread "Unconstrained build operations Thread 10"        [_thread_blocked, id=25000, stack(0x000000ae13200000,0x000000ae13300000) (1024K)]
  0x000002643df63af0 JavaThread "Unconstrained build operations Thread 11"        [_thread_blocked, id=25004, stack(0x000000ae13300000,0x000000ae13400000) (1024K)]
  0x000002643df64180 JavaThread "Unconstrained build operations Thread 12"        [_thread_blocked, id=25008, stack(0x000000ae13400000,0x000000ae13500000) (1024K)]
  0x000002643df60d00 JavaThread "Unconstrained build operations Thread 13"        [_thread_blocked, id=25012, stack(0x000000ae13500000,0x000000ae13600000) (1024K)]
  0x000002643df64810 JavaThread "Unconstrained build operations Thread 14"        [_thread_blocked, id=25024, stack(0x000000ae13600000,0x000000ae13700000) (1024K)]
  0x000002643df64ea0 JavaThread "Unconstrained build operations Thread 15"        [_thread_blocked, id=25176, stack(0x000000ae13800000,0x000000ae13900000) (1024K)]
  0x000002643df65530 JavaThread "Unconstrained build operations Thread 16"        [_thread_blocked, id=25180, stack(0x000000ae13900000,0x000000ae13a00000) (1024K)]
  0x000002643df65bc0 JavaThread "Unconstrained build operations Thread 17"        [_thread_blocked, id=25184, stack(0x000000ae13a00000,0x000000ae13b00000) (1024K)]
  0x000002643df66250 JavaThread "Unconstrained build operations Thread 18"        [_thread_blocked, id=25188, stack(0x000000ae13b00000,0x000000ae13c00000) (1024K)]
  0x000002643df668e0 JavaThread "Unconstrained build operations Thread 19"        [_thread_blocked, id=25192, stack(0x000000ae13c00000,0x000000ae13d00000) (1024K)]
  0x000002643ccdf980 JavaThread "Unconstrained build operations Thread 20"        [_thread_blocked, id=25196, stack(0x000000ae13d00000,0x000000ae13e00000) (1024K)]
  0x000002643ccdec60 JavaThread "Unconstrained build operations Thread 21"        [_thread_blocked, id=25200, stack(0x000000ae13e00000,0x000000ae13f00000) (1024K)]
  0x000002643cce0010 JavaThread "Memory manager"                    [_thread_blocked, id=25312, stack(0x000000ae13700000,0x000000ae13800000) (1024K)]
Total: 58

Other Threads:
  0x0000026421789f40 VMThread "VM Thread"                           [id=21524, stack(0x000000ae10000000,0x000000ae10100000) (1024K)]
  0x0000026421779d20 WatcherThread "VM Periodic Task Thread"        [id=21780, stack(0x000000ae0ff00000,0x000000ae10000000) (1024K)]
  0x000002640694b5a0 WorkerThread "GC Thread#0"                     [id=21928, stack(0x000000ae0fa00000,0x000000ae0fb00000) (1024K)]
  0x0000026421b47bb0 WorkerThread "GC Thread#1"                     [id=22680, stack(0x000000ae10b00000,0x000000ae10c00000) (1024K)]
  0x0000026421b47f50 WorkerThread "GC Thread#2"                     [id=22684, stack(0x000000ae10c00000,0x000000ae10d00000) (1024K)]
  0x000002643b155540 WorkerThread "GC Thread#3"                     [id=22688, stack(0x000000ae10d00000,0x000000ae10e00000) (1024K)]
  0x000002643b1558e0 WorkerThread "GC Thread#4"                     [id=22692, stack(0x000000ae10e00000,0x000000ae10f00000) (1024K)]
  0x000002643b155c80 WorkerThread "GC Thread#5"                     [id=22696, stack(0x000000ae10f00000,0x000000ae11000000) (1024K)]
  0x000002642196f430 WorkerThread "GC Thread#6"                     [id=22948, stack(0x000000ae11000000,0x000000ae11100000) (1024K)]
  0x000002643cadf850 WorkerThread "GC Thread#7"                     [id=23680, stack(0x000000ae11e00000,0x000000ae11f00000) (1024K)]
  0x00000264069514a0 ConcurrentGCThread "G1 Main Marker"            [id=21944, stack(0x000000ae0fb00000,0x000000ae0fc00000) (1024K)]
  0x00000264069526c0 WorkerThread "G1 Conc#0"                       [id=20416, stack(0x000000ae0fc00000,0x000000ae0fd00000) (1024K)]
  0x000002643cade630 WorkerThread "G1 Conc#1"                       [id=23684, stack(0x000000ae11f00000,0x000000ae12000000) (1024K)]
  0x00000264069de600 ConcurrentGCThread "G1 Refine#0"               [id=20428, stack(0x000000ae0fd00000,0x000000ae0fe00000) (1024K)]
  0x0000026421642330 ConcurrentGCThread "G1 Service"                [id=8124, stack(0x000000ae0fe00000,0x000000ae0ff00000) (1024K)]
Total: 15

Threads with active compile tasks:
C2 CompilerThread0  124595 7002       4       javax.management.ObjectName::construct (1135 bytes)
Total: 1

VM state: not at safepoint (normal execution)

VM Mutex/Monitor currently owned by a thread: None

Heap address: 0x00000000e0000000, size: 512 MB, Compressed Oops mode: 32-bit

CDS archive(s) mapped at: [0x0000026422000000-0x0000026422c80000-0x0000026422c80000), size 13107200, SharedBaseAddress: 0x0000026422000000, ArchiveRelocationMode: 1.
Compressed class space mapped at: 0x0000026423000000-0x0000026437000000, reserved size: 335544320
Narrow klass base: 0x0000026422000000, Narrow klass shift: 0, Narrow klass range: 0x100000000

GC Precious Log:
 CardTable entry size: 512
 Card Set container configuration: InlinePtr #cards 5 size 8 Array Of Cards #cards 12 size 40 Howl #buckets 4 coarsen threshold 1843 Howl Bitmap #cards 512 size 80 coarsen threshold 460 Card regions per heap region 1 cards per card region 2048
 CPUs: 8 total, 8 available
 Memory: 7020M
 Large Page Support: Disabled
 NUMA Support: Disabled
 Compressed Oops: Enabled (32-bit)
 Heap Region Size: 1M
 Heap Min Capacity: 256M
 Heap Initial Capacity: 256M
 Heap Max Capacity: 512M
 Pre-touch: Disabled
 Parallel Workers: 8
 Concurrent Workers: 2
 Concurrent Refinement Workers: 8
 Periodic GC: Disabled

Heap:
 garbage-first heap   total 262144K, used 72824K [0x00000000e0000000, 0x0000000100000000)
  region size 1024K, 49 young (50176K), 16 survivors (16384K)
 Metaspace       used 54256K, committed 56192K, reserved 393216K
  class space    used 7684K, committed 8640K, reserved 327680K

Heap Regions: E=young(eden), S=young(survivor), O=old, HS=humongous(starts), HC=humongous(continues), CS=collection set, F=free, TAMS=top-at-mark-start, PB=parsable bottom
|   0|0x00000000e0000000, 0x00000000e0100000, 0x00000000e0100000|100%|HS|  |TAMS 0x00000000e0000000| PB 0x00000000e0000000| Complete 
|   1|0x00000000e0100000, 0x00000000e0200000, 0x00000000e0200000|100%|HC|  |TAMS 0x00000000e0100000| PB 0x00000000e0100000| Complete 
|   2|0x00000000e0200000, 0x00000000e0300000, 0x00000000e0300000|100%|HC|  |TAMS 0x00000000e0200000| PB 0x00000000e0200000| Complete 
|   3|0x00000000e0300000, 0x00000000e0400000, 0x00000000e0400000|100%| O|  |TAMS 0x00000000e0300000| PB 0x00000000e0300000| Untracked 
|   4|0x00000000e0400000, 0x00000000e0500000, 0x00000000e0500000|100%| O|  |TAMS 0x00000000e0400000| PB 0x00000000e0400000| Untracked 
|   5|0x00000000e0500000, 0x00000000e0600000, 0x00000000e0600000|100%| O|  |TAMS 0x00000000e0500000| PB 0x00000000e0500000| Untracked 
|   6|0x00000000e0600000, 0x00000000e0700000, 0x00000000e0700000|100%|HS|  |TAMS 0x00000000e0600000| PB 0x00000000e0600000| Complete 
|   7|0x00000000e0700000, 0x00000000e0800000, 0x00000000e0800000|100%| O|  |TAMS 0x00000000e0700000| PB 0x00000000e0700000| Untracked 
|   8|0x00000000e0800000, 0x00000000e0800000, 0x00000000e0900000|  0%| F|  |TAMS 0x00000000e0800000| PB 0x00000000e0800000| Untracked 
|   9|0x00000000e0900000, 0x00000000e0a00000, 0x00000000e0a00000|100%| O|  |TAMS 0x00000000e0900000| PB 0x00000000e0900000| Untracked 
|  10|0x00000000e0a00000, 0x00000000e0b00000, 0x00000000e0b00000|100%| O|  |TAMS 0x00000000e0a00000| PB 0x00000000e0a00000| Untracked 
|  11|0x00000000e0b00000, 0x00000000e0c00000, 0x00000000e0c00000|100%| O|  |TAMS 0x00000000e0b00000| PB 0x00000000e0b00000| Untracked 
|  12|0x00000000e0c00000, 0x00000000e0d00000, 0x00000000e0d00000|100%| O|  |TAMS 0x00000000e0c00000| PB 0x00000000e0c00000| Untracked 
|  13|0x00000000e0d00000, 0x00000000e0e00000, 0x00000000e0e00000|100%| O|  |TAMS 0x00000000e0d00000| PB 0x00000000e0d00000| Untracked 
|  14|0x00000000e0e00000, 0x00000000e0f00000, 0x00000000e0f00000|100%| O|  |TAMS 0x00000000e0e00000| PB 0x00000000e0e00000| Untracked 
|  15|0x00000000e0f00000, 0x00000000e1000000, 0x00000000e1000000|100%| O|  |TAMS 0x00000000e0f00000| PB 0x00000000e0f00000| Untracked 
|  16|0x00000000e1000000, 0x00000000e1100000, 0x00000000e1100000|100%| O|  |TAMS 0x00000000e1000000| PB 0x00000000e1000000| Untracked 
|  17|0x00000000e1100000, 0x00000000e1200000, 0x00000000e1200000|100%| O|  |TAMS 0x00000000e1100000| PB 0x00000000e1100000| Untracked 
|  18|0x00000000e1200000, 0x00000000e1300000, 0x00000000e1300000|100%| O|  |TAMS 0x00000000e1200000| PB 0x00000000e1200000| Untracked 
|  19|0x00000000e1300000, 0x00000000e1400000, 0x00000000e1400000|100%| O|  |TAMS 0x00000000e1300000| PB 0x00000000e1300000| Untracked 
|  20|0x00000000e1400000, 0x00000000e1500000, 0x00000000e1500000|100%| O|  |TAMS 0x00000000e1400000| PB 0x00000000e1400000| Untracked 
|  21|0x00000000e1500000, 0x00000000e1600000, 0x00000000e1600000|100%| O|  |TAMS 0x00000000e1500000| PB 0x00000000e1500000| Untracked 
|  22|0x00000000e1600000, 0x00000000e1700000, 0x00000000e1700000|100%| O|  |TAMS 0x00000000e1600000| PB 0x00000000e1600000| Untracked 
|  23|0x00000000e1700000, 0x00000000e1800000, 0x00000000e1800000|100%| O|Cm|TAMS 0x00000000e1700000| PB 0x00000000e1700000| Complete 
|  24|0x00000000e1800000, 0x00000000e181eee0, 0x00000000e1900000| 12%| O|  |TAMS 0x00000000e1800000| PB 0x00000000e1800000| Untracked 
|  25|0x00000000e1900000, 0x00000000e1900000, 0x00000000e1a00000|  0%| F|  |TAMS 0x00000000e1900000| PB 0x00000000e1900000| Untracked 
|  26|0x00000000e1a00000, 0x00000000e1a00000, 0x00000000e1b00000|  0%| F|  |TAMS 0x00000000e1a00000| PB 0x00000000e1a00000| Untracked 
|  27|0x00000000e1b00000, 0x00000000e1b00000, 0x00000000e1c00000|  0%| F|  |TAMS 0x00000000e1b00000| PB 0x00000000e1b00000| Untracked 
|  28|0x00000000e1c00000, 0x00000000e1c00000, 0x00000000e1d00000|  0%| F|  |TAMS 0x00000000e1c00000| PB 0x00000000e1c00000| Untracked 
|  29|0x00000000e1d00000, 0x00000000e1d00000, 0x00000000e1e00000|  0%| F|  |TAMS 0x00000000e1d00000| PB 0x00000000e1d00000| Untracked 
|  30|0x00000000e1e00000, 0x00000000e1e00000, 0x00000000e1f00000|  0%| F|  |TAMS 0x00000000e1e00000| PB 0x00000000e1e00000| Untracked 
|  31|0x00000000e1f00000, 0x00000000e1f00000, 0x00000000e2000000|  0%| F|  |TAMS 0x00000000e1f00000| PB 0x00000000e1f00000| Untracked 
|  32|0x00000000e2000000, 0x00000000e2000000, 0x00000000e2100000|  0%| F|  |TAMS 0x00000000e2000000| PB 0x00000000e2000000| Untracked 
|  33|0x00000000e2100000, 0x00000000e2100000, 0x00000000e2200000|  0%| F|  |TAMS 0x00000000e2100000| PB 0x00000000e2100000| Untracked 
|  34|0x00000000e2200000, 0x00000000e2200000, 0x00000000e2300000|  0%| F|  |TAMS 0x00000000e2200000| PB 0x00000000e2200000| Untracked 
|  35|0x00000000e2300000, 0x00000000e2300000, 0x00000000e2400000|  0%| F|  |TAMS 0x00000000e2300000| PB 0x00000000e2300000| Untracked 
|  36|0x00000000e2400000, 0x00000000e2400000, 0x00000000e2500000|  0%| F|  |TAMS 0x00000000e2400000| PB 0x00000000e2400000| Untracked 
|  37|0x00000000e2500000, 0x00000000e2500000, 0x00000000e2600000|  0%| F|  |TAMS 0x00000000e2500000| PB 0x00000000e2500000| Untracked 
|  38|0x00000000e2600000, 0x00000000e2600000, 0x00000000e2700000|  0%| F|  |TAMS 0x00000000e2600000| PB 0x00000000e2600000| Untracked 
|  39|0x00000000e2700000, 0x00000000e2700000, 0x00000000e2800000|  0%| F|  |TAMS 0x00000000e2700000| PB 0x00000000e2700000| Untracked 
|  40|0x00000000e2800000, 0x00000000e2800000, 0x00000000e2900000|  0%| F|  |TAMS 0x00000000e2800000| PB 0x00000000e2800000| Untracked 
|  41|0x00000000e2900000, 0x00000000e2900000, 0x00000000e2a00000|  0%| F|  |TAMS 0x00000000e2900000| PB 0x00000000e2900000| Untracked 
|  42|0x00000000e2a00000, 0x00000000e2a00000, 0x00000000e2b00000|  0%| F|  |TAMS 0x00000000e2a00000| PB 0x00000000e2a00000| Untracked 
|  43|0x00000000e2b00000, 0x00000000e2b00000, 0x00000000e2c00000|  0%| F|  |TAMS 0x00000000e2b00000| PB 0x00000000e2b00000| Untracked 
|  44|0x00000000e2c00000, 0x00000000e2c00000, 0x00000000e2d00000|  0%| F|  |TAMS 0x00000000e2c00000| PB 0x00000000e2c00000| Untracked 
|  45|0x00000000e2d00000, 0x00000000e2d00000, 0x00000000e2e00000|  0%| F|  |TAMS 0x00000000e2d00000| PB 0x00000000e2d00000| Untracked 
|  46|0x00000000e2e00000, 0x00000000e2e00000, 0x00000000e2f00000|  0%| F|  |TAMS 0x00000000e2e00000| PB 0x00000000e2e00000| Untracked 
|  47|0x00000000e2f00000, 0x00000000e2f00000, 0x00000000e3000000|  0%| F|  |TAMS 0x00000000e2f00000| PB 0x00000000e2f00000| Untracked 
|  48|0x00000000e3000000, 0x00000000e3000000, 0x00000000e3100000|  0%| F|  |TAMS 0x00000000e3000000| PB 0x00000000e3000000| Untracked 
|  49|0x00000000e3100000, 0x00000000e3100000, 0x00000000e3200000|  0%| F|  |TAMS 0x00000000e3100000| PB 0x00000000e3100000| Untracked 
|  50|0x00000000e3200000, 0x00000000e3200000, 0x00000000e3300000|  0%| F|  |TAMS 0x00000000e3200000| PB 0x00000000e3200000| Untracked 
|  51|0x00000000e3300000, 0x00000000e3300000, 0x00000000e3400000|  0%| F|  |TAMS 0x00000000e3300000| PB 0x00000000e3300000| Untracked 
|  52|0x00000000e3400000, 0x00000000e3400000, 0x00000000e3500000|  0%| F|  |TAMS 0x00000000e3400000| PB 0x00000000e3400000| Untracked 
|  53|0x00000000e3500000, 0x00000000e3500000, 0x00000000e3600000|  0%| F|  |TAMS 0x00000000e3500000| PB 0x00000000e3500000| Untracked 
|  54|0x00000000e3600000, 0x00000000e3600000, 0x00000000e3700000|  0%| F|  |TAMS 0x00000000e3600000| PB 0x00000000e3600000| Untracked 
|  55|0x00000000e3700000, 0x00000000e3700000, 0x00000000e3800000|  0%| F|  |TAMS 0x00000000e3700000| PB 0x00000000e3700000| Untracked 
|  56|0x00000000e3800000, 0x00000000e3800000, 0x00000000e3900000|  0%| F|  |TAMS 0x00000000e3800000| PB 0x00000000e3800000| Untracked 
|  57|0x00000000e3900000, 0x00000000e3900000, 0x00000000e3a00000|  0%| F|  |TAMS 0x00000000e3900000| PB 0x00000000e3900000| Untracked 
|  58|0x00000000e3a00000, 0x00000000e3a00000, 0x00000000e3b00000|  0%| F|  |TAMS 0x00000000e3a00000| PB 0x00000000e3a00000| Untracked 
|  59|0x00000000e3b00000, 0x00000000e3b00000, 0x00000000e3c00000|  0%| F|  |TAMS 0x00000000e3b00000| PB 0x00000000e3b00000| Untracked 
|  60|0x00000000e3c00000, 0x00000000e3c00000, 0x00000000e3d00000|  0%| F|  |TAMS 0x00000000e3c00000| PB 0x00000000e3c00000| Untracked 
|  61|0x00000000e3d00000, 0x00000000e3d00000, 0x00000000e3e00000|  0%| F|  |TAMS 0x00000000e3d00000| PB 0x00000000e3d00000| Untracked 
|  62|0x00000000e3e00000, 0x00000000e3e00000, 0x00000000e3f00000|  0%| F|  |TAMS 0x00000000e3e00000| PB 0x00000000e3e00000| Untracked 
|  63|0x00000000e3f00000, 0x00000000e3f00000, 0x00000000e4000000|  0%| F|  |TAMS 0x00000000e3f00000| PB 0x00000000e3f00000| Untracked 
|  64|0x00000000e4000000, 0x00000000e4000000, 0x00000000e4100000|  0%| F|  |TAMS 0x00000000e4000000| PB 0x00000000e4000000| Untracked 
|  65|0x00000000e4100000, 0x00000000e4100000, 0x00000000e4200000|  0%| F|  |TAMS 0x00000000e4100000| PB 0x00000000e4100000| Untracked 
|  66|0x00000000e4200000, 0x00000000e4200000, 0x00000000e4300000|  0%| F|  |TAMS 0x00000000e4200000| PB 0x00000000e4200000| Untracked 
|  67|0x00000000e4300000, 0x00000000e4300000, 0x00000000e4400000|  0%| F|  |TAMS 0x00000000e4300000| PB 0x00000000e4300000| Untracked 
|  68|0x00000000e4400000, 0x00000000e4400000, 0x00000000e4500000|  0%| F|  |TAMS 0x00000000e4400000| PB 0x00000000e4400000| Untracked 
|  69|0x00000000e4500000, 0x00000000e4500000, 0x00000000e4600000|  0%| F|  |TAMS 0x00000000e4500000| PB 0x00000000e4500000| Untracked 
|  70|0x00000000e4600000, 0x00000000e4600000, 0x00000000e4700000|  0%| F|  |TAMS 0x00000000e4600000| PB 0x00000000e4600000| Untracked 
|  71|0x00000000e4700000, 0x00000000e4700000, 0x00000000e4800000|  0%| F|  |TAMS 0x00000000e4700000| PB 0x00000000e4700000| Untracked 
|  72|0x00000000e4800000, 0x00000000e4800000, 0x00000000e4900000|  0%| F|  |TAMS 0x00000000e4800000| PB 0x00000000e4800000| Untracked 
|  73|0x00000000e4900000, 0x00000000e4900000, 0x00000000e4a00000|  0%| F|  |TAMS 0x00000000e4900000| PB 0x00000000e4900000| Untracked 
|  74|0x00000000e4a00000, 0x00000000e4a00000, 0x00000000e4b00000|  0%| F|  |TAMS 0x00000000e4a00000| PB 0x00000000e4a00000| Untracked 
|  75|0x00000000e4b00000, 0x00000000e4b00000, 0x00000000e4c00000|  0%| F|  |TAMS 0x00000000e4b00000| PB 0x00000000e4b00000| Untracked 
|  76|0x00000000e4c00000, 0x00000000e4c00000, 0x00000000e4d00000|  0%| F|  |TAMS 0x00000000e4c00000| PB 0x00000000e4c00000| Untracked 
|  77|0x00000000e4d00000, 0x00000000e4d00000, 0x00000000e4e00000|  0%| F|  |TAMS 0x00000000e4d00000| PB 0x00000000e4d00000| Untracked 
|  78|0x00000000e4e00000, 0x00000000e4e00000, 0x00000000e4f00000|  0%| F|  |TAMS 0x00000000e4e00000| PB 0x00000000e4e00000| Untracked 
|  79|0x00000000e4f00000, 0x00000000e4f00000, 0x00000000e5000000|  0%| F|  |TAMS 0x00000000e4f00000| PB 0x00000000e4f00000| Untracked 
|  80|0x00000000e5000000, 0x00000000e5000000, 0x00000000e5100000|  0%| F|  |TAMS 0x00000000e5000000| PB 0x00000000e5000000| Untracked 
|  81|0x00000000e5100000, 0x00000000e5100000, 0x00000000e5200000|  0%| F|  |TAMS 0x00000000e5100000| PB 0x00000000e5100000| Untracked 
|  82|0x00000000e5200000, 0x00000000e5200000, 0x00000000e5300000|  0%| F|  |TAMS 0x00000000e5200000| PB 0x00000000e5200000| Untracked 
|  83|0x00000000e5300000, 0x00000000e5300000, 0x00000000e5400000|  0%| F|  |TAMS 0x00000000e5300000| PB 0x00000000e5300000| Untracked 
|  84|0x00000000e5400000, 0x00000000e5400000, 0x00000000e5500000|  0%| F|  |TAMS 0x00000000e5400000| PB 0x00000000e5400000| Untracked 
|  85|0x00000000e5500000, 0x00000000e5500000, 0x00000000e5600000|  0%| F|  |TAMS 0x00000000e5500000| PB 0x00000000e5500000| Untracked 
|  86|0x00000000e5600000, 0x00000000e5600000, 0x00000000e5700000|  0%| F|  |TAMS 0x00000000e5600000| PB 0x00000000e5600000| Untracked 
|  87|0x00000000e5700000, 0x00000000e57ff2f8, 0x00000000e5800000| 99%| S|CS|TAMS 0x00000000e5700000| PB 0x00000000e5700000| Complete 
|  88|0x00000000e5800000, 0x00000000e5900000, 0x00000000e5900000|100%| S|CS|TAMS 0x00000000e5800000| PB 0x00000000e5800000| Complete 
|  89|0x00000000e5900000, 0x00000000e5a00000, 0x00000000e5a00000|100%| S|CS|TAMS 0x00000000e5900000| PB 0x00000000e5900000| Complete 
|  90|0x00000000e5a00000, 0x00000000e5b00000, 0x00000000e5b00000|100%| S|CS|TAMS 0x00000000e5a00000| PB 0x00000000e5a00000| Complete 
|  91|0x00000000e5b00000, 0x00000000e5c00000, 0x00000000e5c00000|100%| S|CS|TAMS 0x00000000e5b00000| PB 0x00000000e5b00000| Complete 
|  92|0x00000000e5c00000, 0x00000000e5d00000, 0x00000000e5d00000|100%| S|CS|TAMS 0x00000000e5c00000| PB 0x00000000e5c00000| Complete 
|  93|0x00000000e5d00000, 0x00000000e5e00000, 0x00000000e5e00000|100%| S|CS|TAMS 0x00000000e5d00000| PB 0x00000000e5d00000| Complete 
|  94|0x00000000e5e00000, 0x00000000e5f00000, 0x00000000e5f00000|100%| S|CS|TAMS 0x00000000e5e00000| PB 0x00000000e5e00000| Complete 
|  95|0x00000000e5f00000, 0x00000000e6000000, 0x00000000e6000000|100%| S|CS|TAMS 0x00000000e5f00000| PB 0x00000000e5f00000| Complete 
|  96|0x00000000e6000000, 0x00000000e6100000, 0x00000000e6100000|100%| S|CS|TAMS 0x00000000e6000000| PB 0x00000000e6000000| Complete 
|  97|0x00000000e6100000, 0x00000000e6200000, 0x00000000e6200000|100%| S|CS|TAMS 0x00000000e6100000| PB 0x00000000e6100000| Complete 
|  98|0x00000000e6200000, 0x00000000e6300000, 0x00000000e6300000|100%| S|CS|TAMS 0x00000000e6200000| PB 0x00000000e6200000| Complete 
|  99|0x00000000e6300000, 0x00000000e6400000, 0x00000000e6400000|100%| S|CS|TAMS 0x00000000e6300000| PB 0x00000000e6300000| Complete 
| 100|0x00000000e6400000, 0x00000000e6500000, 0x00000000e6500000|100%| S|CS|TAMS 0x00000000e6400000| PB 0x00000000e6400000| Complete 
| 101|0x00000000e6500000, 0x00000000e6600000, 0x00000000e6600000|100%| S|CS|TAMS 0x00000000e6500000| PB 0x00000000e6500000| Complete 
| 102|0x00000000e6600000, 0x00000000e6700000, 0x00000000e6700000|100%| S|CS|TAMS 0x00000000e6600000| PB 0x00000000e6600000| Complete 
| 103|0x00000000e6700000, 0x00000000e6700000, 0x00000000e6800000|  0%| F|  |TAMS 0x00000000e6700000| PB 0x00000000e6700000| Untracked 
| 104|0x00000000e6800000, 0x00000000e6800000, 0x00000000e6900000|  0%| F|  |TAMS 0x00000000e6800000| PB 0x00000000e6800000| Untracked 
| 105|0x00000000e6900000, 0x00000000e6900000, 0x00000000e6a00000|  0%| F|  |TAMS 0x00000000e6900000| PB 0x00000000e6900000| Untracked 
| 106|0x00000000e6a00000, 0x00000000e6a00000, 0x00000000e6b00000|  0%| F|  |TAMS 0x00000000e6a00000| PB 0x00000000e6a00000| Untracked 
| 107|0x00000000e6b00000, 0x00000000e6b00000, 0x00000000e6c00000|  0%| F|  |TAMS 0x00000000e6b00000| PB 0x00000000e6b00000| Untracked 
| 108|0x00000000e6c00000, 0x00000000e6c00000, 0x00000000e6d00000|  0%| F|  |TAMS 0x00000000e6c00000| PB 0x00000000e6c00000| Untracked 
| 109|0x00000000e6d00000, 0x00000000e6d00000, 0x00000000e6e00000|  0%| F|  |TAMS 0x00000000e6d00000| PB 0x00000000e6d00000| Untracked 
| 110|0x00000000e6e00000, 0x00000000e6e00000, 0x00000000e6f00000|  0%| F|  |TAMS 0x00000000e6e00000| PB 0x00000000e6e00000| Untracked 
| 111|0x00000000e6f00000, 0x00000000e6f00000, 0x00000000e7000000|  0%| F|  |TAMS 0x00000000e6f00000| PB 0x00000000e6f00000| Untracked 
| 112|0x00000000e7000000, 0x00000000e7000000, 0x00000000e7100000|  0%| F|  |TAMS 0x00000000e7000000| PB 0x00000000e7000000| Untracked 
| 113|0x00000000e7100000, 0x00000000e7100000, 0x00000000e7200000|  0%| F|  |TAMS 0x00000000e7100000| PB 0x00000000e7100000| Untracked 
| 114|0x00000000e7200000, 0x00000000e7200000, 0x00000000e7300000|  0%| F|  |TAMS 0x00000000e7200000| PB 0x00000000e7200000| Untracked 
| 115|0x00000000e7300000, 0x00000000e7300000, 0x00000000e7400000|  0%| F|  |TAMS 0x00000000e7300000| PB 0x00000000e7300000| Untracked 
| 116|0x00000000e7400000, 0x00000000e7400000, 0x00000000e7500000|  0%| F|  |TAMS 0x00000000e7400000| PB 0x00000000e7400000| Untracked 
| 117|0x00000000e7500000, 0x00000000e7500000, 0x00000000e7600000|  0%| F|  |TAMS 0x00000000e7500000| PB 0x00000000e7500000| Untracked 
| 118|0x00000000e7600000, 0x00000000e7600000, 0x00000000e7700000|  0%| F|  |TAMS 0x00000000e7600000| PB 0x00000000e7600000| Untracked 
| 119|0x00000000e7700000, 0x00000000e7700000, 0x00000000e7800000|  0%| F|  |TAMS 0x00000000e7700000| PB 0x00000000e7700000| Untracked 
| 120|0x00000000e7800000, 0x00000000e7800000, 0x00000000e7900000|  0%| F|  |TAMS 0x00000000e7800000| PB 0x00000000e7800000| Untracked 
| 121|0x00000000e7900000, 0x00000000e7900000, 0x00000000e7a00000|  0%| F|  |TAMS 0x00000000e7900000| PB 0x00000000e7900000| Untracked 
| 122|0x00000000e7a00000, 0x00000000e7a00000, 0x00000000e7b00000|  0%| F|  |TAMS 0x00000000e7a00000| PB 0x00000000e7a00000| Untracked 
| 123|0x00000000e7b00000, 0x00000000e7b00000, 0x00000000e7c00000|  0%| F|  |TAMS 0x00000000e7b00000| PB 0x00000000e7b00000| Untracked 
| 124|0x00000000e7c00000, 0x00000000e7c00000, 0x00000000e7d00000|  0%| F|  |TAMS 0x00000000e7c00000| PB 0x00000000e7c00000| Untracked 
| 125|0x00000000e7d00000, 0x00000000e7d00000, 0x00000000e7e00000|  0%| F|  |TAMS 0x00000000e7d00000| PB 0x00000000e7d00000| Untracked 
| 126|0x00000000e7e00000, 0x00000000e7e00000, 0x00000000e7f00000|  0%| F|  |TAMS 0x00000000e7e00000| PB 0x00000000e7e00000| Untracked 
| 127|0x00000000e7f00000, 0x00000000e7f00000, 0x00000000e8000000|  0%| F|  |TAMS 0x00000000e7f00000| PB 0x00000000e7f00000| Untracked 
| 128|0x00000000e8000000, 0x00000000e8000000, 0x00000000e8100000|  0%| F|  |TAMS 0x00000000e8000000| PB 0x00000000e8000000| Untracked 
| 129|0x00000000e8100000, 0x00000000e8100000, 0x00000000e8200000|  0%| F|  |TAMS 0x00000000e8100000| PB 0x00000000e8100000| Untracked 
| 130|0x00000000e8200000, 0x00000000e8200000, 0x00000000e8300000|  0%| F|  |TAMS 0x00000000e8200000| PB 0x00000000e8200000| Untracked 
| 131|0x00000000e8300000, 0x00000000e8300000, 0x00000000e8400000|  0%| F|  |TAMS 0x00000000e8300000| PB 0x00000000e8300000| Untracked 
| 132|0x00000000e8400000, 0x00000000e8400000, 0x00000000e8500000|  0%| F|  |TAMS 0x00000000e8400000| PB 0x00000000e8400000| Untracked 
| 133|0x00000000e8500000, 0x00000000e8500000, 0x00000000e8600000|  0%| F|  |TAMS 0x00000000e8500000| PB 0x00000000e8500000| Untracked 
| 134|0x00000000e8600000, 0x00000000e8600000, 0x00000000e8700000|  0%| F|  |TAMS 0x00000000e8600000| PB 0x00000000e8600000| Untracked 
| 135|0x00000000e8700000, 0x00000000e8700000, 0x00000000e8800000|  0%| F|  |TAMS 0x00000000e8700000| PB 0x00000000e8700000| Untracked 
| 136|0x00000000e8800000, 0x00000000e8800000, 0x00000000e8900000|  0%| F|  |TAMS 0x00000000e8800000| PB 0x00000000e8800000| Untracked 
| 137|0x00000000e8900000, 0x00000000e8900000, 0x00000000e8a00000|  0%| F|  |TAMS 0x00000000e8900000| PB 0x00000000e8900000| Untracked 
| 138|0x00000000e8a00000, 0x00000000e8a00000, 0x00000000e8b00000|  0%| F|  |TAMS 0x00000000e8a00000| PB 0x00000000e8a00000| Untracked 
| 139|0x00000000e8b00000, 0x00000000e8b00000, 0x00000000e8c00000|  0%| F|  |TAMS 0x00000000e8b00000| PB 0x00000000e8b00000| Untracked 
| 140|0x00000000e8c00000, 0x00000000e8c00000, 0x00000000e8d00000|  0%| F|  |TAMS 0x00000000e8c00000| PB 0x00000000e8c00000| Untracked 
| 141|0x00000000e8d00000, 0x00000000e8d00000, 0x00000000e8e00000|  0%| F|  |TAMS 0x00000000e8d00000| PB 0x00000000e8d00000| Untracked 
| 142|0x00000000e8e00000, 0x00000000e8e00000, 0x00000000e8f00000|  0%| F|  |TAMS 0x00000000e8e00000| PB 0x00000000e8e00000| Untracked 
| 143|0x00000000e8f00000, 0x00000000e8f00000, 0x00000000e9000000|  0%| F|  |TAMS 0x00000000e8f00000| PB 0x00000000e8f00000| Untracked 
| 144|0x00000000e9000000, 0x00000000e9000000, 0x00000000e9100000|  0%| F|  |TAMS 0x00000000e9000000| PB 0x00000000e9000000| Untracked 
| 145|0x00000000e9100000, 0x00000000e9100000, 0x00000000e9200000|  0%| F|  |TAMS 0x00000000e9100000| PB 0x00000000e9100000| Untracked 
| 146|0x00000000e9200000, 0x00000000e9200000, 0x00000000e9300000|  0%| F|  |TAMS 0x00000000e9200000| PB 0x00000000e9200000| Untracked 
| 147|0x00000000e9300000, 0x00000000e9300000, 0x00000000e9400000|  0%| F|  |TAMS 0x00000000e9300000| PB 0x00000000e9300000| Untracked 
| 148|0x00000000e9400000, 0x00000000e9400000, 0x00000000e9500000|  0%| F|  |TAMS 0x00000000e9400000| PB 0x00000000e9400000| Untracked 
| 149|0x00000000e9500000, 0x00000000e9500000, 0x00000000e9600000|  0%| F|  |TAMS 0x00000000e9500000| PB 0x00000000e9500000| Untracked 
| 150|0x00000000e9600000, 0x00000000e9600000, 0x00000000e9700000|  0%| F|  |TAMS 0x00000000e9600000| PB 0x00000000e9600000| Untracked 
| 151|0x00000000e9700000, 0x00000000e9700000, 0x00000000e9800000|  0%| F|  |TAMS 0x00000000e9700000| PB 0x00000000e9700000| Untracked 
| 152|0x00000000e9800000, 0x00000000e9800000, 0x00000000e9900000|  0%| F|  |TAMS 0x00000000e9800000| PB 0x00000000e9800000| Untracked 
| 153|0x00000000e9900000, 0x00000000e9900000, 0x00000000e9a00000|  0%| F|  |TAMS 0x00000000e9900000| PB 0x00000000e9900000| Untracked 
| 154|0x00000000e9a00000, 0x00000000e9a00000, 0x00000000e9b00000|  0%| F|  |TAMS 0x00000000e9a00000| PB 0x00000000e9a00000| Untracked 
| 155|0x00000000e9b00000, 0x00000000e9b00000, 0x00000000e9c00000|  0%| F|  |TAMS 0x00000000e9b00000| PB 0x00000000e9b00000| Untracked 
| 156|0x00000000e9c00000, 0x00000000e9c00000, 0x00000000e9d00000|  0%| F|  |TAMS 0x00000000e9c00000| PB 0x00000000e9c00000| Untracked 
| 157|0x00000000e9d00000, 0x00000000e9d00000, 0x00000000e9e00000|  0%| F|  |TAMS 0x00000000e9d00000| PB 0x00000000e9d00000| Untracked 
| 158|0x00000000e9e00000, 0x00000000e9e00000, 0x00000000e9f00000|  0%| F|  |TAMS 0x00000000e9e00000| PB 0x00000000e9e00000| Untracked 
| 159|0x00000000e9f00000, 0x00000000e9f00000, 0x00000000ea000000|  0%| F|  |TAMS 0x00000000e9f00000| PB 0x00000000e9f00000| Untracked 
| 160|0x00000000ea000000, 0x00000000ea000000, 0x00000000ea100000|  0%| F|  |TAMS 0x00000000ea000000| PB 0x00000000ea000000| Untracked 
| 161|0x00000000ea100000, 0x00000000ea100000, 0x00000000ea200000|  0%| F|  |TAMS 0x00000000ea100000| PB 0x00000000ea100000| Untracked 
| 162|0x00000000ea200000, 0x00000000ea200000, 0x00000000ea300000|  0%| F|  |TAMS 0x00000000ea200000| PB 0x00000000ea200000| Untracked 
| 163|0x00000000ea300000, 0x00000000ea300000, 0x00000000ea400000|  0%| F|  |TAMS 0x00000000ea300000| PB 0x00000000ea300000| Untracked 
| 164|0x00000000ea400000, 0x00000000ea400000, 0x00000000ea500000|  0%| F|  |TAMS 0x00000000ea400000| PB 0x00000000ea400000| Untracked 
| 165|0x00000000ea500000, 0x00000000ea500000, 0x00000000ea600000|  0%| F|  |TAMS 0x00000000ea500000| PB 0x00000000ea500000| Untracked 
| 166|0x00000000ea600000, 0x00000000ea600000, 0x00000000ea700000|  0%| F|  |TAMS 0x00000000ea600000| PB 0x00000000ea600000| Untracked 
| 167|0x00000000ea700000, 0x00000000ea700000, 0x00000000ea800000|  0%| F|  |TAMS 0x00000000ea700000| PB 0x00000000ea700000| Untracked 
| 168|0x00000000ea800000, 0x00000000ea800000, 0x00000000ea900000|  0%| F|  |TAMS 0x00000000ea800000| PB 0x00000000ea800000| Untracked 
| 169|0x00000000ea900000, 0x00000000ea900000, 0x00000000eaa00000|  0%| F|  |TAMS 0x00000000ea900000| PB 0x00000000ea900000| Untracked 
| 170|0x00000000eaa00000, 0x00000000eaa00000, 0x00000000eab00000|  0%| F|  |TAMS 0x00000000eaa00000| PB 0x00000000eaa00000| Untracked 
| 171|0x00000000eab00000, 0x00000000eab00000, 0x00000000eac00000|  0%| F|  |TAMS 0x00000000eab00000| PB 0x00000000eab00000| Untracked 
| 172|0x00000000eac00000, 0x00000000eac00000, 0x00000000ead00000|  0%| F|  |TAMS 0x00000000eac00000| PB 0x00000000eac00000| Untracked 
| 173|0x00000000ead00000, 0x00000000ead00000, 0x00000000eae00000|  0%| F|  |TAMS 0x00000000ead00000| PB 0x00000000ead00000| Untracked 
| 174|0x00000000eae00000, 0x00000000eae00000, 0x00000000eaf00000|  0%| F|  |TAMS 0x00000000eae00000| PB 0x00000000eae00000| Untracked 
| 175|0x00000000eaf00000, 0x00000000eaf00000, 0x00000000eb000000|  0%| F|  |TAMS 0x00000000eaf00000| PB 0x00000000eaf00000| Untracked 
| 176|0x00000000eb000000, 0x00000000eb000000, 0x00000000eb100000|  0%| F|  |TAMS 0x00000000eb000000| PB 0x00000000eb000000| Untracked 
| 177|0x00000000eb100000, 0x00000000eb100000, 0x00000000eb200000|  0%| F|  |TAMS 0x00000000eb100000| PB 0x00000000eb100000| Untracked 
| 178|0x00000000eb200000, 0x00000000eb200000, 0x00000000eb300000|  0%| F|  |TAMS 0x00000000eb200000| PB 0x00000000eb200000| Untracked 
| 179|0x00000000eb300000, 0x00000000eb300000, 0x00000000eb400000|  0%| F|  |TAMS 0x00000000eb300000| PB 0x00000000eb300000| Untracked 
| 180|0x00000000eb400000, 0x00000000eb400000, 0x00000000eb500000|  0%| F|  |TAMS 0x00000000eb400000| PB 0x00000000eb400000| Untracked 
| 181|0x00000000eb500000, 0x00000000eb500000, 0x00000000eb600000|  0%| F|  |TAMS 0x00000000eb500000| PB 0x00000000eb500000| Untracked 
| 182|0x00000000eb600000, 0x00000000eb600000, 0x00000000eb700000|  0%| F|  |TAMS 0x00000000eb600000| PB 0x00000000eb600000| Untracked 
| 183|0x00000000eb700000, 0x00000000eb700000, 0x00000000eb800000|  0%| F|  |TAMS 0x00000000eb700000| PB 0x00000000eb700000| Untracked 
| 184|0x00000000eb800000, 0x00000000eb800000, 0x00000000eb900000|  0%| F|  |TAMS 0x00000000eb800000| PB 0x00000000eb800000| Untracked 
| 185|0x00000000eb900000, 0x00000000eb900000, 0x00000000eba00000|  0%| F|  |TAMS 0x00000000eb900000| PB 0x00000000eb900000| Untracked 
| 186|0x00000000eba00000, 0x00000000eba00000, 0x00000000ebb00000|  0%| F|  |TAMS 0x00000000eba00000| PB 0x00000000eba00000| Untracked 
| 187|0x00000000ebb00000, 0x00000000ebb00000, 0x00000000ebc00000|  0%| F|  |TAMS 0x00000000ebb00000| PB 0x00000000ebb00000| Untracked 
| 188|0x00000000ebc00000, 0x00000000ebc00000, 0x00000000ebd00000|  0%| F|  |TAMS 0x00000000ebc00000| PB 0x00000000ebc00000| Untracked 
| 189|0x00000000ebd00000, 0x00000000ebd00000, 0x00000000ebe00000|  0%| F|  |TAMS 0x00000000ebd00000| PB 0x00000000ebd00000| Untracked 
| 190|0x00000000ebe00000, 0x00000000ebe00000, 0x00000000ebf00000|  0%| F|  |TAMS 0x00000000ebe00000| PB 0x00000000ebe00000| Untracked 
| 191|0x00000000ebf00000, 0x00000000ebf00000, 0x00000000ec000000|  0%| F|  |TAMS 0x00000000ebf00000| PB 0x00000000ebf00000| Untracked 
| 192|0x00000000ec000000, 0x00000000ec000000, 0x00000000ec100000|  0%| F|  |TAMS 0x00000000ec000000| PB 0x00000000ec000000| Untracked 
| 193|0x00000000ec100000, 0x00000000ec100000, 0x00000000ec200000|  0%| F|  |TAMS 0x00000000ec100000| PB 0x00000000ec100000| Untracked 
| 194|0x00000000ec200000, 0x00000000ec200000, 0x00000000ec300000|  0%| F|  |TAMS 0x00000000ec200000| PB 0x00000000ec200000| Untracked 
| 195|0x00000000ec300000, 0x00000000ec300000, 0x00000000ec400000|  0%| F|  |TAMS 0x00000000ec300000| PB 0x00000000ec300000| Untracked 
| 196|0x00000000ec400000, 0x00000000ec400000, 0x00000000ec500000|  0%| F|  |TAMS 0x00000000ec400000| PB 0x00000000ec400000| Untracked 
| 197|0x00000000ec500000, 0x00000000ec500000, 0x00000000ec600000|  0%| F|  |TAMS 0x00000000ec500000| PB 0x00000000ec500000| Untracked 
| 198|0x00000000ec600000, 0x00000000ec600000, 0x00000000ec700000|  0%| F|  |TAMS 0x00000000ec600000| PB 0x00000000ec600000| Untracked 
| 199|0x00000000ec700000, 0x00000000ec700000, 0x00000000ec800000|  0%| F|  |TAMS 0x00000000ec700000| PB 0x00000000ec700000| Untracked 
| 200|0x00000000ec800000, 0x00000000ec800000, 0x00000000ec900000|  0%| F|  |TAMS 0x00000000ec800000| PB 0x00000000ec800000| Untracked 
| 201|0x00000000ec900000, 0x00000000ec900000, 0x00000000eca00000|  0%| F|  |TAMS 0x00000000ec900000| PB 0x00000000ec900000| Untracked 
| 202|0x00000000eca00000, 0x00000000eca00000, 0x00000000ecb00000|  0%| F|  |TAMS 0x00000000eca00000| PB 0x00000000eca00000| Untracked 
| 203|0x00000000ecb00000, 0x00000000ecb00000, 0x00000000ecc00000|  0%| F|  |TAMS 0x00000000ecb00000| PB 0x00000000ecb00000| Untracked 
| 204|0x00000000ecc00000, 0x00000000ecc00000, 0x00000000ecd00000|  0%| F|  |TAMS 0x00000000ecc00000| PB 0x00000000ecc00000| Untracked 
| 205|0x00000000ecd00000, 0x00000000ecd00000, 0x00000000ece00000|  0%| F|  |TAMS 0x00000000ecd00000| PB 0x00000000ecd00000| Untracked 
| 206|0x00000000ece00000, 0x00000000ece00000, 0x00000000ecf00000|  0%| F|  |TAMS 0x00000000ece00000| PB 0x00000000ece00000| Untracked 
| 207|0x00000000ecf00000, 0x00000000ecf00000, 0x00000000ed000000|  0%| F|  |TAMS 0x00000000ecf00000| PB 0x00000000ecf00000| Untracked 
| 208|0x00000000ed000000, 0x00000000ed000000, 0x00000000ed100000|  0%| F|  |TAMS 0x00000000ed000000| PB 0x00000000ed000000| Untracked 
| 209|0x00000000ed100000, 0x00000000ed100000, 0x00000000ed200000|  0%| F|  |TAMS 0x00000000ed100000| PB 0x00000000ed100000| Untracked 
| 210|0x00000000ed200000, 0x00000000ed200000, 0x00000000ed300000|  0%| F|  |TAMS 0x00000000ed200000| PB 0x00000000ed200000| Untracked 
| 211|0x00000000ed300000, 0x00000000ed300000, 0x00000000ed400000|  0%| F|  |TAMS 0x00000000ed300000| PB 0x00000000ed300000| Untracked 
| 212|0x00000000ed400000, 0x00000000ed400000, 0x00000000ed500000|  0%| F|  |TAMS 0x00000000ed400000| PB 0x00000000ed400000| Untracked 
| 213|0x00000000ed500000, 0x00000000ed500000, 0x00000000ed600000|  0%| F|  |TAMS 0x00000000ed500000| PB 0x00000000ed500000| Untracked 
| 214|0x00000000ed600000, 0x00000000ed600000, 0x00000000ed700000|  0%| F|  |TAMS 0x00000000ed600000| PB 0x00000000ed600000| Untracked 
| 215|0x00000000ed700000, 0x00000000ed700000, 0x00000000ed800000|  0%| F|  |TAMS 0x00000000ed700000| PB 0x00000000ed700000| Untracked 
| 216|0x00000000ed800000, 0x00000000ed800000, 0x00000000ed900000|  0%| F|  |TAMS 0x00000000ed800000| PB 0x00000000ed800000| Untracked 
| 217|0x00000000ed900000, 0x00000000ed900000, 0x00000000eda00000|  0%| F|  |TAMS 0x00000000ed900000| PB 0x00000000ed900000| Untracked 
| 218|0x00000000eda00000, 0x00000000eda00000, 0x00000000edb00000|  0%| F|  |TAMS 0x00000000eda00000| PB 0x00000000eda00000| Untracked 
| 219|0x00000000edb00000, 0x00000000edb00000, 0x00000000edc00000|  0%| F|  |TAMS 0x00000000edb00000| PB 0x00000000edb00000| Untracked 
| 220|0x00000000edc00000, 0x00000000edc00000, 0x00000000edd00000|  0%| F|  |TAMS 0x00000000edc00000| PB 0x00000000edc00000| Untracked 
| 221|0x00000000edd00000, 0x00000000edd00000, 0x00000000ede00000|  0%| F|  |TAMS 0x00000000edd00000| PB 0x00000000edd00000| Untracked 
| 222|0x00000000ede00000, 0x00000000ede00000, 0x00000000edf00000|  0%| F|  |TAMS 0x00000000ede00000| PB 0x00000000ede00000| Untracked 
| 223|0x00000000edf00000, 0x00000000edf80000, 0x00000000ee000000| 50%| E|  |TAMS 0x00000000edf00000| PB 0x00000000edf00000| Complete 
| 224|0x00000000ee000000, 0x00000000ee100000, 0x00000000ee100000|100%| E|CS|TAMS 0x00000000ee000000| PB 0x00000000ee000000| Complete 
| 225|0x00000000ee100000, 0x00000000ee200000, 0x00000000ee200000|100%| E|CS|TAMS 0x00000000ee100000| PB 0x00000000ee100000| Complete 
| 226|0x00000000ee200000, 0x00000000ee300000, 0x00000000ee300000|100%| E|CS|TAMS 0x00000000ee200000| PB 0x00000000ee200000| Complete 
| 227|0x00000000ee300000, 0x00000000ee400000, 0x00000000ee400000|100%| E|CS|TAMS 0x00000000ee300000| PB 0x00000000ee300000| Complete 
| 228|0x00000000ee400000, 0x00000000ee500000, 0x00000000ee500000|100%| E|CS|TAMS 0x00000000ee400000| PB 0x00000000ee400000| Complete 
| 229|0x00000000ee500000, 0x00000000ee600000, 0x00000000ee600000|100%| E|CS|TAMS 0x00000000ee500000| PB 0x00000000ee500000| Complete 
| 230|0x00000000ee600000, 0x00000000ee700000, 0x00000000ee700000|100%| E|CS|TAMS 0x00000000ee600000| PB 0x00000000ee600000| Complete 
| 231|0x00000000ee700000, 0x00000000ee800000, 0x00000000ee800000|100%| E|CS|TAMS 0x00000000ee700000| PB 0x00000000ee700000| Complete 
| 232|0x00000000ee800000, 0x00000000ee900000, 0x00000000ee900000|100%| E|CS|TAMS 0x00000000ee800000| PB 0x00000000ee800000| Complete 
| 233|0x00000000ee900000, 0x00000000eea00000, 0x00000000eea00000|100%| E|CS|TAMS 0x00000000ee900000| PB 0x00000000ee900000| Complete 
| 234|0x00000000eea00000, 0x00000000eeb00000, 0x00000000eeb00000|100%| E|CS|TAMS 0x00000000eea00000| PB 0x00000000eea00000| Complete 
| 235|0x00000000eeb00000, 0x00000000eec00000, 0x00000000eec00000|100%| E|CS|TAMS 0x00000000eeb00000| PB 0x00000000eeb00000| Complete 
| 236|0x00000000eec00000, 0x00000000eed00000, 0x00000000eed00000|100%| E|CS|TAMS 0x00000000eec00000| PB 0x00000000eec00000| Complete 
| 237|0x00000000eed00000, 0x00000000eee00000, 0x00000000eee00000|100%| E|CS|TAMS 0x00000000eed00000| PB 0x00000000eed00000| Complete 
| 238|0x00000000eee00000, 0x00000000eef00000, 0x00000000eef00000|100%| E|CS|TAMS 0x00000000eee00000| PB 0x00000000eee00000| Complete 
| 239|0x00000000eef00000, 0x00000000ef000000, 0x00000000ef000000|100%| E|CS|TAMS 0x00000000eef00000| PB 0x00000000eef00000| Complete 
| 240|0x00000000ef000000, 0x00000000ef100000, 0x00000000ef100000|100%| E|CS|TAMS 0x00000000ef000000| PB 0x00000000ef000000| Complete 
| 241|0x00000000ef100000, 0x00000000ef200000, 0x00000000ef200000|100%| E|CS|TAMS 0x00000000ef100000| PB 0x00000000ef100000| Complete 
| 242|0x00000000ef200000, 0x00000000ef300000, 0x00000000ef300000|100%| E|CS|TAMS 0x00000000ef200000| PB 0x00000000ef200000| Complete 
| 243|0x00000000ef300000, 0x00000000ef400000, 0x00000000ef400000|100%| E|CS|TAMS 0x00000000ef300000| PB 0x00000000ef300000| Complete 
| 244|0x00000000ef400000, 0x00000000ef500000, 0x00000000ef500000|100%| E|CS|TAMS 0x00000000ef400000| PB 0x00000000ef400000| Complete 
| 245|0x00000000ef500000, 0x00000000ef600000, 0x00000000ef600000|100%| E|CS|TAMS 0x00000000ef500000| PB 0x00000000ef500000| Complete 
| 246|0x00000000ef600000, 0x00000000ef700000, 0x00000000ef700000|100%| E|CS|TAMS 0x00000000ef600000| PB 0x00000000ef600000| Complete 
| 247|0x00000000ef700000, 0x00000000ef800000, 0x00000000ef800000|100%| E|CS|TAMS 0x00000000ef700000| PB 0x00000000ef700000| Complete 
| 248|0x00000000ef800000, 0x00000000ef900000, 0x00000000ef900000|100%| E|CS|TAMS 0x00000000ef800000| PB 0x00000000ef800000| Complete 
| 249|0x00000000ef900000, 0x00000000efa00000, 0x00000000efa00000|100%| E|CS|TAMS 0x00000000ef900000| PB 0x00000000ef900000| Complete 
| 250|0x00000000efa00000, 0x00000000efb00000, 0x00000000efb00000|100%| E|CS|TAMS 0x00000000efa00000| PB 0x00000000efa00000| Complete 
| 251|0x00000000efb00000, 0x00000000efc00000, 0x00000000efc00000|100%| E|CS|TAMS 0x00000000efb00000| PB 0x00000000efb00000| Complete 
| 252|0x00000000efc00000, 0x00000000efd00000, 0x00000000efd00000|100%| E|CS|TAMS 0x00000000efc00000| PB 0x00000000efc00000| Complete 
| 253|0x00000000efd00000, 0x00000000efe00000, 0x00000000efe00000|100%| E|CS|TAMS 0x00000000efd00000| PB 0x00000000efd00000| Complete 
| 254|0x00000000efe00000, 0x00000000eff00000, 0x00000000eff00000|100%| E|CS|TAMS 0x00000000efe00000| PB 0x00000000efe00000| Complete 
| 255|0x00000000eff00000, 0x00000000f0000000, 0x00000000f0000000|100%| E|CS|TAMS 0x00000000eff00000| PB 0x00000000eff00000| Complete 

Card table byte_map: [0x000002641e430000,0x000002641e530000] _byte_map_base: 0x000002641dd30000

Marking Bits: (CMBitMap*) 0x000002640694bbb0
 Bits: [0x000002641e530000, 0x000002641ed30000)

Polling page: 0x0000026404700000

Metaspace:

Usage:
  Non-class:     45.48 MB used.
      Class:      7.50 MB used.
       Both:     52.99 MB used.

Virtual space:
  Non-class space:       64.00 MB reserved,      46.44 MB ( 73%) committed,  1 nodes.
      Class space:      320.00 MB reserved,       8.44 MB (  3%) committed,  1 nodes.
             Both:      384.00 MB reserved,      54.88 MB ( 14%) committed. 

Chunk freelists:
   Non-Class:  1.34 MB
       Class:  7.45 MB
        Both:  8.80 MB

MaxMetaspaceSize: 384.00 MB
CompressedClassSpaceSize: 320.00 MB
Initial GC threshold: 21.00 MB
Current GC threshold: 59.94 MB
CDS: on
 - commit_granule_bytes: 65536.
 - commit_granule_words: 8192.
 - virtual_space_node_default_size: 8388608.
 - enlarge_chunks_in_place: 1.
 - use_allocation_guard: 0.


Internal statistics:

num_allocs_failed_limit: 12.
num_arena_births: 3448.
num_arena_deaths: 0.
num_vsnodes_births: 2.
num_vsnodes_deaths: 0.
num_space_committed: 878.
num_space_uncommitted: 0.
num_chunks_returned_to_freelist: 12.
num_chunks_taken_from_freelist: 6112.
num_chunk_merges: 12.
num_chunk_splits: 3938.
num_chunks_enlarged: 2354.
num_inconsistent_stats: 0.

CodeHeap 'non-profiled nmethods': size=120000Kb used=3852Kb max_used=3852Kb free=116147Kb
 bounds [0x0000026416ad0000, 0x0000026416ea0000, 0x000002641e000000]
CodeHeap 'profiled nmethods': size=120000Kb used=12517Kb max_used=12517Kb free=107483Kb
 bounds [0x000002640f000000, 0x000002640fc40000, 0x0000026416530000]
CodeHeap 'non-nmethods': size=5760Kb used=2745Kb max_used=2801Kb free=3014Kb
 bounds [0x0000026416530000, 0x0000026416800000, 0x0000026416ad0000]
 total_blobs=7359 nmethods=6486 adapters=778
 compilation: enabled
              stopped_count=0, restarted_count=0
 full_count=0

Compilation events (20 events):
Event: 119.765 Thread 0x00000264217bbd70 nmethod 6996 0x000002640fc2b410 code [0x000002640fc2b600, 0x000002640fc2bb30]
Event: 119.844 Thread 0x00000264217bbd70 6997       3       java.util.Formatter$FormatSpecifier::<init> (68 bytes)
Event: 119.844 Thread 0x00000264217bbd70 nmethod 6997 0x000002640fc2bd10 code [0x000002640fc2bf20, 0x000002640fc2c588]
Event: 119.844 Thread 0x00000264217bbd70 6998       3       java.util.Formatter$FormatSpecifier::appendJustified (89 bytes)
Event: 119.845 Thread 0x00000264217bbd70 nmethod 6998 0x000002640fc2c810 code [0x000002640fc2ca40, 0x000002640fc2d1a8]
Event: 119.845 Thread 0x00000264217bbd70 6999       3       java.util.Formatter$FormatSpecifier::print (57 bytes)
Event: 119.893 Thread 0x00000264217bbd70 nmethod 6999 0x000002640fc2d410 code [0x000002640fc2d680, 0x000002640fc2e030]
Event: 120.265 Thread 0x00000264217bbd70 7000       1       org.gradle.launcher.daemon.registry.DaemonInfo::getState (5 bytes)
Event: 120.265 Thread 0x00000264217bbd70 nmethod 7000 0x0000026416e92a10 code [0x0000026416e92ba0, 0x0000026416e92c68]
Event: 120.266 Thread 0x00000264217bbd70 7001       3       java.util.Formatter$FormatSpecifier::printString (97 bytes)
Event: 120.267 Thread 0x00000264217bbd70 nmethod 7001 0x000002640fc2e410 code [0x000002640fc2e6e0, 0x000002640fc2f598]
Event: 120.376 Thread 0x00000264217b3500 7002       4       javax.management.ObjectName::construct (1135 bytes)
Event: 120.377 Thread 0x00000264217bbd70 7003       3       java.net.Inet4Address::<init> (91 bytes)
Event: 120.377 Thread 0x00000264217bbd70 nmethod 7003 0x000002640fc2fa90 code [0x000002640fc2fc80, 0x000002640fc303d0]
Event: 120.377 Thread 0x00000264217bbd70 7004       3       java.util.Date::<init> (10 bytes)
Event: 120.499 Thread 0x00000264217bbd70 nmethod 7004 0x000002640fc30590 code [0x000002640fc30740, 0x000002640fc308a8]
Event: 120.968 Thread 0x00000264217bbd70 7005   !   3       java.util.zip.ZipFile$Source::get (177 bytes)
Event: 120.971 Thread 0x00000264217bbd70 nmethod 7005 0x000002640fc30990 code [0x000002640fc30c80, 0x000002640fc31ef8]
Event: 121.815 Thread 0x00000264217bbd70 7006       3       com.google.common.base.Joiner::toString (24 bytes)
Event: 121.815 Thread 0x00000264217bbd70 nmethod 7006 0x000002640fc32710 code [0x000002640fc32900, 0x000002640fc32ea0]

GC Heap History (16 events):
Event: 4.728 GC heap before
{Heap before GC invocations=0 (full 0):
 garbage-first heap   total 262144K, used 22528K [0x00000000e0000000, 0x0000000100000000)
  region size 1024K, 23 young (23552K), 0 survivors (0K)
 Metaspace       used 1049K, committed 1152K, reserved 393216K
  class space    used 76K, committed 128K, reserved 327680K
}
Event: 5.578 GC heap after
{Heap after GC invocations=1 (full 0):
 garbage-first heap   total 262144K, used 1791K [0x00000000e0000000, 0x0000000100000000)
  region size 1024K, 2 young (2048K), 2 survivors (2048K)
 Metaspace       used 1049K, committed 1152K, reserved 393216K
  class space    used 76K, committed 128K, reserved 327680K
}
Event: 12.530 GC heap before
{Heap before GC invocations=1 (full 0):
 garbage-first heap   total 262144K, used 40703K [0x00000000e0000000, 0x0000000100000000)
  region size 1024K, 38 young (38912K), 2 survivors (2048K)
 Metaspace       used 4393K, committed 4608K, reserved 393216K
  class space    used 540K, committed 640K, reserved 327680K
}
Event: 12.542 GC heap after
{Heap after GC invocations=2 (full 0):
 garbage-first heap   total 262144K, used 10828K [0x00000000e0000000, 0x0000000100000000)
  region size 1024K, 5 young (5120K), 5 survivors (5120K)
 Metaspace       used 4393K, committed 4608K, reserved 393216K
  class space    used 540K, committed 640K, reserved 327680K
}
Event: 21.869 GC heap before
{Heap before GC invocations=2 (full 0):
 garbage-first heap   total 262144K, used 62028K [0x00000000e0000000, 0x0000000100000000)
  region size 1024K, 53 young (54272K), 5 survivors (5120K)
 Metaspace       used 5721K, committed 5952K, reserved 393216K
  class space    used 743K, committed 832K, reserved 327680K
}
Event: 21.879 GC heap after
{Heap after GC invocations=3 (full 0):
 garbage-first heap   total 262144K, used 17803K [0x00000000e0000000, 0x0000000100000000)
  region size 1024K, 6 young (6144K), 6 survivors (6144K)
 Metaspace       used 5721K, committed 5952K, reserved 393216K
  class space    used 743K, committed 832K, reserved 327680K
}
Event: 47.842 GC heap before
{Heap before GC invocations=3 (full 0):
 garbage-first heap   total 262144K, used 106891K [0x00000000e0000000, 0x0000000100000000)
  region size 1024K, 94 young (96256K), 6 survivors (6144K)
 Metaspace       used 20841K, committed 21504K, reserved 393216K
  class space    used 2948K, committed 3264K, reserved 327680K
}
Event: 47.859 GC heap after
{Heap after GC invocations=4 (full 0):
 garbage-first heap   total 262144K, used 24060K [0x00000000e0000000, 0x0000000100000000)
  region size 1024K, 12 young (12288K), 12 survivors (12288K)
 Metaspace       used 20841K, committed 21504K, reserved 393216K
  class space    used 2948K, committed 3264K, reserved 327680K
}
Event: 65.759 GC heap before
{Heap before GC invocations=5 (full 0):
 garbage-first heap   total 262144K, used 134652K [0x00000000e0000000, 0x0000000100000000)
  region size 1024K, 122 young (124928K), 12 survivors (12288K)
 Metaspace       used 35091K, committed 36096K, reserved 393216K
  class space    used 4884K, committed 5376K, reserved 327680K
}
Event: 65.788 GC heap after
{Heap after GC invocations=6 (full 0):
 garbage-first heap   total 262144K, used 32777K [0x00000000e0000000, 0x0000000100000000)
  region size 1024K, 15 young (15360K), 15 survivors (15360K)
 Metaspace       used 35091K, committed 36096K, reserved 393216K
  class space    used 4884K, committed 5376K, reserved 327680K
}
Event: 66.226 GC heap before
{Heap before GC invocations=6 (full 0):
 garbage-first heap   total 262144K, used 35849K [0x00000000e0000000, 0x0000000100000000)
  region size 1024K, 19 young (19456K), 15 survivors (15360K)
 Metaspace       used 35389K, committed 36416K, reserved 393216K
  class space    used 4936K, committed 5440K, reserved 327680K
}
Event: 66.242 GC heap after
{Heap after GC invocations=7 (full 0):
 garbage-first heap   total 262144K, used 32171K [0x00000000e0000000, 0x0000000100000000)
  region size 1024K, 9 young (9216K), 9 survivors (9216K)
 Metaspace       used 35389K, committed 36416K, reserved 393216K
  class space    used 4936K, committed 5440K, reserved 327680K
}
Event: 66.648 GC heap before
{Heap before GC invocations=7 (full 0):
 garbage-first heap   total 262144K, used 36267K [0x00000000e0000000, 0x0000000100000000)
  region size 1024K, 14 young (14336K), 9 survivors (9216K)
 Metaspace       used 35684K, committed 36736K, reserved 393216K
  class space    used 4975K, committed 5504K, reserved 327680K
}
Event: 66.660 GC heap after
{Heap after GC invocations=8 (full 0):
 garbage-first heap   total 262144K, used 32733K [0x00000000e0000000, 0x0000000100000000)
  region size 1024K, 9 young (9216K), 9 survivors (9216K)
 Metaspace       used 35684K, committed 36736K, reserved 393216K
  class space    used 4975K, committed 5504K, reserved 327680K
}
Event: 96.916 GC heap before
{Heap before GC invocations=9 (full 0):
 garbage-first heap   total 262144K, used 186333K [0x00000000e0000000, 0x0000000100000000)
  region size 1024K, 153 young (156672K), 9 survivors (9216K)
 Metaspace       used 51078K, committed 52928K, reserved 393216K
  class space    used 7187K, committed 8128K, reserved 327680K
}
Event: 96.978 GC heap after
{Heap after GC invocations=10 (full 0):
 garbage-first heap   total 262144K, used 40056K [0x00000000e0000000, 0x0000000100000000)
  region size 1024K, 16 young (16384K), 16 survivors (16384K)
 Metaspace       used 51078K, committed 52928K, reserved 393216K
  class space    used 7187K, committed 8128K, reserved 327680K
}

Dll operation events (15 events):
Event: 0.060 Loaded shared library C:\Program Files\Eclipse Adoptium\jdk-21.0.6.7-hotspot\bin\java.dll
Event: 0.627 Loaded shared library C:\Program Files\Eclipse Adoptium\jdk-21.0.6.7-hotspot\bin\jsvml.dll
Event: 0.699 Loaded shared library C:\Program Files\Eclipse Adoptium\jdk-21.0.6.7-hotspot\bin\zip.dll
Event: 0.709 Loaded shared library C:\Program Files\Eclipse Adoptium\jdk-21.0.6.7-hotspot\bin\instrument.dll
Event: 1.055 Loaded shared library C:\Program Files\Eclipse Adoptium\jdk-21.0.6.7-hotspot\bin\net.dll
Event: 1.079 Loaded shared library C:\Program Files\Eclipse Adoptium\jdk-21.0.6.7-hotspot\bin\nio.dll
Event: 1.093 Loaded shared library C:\Program Files\Eclipse Adoptium\jdk-21.0.6.7-hotspot\bin\zip.dll
Event: 4.121 Loaded shared library C:\Program Files\Eclipse Adoptium\jdk-21.0.6.7-hotspot\bin\jimage.dll
Event: 6.582 Loaded shared library C:\Program Files\Eclipse Adoptium\jdk-21.0.6.7-hotspot\bin\verify.dll
Event: 7.376 Loaded shared library C:\Users\SBS\.gradle\native\1def1411415f61bf3af743bc5b6707747c0891f09f0c88961ee8f79bc544acac\windows-amd64\native-platform.dll
Event: 7.449 Loaded shared library C:\Users\SBS\.gradle\native\0.2.7\x86_64-windows-gnu\gradle-fileevents.dll
Event: 22.427 Loaded shared library C:\Program Files\Eclipse Adoptium\jdk-21.0.6.7-hotspot\bin\management.dll
Event: 22.611 Loaded shared library C:\Program Files\Eclipse Adoptium\jdk-21.0.6.7-hotspot\bin\management_ext.dll
Event: 27.098 Loaded shared library C:\Program Files\Eclipse Adoptium\jdk-21.0.6.7-hotspot\bin\extnet.dll
Event: 31.850 Loaded shared library C:\Program Files\Eclipse Adoptium\jdk-21.0.6.7-hotspot\bin\sunmscapi.dll

Deoptimization events (20 events):
Event: 107.942 Thread 0x0000026421b023d0 DEOPT PACKING pc=0x0000026416d1cde0 sp=0x000000ae116f7cb0
Event: 107.942 Thread 0x0000026421b023d0 DEOPT UNPACKING pc=0x00000264165846a2 sp=0x000000ae116f7bc8 mode 2
Event: 109.049 Thread 0x0000026421b023d0 DEOPT PACKING pc=0x000002640f02e856 sp=0x000000ae116f89f0
Event: 109.049 Thread 0x0000026421b023d0 DEOPT UNPACKING pc=0x0000026416584e42 sp=0x000000ae116f7fb0 mode 0
Event: 110.014 Thread 0x0000026421b023d0 Uncommon trap: trap_request=0xffffff45 fr.pc=0x0000026416e2e14c relative=0x0000000000000a4c
Event: 110.014 Thread 0x0000026421b023d0 Uncommon trap: reason=unstable_if action=reinterpret pc=0x0000026416e2e14c method=org.objectweb.asm.Label.resolve([BLorg/objectweb/asm/ByteVector;I)Z @ 81 c2
Event: 110.014 Thread 0x0000026421b023d0 DEOPT PACKING pc=0x0000026416e2e14c sp=0x000000ae116f3090
Event: 110.014 Thread 0x0000026421b023d0 DEOPT UNPACKING pc=0x00000264165846a2 sp=0x000000ae116f2fb8 mode 2
Event: 110.043 Thread 0x0000026421b023d0 Uncommon trap: trap_request=0xffffff45 fr.pc=0x0000026416d88de0 relative=0x0000000000000240
Event: 110.043 Thread 0x0000026421b023d0 Uncommon trap: reason=unstable_if action=reinterpret pc=0x0000026416d88de0 method=org.objectweb.asm.Label.resolve([BLorg/objectweb/asm/ByteVector;I)Z @ 81 c2
Event: 110.043 Thread 0x0000026421b023d0 DEOPT PACKING pc=0x0000026416d88de0 sp=0x000000ae116f3020
Event: 110.043 Thread 0x0000026421b023d0 DEOPT UNPACKING pc=0x00000264165846a2 sp=0x000000ae116f2fb0 mode 2
Event: 113.144 Thread 0x0000026421b023d0 DEOPT PACKING pc=0x000002640f43d278 sp=0x000000ae116f7fd0
Event: 113.144 Thread 0x0000026421b023d0 DEOPT UNPACKING pc=0x0000026416584e42 sp=0x000000ae116f74b8 mode 0
Event: 115.547 Thread 0x0000026421b023d0 Uncommon trap: trap_request=0xffffff45 fr.pc=0x0000026416ca03f0 relative=0x0000000000001470
Event: 115.547 Thread 0x0000026421b023d0 Uncommon trap: reason=unstable_if action=reinterpret pc=0x0000026416ca03f0 method=java.util.jar.JarFile.getVersionedEntry(Ljava/lang/String;Ljava/util/jar/JarEntry;)Ljava/util/jar/JarEntry; @ 57 c2
Event: 115.547 Thread 0x0000026421b023d0 DEOPT PACKING pc=0x0000026416ca03f0 sp=0x000000ae116f8660
Event: 115.547 Thread 0x0000026421b023d0 DEOPT UNPACKING pc=0x00000264165846a2 sp=0x000000ae116f8660 mode 2
Event: 119.024 Thread 0x0000026421b023d0 DEOPT PACKING pc=0x000002640f0ec4d9 sp=0x000000ae116f7dd0
Event: 119.024 Thread 0x0000026421b023d0 DEOPT UNPACKING pc=0x0000026416584e42 sp=0x000000ae116f7258 mode 0

Classes loaded (20 events):
Event: 99.013 Loading class com/sun/org/apache/xerces/internal/utils/XMLSecurityManager$Limit
Event: 99.081 Loading class com/sun/org/apache/xerces/internal/utils/XMLSecurityManager$Limit done
Event: 99.081 Loading class com/sun/org/apache/xerces/internal/utils/XMLSecurityManager$NameMap
Event: 99.082 Loading class com/sun/org/apache/xerces/internal/utils/XMLSecurityManager$NameMap done
Event: 99.082 Loading class com/sun/org/apache/xerces/internal/utils/XMLSecurityPropertyManager
Event: 99.146 Loading class com/sun/org/apache/xerces/internal/utils/XMLSecurityPropertyManager done
Event: 99.146 Loading class com/sun/org/apache/xerces/internal/utils/XMLSecurityPropertyManager$State
Event: 99.146 Loading class com/sun/org/apache/xerces/internal/utils/XMLSecurityPropertyManager$State done
Event: 99.146 Loading class com/sun/org/apache/xerces/internal/utils/XMLSecurityPropertyManager$Property
Event: 99.146 Loading class com/sun/org/apache/xerces/internal/utils/XMLSecurityPropertyManager$Property done
Event: 99.464 Loading class java/util/ArrayList$SubList$1
Event: 99.520 Loading class java/util/ArrayList$SubList$1 done
Event: 99.576 Loading class java/util/regex/Pattern$SliceI
Event: 99.586 Loading class java/util/regex/Pattern$SliceI done
Event: 105.788 Loading class java/lang/Character$UnicodeBlock
Event: 105.847 Loading class java/lang/Character$Subset
Event: 105.908 Loading class java/lang/Character$Subset done
Event: 105.910 Loading class java/lang/Character$UnicodeBlock done
Event: 107.085 Loading class java/lang/foreign/MemorySegment
Event: 107.145 Loading class java/lang/foreign/MemorySegment done

Classes unloaded (0 events):
No events

Classes redefined (0 events):
No events

Internal exceptions (20 events):
Event: 85.102 Thread 0x0000026421b023d0 Exception <a 'java/lang/NoSuchMethodError'{0x00000000e9ac90b0}: 'int java.lang.invoke.DirectMethodHandle$Holder.invokeInterface(java.lang.Object, java.lang.Object, java.lang.Object, java.lang.Object, java.lang.Object)'> (0x00000000e9ac90b0) 
thrown [s\src\hotspot\share\interpreter\linkResolver.cpp, line 773]
Event: 85.736 Thread 0x0000026421b023d0 Exception <a 'java/lang/NoSuchMethodError'{0x00000000e97020e8}: 'java.lang.Object java.lang.invoke.DirectMethodHandle$Holder.invokeVirtual(java.lang.Object, java.lang.Object, java.lang.Object, java.lang.Object, java.lang.Object, java.lang.Object, java.lang.Object, java.lang.Object, java.lang.Object, java.lang.Object, java.lang.Object, java.lang.Object, java.lang.Object, java.lang.Object, java.lang.Object)'> (0x00000000e97020e8) 
thrown [s\src\hotspot\share\interpreter\linkResolver.cpp, line 773]
Event: 85.781 Thread 0x0000026421b023d0 Exception <a 'java/lang/NoSuchMethodError'{0x00000000e97da2a0}: 'java.lang.Object java.lang.invoke.DirectMethodHandle$Holder.newInvokeSpecial(java.lang.Object, java.lang.Object, java.lang.Object, java.lang.Object, java.lang.Object, java.lang.Object, java.lang.Object, java.lang.Object, java.lang.Object, java.lang.Object, java.lang.Object, java.lang.Object, java.lang.Object)'> (0x00000000e97da2a0) 
thrown [s\src\hotspot\share\interpreter\linkResolver.cpp, line 773]
Event: 86.542 Thread 0x0000026421b023d0 Exception <a 'java/lang/NoSuchMethodError'{0x00000000e92d86e0}: 'int java.lang.invoke.DirectMethodHandle$Holder.invokeInterface(java.lang.Object, java.lang.Object, java.lang.Object, java.lang.Object)'> (0x00000000e92d86e0) 
thrown [s\src\hotspot\share\interpreter\linkResolver.cpp, line 773]
Event: 87.156 Thread 0x0000026421b023d0 Exception <a 'java/lang/NoSuchMethodError'{0x00000000e90c5930}: 'java.lang.Object java.lang.invoke.DirectMethodHandle$Holder.invokeStatic(java.lang.Object, long, java.lang.Object)'> (0x00000000e90c5930) 
thrown [s\src\hotspot\share\interpreter\linkResolver.cpp, line 773]
Event: 87.159 Thread 0x0000026421b023d0 Exception <a 'java/lang/NoSuchMethodError'{0x00000000e90ccb28}: 'java.lang.Object java.lang.invoke.DirectMethodHandle$Holder.newInvokeSpecial(java.lang.Object, long)'> (0x00000000e90ccb28) 
thrown [s\src\hotspot\share\interpreter\linkResolver.cpp, line 773]
Event: 87.241 Thread 0x0000026421b023d0 Exception <a 'java/lang/NoSuchMethodError'{0x00000000e8f30bc8}: 'java.lang.Object java.lang.invoke.DirectMethodHandle$Holder.newInvokeSpecial(java.lang.Object, java.lang.Object, java.lang.Object, java.lang.Object, java.lang.Object, long, java.lang.Object)'> (0x00000000e8f30bc8) 
thrown [s\src\hotspot\share\interpreter\linkResolver.cpp, line 773]
Event: 87.242 Thread 0x0000026421b023d0 Exception <a 'java/lang/NoSuchMethodError'{0x00000000e8f393a0}: 'java.lang.Object java.lang.invoke.Invokers$Holder.linkToTargetMethod(java.lang.Object, java.lang.Object, java.lang.Object, java.lang.Object, long, java.lang.Object, java.lang.Object)'> (0x00000000e8f393a0) 
thrown [s\src\hotspot\share\interpreter\linkResolver.cpp, line 773]
Event: 87.329 Thread 0x0000026421b023d0 Exception <a 'java/lang/NoSuchMethodError'{0x00000000e8f7eb30}: 'java.lang.Object java.lang.invoke.DirectMethodHandle$Holder.newInvokeSpecial(java.lang.Object, java.lang.Object, java.lang.Object, long, java.lang.Object)'> (0x00000000e8f7eb30) 
thrown [s\src\hotspot\share\interpreter\linkResolver.cpp, line 773]
Event: 87.329 Thread 0x0000026421b023d0 Exception <a 'java/lang/NoSuchMethodError'{0x00000000e8f83b18}: 'java.lang.Object java.lang.invoke.DirectMethodHandle$Holder.invokeSpecial(java.lang.Object, java.lang.Object, java.lang.Object, java.lang.Object, long, java.lang.Object)'> (0x00000000e8f83b18) 
thrown [s\src\hotspot\share\interpreter\linkResolver.cpp, line 773]
Event: 87.330 Thread 0x0000026421b023d0 Exception <a 'java/lang/NoSuchMethodError'{0x00000000e8f88098}: 'java.lang.Object java.lang.invoke.Invokers$Holder.linkToTargetMethod(java.lang.Object, java.lang.Object, long, java.lang.Object, java.lang.Object)'> (0x00000000e8f88098) 
thrown [s\src\hotspot\share\interpreter\linkResolver.cpp, line 773]
Event: 87.941 Thread 0x0000026421b023d0 Exception <a 'java/lang/NoSuchMethodError'{0x00000000e8dc7a30}: 'java.lang.Object java.lang.invoke.DirectMethodHandle$Holder.invokeSpecial(java.lang.Object, java.lang.Object, long, java.lang.Object, java.lang.Object)'> (0x00000000e8dc7a30) 
thrown [s\src\hotspot\share\interpreter\linkResolver.cpp, line 773]
Event: 91.003 Thread 0x0000026421b023d0 Exception <a 'java/lang/NoSuchMethodError'{0x00000000e8397498}: 'java.lang.Object java.lang.invoke.DirectMethodHandle$Holder.newInvokeSpecial(java.lang.Object, java.lang.Object, java.lang.Object, java.lang.Object, int, java.lang.Object)'> (0x00000000e8397498) 
thrown [s\src\hotspot\share\interpreter\linkResolver.cpp, line 773]
Event: 91.005 Thread 0x0000026421b023d0 Exception <a 'java/lang/NoSuchMethodError'{0x00000000e839fb28}: 'java.lang.Object java.lang.invoke.Invokers$Holder.linkToTargetMethod(java.lang.Object, java.lang.Object, java.lang.Object, int, java.lang.Object, java.lang.Object)'> (0x00000000e839fb28) 
thrown [s\src\hotspot\share\interpreter\linkResolver.cpp, line 773]
Event: 94.452 Thread 0x0000026421b023d0 Exception <a 'java/lang/NoSuchMethodError'{0x00000000e7913008}: 'java.lang.Object java.lang.invoke.DirectMethodHandle$Holder.invokeSpecialIFC(java.lang.Object, java.lang.Object, java.lang.Object)'> (0x00000000e7913008) 
thrown [s\src\hotspot\share\interpreter\linkResolver.cpp, line 773]
Event: 99.287 Thread 0x0000026421b023d0 Exception <a 'java/lang/NoSuchMethodError'{0x00000000efb77a10}: 'java.lang.Object java.lang.invoke.DirectMethodHandle$Holder.newInvokeSpecial(java.lang.Object, java.lang.Object, java.lang.Object, java.lang.Object, java.lang.Object, java.lang.Object, java.lang.Object, java.lang.Object, java.lang.Object, java.lang.Object, java.lang.Object, java.lang.Object, java.lang.Object, java.lang.Object, java.lang.Object, java.lang.Object)'> (0x00000000efb77a10) 
thrown [s\src\hotspot\share\interpreter\linkResolver.cpp,
Event: 99.287 Thread 0x0000026421b023d0 Exception <a 'java/lang/NoSuchMethodError'{0x00000000efb7e3c8}: 'java.lang.Object java.lang.invoke.DirectMethodHandle$Holder.invokeSpecial(java.lang.Object, java.lang.Object, java.lang.Object, java.lang.Object, java.lang.Object, java.lang.Object, java.lang.Object, java.lang.Object, java.lang.Object, java.lang.Object, java.lang.Object, java.lang.Object, java.lang.Object, java.lang.Object, java.lang.Object, java.lang.Object, java.lang.Object)'> (0x00000000efb7e3c8) 
thrown [s\src\hotspot\share\interpreter\li
Event: 99.287 Thread 0x0000026421b023d0 Exception <a 'java/lang/NoSuchMethodError'{0x00000000efb83f70}: 'java.lang.Object java.lang.invoke.DelegatingMethodHandle$Holder.reinvoke_L(java.lang.Object, java.lang.Object, java.lang.Object, java.lang.Object, java.lang.Object, java.lang.Object, java.lang.Object, java.lang.Object, java.lang.Object, java.lang.Object, java.lang.Object, java.lang.Object, java.lang.Object, java.lang.Object, java.lang.Object, java.lang.Object)'> (0x00000000efb83f70) 
thrown [s\src\hotspot\share\interpreter\linkResolver.cpp, l
Event: 100.154 Thread 0x0000026421b023d0 Exception <a 'java/lang/NoSuchMethodError'{0x00000000ef785288}: 'void java.lang.invoke.DirectMethodHandle$Holder.invokeVirtual(java.lang.Object, java.lang.Object)'> (0x00000000ef785288) 
thrown [s\src\hotspot\share\interpreter\linkResolver.cpp, line 773]
Event: 104.452 Thread 0x0000026421b023d0 Exception <a 'java/lang/NoSuchMethodError'{0x00000000eed7cd18}: 'java.lang.Object java.lang.invoke.DirectMethodHandle$Holder.newInvokeSpecial(java.lang.Object, java.lang.Object, java.lang.Object, java.lang.Object, java.lang.Object, java.lang.Object, java.lang.Object, java.lang.Object, java.lang.Object, java.lang.Object, java.lang.Object, java.lang.Object, java.lang.Object, java.lang.Object, java.lang.Object, java.lang.Object, java.lang.Object, java.lang.Object, java.lang.Object, java.lang.Object, java.lang

ZGC Phase Switch (0 events):
No events

VM Operations (20 events):
Event: 106.201 Executing VM operation: Cleanup
Event: 106.201 Executing VM operation: Cleanup done
Event: 107.207 Executing VM operation: Cleanup
Event: 107.207 Executing VM operation: Cleanup done
Event: 108.220 Executing VM operation: Cleanup
Event: 108.220 Executing VM operation: Cleanup done
Event: 109.233 Executing VM operation: Cleanup
Event: 109.233 Executing VM operation: Cleanup done
Event: 110.245 Executing VM operation: Cleanup
Event: 110.245 Executing VM operation: Cleanup done
Event: 113.263 Executing VM operation: Cleanup
Event: 113.263 Executing VM operation: Cleanup done
Event: 116.279 Executing VM operation: Cleanup
Event: 116.279 Executing VM operation: Cleanup done
Event: 120.314 Executing VM operation: Cleanup
Event: 120.376 Executing VM operation: Cleanup done
Event: 120.705 Executing VM operation: HandshakeAllThreads (HandshakeForDeflation)
Event: 120.705 Executing VM operation: HandshakeAllThreads (HandshakeForDeflation) done
Event: 120.705 Executing VM operation: RendezvousGCThreads
Event: 120.705 Executing VM operation: RendezvousGCThreads done

Memory protections (0 events):
No events

Nmethod flushes (20 events):
Event: 66.703 Thread 0x0000026421789f40 flushing  nmethod 0x000002640f265590
Event: 66.703 Thread 0x0000026421789f40 flushing  nmethod 0x000002640f266d90
Event: 66.703 Thread 0x0000026421789f40 flushing  nmethod 0x000002640f267910
Event: 66.703 Thread 0x0000026421789f40 flushing  nmethod 0x000002640f268010
Event: 66.703 Thread 0x0000026421789f40 flushing  nmethod 0x000002640f2a6710
Event: 66.703 Thread 0x0000026421789f40 flushing  nmethod 0x000002640f2a9f10
Event: 66.703 Thread 0x0000026421789f40 flushing  nmethod 0x000002640f2aa290
Event: 66.703 Thread 0x0000026421789f40 flushing  nmethod 0x000002640f2f4010
Event: 66.703 Thread 0x0000026421789f40 flushing  nmethod 0x000002640f2f9590
Event: 66.703 Thread 0x0000026421789f40 flushing  nmethod 0x000002640f2fa310
Event: 66.703 Thread 0x0000026421789f40 flushing  nmethod 0x000002640f3cfa90
Event: 66.703 Thread 0x0000026421789f40 flushing  nmethod 0x000002640f412b90
Event: 66.703 Thread 0x0000026421789f40 flushing  nmethod 0x000002640f466e90
Event: 66.703 Thread 0x0000026421789f40 flushing  nmethod 0x000002640f46b610
Event: 66.703 Thread 0x0000026421789f40 flushing  nmethod 0x000002640f46bf10
Event: 66.703 Thread 0x0000026421789f40 flushing  nmethod 0x000002640f46c910
Event: 66.703 Thread 0x0000026421789f40 flushing  nmethod 0x000002640f495090
Event: 66.703 Thread 0x0000026421789f40 flushing  nmethod 0x000002640f4d5890
Event: 66.703 Thread 0x0000026421789f40 flushing  nmethod 0x000002640f4ba510
Event: 66.703 Thread 0x0000026421789f40 flushing  nmethod 0x000002640f518710

Events (20 events):
Event: 90.663 Thread 0x0000026421b023d0 Thread added: 0x000002643df5ffe0
Event: 90.663 Thread 0x0000026421b023d0 Thread added: 0x000002643df60670
Event: 90.663 Thread 0x0000026421b023d0 Thread added: 0x000002643df620b0
Event: 91.597 Thread 0x0000026421b023d0 Thread added: 0x000002643df62dd0
Event: 91.601 Thread 0x0000026421b023d0 Thread added: 0x000002643df5f950
Event: 91.612 Thread 0x0000026421b023d0 Thread added: 0x000002643df63460
Event: 91.617 Thread 0x0000026421b023d0 Thread added: 0x000002643df63af0
Event: 91.639 Thread 0x0000026421b023d0 Thread added: 0x000002643df64180
Event: 91.642 Thread 0x0000026421b023d0 Thread added: 0x000002643df60d00
Event: 91.646 Thread 0x0000026421b023d0 Thread added: 0x000002643df64810
Event: 94.205 Thread 0x00000264217bbd70 Thread added: 0x000002643e16aea0
Event: 94.454 Thread 0x0000026421b023d0 Thread added: 0x000002643df64ea0
Event: 94.456 Thread 0x0000026421b023d0 Thread added: 0x000002643df65530
Event: 94.457 Thread 0x0000026421b023d0 Thread added: 0x000002643df65bc0
Event: 94.458 Thread 0x0000026421b023d0 Thread added: 0x000002643df66250
Event: 94.459 Thread 0x0000026421b023d0 Thread added: 0x000002643df668e0
Event: 94.460 Thread 0x0000026421b023d0 Thread added: 0x000002643ccdf980
Event: 94.461 Thread 0x0000026421b023d0 Thread added: 0x000002643ccdec60
Event: 95.575 Thread 0x000002643e16aea0 Thread exited: 0x000002643e16aea0
Event: 100.044 Thread 0x0000026421b023d0 Thread added: 0x000002643cce0010


Dynamic libraries:
0x00007ff688c70000 - 0x00007ff688c7e000 	C:\Program Files\Eclipse Adoptium\jdk-21.0.6.7-hotspot\bin\java.exe
0x00007ffb6fe40000 - 0x00007ffb700a6000 	C:\WINDOWS\SYSTEM32\ntdll.dll
0x00007ffb6dd80000 - 0x00007ffb6de49000 	C:\WINDOWS\System32\KERNEL32.DLL
0x00007ffb6d460000 - 0x00007ffb6d85f000 	C:\WINDOWS\System32\KERNELBASE.dll
0x00007ffb6d050000 - 0x00007ffb6d19c000 	C:\WINDOWS\System32\ucrtbase.dll
0x00007ffb4d130000 - 0x00007ffb4d14e000 	C:\Program Files\Eclipse Adoptium\jdk-21.0.6.7-hotspot\bin\VCRUNTIME140.dll
0x00007ffb5d700000 - 0x00007ffb5d718000 	C:\Program Files\Eclipse Adoptium\jdk-21.0.6.7-hotspot\bin\jli.dll
0x00007ffb6fc30000 - 0x00007ffb6fdf6000 	C:\WINDOWS\System32\USER32.dll
0x00007ffb6d240000 - 0x00007ffb6d267000 	C:\WINDOWS\System32\win32u.dll
0x00007ffb6f7a0000 - 0x00007ffb6f7cb000 	C:\WINDOWS\System32\GDI32.dll
0x00007ffb6d330000 - 0x00007ffb6d459000 	C:\WINDOWS\System32\gdi32full.dll
0x00007ffb6d930000 - 0x00007ffb6d9d3000 	C:\WINDOWS\System32\msvcp_win.dll
0x00007ffb4c860000 - 0x00007ffb4caf1000 	C:\WINDOWS\WinSxS\amd64_microsoft.windows.common-controls_6595b64144ccf1df_6.0.26100.8972_none_3e0da176e32f9d4b\COMCTL32.dll
0x00007ffb6dc90000 - 0x00007ffb6dd39000 	C:\WINDOWS\System32\msvcrt.dll
0x00007ffb6de50000 - 0x00007ffb6de82000 	C:\WINDOWS\System32\IMM32.DLL
0x00007ffb5ff20000 - 0x00007ffb5ff2c000 	C:\Program Files\Eclipse Adoptium\jdk-21.0.6.7-hotspot\bin\vcruntime140_1.dll
0x00007ffb37a20000 - 0x00007ffb37aad000 	C:\Program Files\Eclipse Adoptium\jdk-21.0.6.7-hotspot\bin\msvcp140.dll
0x00007ffaf46e0000 - 0x00007ffaf5470000 	C:\Program Files\Eclipse Adoptium\jdk-21.0.6.7-hotspot\bin\server\jvm.dll
0x00007ffb6e590000 - 0x00007ffb6e64c000 	C:\WINDOWS\System32\ADVAPI32.dll
0x00007ffb6fac0000 - 0x00007ffb6fb6a000 	C:\WINDOWS\System32\sechost.dll
0x00007ffb6ee50000 - 0x00007ffb6ef68000 	C:\WINDOWS\System32\RPCRT4.dll
0x00007ffb6fb90000 - 0x00007ffb6fc12000 	C:\WINDOWS\System32\WS2_32.dll
0x00007ffb6ced0000 - 0x00007ffb6cf2e000 	C:\WINDOWS\SYSTEM32\POWRPROF.dll
0x00007ffb5b7e0000 - 0x00007ffb5b816000 	C:\WINDOWS\SYSTEM32\WINMM.dll
0x00007ffb5b820000 - 0x00007ffb5b82b000 	C:\WINDOWS\SYSTEM32\VERSION.dll
0x00007ffb6ceb0000 - 0x00007ffb6cec5000 	C:\WINDOWS\SYSTEM32\UMPDC.dll
0x00007ffb6bd00000 - 0x00007ffb6bd1b000 	C:\WINDOWS\SYSTEM32\kernel.appcore.dll
0x00007ffb5d620000 - 0x00007ffb5d62a000 	C:\Program Files\Eclipse Adoptium\jdk-21.0.6.7-hotspot\bin\jimage.dll
0x00007ffb4fd40000 - 0x00007ffb4ff82000 	C:\WINDOWS\SYSTEM32\DBGHELP.DLL
0x00007ffb6efc0000 - 0x00007ffb6f345000 	C:\WINDOWS\System32\combase.dll
0x00007ffb6f350000 - 0x00007ffb6f429000 	C:\WINDOWS\System32\OLEAUT32.dll
0x00007ffb4e330000 - 0x00007ffb4e36b000 	C:\WINDOWS\SYSTEM32\dbgcore.DLL
0x00007ffb6d270000 - 0x00007ffb6d31c000 	C:\WINDOWS\System32\bcryptPrimitives.dll
0x00007ffb61270000 - 0x00007ffb6127f000 	C:\Program Files\Eclipse Adoptium\jdk-21.0.6.7-hotspot\bin\instrument.dll
0x00007ffb47220000 - 0x00007ffb4723f000 	C:\Program Files\Eclipse Adoptium\jdk-21.0.6.7-hotspot\bin\java.dll
0x00007ffb6e6c0000 - 0x00007ffb6ee48000 	C:\WINDOWS\System32\SHELL32.dll
0x00007ffb6aae0000 - 0x00007ffb6b37b000 	C:\WINDOWS\SYSTEM32\windows.storage.dll
0x00007ffb6de90000 - 0x00007ffb6df89000 	C:\WINDOWS\System32\SHCORE.dll
0x00007ffb6f730000 - 0x00007ffb6f796000 	C:\WINDOWS\System32\shlwapi.dll
0x00007ffb6cf70000 - 0x00007ffb6cf99000 	C:\WINDOWS\SYSTEM32\profapi.dll
0x00007ffb32d30000 - 0x00007ffb32e07000 	C:\Program Files\Eclipse Adoptium\jdk-21.0.6.7-hotspot\bin\jsvml.dll
0x00007ffb46dd0000 - 0x00007ffb46de8000 	C:\Program Files\Eclipse Adoptium\jdk-21.0.6.7-hotspot\bin\zip.dll
0x00007ffb4d200000 - 0x00007ffb4d210000 	C:\Program Files\Eclipse Adoptium\jdk-21.0.6.7-hotspot\bin\net.dll
0x00007ffb65fa0000 - 0x00007ffb660c8000 	C:\WINDOWS\SYSTEM32\WINHTTP.dll
0x00007ffb6c290000 - 0x00007ffb6c2fc000 	C:\WINDOWS\system32\mswsock.dll
0x00007ffb471a0000 - 0x00007ffb471b6000 	C:\Program Files\Eclipse Adoptium\jdk-21.0.6.7-hotspot\bin\nio.dll
0x00007ffb47330000 - 0x00007ffb47340000 	C:\Program Files\Eclipse Adoptium\jdk-21.0.6.7-hotspot\bin\verify.dll
0x00007ffb69e00000 - 0x00007ffb69e27000 	C:\Users\SBS\.gradle\native\1def1411415f61bf3af743bc5b6707747c0891f09f0c88961ee8f79bc544acac\windows-amd64\native-platform.dll
0x00007ffb3c510000 - 0x00007ffb3c588000 	C:\Users\SBS\.gradle\native\0.2.7\x86_64-windows-gnu\gradle-fileevents.dll
0x00007ffb47110000 - 0x00007ffb4711a000 	C:\Program Files\Eclipse Adoptium\jdk-21.0.6.7-hotspot\bin\management.dll
0x00007ffb46e60000 - 0x00007ffb46e6b000 	C:\Program Files\Eclipse Adoptium\jdk-21.0.6.7-hotspot\bin\management_ext.dll
0x00007ffb6dd40000 - 0x00007ffb6dd48000 	C:\WINDOWS\System32\PSAPI.DLL
0x00007ffb6b6b0000 - 0x00007ffb6b6e3000 	C:\WINDOWS\SYSTEM32\IPHLPAPI.DLL
0x00007ffb6fc20000 - 0x00007ffb6fc2a000 	C:\WINDOWS\System32\NSI.dll
0x00007ffb44420000 - 0x00007ffb44429000 	C:\Program Files\Eclipse Adoptium\jdk-21.0.6.7-hotspot\bin\extnet.dll
0x00007ffb6c6b0000 - 0x00007ffb6c6cb000 	C:\WINDOWS\SYSTEM32\CRYPTSP.dll
0x00007ffb6bc60000 - 0x00007ffb6bc99000 	C:\WINDOWS\system32\rsaenh.dll
0x00007ffb6c340000 - 0x00007ffb6c372000 	C:\WINDOWS\SYSTEM32\USERENV.dll
0x00007ffb6cf40000 - 0x00007ffb6cf6a000 	C:\WINDOWS\SYSTEM32\bcrypt.dll
0x00007ffb6c4f0000 - 0x00007ffb6c4fc000 	C:\WINDOWS\SYSTEM32\CRYPTBASE.dll
0x00007ffb61100000 - 0x00007ffb6110e000 	C:\Program Files\Eclipse Adoptium\jdk-21.0.6.7-hotspot\bin\sunmscapi.dll
0x00007ffb6d9e0000 - 0x00007ffb6db5e000 	C:\WINDOWS\System32\CRYPT32.dll
0x00007ffb6c820000 - 0x00007ffb6c850000 	C:\WINDOWS\SYSTEM32\ncrypt.dll
0x00007ffb6c7d0000 - 0x00007ffb6c80f000 	C:\WINDOWS\SYSTEM32\NTASN1.dll
0x00007ffb61c30000 - 0x00007ffb61c38000 	C:\WINDOWS\system32\wshunix.dll

dbghelp: loaded successfully - version: 4.0.5 - missing functions: none
symbol engine: initialized successfully - sym options: 0x614 - pdb path: .;C:\Program Files\Eclipse Adoptium\jdk-21.0.6.7-hotspot\bin;C:\WINDOWS\SYSTEM32;C:\WINDOWS\WinSxS\amd64_microsoft.windows.common-controls_6595b64144ccf1df_6.0.26100.8972_none_3e0da176e32f9d4b;C:\Program Files\Eclipse Adoptium\jdk-21.0.6.7-hotspot\bin\server;C:\Users\SBS\.gradle\native\1def1411415f61bf3af743bc5b6707747c0891f09f0c88961ee8f79bc544acac\windows-amd64;C:\Users\SBS\.gradle\native\0.2.7\x86_64-windows-gnu

VM Arguments:
jvm_args: --add-opens=java.base/java.lang=ALL-UNNAMED --add-opens=java.base/java.lang.invoke=ALL-UNNAMED --add-opens=java.base/java.util=ALL-UNNAMED --add-opens=java.prefs/java.util.prefs=ALL-UNNAMED --add-exports=jdk.compiler/com.sun.tools.javac.api=ALL-UNNAMED --add-exports=jdk.compiler/com.sun.tools.javac.util=ALL-UNNAMED --add-opens=java.base/java.util=ALL-UNNAMED --add-opens=java.prefs/java.util.prefs=ALL-UNNAMED --add-opens=java.base/java.nio.charset=ALL-UNNAMED --add-opens=java.base/java.net=ALL-UNNAMED --add-opens=java.base/java.util.concurrent.atomic=ALL-UNNAMED --add-opens=java.xml/javax.xml.namespace=ALL-UNNAMED -XX:MaxMetaspaceSize=384m -XX:+HeapDumpOnOutOfMemoryError -Xms256m -Xmx512m -Dfile.encoding=UTF-8 -Duser.country=FR -Duser.language=fr -Duser.variant -javaagent:C:\Users\SBS\.gradle\wrapper\dists\gradle-8.14-bin\38aieal9i53h9rfe7vjup95b9\gradle-8.14\lib\agents\gradle-instrumentation-agent-8.14.jar 
java_command: org.gradle.launcher.daemon.bootstrap.GradleDaemon 8.14
java_class_path (initial): C:\Users\SBS\.gradle\wrapper\dists\gradle-8.14-bin\38aieal9i53h9rfe7vjup95b9\gradle-8.14\lib\gradle-daemon-main-8.14.jar
Launcher Type: SUN_STANDARD

[Global flags]
     intx CICompilerCount                          = 4                                         {product} {ergonomic}
   size_t CompressedClassSpaceSize                 = 335544320                                 {product} {ergonomic}
     uint ConcGCThreads                            = 2                                         {product} {ergonomic}
     uint G1ConcRefinementThreads                  = 8                                         {product} {ergonomic}
   size_t G1HeapRegionSize                         = 1048576                                   {product} {ergonomic}
    uintx GCDrainStackTargetSize                   = 64                                        {product} {ergonomic}
     bool HeapDumpOnOutOfMemoryError               = true                                   {manageable} {command line}
   size_t InitialHeapSize                          = 268435456                                 {product} {command line}
   size_t MarkStackSize                            = 4194304                                   {product} {ergonomic}
   size_t MaxHeapSize                              = 536870912                                 {product} {command line}
   size_t MaxMetaspaceSize                         = 402653184                                 {product} {command line}
   size_t MaxNewSize                               = 321912832                                 {product} {ergonomic}
   size_t MinHeapDeltaBytes                        = 1048576                                   {product} {ergonomic}
   size_t MinHeapSize                              = 268435456                                 {product} {command line}
    uintx NonNMethodCodeHeapSize                   = 5839372                                {pd product} {ergonomic}
    uintx NonProfiledCodeHeapSize                  = 122909434                              {pd product} {ergonomic}
    uintx ProfiledCodeHeapSize                     = 122909434                              {pd product} {ergonomic}
    uintx ReservedCodeCacheSize                    = 251658240                              {pd product} {ergonomic}
     bool SegmentedCodeCache                       = true                                      {product} {ergonomic}
   size_t SoftMaxHeapSize                          = 536870912                              {manageable} {ergonomic}
     bool UseCompressedOops                        = true                           {product lp64_product} {ergonomic}
     bool UseG1GC                                  = true                                      {product} {ergonomic}
     bool UseLargePagesIndividualAllocation        = false                                  {pd product} {ergonomic}

Logging:
Log output configuration:
 #0: stdout all=warning uptime,level,tags foldmultilines=false
 #1: stderr all=off uptime,level,tags foldmultilines=false

Environment Variables:
JAVA_HOME=C:\Program Files\Eclipse Adoptium\jdk-21.0.6.7-hotspot
PATH=C:\Program Files\Eclipse Adoptium\jdk-21.0.6.7-hotspot\bin;C:\WINDOWS\system32;C:\WINDOWS;C:\WINDOWS\System32\Wbem;C:\WINDOWS\System32\WindowsPowerShell\v1.0\;C:\WINDOWS\System32\OpenSSH\;C:\Program Files\Git\cmd;C:\Program Files\MongoDB\Server\8.0;C:\xampp\php;C:\Program Files\nodejs\;C:\Program Files\NVIDIA Corporation\NVIDIA App\NvDLISR;C:\Program Files\Microsoft SQL Server\170\Tools\Binn\;C:\Program Files\dotnet\;%JAVA_HOME%\bin;C:\Users\SBS\AppData\Local\Programs\Python\Launcher\;C:\Users\SBS\AppData\Local\Microsoft\WindowsApps;C:\Users\SBS\AppData\Local\Programs\Microsoft VS Code\bin;C:\MinGW\bin;C:\Users\SBS\AppData\Local\spicetify;C:\Users\SBS\Documents\mongosh-2.3.8-win32-x64\bin;C:\Users\SBS\AppData\Roaming\npm;C:\Users\SBS\AppData\Local\Microsoft\WindowsApps;C:\Users\SBS\.dotnet\tools;C:\Users\SBS\Downloads\Rep\winutils-master\hadoop-3.3.6\bin;C:\Users\SBS\Downloads\Rep\winutils-master\hadoop-3.3.6\bin;C:\Users\SBS\Downloads\apache-maven-3.9.11-bin\apache-maven-3.9.11\bin;C:\Program Files\Eclipse Adoptium\jdk-21.0.6.7-hotspot\bin;C:\Users\SBS\AppData\Roaming\npm;C:\Users\SBS\AppData\Local\Programs\Antigravity\bin
USERNAME=SBS
OS=Windows_NT
PROCESSOR_IDENTIFIER=AMD64 Family 25 Model 80 Stepping 0, AuthenticAMD
TMP=C:\Users\SBS\AppData\Local\Temp
TEMP=C:\Users\SBS\AppData\Local\Temp




Periodic native trim disabled

---------------  S Y S T E M  ---------------

OS:
 Windows 11 , 64 bit Build 26100 (10.0.26100.9168)
OS uptime: 0 days 20:47 hours
Hyper-V role detected

CPU: total 8 (initial active 8) (8 cores per cpu, 2 threads per core) family 25 model 80 stepping 0 microcode 0xa50000d, cx8, cmov, fxsr, ht, mmx, 3dnowpref, sse, sse2, sse3, ssse3, sse4a, sse4.1, sse4.2, popcnt, lzcnt, tsc, tscinvbit, avx, avx2, aes, erms, clmul, bmi1, bmi2, adx, sha, fma, vzeroupper, clflush, clflushopt, hv, rdtscp, rdpid, fsrm, f16c, cet_ss
Processor Information for processor 0
  Max Mhz: 3301, Current Mhz: 1908, Mhz Limit: 3301
Processor Information for processor 1
  Max Mhz: 3301, Current Mhz: 1805, Mhz Limit: 3301
Processor Information for processor 2
  Max Mhz: 3301, Current Mhz: 1908, Mhz Limit: 3301
Processor Information for processor 3
  Max Mhz: 3301, Current Mhz: 1908, Mhz Limit: 3301
Processor Information for processor 4
  Max Mhz: 3301, Current Mhz: 1908, Mhz Limit: 3301
Processor Information for processor 5
  Max Mhz: 3301, Current Mhz: 1908, Mhz Limit: 3301
Processor Information for processor 6
  Max Mhz: 3301, Current Mhz: 1908, Mhz Limit: 3301
Processor Information for processor 7
  Max Mhz: 3301, Current Mhz: 1805, Mhz Limit: 3301

Memory: 4k page, system-wide physical 7020M (72M free)
TotalPageFile size 22657M (AvailPageFile size 90M)
current process WorkingSet (physical memory assigned to process): 110M, peak: 335M
current process commit charge ("private bytes"): 481M, peak: 486M

vm_info: OpenJDK 64-Bit Server VM (21.0.6+7-LTS) for windows-amd64 JRE (21.0.6+7-LTS), built on 2025-01-21T00:00:00Z by "admin" with MS VC++ 17.7 (VS2022)

END.
