#
# There is insufficient memory for the Java Runtime Environment to continue.
# Native memory allocation (malloc) failed to allocate 401120 bytes. Error detail: Chunk::new
# Possible reasons:
#   The system is out of physical RAM or swap space
#   This process is running with CompressedOops enabled, and the Java Heap may be blocking the growth of the native heap
# Possible solutions:
#   Reduce memory load on the system
#   Increase physical memory or swap space
#   Check if swap backing store is full
#   Decrease Java heap size (-Xmx/-Xms)
#   Decrease number of Java threads
#   Decrease Java thread stack sizes (-Xss)
#   Set larger code cache with -XX:ReservedCodeCacheSize=
#   JVM is running with Unscaled Compressed Oops mode in which the Java heap is
#     placed in the first 4GB address space. The Java Heap base address is the
#     maximum limit for the native heap growth. Please use -XX:HeapBaseMinAddress
#     to set the Java Heap base and to place the Java Heap above 4GB virtual address.
# This output file may be truncated or incomplete.
#
#  Out of Memory Error (arena.cpp:168), pid=22584, tid=22980
#
# JRE version: OpenJDK Runtime Environment Temurin-21.0.6+7 (21.0.6+7) (build 21.0.6+7-LTS)
# Java VM: OpenJDK 64-Bit Server VM Temurin-21.0.6+7 (21.0.6+7-LTS, mixed mode, sharing, tiered, compressed oops, compressed class ptrs, g1 gc, windows-amd64)
# No core dump will be written. Minidumps are not enabled by default on client versions of Windows
#

---------------  S U M M A R Y ------------

Command Line: --add-opens=java.base/java.lang=ALL-UNNAMED --add-opens=java.base/java.lang.invoke=ALL-UNNAMED --add-opens=java.base/java.util=ALL-UNNAMED --add-opens=java.prefs/java.util.prefs=ALL-UNNAMED --add-exports=jdk.compiler/com.sun.tools.javac.api=ALL-UNNAMED --add-exports=jdk.compiler/com.sun.tools.javac.util=ALL-UNNAMED --add-opens=java.base/java.util=ALL-UNNAMED --add-opens=java.prefs/java.util.prefs=ALL-UNNAMED --add-opens=java.base/java.nio.charset=ALL-UNNAMED --add-opens=java.base/java.net=ALL-UNNAMED --add-opens=java.base/java.util.concurrent.atomic=ALL-UNNAMED --add-opens=java.xml/javax.xml.namespace=ALL-UNNAMED -XX:MaxMetaspaceSize=384m -XX:+HeapDumpOnOutOfMemoryError -Xms256m -Xmx512m -Dfile.encoding=UTF-8 -Duser.country=FR -Duser.language=fr -Duser.variant -javaagent:C:\Users\SBS\.gradle\wrapper\dists\gradle-8.14-bin\38aieal9i53h9rfe7vjup95b9\gradle-8.14\lib\agents\gradle-instrumentation-agent-8.14.jar org.gradle.launcher.daemon.bootstrap.GradleDaemon 8.14

Host: AMD Ryzen 5 5500H with Radeon Graphics         , 8 cores, 6G,  Windows 11 , 64 bit Build 26100 (10.0.26100.9168)
Time: Sat Aug 15 14:09:01 2026 Afr. centrale Ouest elapsed time: 103.838428 seconds (0d 0h 1m 43s)

---------------  T H R E A D  ---------------

Current thread (0x000001ad9e17e520):  JavaThread "C2 CompilerThread0" daemon [_thread_in_native, id=22980, stack(0x00000023f1200000,0x00000023f1300000) (1024K)]


Current CompileTask:
C2:103838 4765       4       java.lang.invoke.LambdaFormBuffer::endEdit (313 bytes)

Stack: [0x00000023f1200000,0x00000023f1300000]
Native frames: (J=compiled Java code, j=interpreted, Vv=VM code, C=native code)
V  [jvm.dll+0x6cdee9]
V  [jvm.dll+0x8a83d1]
V  [jvm.dll+0x8aa8fe]
V  [jvm.dll+0x8aafe3]
V  [jvm.dll+0x27f706]
V  [jvm.dll+0xc500d]
V  [jvm.dll+0xc5543]
V  [jvm.dll+0x3b678c]
V  [jvm.dll+0x382935]
V  [jvm.dll+0x381d9a]
V  [jvm.dll+0x2479f0]
V  [jvm.dll+0x246fcf]
V  [jvm.dll+0x1c75ee]
V  [jvm.dll+0x25685a]
V  [jvm.dll+0x254dfa]
V  [jvm.dll+0x3f0256]
V  [jvm.dll+0x851f8b]
V  [jvm.dll+0x6cc5ed]
C  [ucrtbase.dll+0x2cd30]
C  [KERNEL32.DLL+0x2ccb7]
C  [ntdll.dll+0xaad6c]


---------------  P R O C E S S  ---------------

Threads class SMR info:
_java_thread_list=0x000001adb994c950, length=34, elements={
0x000001ad81200940, 0x000001ad9e1709a0, 0x000001ad9e174120, 0x000001ad9e17b8b0,
0x000001ad9e17c300, 0x000001ad9e17cd50, 0x000001ad9e17d7a0, 0x000001ad9e17e520,
0x000001ad9e188d70, 0x000001ad9e148520, 0x000001ad9e304d20, 0x000001ad9e2b4770,
0x000001adb8f8a940, 0x000001adb8ad7c50, 0x000001adb900ca10, 0x000001adb900d070,
0x000001adb8a60250, 0x000001adb8909080, 0x000001ad9e9cc730, 0x000001adb893a370,
0x000001adb893aa00, 0x000001adb893c440, 0x000001adb893cad0, 0x000001adb893d160,
0x000001adb893b090, 0x000001adb893b720, 0x000001adb893bdb0, 0x000001adbad8a6c0,
0x000001adbad8c790, 0x000001adbad8d4b0, 0x000001adbad8a030, 0x000001adbad8e1d0,
0x000001adbad8b3e0, 0x000001adbad8ce20
}

Java Threads: ( => current thread )
  0x000001ad81200940 JavaThread "main"                              [_thread_blocked, id=23164, stack(0x00000023f0400000,0x00000023f0500000) (1024K)]
  0x000001ad9e1709a0 JavaThread "Reference Handler"          daemon [_thread_blocked, id=23264, stack(0x00000023f0c00000,0x00000023f0d00000) (1024K)]
  0x000001ad9e174120 JavaThread "Finalizer"                  daemon [_thread_blocked, id=23260, stack(0x00000023f0d00000,0x00000023f0e00000) (1024K)]
  0x000001ad9e17b8b0 JavaThread "Signal Dispatcher"          daemon [_thread_blocked, id=19076, stack(0x00000023f0e00000,0x00000023f0f00000) (1024K)]
  0x000001ad9e17c300 JavaThread "Attach Listener"            daemon [_thread_blocked, id=23256, stack(0x00000023f0f00000,0x00000023f1000000) (1024K)]
  0x000001ad9e17cd50 JavaThread "Service Thread"             daemon [_thread_blocked, id=23252, stack(0x00000023f1000000,0x00000023f1100000) (1024K)]
  0x000001ad9e17d7a0 JavaThread "Monitor Deflation Thread"   daemon [_thread_blocked, id=22952, stack(0x00000023f1100000,0x00000023f1200000) (1024K)]
=>0x000001ad9e17e520 JavaThread "C2 CompilerThread0"         daemon [_thread_in_native, id=22980, stack(0x00000023f1200000,0x00000023f1300000) (1024K)]
  0x000001ad9e188d70 JavaThread "C1 CompilerThread0"         daemon [_thread_blocked, id=23200, stack(0x00000023f1300000,0x00000023f1400000) (1024K)]
  0x000001ad9e148520 JavaThread "Common-Cleaner"             daemon [_thread_blocked, id=23284, stack(0x00000023f1400000,0x00000023f1500000) (1024K)]
  0x000001ad9e304d20 JavaThread "Notification Thread"        daemon [_thread_blocked, id=23412, stack(0x00000023f1500000,0x00000023f1600000) (1024K)]
  0x000001ad9e2b4770 JavaThread "Daemon health stats"               [_thread_blocked, id=20620, stack(0x00000023f1d00000,0x00000023f1e00000) (1024K)]
  0x000001adb8f8a940 JavaThread "Incoming local TCP Connector on port 54522"        [_thread_in_native, id=23920, stack(0x00000023f1e00000,0x00000023f1f00000) (1024K)]
  0x000001adb8ad7c50 JavaThread "Daemon periodic checks"            [_thread_blocked, id=23972, stack(0x00000023f1f00000,0x00000023f2000000) (1024K)]
  0x000001adb900ca10 JavaThread "Daemon"                            [_thread_blocked, id=24380, stack(0x00000023f0100000,0x00000023f0200000) (1024K)]
  0x000001adb900d070 JavaThread "Handler for socket connection from /127.0.0.1:54522 to /127.0.0.1:54525"        [_thread_in_native, id=24384, stack(0x00000023f2000000,0x00000023f2100000) (1024K)]
  0x000001adb8a60250 JavaThread "Cancel handler"                    [_thread_blocked, id=24544, stack(0x00000023f2100000,0x00000023f2200000) (1024K)]
  0x000001adb8909080 JavaThread "Daemon worker"                     [_thread_in_Java, id=24548, stack(0x00000023f2200000,0x00000023f2300000) (1024K)]
  0x000001ad9e9cc730 JavaThread "Asynchronous log dispatcher for DefaultDaemonConnection: socket connection from /127.0.0.1:54522 to /127.0.0.1:54525"        [_thread_blocked, id=24552, stack(0x00000023f2300000,0x00000023f2400000) (1024K)]
  0x000001adb893a370 JavaThread "Stdin handler"                     [_thread_blocked, id=24556, stack(0x00000023f2400000,0x00000023f2500000) (1024K)]
  0x000001adb893aa00 JavaThread "Daemon client event forwarder"        [_thread_blocked, id=24560, stack(0x00000023f2500000,0x00000023f2600000) (1024K)]
  0x000001adb893c440 JavaThread "Cache worker for journal cache (C:\Users\SBS\.gradle\caches\journal-1)"        [_thread_blocked, id=19340, stack(0x00000023f2600000,0x00000023f2700000) (1024K)]
  0x000001adb893cad0 JavaThread "File lock request listener"        [_thread_in_native, id=23032, stack(0x00000023f2700000,0x00000023f2800000) (1024K)]
  0x000001adb893d160 JavaThread "File lock release action executor"        [_thread_blocked, id=23572, stack(0x00000023f2800000,0x00000023f2900000) (1024K)]
  0x000001adb893b090 JavaThread "Cache worker for file hash cache (C:\Users\SBS\.gradle\caches\8.14\fileHashes)"        [_thread_blocked, id=24112, stack(0x00000023f2900000,0x00000023f2a00000) (1024K)]
  0x000001adb893b720 JavaThread "Cache worker for file hash cache (C:\Users\SBS\Desktop\start UP\wym\BACKEND\.gradle\8.14\fileHashes)"        [_thread_blocked, id=24352, stack(0x00000023f2b00000,0x00000023f2c00000) (1024K)]
  0x000001adb893bdb0 JavaThread "Cache worker for Build Output Cleanup Cache (C:\Users\SBS\Desktop\start UP\wym\BACKEND\.gradle\buildOutputCleanup)"        [_thread_blocked, id=24360, stack(0x00000023f2c00000,0x00000023f2d00000) (1024K)]
  0x000001adbad8a6c0 JavaThread "File watcher server"        daemon [_thread_in_native, id=21696, stack(0x00000023f2d00000,0x00000023f2e00000) (1024K)]
  0x000001adbad8c790 JavaThread "File watcher consumer"      daemon [_thread_blocked, id=20844, stack(0x00000023f2e00000,0x00000023f2f00000) (1024K)]
  0x000001adbad8d4b0 JavaThread "jar transforms"                    [_thread_blocked, id=25440, stack(0x00000023f2f00000,0x00000023f3000000) (1024K)]
  0x000001adbad8a030 JavaThread "jar transforms Thread 2"           [_thread_blocked, id=25584, stack(0x00000023f3000000,0x00000023f3100000) (1024K)]
  0x000001adbad8e1d0 JavaThread "File lock release action executor Thread 2"        [_thread_blocked, id=25592, stack(0x00000023f3100000,0x00000023f3200000) (1024K)]
  0x000001adbad8b3e0 JavaThread "Cache worker for checksums cache (C:\Users\SBS\Desktop\start UP\wym\BACKEND\.gradle\8.14\checksums)"        [_thread_blocked, id=22232, stack(0x00000023f0200000,0x00000023f0300000) (1024K)]
  0x000001adbad8ce20 JavaThread "Cache worker for file content cache (C:\Users\SBS\.gradle\caches\8.14\fileContent)"        [_thread_blocked, id=24084, stack(0x00000023f0300000,0x00000023f0400000) (1024K)]
Total: 34

Other Threads:
  0x000001ad9e1598b0 VMThread "VM Thread"                           [id=22956, stack(0x00000023f0b00000,0x00000023f0c00000) (1024K)]
  0x000001ad9e146bc0 WatcherThread "VM Periodic Task Thread"        [id=23216, stack(0x00000023f0a00000,0x00000023f0b00000) (1024K)]
  0x000001ad8122cec0 WorkerThread "GC Thread#0"                     [id=22944, stack(0x00000023f0500000,0x00000023f0600000) (1024K)]
  0x000001ad9e5e0c90 WorkerThread "GC Thread#1"                     [id=23500, stack(0x00000023f1600000,0x00000023f1700000) (1024K)]
  0x000001ad9e5e1030 WorkerThread "GC Thread#2"                     [id=23296, stack(0x00000023f1700000,0x00000023f1800000) (1024K)]
  0x000001ad9e3d9610 WorkerThread "GC Thread#3"                     [id=23420, stack(0x00000023f1800000,0x00000023f1900000) (1024K)]
  0x000001ad9e3d99b0 WorkerThread "GC Thread#4"                     [id=23416, stack(0x00000023f1900000,0x00000023f1a00000) (1024K)]
  0x000001ad9e3d9d50 WorkerThread "GC Thread#5"                     [id=23300, stack(0x00000023f1a00000,0x00000023f1b00000) (1024K)]
  0x000001adb8f6b080 WorkerThread "GC Thread#6"                     [id=21788, stack(0x00000023f1b00000,0x00000023f1c00000) (1024K)]
  0x000001adb8f78570 WorkerThread "GC Thread#7"                     [id=5612, stack(0x00000023f1c00000,0x00000023f1d00000) (1024K)]
  0x000001ad81231db0 ConcurrentGCThread "G1 Main Marker"            [id=22976, stack(0x00000023f0600000,0x00000023f0700000) (1024K)]
  0x000001ad81232fd0 WorkerThread "G1 Conc#0"                       [id=23232, stack(0x00000023f0700000,0x00000023f0800000) (1024K)]
  0x000001adb8975e60 WorkerThread "G1 Conc#1"                       [id=23188, stack(0x00000023f2a00000,0x00000023f2b00000) (1024K)]
  0x000001ad9e0155f0 ConcurrentGCThread "G1 Refine#0"               [id=23224, stack(0x00000023f0800000,0x00000023f0900000) (1024K)]
  0x000001ad9e015e10 ConcurrentGCThread "G1 Service"                [id=23208, stack(0x00000023f0900000,0x00000023f0a00000) (1024K)]
Total: 15

Threads with active compile tasks:
C2 CompilerThread0  104895 4765       4       java.lang.invoke.LambdaFormBuffer::endEdit (313 bytes)
Total: 1

VM state: not at safepoint (normal execution)

VM Mutex/Monitor currently owned by a thread: None

Heap address: 0x00000000e0000000, size: 512 MB, Compressed Oops mode: 32-bit

CDS archive(s) mapped at: [0x000001ad9f000000-0x000001ad9fc80000-0x000001ad9fc80000), size 13107200, SharedBaseAddress: 0x000001ad9f000000, ArchiveRelocationMode: 1.
Compressed class space mapped at: 0x000001ada0000000-0x000001adb4000000, reserved size: 335544320
Narrow klass base: 0x000001ad9f000000, Narrow klass shift: 0, Narrow klass range: 0x100000000

GC Precious Log:
 CardTable entry size: 512
 Card Set container configuration: InlinePtr #cards 5 size 8 Array Of Cards #cards 12 size 40 Howl #buckets 4 coarsen threshold 1843 Howl Bitmap #cards 512 size 80 coarsen threshold 460 Card regions per heap region 1 cards per card region 2048
 CPUs: 8 total, 8 available
 Memory: 7020M
 Large Page Support: Disabled
 NUMA Support: Disabled
 Compressed Oops: Enabled (32-bit)
 Heap Region Size: 1M
 Heap Min Capacity: 256M
 Heap Initial Capacity: 256M
 Heap Max Capacity: 512M
 Pre-touch: Disabled
 Parallel Workers: 8
 Concurrent Workers: 2
 Concurrent Refinement Workers: 8
 Periodic GC: Disabled

Heap:
 garbage-first heap   total 262144K, used 45659K [0x00000000e0000000, 0x0000000100000000)
  region size 1024K, 15 young (15360K), 1 survivors (1024K)
 Metaspace       used 36892K, committed 38080K, reserved 393216K
  class space    used 5177K, committed 5760K, reserved 327680K

Heap Regions: E=young(eden), S=young(survivor), O=old, HS=humongous(starts), HC=humongous(continues), CS=collection set, F=free, TAMS=top-at-mark-start, PB=parsable bottom
|   0|0x00000000e0000000, 0x00000000e0100000, 0x00000000e0100000|100%|HS|  |TAMS 0x00000000e0000000| PB 0x00000000e0000000| Complete 
|   1|0x00000000e0100000, 0x00000000e0200000, 0x00000000e0200000|100%|HC|  |TAMS 0x00000000e0100000| PB 0x00000000e0100000| Complete 
|   2|0x00000000e0200000, 0x00000000e0300000, 0x00000000e0300000|100%|HC|  |TAMS 0x00000000e0200000| PB 0x00000000e0200000| Complete 
|   3|0x00000000e0300000, 0x00000000e0400000, 0x00000000e0400000|100%| O|  |TAMS 0x00000000e0300000| PB 0x00000000e0300000| Untracked 
|   4|0x00000000e0400000, 0x00000000e0500000, 0x00000000e0500000|100%| O|  |TAMS 0x00000000e0400000| PB 0x00000000e0400000| Untracked 
|   5|0x00000000e0500000, 0x00000000e0600000, 0x00000000e0600000|100%| O|  |TAMS 0x00000000e0500000| PB 0x00000000e0500000| Untracked 
|   6|0x00000000e0600000, 0x00000000e0700000, 0x00000000e0700000|100%|HS|  |TAMS 0x00000000e0600000| PB 0x00000000e0600000| Complete 
|   7|0x00000000e0700000, 0x00000000e0800000, 0x00000000e0800000|100%| O|  |TAMS 0x00000000e0700000| PB 0x00000000e0700000| Untracked 
|   8|0x00000000e0800000, 0x00000000e0800000, 0x00000000e0900000|  0%| F|  |TAMS 0x00000000e0800000| PB 0x00000000e0800000| Untracked 
|   9|0x00000000e0900000, 0x00000000e0a00000, 0x00000000e0a00000|100%| O|  |TAMS 0x00000000e0900000| PB 0x00000000e0900000| Untracked 
|  10|0x00000000e0a00000, 0x00000000e0b00000, 0x00000000e0b00000|100%| O|  |TAMS 0x00000000e0a00000| PB 0x00000000e0a00000| Untracked 
|  11|0x00000000e0b00000, 0x00000000e0c00000, 0x00000000e0c00000|100%| O|  |TAMS 0x00000000e0b00000| PB 0x00000000e0b00000| Untracked 
|  12|0x00000000e0c00000, 0x00000000e0d00000, 0x00000000e0d00000|100%| O|  |TAMS 0x00000000e0c00000| PB 0x00000000e0c00000| Untracked 
|  13|0x00000000e0d00000, 0x00000000e0e00000, 0x00000000e0e00000|100%| O|  |TAMS 0x00000000e0d00000| PB 0x00000000e0d00000| Untracked 
|  14|0x00000000e0e00000, 0x00000000e0f00000, 0x00000000e0f00000|100%| O|  |TAMS 0x00000000e0e00000| PB 0x00000000e0e00000| Untracked 
|  15|0x00000000e0f00000, 0x00000000e1000000, 0x00000000e1000000|100%| O|  |TAMS 0x00000000e0f00000| PB 0x00000000e0f00000| Untracked 
|  16|0x00000000e1000000, 0x00000000e1100000, 0x00000000e1100000|100%| O|  |TAMS 0x00000000e1000000| PB 0x00000000e1000000| Untracked 
|  17|0x00000000e1100000, 0x00000000e1200000, 0x00000000e1200000|100%| O|  |TAMS 0x00000000e1100000| PB 0x00000000e1100000| Untracked 
|  18|0x00000000e1200000, 0x00000000e1300000, 0x00000000e1300000|100%| O|  |TAMS 0x00000000e1200000| PB 0x00000000e1200000| Untracked 
|  19|0x00000000e1300000, 0x00000000e1400000, 0x00000000e1400000|100%| O|  |TAMS 0x00000000e1300000| PB 0x00000000e1300000| Untracked 
|  20|0x00000000e1400000, 0x00000000e1500000, 0x00000000e1500000|100%| O|  |TAMS 0x00000000e1400000| PB 0x00000000e1400000| Untracked 
|  21|0x00000000e1500000, 0x00000000e1600000, 0x00000000e1600000|100%| O|  |TAMS 0x00000000e1500000| PB 0x00000000e1500000| Untracked 
|  22|0x00000000e1600000, 0x00000000e1700000, 0x00000000e1700000|100%| O|  |TAMS 0x00000000e1600000| PB 0x00000000e1600000| Untracked 
|  23|0x00000000e1700000, 0x00000000e1800000, 0x00000000e1800000|100%| O|  |TAMS 0x00000000e1700000| PB 0x00000000e1700000| Untracked 
|  24|0x00000000e1800000, 0x00000000e1900000, 0x00000000e1900000|100%| O|  |TAMS 0x00000000e1800000| PB 0x00000000e1800000| Untracked 
|  25|0x00000000e1900000, 0x00000000e1a00000, 0x00000000e1a00000|100%| O|  |TAMS 0x00000000e1900000| PB 0x00000000e1900000| Untracked 
|  26|0x00000000e1a00000, 0x00000000e1b00000, 0x00000000e1b00000|100%| O|  |TAMS 0x00000000e1a00000| PB 0x00000000e1a00000| Untracked 
|  27|0x00000000e1b00000, 0x00000000e1c00000, 0x00000000e1c00000|100%| O|  |TAMS 0x00000000e1b00000| PB 0x00000000e1b00000| Untracked 
|  28|0x00000000e1c00000, 0x00000000e1d00000, 0x00000000e1d00000|100%| O|Cm|TAMS 0x00000000e1c00000| PB 0x00000000e1c00000| Complete 
|  29|0x00000000e1d00000, 0x00000000e1e00000, 0x00000000e1e00000|100%| O|  |TAMS 0x00000000e1d00000| PB 0x00000000e1d00000| Untracked 
|  30|0x00000000e1e00000, 0x00000000e1f00000, 0x00000000e1f00000|100%| O|  |TAMS 0x00000000e1e00000| PB 0x00000000e1e00000| Untracked 
|  31|0x00000000e1f00000, 0x00000000e1f9bf50, 0x00000000e2000000| 60%| O|  |TAMS 0x00000000e1f00000| PB 0x00000000e1f00000| Untracked 
|  32|0x00000000e2000000, 0x00000000e2000000, 0x00000000e2100000|  0%| F|  |TAMS 0x00000000e2000000| PB 0x00000000e2000000| Untracked 
|  33|0x00000000e2100000, 0x00000000e2100000, 0x00000000e2200000|  0%| F|  |TAMS 0x00000000e2100000| PB 0x00000000e2100000| Untracked 
|  34|0x00000000e2200000, 0x00000000e2200000, 0x00000000e2300000|  0%| F|  |TAMS 0x00000000e2200000| PB 0x00000000e2200000| Untracked 
|  35|0x00000000e2300000, 0x00000000e2300000, 0x00000000e2400000|  0%| F|  |TAMS 0x00000000e2300000| PB 0x00000000e2300000| Untracked 
|  36|0x00000000e2400000, 0x00000000e2400000, 0x00000000e2500000|  0%| F|  |TAMS 0x00000000e2400000| PB 0x00000000e2400000| Untracked 
|  37|0x00000000e2500000, 0x00000000e2500000, 0x00000000e2600000|  0%| F|  |TAMS 0x00000000e2500000| PB 0x00000000e2500000| Untracked 
|  38|0x00000000e2600000, 0x00000000e2600000, 0x00000000e2700000|  0%| F|  |TAMS 0x00000000e2600000| PB 0x00000000e2600000| Untracked 
|  39|0x00000000e2700000, 0x00000000e2700000, 0x00000000e2800000|  0%| F|  |TAMS 0x00000000e2700000| PB 0x00000000e2700000| Untracked 
|  40|0x00000000e2800000, 0x00000000e2800000, 0x00000000e2900000|  0%| F|  |TAMS 0x00000000e2800000| PB 0x00000000e2800000| Untracked 
|  41|0x00000000e2900000, 0x00000000e2900000, 0x00000000e2a00000|  0%| F|  |TAMS 0x00000000e2900000| PB 0x00000000e2900000| Untracked 
|  42|0x00000000e2a00000, 0x00000000e2a00000, 0x00000000e2b00000|  0%| F|  |TAMS 0x00000000e2a00000| PB 0x00000000e2a00000| Untracked 
|  43|0x00000000e2b00000, 0x00000000e2b00000, 0x00000000e2c00000|  0%| F|  |TAMS 0x00000000e2b00000| PB 0x00000000e2b00000| Untracked 
|  44|0x00000000e2c00000, 0x00000000e2c00000, 0x00000000e2d00000|  0%| F|  |TAMS 0x00000000e2c00000| PB 0x00000000e2c00000| Untracked 
|  45|0x00000000e2d00000, 0x00000000e2d00000, 0x00000000e2e00000|  0%| F|  |TAMS 0x00000000e2d00000| PB 0x00000000e2d00000| Untracked 
|  46|0x00000000e2e00000, 0x00000000e2e00000, 0x00000000e2f00000|  0%| F|  |TAMS 0x00000000e2e00000| PB 0x00000000e2e00000| Untracked 
|  47|0x00000000e2f00000, 0x00000000e2f00000, 0x00000000e3000000|  0%| F|  |TAMS 0x00000000e2f00000| PB 0x00000000e2f00000| Untracked 
|  48|0x00000000e3000000, 0x00000000e3000000, 0x00000000e3100000|  0%| F|  |TAMS 0x00000000e3000000| PB 0x00000000e3000000| Untracked 
|  49|0x00000000e3100000, 0x00000000e3100000, 0x00000000e3200000|  0%| F|  |TAMS 0x00000000e3100000| PB 0x00000000e3100000| Untracked 
|  50|0x00000000e3200000, 0x00000000e3200000, 0x00000000e3300000|  0%| F|  |TAMS 0x00000000e3200000| PB 0x00000000e3200000| Untracked 
|  51|0x00000000e3300000, 0x00000000e3300000, 0x00000000e3400000|  0%| F|  |TAMS 0x00000000e3300000| PB 0x00000000e3300000| Untracked 
|  52|0x00000000e3400000, 0x00000000e3400000, 0x00000000e3500000|  0%| F|  |TAMS 0x00000000e3400000| PB 0x00000000e3400000| Untracked 
|  53|0x00000000e3500000, 0x00000000e3500000, 0x00000000e3600000|  0%| F|  |TAMS 0x00000000e3500000| PB 0x00000000e3500000| Untracked 
|  54|0x00000000e3600000, 0x00000000e3600000, 0x00000000e3700000|  0%| F|  |TAMS 0x00000000e3600000| PB 0x00000000e3600000| Untracked 
|  55|0x00000000e3700000, 0x00000000e3700000, 0x00000000e3800000|  0%| F|  |TAMS 0x00000000e3700000| PB 0x00000000e3700000| Untracked 
|  56|0x00000000e3800000, 0x00000000e3800000, 0x00000000e3900000|  0%| F|  |TAMS 0x00000000e3800000| PB 0x00000000e3800000| Untracked 
|  57|0x00000000e3900000, 0x00000000e3900000, 0x00000000e3a00000|  0%| F|  |TAMS 0x00000000e3900000| PB 0x00000000e3900000| Untracked 
|  58|0x00000000e3a00000, 0x00000000e3a00000, 0x00000000e3b00000|  0%| F|  |TAMS 0x00000000e3a00000| PB 0x00000000e3a00000| Untracked 
|  59|0x00000000e3b00000, 0x00000000e3b00000, 0x00000000e3c00000|  0%| F|  |TAMS 0x00000000e3b00000| PB 0x00000000e3b00000| Untracked 
|  60|0x00000000e3c00000, 0x00000000e3c00000, 0x00000000e3d00000|  0%| F|  |TAMS 0x00000000e3c00000| PB 0x00000000e3c00000| Untracked 
|  61|0x00000000e3d00000, 0x00000000e3d00000, 0x00000000e3e00000|  0%| F|  |TAMS 0x00000000e3d00000| PB 0x00000000e3d00000| Untracked 
|  62|0x00000000e3e00000, 0x00000000e3e00000, 0x00000000e3f00000|  0%| F|  |TAMS 0x00000000e3e00000| PB 0x00000000e3e00000| Untracked 
|  63|0x00000000e3f00000, 0x00000000e3f00000, 0x00000000e4000000|  0%| F|  |TAMS 0x00000000e3f00000| PB 0x00000000e3f00000| Untracked 
|  64|0x00000000e4000000, 0x00000000e4000000, 0x00000000e4100000|  0%| F|  |TAMS 0x00000000e4000000| PB 0x00000000e4000000| Untracked 
|  65|0x00000000e4100000, 0x00000000e4100000, 0x00000000e4200000|  0%| F|  |TAMS 0x00000000e4100000| PB 0x00000000e4100000| Untracked 
|  66|0x00000000e4200000, 0x00000000e4200000, 0x00000000e4300000|  0%| F|  |TAMS 0x00000000e4200000| PB 0x00000000e4200000| Untracked 
|  67|0x00000000e4300000, 0x00000000e4300000, 0x00000000e4400000|  0%| F|  |TAMS 0x00000000e4300000| PB 0x00000000e4300000| Untracked 
|  68|0x00000000e4400000, 0x00000000e4400000, 0x00000000e4500000|  0%| F|  |TAMS 0x00000000e4400000| PB 0x00000000e4400000| Untracked 
|  69|0x00000000e4500000, 0x00000000e4500000, 0x00000000e4600000|  0%| F|  |TAMS 0x00000000e4500000| PB 0x00000000e4500000| Untracked 
|  70|0x00000000e4600000, 0x00000000e4600000, 0x00000000e4700000|  0%| F|  |TAMS 0x00000000e4600000| PB 0x00000000e4600000| Untracked 
|  71|0x00000000e4700000, 0x00000000e4700000, 0x00000000e4800000|  0%| F|  |TAMS 0x00000000e4700000| PB 0x00000000e4700000| Untracked 
|  72|0x00000000e4800000, 0x00000000e4800000, 0x00000000e4900000|  0%| F|  |TAMS 0x00000000e4800000| PB 0x00000000e4800000| Untracked 
|  73|0x00000000e4900000, 0x00000000e4900000, 0x00000000e4a00000|  0%| F|  |TAMS 0x00000000e4900000| PB 0x00000000e4900000| Untracked 
|  74|0x00000000e4a00000, 0x00000000e4a00000, 0x00000000e4b00000|  0%| F|  |TAMS 0x00000000e4a00000| PB 0x00000000e4a00000| Untracked 
|  75|0x00000000e4b00000, 0x00000000e4b00000, 0x00000000e4c00000|  0%| F|  |TAMS 0x00000000e4b00000| PB 0x00000000e4b00000| Untracked 
|  76|0x00000000e4c00000, 0x00000000e4c00000, 0x00000000e4d00000|  0%| F|  |TAMS 0x00000000e4c00000| PB 0x00000000e4c00000| Untracked 
|  77|0x00000000e4d00000, 0x00000000e4d00000, 0x00000000e4e00000|  0%| F|  |TAMS 0x00000000e4d00000| PB 0x00000000e4d00000| Untracked 
|  78|0x00000000e4e00000, 0x00000000e4e00000, 0x00000000e4f00000|  0%| F|  |TAMS 0x00000000e4e00000| PB 0x00000000e4e00000| Untracked 
|  79|0x00000000e4f00000, 0x00000000e4f00000, 0x00000000e5000000|  0%| F|  |TAMS 0x00000000e4f00000| PB 0x00000000e4f00000| Untracked 
|  80|0x00000000e5000000, 0x00000000e5000000, 0x00000000e5100000|  0%| F|  |TAMS 0x00000000e5000000| PB 0x00000000e5000000| Untracked 
|  81|0x00000000e5100000, 0x00000000e5100000, 0x00000000e5200000|  0%| F|  |TAMS 0x00000000e5100000| PB 0x00000000e5100000| Untracked 
|  82|0x00000000e5200000, 0x00000000e5200000, 0x00000000e5300000|  0%| F|  |TAMS 0x00000000e5200000| PB 0x00000000e5200000| Untracked 
|  83|0x00000000e5300000, 0x00000000e5300000, 0x00000000e5400000|  0%| F|  |TAMS 0x00000000e5300000| PB 0x00000000e5300000| Untracked 
|  84|0x00000000e5400000, 0x00000000e5400000, 0x00000000e5500000|  0%| F|  |TAMS 0x00000000e5400000| PB 0x00000000e5400000| Untracked 
|  85|0x00000000e5500000, 0x00000000e5500000, 0x00000000e5600000|  0%| F|  |TAMS 0x00000000e5500000| PB 0x00000000e5500000| Untracked 
|  86|0x00000000e5600000, 0x00000000e5600000, 0x00000000e5700000|  0%| F|  |TAMS 0x00000000e5600000| PB 0x00000000e5600000| Untracked 
|  87|0x00000000e5700000, 0x00000000e5700000, 0x00000000e5800000|  0%| F|  |TAMS 0x00000000e5700000| PB 0x00000000e5700000| Untracked 
|  88|0x00000000e5800000, 0x00000000e5800000, 0x00000000e5900000|  0%| F|  |TAMS 0x00000000e5800000| PB 0x00000000e5800000| Untracked 
|  89|0x00000000e5900000, 0x00000000e5900000, 0x00000000e5a00000|  0%| F|  |TAMS 0x00000000e5900000| PB 0x00000000e5900000| Untracked 
|  90|0x00000000e5a00000, 0x00000000e5a00000, 0x00000000e5b00000|  0%| F|  |TAMS 0x00000000e5a00000| PB 0x00000000e5a00000| Untracked 
|  91|0x00000000e5b00000, 0x00000000e5b00000, 0x00000000e5c00000|  0%| F|  |TAMS 0x00000000e5b00000| PB 0x00000000e5b00000| Untracked 
|  92|0x00000000e5c00000, 0x00000000e5c00000, 0x00000000e5d00000|  0%| F|  |TAMS 0x00000000e5c00000| PB 0x00000000e5c00000| Untracked 
|  93|0x00000000e5d00000, 0x00000000e5d00000, 0x00000000e5e00000|  0%| F|  |TAMS 0x00000000e5d00000| PB 0x00000000e5d00000| Untracked 
|  94|0x00000000e5e00000, 0x00000000e5e00000, 0x00000000e5f00000|  0%| F|  |TAMS 0x00000000e5e00000| PB 0x00000000e5e00000| Untracked 
|  95|0x00000000e5f00000, 0x00000000e5f00000, 0x00000000e6000000|  0%| F|  |TAMS 0x00000000e5f00000| PB 0x00000000e5f00000| Untracked 
|  96|0x00000000e6000000, 0x00000000e6000000, 0x00000000e6100000|  0%| F|  |TAMS 0x00000000e6000000| PB 0x00000000e6000000| Untracked 
|  97|0x00000000e6100000, 0x00000000e6100000, 0x00000000e6200000|  0%| F|  |TAMS 0x00000000e6100000| PB 0x00000000e6100000| Untracked 
|  98|0x00000000e6200000, 0x00000000e6200000, 0x00000000e6300000|  0%| F|  |TAMS 0x00000000e6200000| PB 0x00000000e6200000| Untracked 
|  99|0x00000000e6300000, 0x00000000e6300000, 0x00000000e6400000|  0%| F|  |TAMS 0x00000000e6300000| PB 0x00000000e6300000| Untracked 
| 100|0x00000000e6400000, 0x00000000e6400000, 0x00000000e6500000|  0%| F|  |TAMS 0x00000000e6400000| PB 0x00000000e6400000| Untracked 
| 101|0x00000000e6500000, 0x00000000e6500000, 0x00000000e6600000|  0%| F|  |TAMS 0x00000000e6500000| PB 0x00000000e6500000| Untracked 
| 102|0x00000000e6600000, 0x00000000e6600000, 0x00000000e6700000|  0%| F|  |TAMS 0x00000000e6600000| PB 0x00000000e6600000| Untracked 
| 103|0x00000000e6700000, 0x00000000e6700000, 0x00000000e6800000|  0%| F|  |TAMS 0x00000000e6700000| PB 0x00000000e6700000| Untracked 
| 104|0x00000000e6800000, 0x00000000e6800000, 0x00000000e6900000|  0%| F|  |TAMS 0x00000000e6800000| PB 0x00000000e6800000| Untracked 
| 105|0x00000000e6900000, 0x00000000e6900000, 0x00000000e6a00000|  0%| F|  |TAMS 0x00000000e6900000| PB 0x00000000e6900000| Untracked 
| 106|0x00000000e6a00000, 0x00000000e6a00000, 0x00000000e6b00000|  0%| F|  |TAMS 0x00000000e6a00000| PB 0x00000000e6a00000| Untracked 
| 107|0x00000000e6b00000, 0x00000000e6b00000, 0x00000000e6c00000|  0%| F|  |TAMS 0x00000000e6b00000| PB 0x00000000e6b00000| Untracked 
| 108|0x00000000e6c00000, 0x00000000e6c00000, 0x00000000e6d00000|  0%| F|  |TAMS 0x00000000e6c00000| PB 0x00000000e6c00000| Untracked 
| 109|0x00000000e6d00000, 0x00000000e6d00000, 0x00000000e6e00000|  0%| F|  |TAMS 0x00000000e6d00000| PB 0x00000000e6d00000| Untracked 
| 110|0x00000000e6e00000, 0x00000000e6e00000, 0x00000000e6f00000|  0%| F|  |TAMS 0x00000000e6e00000| PB 0x00000000e6e00000| Untracked 
| 111|0x00000000e6f00000, 0x00000000e6f00000, 0x00000000e7000000|  0%| F|  |TAMS 0x00000000e6f00000| PB 0x00000000e6f00000| Untracked 
| 112|0x00000000e7000000, 0x00000000e7000000, 0x00000000e7100000|  0%| F|  |TAMS 0x00000000e7000000| PB 0x00000000e7000000| Untracked 
| 113|0x00000000e7100000, 0x00000000e7100000, 0x00000000e7200000|  0%| F|  |TAMS 0x00000000e7100000| PB 0x00000000e7100000| Untracked 
| 114|0x00000000e7200000, 0x00000000e7200000, 0x00000000e7300000|  0%| F|  |TAMS 0x00000000e7200000| PB 0x00000000e7200000| Untracked 
| 115|0x00000000e7300000, 0x00000000e7300000, 0x00000000e7400000|  0%| F|  |TAMS 0x00000000e7300000| PB 0x00000000e7300000| Untracked 
| 116|0x00000000e7400000, 0x00000000e7400000, 0x00000000e7500000|  0%| F|  |TAMS 0x00000000e7400000| PB 0x00000000e7400000| Untracked 
| 117|0x00000000e7500000, 0x00000000e7500000, 0x00000000e7600000|  0%| F|  |TAMS 0x00000000e7500000| PB 0x00000000e7500000| Untracked 
| 118|0x00000000e7600000, 0x00000000e7600000, 0x00000000e7700000|  0%| F|  |TAMS 0x00000000e7600000| PB 0x00000000e7600000| Untracked 
| 119|0x00000000e7700000, 0x00000000e7700000, 0x00000000e7800000|  0%| F|  |TAMS 0x00000000e7700000| PB 0x00000000e7700000| Untracked 
| 120|0x00000000e7800000, 0x00000000e7800000, 0x00000000e7900000|  0%| F|  |TAMS 0x00000000e7800000| PB 0x00000000e7800000| Untracked 
| 121|0x00000000e7900000, 0x00000000e7900000, 0x00000000e7a00000|  0%| F|  |TAMS 0x00000000e7900000| PB 0x00000000e7900000| Untracked 
| 122|0x00000000e7a00000, 0x00000000e7a00000, 0x00000000e7b00000|  0%| F|  |TAMS 0x00000000e7a00000| PB 0x00000000e7a00000| Untracked 
| 123|0x00000000e7b00000, 0x00000000e7b00000, 0x00000000e7c00000|  0%| F|  |TAMS 0x00000000e7b00000| PB 0x00000000e7b00000| Untracked 
| 124|0x00000000e7c00000, 0x00000000e7c00000, 0x00000000e7d00000|  0%| F|  |TAMS 0x00000000e7c00000| PB 0x00000000e7c00000| Untracked 
| 125|0x00000000e7d00000, 0x00000000e7d00000, 0x00000000e7e00000|  0%| F|  |TAMS 0x00000000e7d00000| PB 0x00000000e7d00000| Untracked 
| 126|0x00000000e7e00000, 0x00000000e7e00000, 0x00000000e7f00000|  0%| F|  |TAMS 0x00000000e7e00000| PB 0x00000000e7e00000| Untracked 
| 127|0x00000000e7f00000, 0x00000000e7f00000, 0x00000000e8000000|  0%| F|  |TAMS 0x00000000e7f00000| PB 0x00000000e7f00000| Untracked 
| 128|0x00000000e8000000, 0x00000000e8000000, 0x00000000e8100000|  0%| F|  |TAMS 0x00000000e8000000| PB 0x00000000e8000000| Untracked 
| 129|0x00000000e8100000, 0x00000000e8100000, 0x00000000e8200000|  0%| F|  |TAMS 0x00000000e8100000| PB 0x00000000e8100000| Untracked 
| 130|0x00000000e8200000, 0x00000000e8200000, 0x00000000e8300000|  0%| F|  |TAMS 0x00000000e8200000| PB 0x00000000e8200000| Untracked 
| 131|0x00000000e8300000, 0x00000000e8300000, 0x00000000e8400000|  0%| F|  |TAMS 0x00000000e8300000| PB 0x00000000e8300000| Untracked 
| 132|0x00000000e8400000, 0x00000000e8400000, 0x00000000e8500000|  0%| F|  |TAMS 0x00000000e8400000| PB 0x00000000e8400000| Untracked 
| 133|0x00000000e8500000, 0x00000000e8500000, 0x00000000e8600000|  0%| F|  |TAMS 0x00000000e8500000| PB 0x00000000e8500000| Untracked 
| 134|0x00000000e8600000, 0x00000000e8600000, 0x00000000e8700000|  0%| F|  |TAMS 0x00000000e8600000| PB 0x00000000e8600000| Untracked 
| 135|0x00000000e8700000, 0x00000000e8700000, 0x00000000e8800000|  0%| F|  |TAMS 0x00000000e8700000| PB 0x00000000e8700000| Untracked 
| 136|0x00000000e8800000, 0x00000000e8800000, 0x00000000e8900000|  0%| F|  |TAMS 0x00000000e8800000| PB 0x00000000e8800000| Untracked 
| 137|0x00000000e8900000, 0x00000000e8900000, 0x00000000e8a00000|  0%| F|  |TAMS 0x00000000e8900000| PB 0x00000000e8900000| Untracked 
| 138|0x00000000e8a00000, 0x00000000e8a00000, 0x00000000e8b00000|  0%| F|  |TAMS 0x00000000e8a00000| PB 0x00000000e8a00000| Untracked 
| 139|0x00000000e8b00000, 0x00000000e8b00000, 0x00000000e8c00000|  0%| F|  |TAMS 0x00000000e8b00000| PB 0x00000000e8b00000| Untracked 
| 140|0x00000000e8c00000, 0x00000000e8c00000, 0x00000000e8d00000|  0%| F|  |TAMS 0x00000000e8c00000| PB 0x00000000e8c00000| Untracked 
| 141|0x00000000e8d00000, 0x00000000e8d00000, 0x00000000e8e00000|  0%| F|  |TAMS 0x00000000e8d00000| PB 0x00000000e8d00000| Untracked 
| 142|0x00000000e8e00000, 0x00000000e8e00000, 0x00000000e8f00000|  0%| F|  |TAMS 0x00000000e8e00000| PB 0x00000000e8e00000| Untracked 
| 143|0x00000000e8f00000, 0x00000000e8f00000, 0x00000000e9000000|  0%| F|  |TAMS 0x00000000e8f00000| PB 0x00000000e8f00000| Untracked 
| 144|0x00000000e9000000, 0x00000000e9000000, 0x00000000e9100000|  0%| F|  |TAMS 0x00000000e9000000| PB 0x00000000e9000000| Untracked 
| 145|0x00000000e9100000, 0x00000000e9100000, 0x00000000e9200000|  0%| F|  |TAMS 0x00000000e9100000| PB 0x00000000e9100000| Untracked 
| 146|0x00000000e9200000, 0x00000000e9200000, 0x00000000e9300000|  0%| F|  |TAMS 0x00000000e9200000| PB 0x00000000e9200000| Untracked 
| 147|0x00000000e9300000, 0x00000000e9300000, 0x00000000e9400000|  0%| F|  |TAMS 0x00000000e9300000| PB 0x00000000e9300000| Untracked 
| 148|0x00000000e9400000, 0x00000000e9400000, 0x00000000e9500000|  0%| F|  |TAMS 0x00000000e9400000| PB 0x00000000e9400000| Untracked 
| 149|0x00000000e9500000, 0x00000000e9500000, 0x00000000e9600000|  0%| F|  |TAMS 0x00000000e9500000| PB 0x00000000e9500000| Untracked 
| 150|0x00000000e9600000, 0x00000000e9600000, 0x00000000e9700000|  0%| F|  |TAMS 0x00000000e9600000| PB 0x00000000e9600000| Untracked 
| 151|0x00000000e9700000, 0x00000000e9700000, 0x00000000e9800000|  0%| F|  |TAMS 0x00000000e9700000| PB 0x00000000e9700000| Untracked 
| 152|0x00000000e9800000, 0x00000000e9800000, 0x00000000e9900000|  0%| F|  |TAMS 0x00000000e9800000| PB 0x00000000e9800000| Untracked 
| 153|0x00000000e9900000, 0x00000000e9900000, 0x00000000e9a00000|  0%| F|  |TAMS 0x00000000e9900000| PB 0x00000000e9900000| Untracked 
| 154|0x00000000e9a00000, 0x00000000e9a00000, 0x00000000e9b00000|  0%| F|  |TAMS 0x00000000e9a00000| PB 0x00000000e9a00000| Untracked 
| 155|0x00000000e9b00000, 0x00000000e9b00000, 0x00000000e9c00000|  0%| F|  |TAMS 0x00000000e9b00000| PB 0x00000000e9b00000| Untracked 
| 156|0x00000000e9c00000, 0x00000000e9c00000, 0x00000000e9d00000|  0%| F|  |TAMS 0x00000000e9c00000| PB 0x00000000e9c00000| Untracked 
| 157|0x00000000e9d00000, 0x00000000e9d00000, 0x00000000e9e00000|  0%| F|  |TAMS 0x00000000e9d00000| PB 0x00000000e9d00000| Untracked 
| 158|0x00000000e9e00000, 0x00000000e9e00000, 0x00000000e9f00000|  0%| F|  |TAMS 0x00000000e9e00000| PB 0x00000000e9e00000| Untracked 
| 159|0x00000000e9f00000, 0x00000000e9f00000, 0x00000000ea000000|  0%| F|  |TAMS 0x00000000e9f00000| PB 0x00000000e9f00000| Untracked 
| 160|0x00000000ea000000, 0x00000000ea000000, 0x00000000ea100000|  0%| F|  |TAMS 0x00000000ea000000| PB 0x00000000ea000000| Untracked 
| 161|0x00000000ea100000, 0x00000000ea100000, 0x00000000ea200000|  0%| F|  |TAMS 0x00000000ea100000| PB 0x00000000ea100000| Untracked 
| 162|0x00000000ea200000, 0x00000000ea200000, 0x00000000ea300000|  0%| F|  |TAMS 0x00000000ea200000| PB 0x00000000ea200000| Untracked 
| 163|0x00000000ea300000, 0x00000000ea300000, 0x00000000ea400000|  0%| F|  |TAMS 0x00000000ea300000| PB 0x00000000ea300000| Untracked 
| 164|0x00000000ea400000, 0x00000000ea400000, 0x00000000ea500000|  0%| F|  |TAMS 0x00000000ea400000| PB 0x00000000ea400000| Untracked 
| 165|0x00000000ea500000, 0x00000000ea500000, 0x00000000ea600000|  0%| F|  |TAMS 0x00000000ea500000| PB 0x00000000ea500000| Untracked 
| 166|0x00000000ea600000, 0x00000000ea600000, 0x00000000ea700000|  0%| F|  |TAMS 0x00000000ea600000| PB 0x00000000ea600000| Untracked 
| 167|0x00000000ea700000, 0x00000000ea700000, 0x00000000ea800000|  0%| F|  |TAMS 0x00000000ea700000| PB 0x00000000ea700000| Untracked 
| 168|0x00000000ea800000, 0x00000000ea800000, 0x00000000ea900000|  0%| F|  |TAMS 0x00000000ea800000| PB 0x00000000ea800000| Untracked 
| 169|0x00000000ea900000, 0x00000000ea900000, 0x00000000eaa00000|  0%| F|  |TAMS 0x00000000ea900000| PB 0x00000000ea900000| Untracked 
| 170|0x00000000eaa00000, 0x00000000eaa00000, 0x00000000eab00000|  0%| F|  |TAMS 0x00000000eaa00000| PB 0x00000000eaa00000| Untracked 
| 171|0x00000000eab00000, 0x00000000eab00000, 0x00000000eac00000|  0%| F|  |TAMS 0x00000000eab00000| PB 0x00000000eab00000| Untracked 
| 172|0x00000000eac00000, 0x00000000eac00000, 0x00000000ead00000|  0%| F|  |TAMS 0x00000000eac00000| PB 0x00000000eac00000| Untracked 
| 173|0x00000000ead00000, 0x00000000ead00000, 0x00000000eae00000|  0%| F|  |TAMS 0x00000000ead00000| PB 0x00000000ead00000| Untracked 
| 174|0x00000000eae00000, 0x00000000eae00000, 0x00000000eaf00000|  0%| F|  |TAMS 0x00000000eae00000| PB 0x00000000eae00000| Untracked 
| 175|0x00000000eaf00000, 0x00000000eaf00000, 0x00000000eb000000|  0%| F|  |TAMS 0x00000000eaf00000| PB 0x00000000eaf00000| Untracked 
| 176|0x00000000eb000000, 0x00000000eb000000, 0x00000000eb100000|  0%| F|  |TAMS 0x00000000eb000000| PB 0x00000000eb000000| Untracked 
| 177|0x00000000eb100000, 0x00000000eb100000, 0x00000000eb200000|  0%| F|  |TAMS 0x00000000eb100000| PB 0x00000000eb100000| Untracked 
| 178|0x00000000eb200000, 0x00000000eb200000, 0x00000000eb300000|  0%| F|  |TAMS 0x00000000eb200000| PB 0x00000000eb200000| Untracked 
| 179|0x00000000eb300000, 0x00000000eb300000, 0x00000000eb400000|  0%| F|  |TAMS 0x00000000eb300000| PB 0x00000000eb300000| Untracked 
| 180|0x00000000eb400000, 0x00000000eb400000, 0x00000000eb500000|  0%| F|  |TAMS 0x00000000eb400000| PB 0x00000000eb400000| Untracked 
| 181|0x00000000eb500000, 0x00000000eb500000, 0x00000000eb600000|  0%| F|  |TAMS 0x00000000eb500000| PB 0x00000000eb500000| Untracked 
| 182|0x00000000eb600000, 0x00000000eb600000, 0x00000000eb700000|  0%| F|  |TAMS 0x00000000eb600000| PB 0x00000000eb600000| Untracked 
| 183|0x00000000eb700000, 0x00000000eb700000, 0x00000000eb800000|  0%| F|  |TAMS 0x00000000eb700000| PB 0x00000000eb700000| Untracked 
| 184|0x00000000eb800000, 0x00000000eb800000, 0x00000000eb900000|  0%| F|  |TAMS 0x00000000eb800000| PB 0x00000000eb800000| Untracked 
| 185|0x00000000eb900000, 0x00000000eb900000, 0x00000000eba00000|  0%| F|  |TAMS 0x00000000eb900000| PB 0x00000000eb900000| Untracked 
| 186|0x00000000eba00000, 0x00000000eba00000, 0x00000000ebb00000|  0%| F|  |TAMS 0x00000000eba00000| PB 0x00000000eba00000| Untracked 
| 187|0x00000000ebb00000, 0x00000000ebb00000, 0x00000000ebc00000|  0%| F|  |TAMS 0x00000000ebb00000| PB 0x00000000ebb00000| Untracked 
| 188|0x00000000ebc00000, 0x00000000ebc00000, 0x00000000ebd00000|  0%| F|  |TAMS 0x00000000ebc00000| PB 0x00000000ebc00000| Untracked 
| 189|0x00000000ebd00000, 0x00000000ebd00000, 0x00000000ebe00000|  0%| F|  |TAMS 0x00000000ebd00000| PB 0x00000000ebd00000| Untracked 
| 190|0x00000000ebe00000, 0x00000000ebe00000, 0x00000000ebf00000|  0%| F|  |TAMS 0x00000000ebe00000| PB 0x00000000ebe00000| Untracked 
| 191|0x00000000ebf00000, 0x00000000ebf00000, 0x00000000ec000000|  0%| F|  |TAMS 0x00000000ebf00000| PB 0x00000000ebf00000| Untracked 
| 192|0x00000000ec000000, 0x00000000ec000000, 0x00000000ec100000|  0%| F|  |TAMS 0x00000000ec000000| PB 0x00000000ec000000| Untracked 
| 193|0x00000000ec100000, 0x00000000ec100000, 0x00000000ec200000|  0%| F|  |TAMS 0x00000000ec100000| PB 0x00000000ec100000| Untracked 
| 194|0x00000000ec200000, 0x00000000ec200000, 0x00000000ec300000|  0%| F|  |TAMS 0x00000000ec200000| PB 0x00000000ec200000| Untracked 
| 195|0x00000000ec300000, 0x00000000ec300000, 0x00000000ec400000|  0%| F|  |TAMS 0x00000000ec300000| PB 0x00000000ec300000| Untracked 
| 196|0x00000000ec400000, 0x00000000ec400000, 0x00000000ec500000|  0%| F|  |TAMS 0x00000000ec400000| PB 0x00000000ec400000| Untracked 
| 197|0x00000000ec500000, 0x00000000ec500000, 0x00000000ec600000|  0%| F|  |TAMS 0x00000000ec500000| PB 0x00000000ec500000| Untracked 
| 198|0x00000000ec600000, 0x00000000ec600000, 0x00000000ec700000|  0%| F|  |TAMS 0x00000000ec600000| PB 0x00000000ec600000| Untracked 
| 199|0x00000000ec700000, 0x00000000ec700000, 0x00000000ec800000|  0%| F|  |TAMS 0x00000000ec700000| PB 0x00000000ec700000| Untracked 
| 200|0x00000000ec800000, 0x00000000ec800000, 0x00000000ec900000|  0%| F|  |TAMS 0x00000000ec800000| PB 0x00000000ec800000| Untracked 
| 201|0x00000000ec900000, 0x00000000ec900000, 0x00000000eca00000|  0%| F|  |TAMS 0x00000000ec900000| PB 0x00000000ec900000| Untracked 
| 202|0x00000000eca00000, 0x00000000eca00000, 0x00000000ecb00000|  0%| F|  |TAMS 0x00000000eca00000| PB 0x00000000eca00000| Untracked 
| 203|0x00000000ecb00000, 0x00000000ecb00000, 0x00000000ecc00000|  0%| F|  |TAMS 0x00000000ecb00000| PB 0x00000000ecb00000| Untracked 
| 204|0x00000000ecc00000, 0x00000000ecc00000, 0x00000000ecd00000|  0%| F|  |TAMS 0x00000000ecc00000| PB 0x00000000ecc00000| Untracked 
| 205|0x00000000ecd00000, 0x00000000ecd00000, 0x00000000ece00000|  0%| F|  |TAMS 0x00000000ecd00000| PB 0x00000000ecd00000| Untracked 
| 206|0x00000000ece00000, 0x00000000ece00000, 0x00000000ecf00000|  0%| F|  |TAMS 0x00000000ece00000| PB 0x00000000ece00000| Untracked 
| 207|0x00000000ecf00000, 0x00000000ecf00000, 0x00000000ed000000|  0%| F|  |TAMS 0x00000000ecf00000| PB 0x00000000ecf00000| Untracked 
| 208|0x00000000ed000000, 0x00000000ed000000, 0x00000000ed100000|  0%| F|  |TAMS 0x00000000ed000000| PB 0x00000000ed000000| Untracked 
| 209|0x00000000ed100000, 0x00000000ed100000, 0x00000000ed200000|  0%| F|  |TAMS 0x00000000ed100000| PB 0x00000000ed100000| Untracked 
| 210|0x00000000ed200000, 0x00000000ed200000, 0x00000000ed300000|  0%| F|  |TAMS 0x00000000ed200000| PB 0x00000000ed200000| Untracked 
| 211|0x00000000ed300000, 0x00000000ed300000, 0x00000000ed400000|  0%| F|  |TAMS 0x00000000ed300000| PB 0x00000000ed300000| Untracked 
| 212|0x00000000ed400000, 0x00000000ed400000, 0x00000000ed500000|  0%| F|  |TAMS 0x00000000ed400000| PB 0x00000000ed400000| Untracked 
| 213|0x00000000ed500000, 0x00000000ed500000, 0x00000000ed600000|  0%| F|  |TAMS 0x00000000ed500000| PB 0x00000000ed500000| Untracked 
| 214|0x00000000ed600000, 0x00000000ed600000, 0x00000000ed700000|  0%| F|  |TAMS 0x00000000ed600000| PB 0x00000000ed600000| Untracked 
| 215|0x00000000ed700000, 0x00000000ed700000, 0x00000000ed800000|  0%| F|  |TAMS 0x00000000ed700000| PB 0x00000000ed700000| Untracked 
| 216|0x00000000ed800000, 0x00000000ed800000, 0x00000000ed900000|  0%| F|  |TAMS 0x00000000ed800000| PB 0x00000000ed800000| Untracked 
| 217|0x00000000ed900000, 0x00000000ed900000, 0x00000000eda00000|  0%| F|  |TAMS 0x00000000ed900000| PB 0x00000000ed900000| Untracked 
| 218|0x00000000eda00000, 0x00000000eda00000, 0x00000000edb00000|  0%| F|  |TAMS 0x00000000eda00000| PB 0x00000000eda00000| Untracked 
| 219|0x00000000edb00000, 0x00000000edb00000, 0x00000000edc00000|  0%| F|  |TAMS 0x00000000edb00000| PB 0x00000000edb00000| Untracked 
| 220|0x00000000edc00000, 0x00000000edc00000, 0x00000000edd00000|  0%| F|  |TAMS 0x00000000edc00000| PB 0x00000000edc00000| Untracked 
| 221|0x00000000edd00000, 0x00000000edd00000, 0x00000000ede00000|  0%| F|  |TAMS 0x00000000edd00000| PB 0x00000000edd00000| Untracked 
| 222|0x00000000ede00000, 0x00000000ede00000, 0x00000000edf00000|  0%| F|  |TAMS 0x00000000ede00000| PB 0x00000000ede00000| Untracked 
| 223|0x00000000edf00000, 0x00000000edf00000, 0x00000000ee000000|  0%| F|  |TAMS 0x00000000edf00000| PB 0x00000000edf00000| Untracked 
| 224|0x00000000ee000000, 0x00000000ee000000, 0x00000000ee100000|  0%| F|  |TAMS 0x00000000ee000000| PB 0x00000000ee000000| Untracked 
| 225|0x00000000ee100000, 0x00000000ee100000, 0x00000000ee200000|  0%| F|  |TAMS 0x00000000ee100000| PB 0x00000000ee100000| Untracked 
| 226|0x00000000ee200000, 0x00000000ee200000, 0x00000000ee300000|  0%| F|  |TAMS 0x00000000ee200000| PB 0x00000000ee200000| Untracked 
| 227|0x00000000ee300000, 0x00000000ee300000, 0x00000000ee400000|  0%| F|  |TAMS 0x00000000ee300000| PB 0x00000000ee300000| Untracked 
| 228|0x00000000ee400000, 0x00000000ee400000, 0x00000000ee500000|  0%| F|  |TAMS 0x00000000ee400000| PB 0x00000000ee400000| Untracked 
| 229|0x00000000ee500000, 0x00000000ee500000, 0x00000000ee600000|  0%| F|  |TAMS 0x00000000ee500000| PB 0x00000000ee500000| Untracked 
| 230|0x00000000ee600000, 0x00000000ee600000, 0x00000000ee700000|  0%| F|  |TAMS 0x00000000ee600000| PB 0x00000000ee600000| Untracked 
| 231|0x00000000ee700000, 0x00000000ee700000, 0x00000000ee800000|  0%| F|  |TAMS 0x00000000ee700000| PB 0x00000000ee700000| Untracked 
| 232|0x00000000ee800000, 0x00000000ee800000, 0x00000000ee900000|  0%| F|  |TAMS 0x00000000ee800000| PB 0x00000000ee800000| Untracked 
| 233|0x00000000ee900000, 0x00000000ee900000, 0x00000000eea00000|  0%| F|  |TAMS 0x00000000ee900000| PB 0x00000000ee900000| Untracked 
| 234|0x00000000eea00000, 0x00000000eea00000, 0x00000000eeb00000|  0%| F|  |TAMS 0x00000000eea00000| PB 0x00000000eea00000| Untracked 
| 235|0x00000000eeb00000, 0x00000000eeb00000, 0x00000000eec00000|  0%| F|  |TAMS 0x00000000eeb00000| PB 0x00000000eeb00000| Untracked 
| 236|0x00000000eec00000, 0x00000000eec00000, 0x00000000eed00000|  0%| F|  |TAMS 0x00000000eec00000| PB 0x00000000eec00000| Untracked 
| 237|0x00000000eed00000, 0x00000000eed00000, 0x00000000eee00000|  0%| F|  |TAMS 0x00000000eed00000| PB 0x00000000eed00000| Untracked 
| 238|0x00000000eee00000, 0x00000000eee00000, 0x00000000eef00000|  0%| F|  |TAMS 0x00000000eee00000| PB 0x00000000eee00000| Untracked 
| 239|0x00000000eef00000, 0x00000000eef00000, 0x00000000ef000000|  0%| F|  |TAMS 0x00000000eef00000| PB 0x00000000eef00000| Untracked 
| 240|0x00000000ef000000, 0x00000000ef000000, 0x00000000ef100000|  0%| F|  |TAMS 0x00000000ef000000| PB 0x00000000ef000000| Untracked 
| 241|0x00000000ef100000, 0x00000000ef180000, 0x00000000ef200000| 50%| E|  |TAMS 0x00000000ef100000| PB 0x00000000ef100000| Complete 
| 242|0x00000000ef200000, 0x00000000ef300000, 0x00000000ef300000|100%| E|CS|TAMS 0x00000000ef200000| PB 0x00000000ef200000| Complete 
| 243|0x00000000ef300000, 0x00000000ef400000, 0x00000000ef400000|100%| E|CS|TAMS 0x00000000ef300000| PB 0x00000000ef300000| Complete 
| 244|0x00000000ef400000, 0x00000000ef500000, 0x00000000ef500000|100%| E|CS|TAMS 0x00000000ef400000| PB 0x00000000ef400000| Complete 
| 245|0x00000000ef500000, 0x00000000ef600000, 0x00000000ef600000|100%| E|CS|TAMS 0x00000000ef500000| PB 0x00000000ef500000| Complete 
| 246|0x00000000ef600000, 0x00000000ef700000, 0x00000000ef700000|100%| E|CS|TAMS 0x00000000ef600000| PB 0x00000000ef600000| Complete 
| 247|0x00000000ef700000, 0x00000000ef800000, 0x00000000ef800000|100%| E|CS|TAMS 0x00000000ef700000| PB 0x00000000ef700000| Complete 
| 248|0x00000000ef800000, 0x00000000ef8fafc8, 0x00000000ef900000| 98%| S|CS|TAMS 0x00000000ef800000| PB 0x00000000ef800000| Complete 
| 249|0x00000000ef900000, 0x00000000efa00000, 0x00000000efa00000|100%| E|CS|TAMS 0x00000000ef900000| PB 0x00000000ef900000| Complete 
| 250|0x00000000efa00000, 0x00000000efb00000, 0x00000000efb00000|100%| E|CS|TAMS 0x00000000efa00000| PB 0x00000000efa00000| Complete 
| 251|0x00000000efb00000, 0x00000000efc00000, 0x00000000efc00000|100%| E|CS|TAMS 0x00000000efb00000| PB 0x00000000efb00000| Complete 
| 252|0x00000000efc00000, 0x00000000efd00000, 0x00000000efd00000|100%| E|CS|TAMS 0x00000000efc00000| PB 0x00000000efc00000| Complete 
| 253|0x00000000efd00000, 0x00000000efe00000, 0x00000000efe00000|100%| E|CS|TAMS 0x00000000efd00000| PB 0x00000000efd00000| Complete 
| 254|0x00000000efe00000, 0x00000000eff00000, 0x00000000eff00000|100%| E|CS|TAMS 0x00000000efe00000| PB 0x00000000efe00000| Complete 
| 255|0x00000000eff00000, 0x00000000f0000000, 0x00000000f0000000|100%| E|CS|TAMS 0x00000000eff00000| PB 0x00000000eff00000| Complete 

Card table byte_map: [0x000001ad9ade0000,0x000001ad9aee0000] _byte_map_base: 0x000001ad9a6e0000

Marking Bits: (CMBitMap*) 0x000001ad8122d4d0
 Bits: [0x000001ad9aee0000, 0x000001ad9b6e0000)

Polling page: 0x000001ad80fd0000

Metaspace:

Usage:
  Non-class:     30.99 MB used.
      Class:      5.06 MB used.
       Both:     36.06 MB used.

Virtual space:
  Non-class space:       64.00 MB reserved,      31.56 MB ( 49%) committed,  1 nodes.
      Class space:      320.00 MB reserved,       5.62 MB (  2%) committed,  1 nodes.
             Both:      384.00 MB reserved,      37.19 MB ( 10%) committed. 

Chunk freelists:
   Non-Class:  384.00 KB
       Class:  10.32 MB
        Both:  10.69 MB

MaxMetaspaceSize: 384.00 MB
CompressedClassSpaceSize: 320.00 MB
Initial GC threshold: 21.00 MB
Current GC threshold: 60.00 MB
CDS: on
 - commit_granule_bytes: 65536.
 - commit_granule_words: 8192.
 - virtual_space_node_default_size: 8388608.
 - enlarge_chunks_in_place: 1.
 - use_allocation_guard: 0.


Internal statistics:

num_allocs_failed_limit: 14.
num_arena_births: 1974.
num_arena_deaths: 0.
num_vsnodes_births: 2.
num_vsnodes_deaths: 0.
num_space_committed: 595.
num_space_uncommitted: 0.
num_chunks_returned_to_freelist: 14.
num_chunks_taken_from_freelist: 3574.
num_chunk_merges: 14.
num_chunk_splits: 2312.
num_chunks_enlarged: 1429.
num_inconsistent_stats: 0.

CodeHeap 'non-profiled nmethods': size=120000Kb used=2294Kb max_used=2516Kb free=117706Kb
 bounds [0x000001ad92d50000, 0x000001ad92fe0000, 0x000001ad9a280000]
CodeHeap 'profiled nmethods': size=120000Kb used=8134Kb max_used=9271Kb free=111865Kb
 bounds [0x000001ad8b280000, 0x000001ad8bb90000, 0x000001ad927b0000]
CodeHeap 'non-nmethods': size=5760Kb used=1913Kb max_used=1969Kb free=3846Kb
 bounds [0x000001ad927b0000, 0x000001ad92a20000, 0x000001ad92d50000]
 total_blobs=4952 nmethods=4265 adapters=591
 compilation: enabled
              stopped_count=0, restarted_count=0
 full_count=0

Compilation events (20 events):
Event: 101.137 Thread 0x000001ad9e188d70 4775       3       java.util.UUID::<init> (15 bytes)
Event: 101.137 Thread 0x000001ad9e188d70 nmethod 4775 0x000001ad8b35f190 code [0x000001ad8b35f340, 0x000001ad8b35f4b0]
Event: 101.137 Thread 0x000001ad9e188d70 4776       3       org.gradle.internal.remote.internal.inet.MultiChoiceAddress::<init> (27 bytes)
Event: 101.137 Thread 0x000001ad9e188d70 nmethod 4776 0x000001ad8b525590 code [0x000001ad8b525740, 0x000001ad8b525a10]
Event: 101.137 Thread 0x000001ad9e188d70 4777       3       org.gradle.launcher.daemon.server.api.DaemonState::values (10 bytes)
Event: 101.138 Thread 0x000001ad9e188d70 nmethod 4777 0x000001ad8b42dd90 code [0x000001ad8b42df40, 0x000001ad8b42e1e8]
Event: 101.197 Thread 0x000001ad9e188d70 4778       3       org.gradle.launcher.daemon.context.DefaultDaemonContext$Serializer::read (229 bytes)
Event: 101.200 Thread 0x000001ad9e188d70 nmethod 4778 0x000001ad8b2c4c90 code [0x000001ad8b2c50a0, 0x000001ad8b2c6de8]
Event: 101.200 Thread 0x000001ad9e188d70 4779       3       org.gradle.launcher.daemon.registry.DaemonInfo::<init> (12 bytes)
Event: 101.201 Thread 0x000001ad9e188d70 nmethod 4779 0x000001ad8b3b7a90 code [0x000001ad8b3b7c40, 0x000001ad8b3b7d78]
Event: 101.201 Thread 0x000001ad9e188d70 4780       3       org.gradle.launcher.daemon.registry.DaemonInfo::<init> (39 bytes)
Event: 101.201 Thread 0x000001ad9e188d70 nmethod 4780 0x000001ad8b61e210 code [0x000001ad8b61e3e0, 0x000001ad8b61e780]
Event: 101.201 Thread 0x000001ad9e188d70 4781       1       org.gradle.launcher.daemon.context.DefaultDaemonContext::getPid (5 bytes)
Event: 101.201 Thread 0x000001ad9e188d70 nmethod 4781 0x000001ad92e72190 code [0x000001ad92e72320, 0x000001ad92e723e8]
Event: 101.365 Thread 0x000001ad9e188d70 4782       3       org.gradle.internal.time.MonotonicClock::getCurrentTime (70 bytes)
Event: 101.366 Thread 0x000001ad9e188d70 nmethod 4782 0x000001ad8b284190 code [0x000001ad8b2843a0, 0x000001ad8b284778]
Event: 101.366 Thread 0x000001ad9e188d70 4784       3       java.util.concurrent.ThreadPoolExecutor::workerCountOf (5 bytes)
Event: 101.366 Thread 0x000001ad9e188d70 nmethod 4784 0x000001ad8b660d90 code [0x000001ad8b660f20, 0x000001ad8b661018]
Event: 101.366 Thread 0x000001ad9e188d70 4783       3       org.gradle.internal.time.MonotonicClock::syncIsDue (28 bytes)
Event: 101.366 Thread 0x000001ad9e188d70 nmethod 4783 0x000001ad8b431a90 code [0x000001ad8b431c40, 0x000001ad8b431e18]

GC Heap History (14 events):
Event: 6.509 GC heap before
{Heap before GC invocations=0 (full 0):
 garbage-first heap   total 262144K, used 22528K [0x00000000e0000000, 0x0000000100000000)
  region size 1024K, 23 young (23552K), 0 survivors (0K)
 Metaspace       used 1065K, committed 1216K, reserved 393216K
  class space    used 76K, committed 128K, reserved 327680K
}
Event: 7.048 GC heap after
{Heap after GC invocations=1 (full 0):
 garbage-first heap   total 262144K, used 1877K [0x00000000e0000000, 0x0000000100000000)
  region size 1024K, 2 young (2048K), 2 survivors (2048K)
 Metaspace       used 1065K, committed 1216K, reserved 393216K
  class space    used 76K, committed 128K, reserved 327680K
}
Event: 16.031 GC heap before
{Heap before GC invocations=1 (full 0):
 garbage-first heap   total 262144K, used 41813K [0x00000000e0000000, 0x0000000100000000)
  region size 1024K, 38 young (38912K), 2 survivors (2048K)
 Metaspace       used 4404K, committed 4608K, reserved 393216K
  class space    used 540K, committed 640K, reserved 327680K
}
Event: 16.039 GC heap after
{Heap after GC invocations=2 (full 0):
 garbage-first heap   total 262144K, used 10727K [0x00000000e0000000, 0x0000000100000000)
  region size 1024K, 5 young (5120K), 5 survivors (5120K)
 Metaspace       used 4404K, committed 4608K, reserved 393216K
  class space    used 540K, committed 640K, reserved 327680K
}
Event: 21.330 GC heap before
{Heap before GC invocations=2 (full 0):
 garbage-first heap   total 262144K, used 66023K [0x00000000e0000000, 0x0000000100000000)
  region size 1024K, 57 young (58368K), 5 survivors (5120K)
 Metaspace       used 6513K, committed 6848K, reserved 393216K
  class space    used 849K, committed 1024K, reserved 327680K
}
Event: 21.341 GC heap after
{Heap after GC invocations=3 (full 0):
 garbage-first heap   total 262144K, used 18117K [0x00000000e0000000, 0x0000000100000000)
  region size 1024K, 6 young (6144K), 6 survivors (6144K)
 Metaspace       used 6513K, committed 6848K, reserved 393216K
  class space    used 849K, committed 1024K, reserved 327680K
}
Event: 48.899 GC heap before
{Heap before GC invocations=3 (full 0):
 garbage-first heap   total 262144K, used 105157K [0x00000000e0000000, 0x0000000100000000)
  region size 1024K, 92 young (94208K), 6 survivors (6144K)
 Metaspace       used 20917K, committed 21504K, reserved 393216K
  class space    used 2974K, committed 3264K, reserved 327680K
}
Event: 48.918 GC heap after
{Heap after GC invocations=4 (full 0):
 garbage-first heap   total 262144K, used 24536K [0x00000000e0000000, 0x0000000100000000)
  region size 1024K, 13 young (13312K), 13 survivors (13312K)
 Metaspace       used 20917K, committed 21504K, reserved 393216K
  class space    used 2974K, committed 3264K, reserved 327680K
}
Event: 90.385 GC heap before
{Heap before GC invocations=5 (full 0):
 garbage-first heap   total 262144K, used 135128K [0x00000000e0000000, 0x0000000100000000)
  region size 1024K, 123 young (125952K), 13 survivors (13312K)
 Metaspace       used 35095K, committed 36160K, reserved 393216K
  class space    used 4882K, committed 5440K, reserved 327680K
}
Event: 90.668 GC heap after
{Heap after GC invocations=6 (full 0):
 garbage-first heap   total 262144K, used 31826K [0x00000000e0000000, 0x0000000100000000)
  region size 1024K, 14 young (14336K), 14 survivors (14336K)
 Metaspace       used 35095K, committed 36160K, reserved 393216K
  class space    used 4882K, committed 5440K, reserved 327680K
}
Event: 92.249 GC heap before
{Heap before GC invocations=6 (full 0):
 garbage-first heap   total 262144K, used 33874K [0x00000000e0000000, 0x0000000100000000)
  region size 1024K, 17 young (17408K), 14 survivors (14336K)
 Metaspace       used 35388K, committed 36480K, reserved 393216K
  class space    used 4930K, committed 5504K, reserved 327680K
}
Event: 92.495 GC heap after
{Heap after GC invocations=7 (full 0):
 garbage-first heap   total 262144K, used 33391K [0x00000000e0000000, 0x0000000100000000)
  region size 1024K, 2 young (2048K), 2 survivors (2048K)
 Metaspace       used 35388K, committed 36480K, reserved 393216K
  class space    used 4930K, committed 5504K, reserved 327680K
}
Event: 94.109 GC heap before
{Heap before GC invocations=7 (full 0):
 garbage-first heap   total 262144K, used 37487K [0x00000000e0000000, 0x0000000100000000)
  region size 1024K, 7 young (7168K), 2 survivors (2048K)
 Metaspace       used 35678K, committed 36800K, reserved 393216K
  class space    used 4970K, committed 5504K, reserved 327680K
}
Event: 94.112 GC heap after
{Heap after GC invocations=8 (full 0):
 garbage-first heap   total 262144K, used 32347K [0x00000000e0000000, 0x0000000100000000)
  region size 1024K, 1 young (1024K), 1 survivors (1024K)
 Metaspace       used 35678K, committed 36800K, reserved 393216K
  class space    used 4970K, committed 5504K, reserved 327680K
}

Dll operation events (15 events):
Event: 0.456 Loaded shared library C:\Program Files\Eclipse Adoptium\jdk-21.0.6.7-hotspot\bin\java.dll
Event: 1.680 Loaded shared library C:\Program Files\Eclipse Adoptium\jdk-21.0.6.7-hotspot\bin\jsvml.dll
Event: 2.076 Loaded shared library C:\Program Files\Eclipse Adoptium\jdk-21.0.6.7-hotspot\bin\zip.dll
Event: 2.165 Loaded shared library C:\Program Files\Eclipse Adoptium\jdk-21.0.6.7-hotspot\bin\instrument.dll
Event: 2.178 Loaded shared library C:\Program Files\Eclipse Adoptium\jdk-21.0.6.7-hotspot\bin\net.dll
Event: 2.420 Loaded shared library C:\Program Files\Eclipse Adoptium\jdk-21.0.6.7-hotspot\bin\nio.dll
Event: 2.453 Loaded shared library C:\Program Files\Eclipse Adoptium\jdk-21.0.6.7-hotspot\bin\zip.dll
Event: 5.756 Loaded shared library C:\Program Files\Eclipse Adoptium\jdk-21.0.6.7-hotspot\bin\jimage.dll
Event: 8.663 Loaded shared library C:\Program Files\Eclipse Adoptium\jdk-21.0.6.7-hotspot\bin\verify.dll
Event: 10.433 Loaded shared library C:\Users\SBS\.gradle\native\1def1411415f61bf3af743bc5b6707747c0891f09f0c88961ee8f79bc544acac\windows-amd64\native-platform.dll
Event: 10.569 Loaded shared library C:\Users\SBS\.gradle\native\0.2.7\x86_64-windows-gnu\gradle-fileevents.dll
Event: 21.240 Loaded shared library C:\Program Files\Eclipse Adoptium\jdk-21.0.6.7-hotspot\bin\management.dll
Event: 21.246 Loaded shared library C:\Program Files\Eclipse Adoptium\jdk-21.0.6.7-hotspot\bin\management_ext.dll
Event: 23.899 Loaded shared library C:\Program Files\Eclipse Adoptium\jdk-21.0.6.7-hotspot\bin\extnet.dll
Event: 30.435 Loaded shared library C:\Program Files\Eclipse Adoptium\jdk-21.0.6.7-hotspot\bin\sunmscapi.dll

Deoptimization events (20 events):
Event: 93.044 Thread 0x000001adb8909080 Uncommon trap: trap_request=0xffffffc6 fr.pc=0x000001ad92f79ab4 relative=0x0000000000000874
Event: 93.044 Thread 0x000001adb8909080 Uncommon trap: reason=bimorphic_or_optimized_type_check action=maybe_recompile pc=0x000001ad92f79ab4 method=java.util.regex.Pattern$Start.match(Ljava/util/regex/Matcher;ILjava/lang/CharSequence;)Z @ 44 c2
Event: 93.044 Thread 0x000001adb8909080 DEOPT PACKING pc=0x000001ad92f79ab4 sp=0x00000023f22f8ce0
Event: 93.044 Thread 0x000001adb8909080 DEOPT UNPACKING pc=0x000001ad928046a2 sp=0x00000023f22f8bb8 mode 2
Event: 100.621 Thread 0x000001adb8909080 Uncommon trap: trap_request=0xffffffbe fr.pc=0x000001ad92d9c460 relative=0x0000000000001000
Event: 100.621 Thread 0x000001adb8909080 Uncommon trap: reason=profile_predicate action=maybe_recompile pc=0x000001ad92d9c460 method=java.lang.invoke.InvokerBytecodeGenerator.<init>(Ljava/lang/String;Ljava/lang/String;Ljava/lang/invoke/LambdaForm;Ljava/lang/invoke/MethodType;)V @ 33 c2
Event: 100.621 Thread 0x000001adb8909080 DEOPT PACKING pc=0x000001ad92d9c460 sp=0x00000023f22f8f80
Event: 100.621 Thread 0x000001adb8909080 DEOPT UNPACKING pc=0x000001ad928046a2 sp=0x00000023f22f8f30 mode 2
Event: 100.622 Thread 0x000001adb8909080 Uncommon trap: trap_request=0xffffffbe fr.pc=0x000001ad92d9c460 relative=0x0000000000001000
Event: 100.622 Thread 0x000001adb8909080 Uncommon trap: reason=profile_predicate action=maybe_recompile pc=0x000001ad92d9c460 method=java.lang.invoke.InvokerBytecodeGenerator.<init>(Ljava/lang/String;Ljava/lang/String;Ljava/lang/invoke/LambdaForm;Ljava/lang/invoke/MethodType;)V @ 33 c2
Event: 100.622 Thread 0x000001adb8909080 DEOPT PACKING pc=0x000001ad92d9c460 sp=0x00000023f22f8ce0
Event: 100.622 Thread 0x000001adb8909080 DEOPT UNPACKING pc=0x000001ad928046a2 sp=0x00000023f22f8c90 mode 2
Event: 100.622 Thread 0x000001adb8909080 Uncommon trap: trap_request=0xffffffbe fr.pc=0x000001ad92d9c460 relative=0x0000000000001000
Event: 100.622 Thread 0x000001adb8909080 Uncommon trap: reason=profile_predicate action=maybe_recompile pc=0x000001ad92d9c460 method=java.lang.invoke.InvokerBytecodeGenerator.<init>(Ljava/lang/String;Ljava/lang/String;Ljava/lang/invoke/LambdaForm;Ljava/lang/invoke/MethodType;)V @ 33 c2
Event: 100.622 Thread 0x000001adb8909080 DEOPT PACKING pc=0x000001ad92d9c460 sp=0x00000023f22f8d00
Event: 100.622 Thread 0x000001adb8909080 DEOPT UNPACKING pc=0x000001ad928046a2 sp=0x00000023f22f8cb0 mode 2
Event: 100.642 Thread 0x000001adb8909080 Uncommon trap: trap_request=0xffffffbe fr.pc=0x000001ad92d9c460 relative=0x0000000000001000
Event: 100.642 Thread 0x000001adb8909080 Uncommon trap: reason=profile_predicate action=maybe_recompile pc=0x000001ad92d9c460 method=java.lang.invoke.InvokerBytecodeGenerator.<init>(Ljava/lang/String;Ljava/lang/String;Ljava/lang/invoke/LambdaForm;Ljava/lang/invoke/MethodType;)V @ 33 c2
Event: 100.642 Thread 0x000001adb8909080 DEOPT PACKING pc=0x000001ad92d9c460 sp=0x00000023f22f8c00
Event: 100.642 Thread 0x000001adb8909080 DEOPT UNPACKING pc=0x000001ad928046a2 sp=0x00000023f22f8bb0 mode 2

Classes loaded (20 events):
Event: 70.491 Loading class java/io/StringReader
Event: 70.491 Loading class java/io/StringReader done
Event: 70.544 Loading class java/math/MutableBigInteger
Event: 70.545 Loading class java/math/MutableBigInteger done
Event: 79.740 Loading class java/nio/charset/CharacterCodingException
Event: 79.740 Loading class java/nio/charset/CharacterCodingException done
Event: 79.824 Loading class java/util/stream/Streams$RangeIntSpliterator
Event: 79.824 Loading class java/util/stream/Streams$RangeIntSpliterator done
Event: 88.033 Loading class jdk/internal/loader/URLClassPath$FileLoader
Event: 88.033 Loading class jdk/internal/loader/URLClassPath$FileLoader done
Event: 88.035 Loading class jdk/internal/loader/URLClassPath$FileLoader$1
Event: 88.036 Loading class jdk/internal/loader/URLClassPath$FileLoader$1 done
Event: 88.530 Loading class java/lang/ProcessBuilder
Event: 88.636 Loading class java/lang/ProcessBuilder done
Event: 92.907 Loading class sun/invoke/util/ValueConversions$1
Event: 92.907 Loading class sun/invoke/util/ValueConversions$1 done
Event: 92.908 Loading class java/lang/invoke/BoundMethodHandle$Species_LI
Event: 92.908 Loading class java/lang/invoke/BoundMethodHandle$Species_LI done
Event: 95.037 Loading class java/security/CodeSigner
Event: 95.037 Loading class java/security/CodeSigner done

Classes unloaded (0 events):
No events

Classes redefined (0 events):
No events

Internal exceptions (20 events):
Event: 89.645 Thread 0x000001adb8909080 Exception <a 'java/lang/ClassNotFoundException'{0x00000000e88faf70}: org/gradle/groovy/scripts/ScriptCustomizer> (0x00000000e88faf70) 
thrown [s\src\hotspot\share\classfile\systemDictionary.cpp, line 312]
Event: 89.646 Thread 0x000001adb8909080 Exception <a 'java/lang/ClassNotFoundException'{0x00000000e870bbe0}: org/gradle/groovy/scripts/BasicScriptCustomizer> (0x00000000e870bbe0) 
thrown [s\src\hotspot\share\classfile\systemDictionary.cpp, line 312]
Event: 89.670 Thread 0x000001adb8909080 Exception <a 'java/lang/ClassNotFoundException'{0x00000000e8722bf8}: org/gradle/groovy/scripts/DefaultScriptCustomizer> (0x00000000e8722bf8) 
thrown [s\src\hotspot\share\classfile\systemDictionary.cpp, line 312]
Event: 89.680 Thread 0x000001adb8909080 Exception <a 'java/lang/ClassNotFoundException'{0x00000000e87678f0}: org/gradle/plugin/use/internal/PluginsAwareScriptCustomizer> (0x00000000e87678f0) 
thrown [s\src\hotspot\share\classfile\systemDictionary.cpp, line 312]
Event: 89.682 Thread 0x000001adb8909080 Exception <a 'java/lang/ClassNotFoundException'{0x00000000e87797d0}: org/gradle/initialization/SettingsScriptCustomizer> (0x00000000e87797d0) 
thrown [s\src\hotspot\share\classfile\systemDictionary.cpp, line 312]
Event: 89.684 Thread 0x000001adb8909080 Exception <a 'java/lang/ClassNotFoundException'{0x00000000e8787eb0}: settings_aa9lsg5nu84j3r9uss3h64uomCustomizer> (0x00000000e8787eb0) 
thrown [s\src\hotspot\share\classfile\systemDictionary.cpp, line 312]
Event: 90.364 Thread 0x000001adb8909080 Exception <a 'java/lang/NoSuchMethodError'{0x00000000e86f7fd8}: 'java.lang.Object java.lang.invoke.DirectMethodHandle$Holder.invokeSpecialIFC(java.lang.Object, java.lang.Object, java.lang.Object, java.lang.Object)'> (0x00000000e86f7fd8) 
thrown [s\src\hotspot\share\interpreter\linkResolver.cpp, line 773]
Event: 92.177 Thread 0x000001adb8909080 Exception <a 'java/lang/NoSuchMethodError'{0x00000000efdecb90}: 'void java.lang.invoke.Invokers$Holder.invoke_MT(java.lang.Object, java.lang.Object, java.lang.Object, java.lang.Object)'> (0x00000000efdecb90) 
thrown [s\src\hotspot\share\interpreter\linkResolver.cpp, line 773]
Event: 92.906 Thread 0x000001adb8909080 Implicit null exception at 0x000001ad92ebd665 to 0x000001ad92ebd8f0
Event: 92.907 Thread 0x000001adb8909080 Exception <a 'java/lang/NoSuchMethodError'{0x00000000eff3cc40}: 'int java.lang.invoke.DirectMethodHandle$Holder.invokeSpecial(java.lang.Object, java.lang.Object, java.lang.Object, int)'> (0x00000000eff3cc40) 
thrown [s\src\hotspot\share\interpreter\linkResolver.cpp, line 773]
Event: 92.910 Thread 0x000001adb8909080 Exception <a 'java/lang/NoSuchMethodError'{0x00000000eff4da10}: 'java.lang.Object java.lang.invoke.DirectMethodHandle$Holder.invokeStatic(java.lang.Object, java.lang.Object, java.lang.Object, java.lang.Object, int)'> (0x00000000eff4da10) 
thrown [s\src\hotspot\share\interpreter\linkResolver.cpp, line 773]
Event: 93.036 Thread 0x000001adb8909080 Exception <a 'java/lang/ClassNotFoundException'{0x00000000efe36d88}: org/gradle/initialization/DefaultSettings_DecoratedBeanInfo> (0x00000000efe36d88) 
thrown [s\src\hotspot\share\classfile\systemDictionary.cpp, line 312]
Event: 93.037 Thread 0x000001adb8909080 Exception <a 'java/lang/ClassNotFoundException'{0x00000000efe463b0}: org/gradle/initialization/DefaultSettingsBeanInfo> (0x00000000efe463b0) 
thrown [s\src\hotspot\share\classfile\systemDictionary.cpp, line 312]
Event: 93.038 Thread 0x000001adb8909080 Exception <a 'java/lang/ClassNotFoundException'{0x00000000efe55c48}: org/gradle/api/internal/project/AbstractPluginAwareBeanInfo> (0x00000000efe55c48) 
thrown [s\src\hotspot\share\classfile\systemDictionary.cpp, line 312]
Event: 93.039 Thread 0x000001adb8909080 Exception <a 'java/lang/ClassNotFoundException'{0x00000000efe655a8}: org/gradle/api/internal/project/AbstractPluginAwareCustomizer> (0x00000000efe655a8) 
thrown [s\src\hotspot\share\classfile\systemDictionary.cpp, line 312]
Event: 93.041 Thread 0x000001adb8909080 Exception <a 'java/lang/ClassNotFoundException'{0x00000000efe7be58}: org/gradle/initialization/DefaultSettingsCustomizer> (0x00000000efe7be58) 
thrown [s\src\hotspot\share\classfile\systemDictionary.cpp, line 312]
Event: 93.048 Thread 0x000001adb8909080 Exception <a 'java/lang/ClassNotFoundException'{0x00000000efeca9f0}: org/gradle/initialization/DefaultSettings_DecoratedCustomizer> (0x00000000efeca9f0) 
thrown [s\src\hotspot\share\classfile\systemDictionary.cpp, line 312]
Event: 93.066 Thread 0x000001adb8909080 Exception <a 'java/lang/ClassNotFoundException'{0x00000000efdacce0}: org/gradle/initialization/DefaultProjectDescriptorBeanInfo> (0x00000000efdacce0) 
thrown [s\src\hotspot\share\classfile\systemDictionary.cpp, line 312]
Event: 93.066 Thread 0x000001adb8909080 Exception <a 'java/lang/ClassNotFoundException'{0x00000000efdbb288}: org/gradle/initialization/DefaultProjectDescriptorCustomizer> (0x00000000efdbb288) 
thrown [s\src\hotspot\share\classfile\systemDictionary.cpp, line 312]
Event: 100.621 Thread 0x000001adb8909080 Exception <a 'java/lang/NoSuchMethodError'{0x00000000ef48e278}: 'java.lang.Object java.lang.invoke.DirectMethodHandle$Holder.newInvokeSpecial(java.lang.Object, java.lang.Object, java.lang.Object, java.lang.Object, java.lang.Object, java.lang.Object, java.lang.Object, java.lang.Object, java.lang.Object, java.lang.Object, java.lang.Object)'> (0x00000000ef48e278) 
thrown [s\src\hotspot\share\interpreter\linkResolver.cpp, line 773]

ZGC Phase Switch (0 events):
No events

VM Operations (20 events):
Event: 91.683 Executing VM operation: Cleanup
Event: 91.861 Executing VM operation: Cleanup done
Event: 92.178 Executing VM operation: CollectForMetadataAllocation (Metadata GC Threshold)
Event: 92.620 Executing VM operation: CollectForMetadataAllocation (Metadata GC Threshold) done
Event: 93.622 Executing VM operation: Cleanup
Event: 93.654 Executing VM operation: Cleanup done
Event: 93.748 Executing VM operation: CollectForMetadataAllocation (Metadata GC Threshold)
Event: 94.113 Executing VM operation: CollectForMetadataAllocation (Metadata GC Threshold) done
Event: 94.155 Executing VM operation: G1PauseRemark
Event: 94.990 Executing VM operation: G1PauseRemark done
Event: 95.069 Executing VM operation: G1PauseCleanup
Event: 95.187 Executing VM operation: G1PauseCleanup done
Event: 96.202 Executing VM operation: Cleanup
Event: 96.326 Executing VM operation: Cleanup done
Event: 97.327 Executing VM operation: Cleanup
Event: 97.327 Executing VM operation: Cleanup done
Event: 98.330 Executing VM operation: Cleanup
Event: 98.361 Executing VM operation: Cleanup done
Event: 100.376 Executing VM operation: Cleanup
Event: 100.438 Executing VM operation: Cleanup done

Memory protections (0 events):
No events

Nmethod flushes (20 events):
Event: 94.861 Thread 0x000001ad9e1598b0 flushing  nmethod 0x000001ad8b58b010
Event: 94.861 Thread 0x000001ad9e1598b0 flushing  nmethod 0x000001ad8b5a3110
Event: 94.861 Thread 0x000001ad9e1598b0 flushing  nmethod 0x000001ad8b5a5b90
Event: 94.861 Thread 0x000001ad9e1598b0 flushing  nmethod 0x000001ad8b5c5210
Event: 94.861 Thread 0x000001ad9e1598b0 flushing  nmethod 0x000001ad8b5c5910
Event: 94.985 Thread 0x000001ad9e1598b0 flushing  nmethod 0x000001ad8b5c8690
Event: 94.985 Thread 0x000001ad9e1598b0 flushing  nmethod 0x000001ad8b5c9090
Event: 94.985 Thread 0x000001ad9e1598b0 flushing  nmethod 0x000001ad8b5cc190
Event: 94.985 Thread 0x000001ad9e1598b0 flushing  nmethod 0x000001ad8b62ce10
Event: 94.985 Thread 0x000001ad9e1598b0 flushing  nmethod 0x000001ad8b64ad10
Event: 94.985 Thread 0x000001ad9e1598b0 flushing  nmethod 0x000001ad8b660d90
Event: 94.985 Thread 0x000001ad9e1598b0 flushing  nmethod 0x000001ad8b661690
Event: 94.985 Thread 0x000001ad9e1598b0 flushing  nmethod 0x000001ad8b665710
Event: 94.985 Thread 0x000001ad9e1598b0 flushing  nmethod 0x000001ad8b7ec690
Event: 94.985 Thread 0x000001ad9e1598b0 flushing  nmethod 0x000001ad92e51110
Event: 94.985 Thread 0x000001ad9e1598b0 flushing  nmethod 0x000001ad92e5e890
Event: 94.985 Thread 0x000001ad9e1598b0 flushing  nmethod 0x000001ad8b6c6490
Event: 94.985 Thread 0x000001ad9e1598b0 flushing  nmethod 0x000001ad8b6f2690
Event: 94.985 Thread 0x000001ad9e1598b0 flushing  nmethod 0x000001ad8b6f5490
Event: 94.985 Thread 0x000001ad9e1598b0 flushing  nmethod 0x000001ad8b6fd710

Events (20 events):
Event: 32.353 Thread 0x000001adb8f8a940 Thread added: 0x000001adb900ca10
Event: 32.377 Thread 0x000001adb900ca10 Thread added: 0x000001adb900d070
Event: 34.585 Thread 0x000001adb900ca10 Thread added: 0x000001adb8a60250
Event: 34.647 Thread 0x000001adb900ca10 Thread added: 0x000001adb8909080
Event: 34.723 Thread 0x000001adb8909080 Thread added: 0x000001ad9e9cc730
Event: 34.740 Thread 0x000001adb8909080 Thread added: 0x000001adb893a370
Event: 34.759 Thread 0x000001adb8909080 Thread added: 0x000001adb893aa00
Event: 37.970 Thread 0x000001adb8909080 Thread added: 0x000001adb893c440
Event: 37.989 Thread 0x000001adb8909080 Thread added: 0x000001adb893cad0
Event: 38.235 Thread 0x000001adb893cad0 Thread added: 0x000001adb893d160
Event: 38.496 Thread 0x000001adb8909080 Thread added: 0x000001adb893b090
Event: 49.373 Thread 0x000001adb8909080 Thread added: 0x000001adb893b720
Event: 49.457 Thread 0x000001adb8909080 Thread added: 0x000001adb893bdb0
Event: 54.367 Thread 0x000001adb8909080 Thread added: 0x000001adbad8a6c0
Event: 54.396 Thread 0x000001adb8909080 Thread added: 0x000001adbad8c790
Event: 84.850 Thread 0x000001adb8909080 Thread added: 0x000001adbad8d4b0
Event: 87.713 Thread 0x000001adb8909080 Thread added: 0x000001adbad8a030
Event: 88.047 Thread 0x000001adb893cad0 Thread added: 0x000001adbad8e1d0
Event: 89.710 Thread 0x000001adb8909080 Thread added: 0x000001adbad8b3e0
Event: 91.181 Thread 0x000001adb8909080 Thread added: 0x000001adbad8ce20


Dynamic libraries:
0x00007ff688c70000 - 0x00007ff688c7e000 	C:\Program Files\Eclipse Adoptium\jdk-21.0.6.7-hotspot\bin\java.exe
0x00007ffb6fe40000 - 0x00007ffb700a6000 	C:\WINDOWS\SYSTEM32\ntdll.dll
0x00007ffb6dd80000 - 0x00007ffb6de49000 	C:\WINDOWS\System32\KERNEL32.DLL
0x00007ffb6d460000 - 0x00007ffb6d85f000 	C:\WINDOWS\System32\KERNELBASE.dll
0x00007ffb6d050000 - 0x00007ffb6d19c000 	C:\WINDOWS\System32\ucrtbase.dll
0x00007ffb4d130000 - 0x00007ffb4d14e000 	C:\Program Files\Eclipse Adoptium\jdk-21.0.6.7-hotspot\bin\VCRUNTIME140.dll
0x00007ffb5d700000 - 0x00007ffb5d718000 	C:\Program Files\Eclipse Adoptium\jdk-21.0.6.7-hotspot\bin\jli.dll
0x00007ffb6fc30000 - 0x00007ffb6fdf6000 	C:\WINDOWS\System32\USER32.dll
0x00007ffb6d240000 - 0x00007ffb6d267000 	C:\WINDOWS\System32\win32u.dll
0x00007ffb6f7a0000 - 0x00007ffb6f7cb000 	C:\WINDOWS\System32\GDI32.dll
0x00007ffb6d330000 - 0x00007ffb6d459000 	C:\WINDOWS\System32\gdi32full.dll
0x00007ffb6d930000 - 0x00007ffb6d9d3000 	C:\WINDOWS\System32\msvcp_win.dll
0x00007ffb4c860000 - 0x00007ffb4caf1000 	C:\WINDOWS\WinSxS\amd64_microsoft.windows.common-controls_6595b64144ccf1df_6.0.26100.8972_none_3e0da176e32f9d4b\COMCTL32.dll
0x00007ffb6dc90000 - 0x00007ffb6dd39000 	C:\WINDOWS\System32\msvcrt.dll
0x00007ffb6de50000 - 0x00007ffb6de82000 	C:\WINDOWS\System32\IMM32.DLL
0x00007ffb5ff20000 - 0x00007ffb5ff2c000 	C:\Program Files\Eclipse Adoptium\jdk-21.0.6.7-hotspot\bin\vcruntime140_1.dll
0x00007ffb37a20000 - 0x00007ffb37aad000 	C:\Program Files\Eclipse Adoptium\jdk-21.0.6.7-hotspot\bin\msvcp140.dll
0x00007ffaf46e0000 - 0x00007ffaf5470000 	C:\Program Files\Eclipse Adoptium\jdk-21.0.6.7-hotspot\bin\server\jvm.dll
0x00007ffb6e590000 - 0x00007ffb6e64c000 	C:\WINDOWS\System32\ADVAPI32.dll
0x00007ffb6fac0000 - 0x00007ffb6fb6a000 	C:\WINDOWS\System32\sechost.dll
0x00007ffb6ee50000 - 0x00007ffb6ef68000 	C:\WINDOWS\System32\RPCRT4.dll
0x00007ffb6fb90000 - 0x00007ffb6fc12000 	C:\WINDOWS\System32\WS2_32.dll
0x00007ffb6ced0000 - 0x00007ffb6cf2e000 	C:\WINDOWS\SYSTEM32\POWRPROF.dll
0x00007ffb5b7e0000 - 0x00007ffb5b816000 	C:\WINDOWS\SYSTEM32\WINMM.dll
0x00007ffb5b820000 - 0x00007ffb5b82b000 	C:\WINDOWS\SYSTEM32\VERSION.dll
0x00007ffb6ceb0000 - 0x00007ffb6cec5000 	C:\WINDOWS\SYSTEM32\UMPDC.dll
0x00007ffb6bd00000 - 0x00007ffb6bd1b000 	C:\WINDOWS\SYSTEM32\kernel.appcore.dll
0x00007ffb5d620000 - 0x00007ffb5d62a000 	C:\Program Files\Eclipse Adoptium\jdk-21.0.6.7-hotspot\bin\jimage.dll
0x00007ffb4fd40000 - 0x00007ffb4ff82000 	C:\WINDOWS\SYSTEM32\DBGHELP.DLL
0x00007ffb6efc0000 - 0x00007ffb6f345000 	C:\WINDOWS\System32\combase.dll
0x00007ffb6f350000 - 0x00007ffb6f429000 	C:\WINDOWS\System32\OLEAUT32.dll
0x00007ffb4e330000 - 0x00007ffb4e36b000 	C:\WINDOWS\SYSTEM32\dbgcore.DLL
0x00007ffb6d270000 - 0x00007ffb6d31c000 	C:\WINDOWS\System32\bcryptPrimitives.dll
0x00007ffb61270000 - 0x00007ffb6127f000 	C:\Program Files\Eclipse Adoptium\jdk-21.0.6.7-hotspot\bin\instrument.dll
0x00007ffb47220000 - 0x00007ffb4723f000 	C:\Program Files\Eclipse Adoptium\jdk-21.0.6.7-hotspot\bin\java.dll
0x00007ffb6e6c0000 - 0x00007ffb6ee48000 	C:\WINDOWS\System32\SHELL32.dll
0x00007ffb6aae0000 - 0x00007ffb6b37b000 	C:\WINDOWS\SYSTEM32\windows.storage.dll
0x00007ffb6de90000 - 0x00007ffb6df89000 	C:\WINDOWS\System32\SHCORE.dll
0x00007ffb6f730000 - 0x00007ffb6f796000 	C:\WINDOWS\System32\shlwapi.dll
0x00007ffb6cf70000 - 0x00007ffb6cf99000 	C:\WINDOWS\SYSTEM32\profapi.dll
0x00007ffb32d30000 - 0x00007ffb32e07000 	C:\Program Files\Eclipse Adoptium\jdk-21.0.6.7-hotspot\bin\jsvml.dll
0x00007ffb46dd0000 - 0x00007ffb46de8000 	C:\Program Files\Eclipse Adoptium\jdk-21.0.6.7-hotspot\bin\zip.dll
0x00007ffb4d200000 - 0x00007ffb4d210000 	C:\Program Files\Eclipse Adoptium\jdk-21.0.6.7-hotspot\bin\net.dll
0x00007ffb65fa0000 - 0x00007ffb660c8000 	C:\WINDOWS\SYSTEM32\WINHTTP.dll
0x00007ffb6c290000 - 0x00007ffb6c2fc000 	C:\WINDOWS\system32\mswsock.dll
0x00007ffb471a0000 - 0x00007ffb471b6000 	C:\Program Files\Eclipse Adoptium\jdk-21.0.6.7-hotspot\bin\nio.dll
0x00007ffb47330000 - 0x00007ffb47340000 	C:\Program Files\Eclipse Adoptium\jdk-21.0.6.7-hotspot\bin\verify.dll
0x00007ffb69e00000 - 0x00007ffb69e27000 	C:\Users\SBS\.gradle\native\1def1411415f61bf3af743bc5b6707747c0891f09f0c88961ee8f79bc544acac\windows-amd64\native-platform.dll
0x00007ffb3c510000 - 0x00007ffb3c588000 	C:\Users\SBS\.gradle\native\0.2.7\x86_64-windows-gnu\gradle-fileevents.dll
0x00007ffb47110000 - 0x00007ffb4711a000 	C:\Program Files\Eclipse Adoptium\jdk-21.0.6.7-hotspot\bin\management.dll
0x00007ffb46e60000 - 0x00007ffb46e6b000 	C:\Program Files\Eclipse Adoptium\jdk-21.0.6.7-hotspot\bin\management_ext.dll
0x00007ffb6dd40000 - 0x00007ffb6dd48000 	C:\WINDOWS\System32\PSAPI.DLL
0x00007ffb6b6b0000 - 0x00007ffb6b6e3000 	C:\WINDOWS\SYSTEM32\IPHLPAPI.DLL
0x00007ffb6fc20000 - 0x00007ffb6fc2a000 	C:\WINDOWS\System32\NSI.dll
0x00007ffb44420000 - 0x00007ffb44429000 	C:\Program Files\Eclipse Adoptium\jdk-21.0.6.7-hotspot\bin\extnet.dll
0x00007ffb6c6b0000 - 0x00007ffb6c6cb000 	C:\WINDOWS\SYSTEM32\CRYPTSP.dll
0x00007ffb6bc60000 - 0x00007ffb6bc99000 	C:\WINDOWS\system32\rsaenh.dll
0x00007ffb6c340000 - 0x00007ffb6c372000 	C:\WINDOWS\SYSTEM32\USERENV.dll
0x00007ffb6cf40000 - 0x00007ffb6cf6a000 	C:\WINDOWS\SYSTEM32\bcrypt.dll
0x00007ffb6c4f0000 - 0x00007ffb6c4fc000 	C:\WINDOWS\SYSTEM32\CRYPTBASE.dll
0x00007ffb61100000 - 0x00007ffb6110e000 	C:\Program Files\Eclipse Adoptium\jdk-21.0.6.7-hotspot\bin\sunmscapi.dll
0x00007ffb6d9e0000 - 0x00007ffb6db5e000 	C:\WINDOWS\System32\CRYPT32.dll
0x00007ffb6c820000 - 0x00007ffb6c850000 	C:\WINDOWS\SYSTEM32\ncrypt.dll
0x00007ffb6c7d0000 - 0x00007ffb6c80f000 	C:\WINDOWS\SYSTEM32\NTASN1.dll
0x00007ffb61c30000 - 0x00007ffb61c38000 	C:\WINDOWS\system32\wshunix.dll

dbghelp: loaded successfully - version: 4.0.5 - missing functions: none
symbol engine: initialized successfully - sym options: 0x614 - pdb path: .;C:\Program Files\Eclipse Adoptium\jdk-21.0.6.7-hotspot\bin;C:\WINDOWS\SYSTEM32;C:\WINDOWS\WinSxS\amd64_microsoft.windows.common-controls_6595b64144ccf1df_6.0.26100.8972_none_3e0da176e32f9d4b;C:\Program Files\Eclipse Adoptium\jdk-21.0.6.7-hotspot\bin\server;C:\Users\SBS\.gradle\native\1def1411415f61bf3af743bc5b6707747c0891f09f0c88961ee8f79bc544acac\windows-amd64;C:\Users\SBS\.gradle\native\0.2.7\x86_64-windows-gnu

VM Arguments:
jvm_args: --add-opens=java.base/java.lang=ALL-UNNAMED --add-opens=java.base/java.lang.invoke=ALL-UNNAMED --add-opens=java.base/java.util=ALL-UNNAMED --add-opens=java.prefs/java.util.prefs=ALL-UNNAMED --add-exports=jdk.compiler/com.sun.tools.javac.api=ALL-UNNAMED --add-exports=jdk.compiler/com.sun.tools.javac.util=ALL-UNNAMED --add-opens=java.base/java.util=ALL-UNNAMED --add-opens=java.prefs/java.util.prefs=ALL-UNNAMED --add-opens=java.base/java.nio.charset=ALL-UNNAMED --add-opens=java.base/java.net=ALL-UNNAMED --add-opens=java.base/java.util.concurrent.atomic=ALL-UNNAMED --add-opens=java.xml/javax.xml.namespace=ALL-UNNAMED -XX:MaxMetaspaceSize=384m -XX:+HeapDumpOnOutOfMemoryError -Xms256m -Xmx512m -Dfile.encoding=UTF-8 -Duser.country=FR -Duser.language=fr -Duser.variant -javaagent:C:\Users\SBS\.gradle\wrapper\dists\gradle-8.14-bin\38aieal9i53h9rfe7vjup95b9\gradle-8.14\lib\agents\gradle-instrumentation-agent-8.14.jar 
java_command: org.gradle.launcher.daemon.bootstrap.GradleDaemon 8.14
java_class_path (initial): C:\Users\SBS\.gradle\wrapper\dists\gradle-8.14-bin\38aieal9i53h9rfe7vjup95b9\gradle-8.14\lib\gradle-daemon-main-8.14.jar
Launcher Type: SUN_STANDARD

[Global flags]
     intx CICompilerCount                          = 4                                         {product} {ergonomic}
   size_t CompressedClassSpaceSize                 = 335544320                                 {product} {ergonomic}
     uint ConcGCThreads                            = 2                                         {product} {ergonomic}
     uint G1ConcRefinementThreads                  = 8                                         {product} {ergonomic}
   size_t G1HeapRegionSize                         = 1048576                                   {product} {ergonomic}
    uintx GCDrainStackTargetSize                   = 64                                        {product} {ergonomic}
     bool HeapDumpOnOutOfMemoryError               = true                                   {manageable} {command line}
   size_t InitialHeapSize                          = 268435456                                 {product} {command line}
   size_t MarkStackSize                            = 4194304                                   {product} {ergonomic}
   size_t MaxHeapSize                              = 536870912                                 {product} {command line}
   size_t MaxMetaspaceSize                         = 402653184                                 {product} {command line}
   size_t MaxNewSize                               = 321912832                                 {product} {ergonomic}
   size_t MinHeapDeltaBytes                        = 1048576                                   {product} {ergonomic}
   size_t MinHeapSize                              = 268435456                                 {product} {command line}
    uintx NonNMethodCodeHeapSize                   = 5839372                                {pd product} {ergonomic}
    uintx NonProfiledCodeHeapSize                  = 122909434                              {pd product} {ergonomic}
    uintx ProfiledCodeHeapSize                     = 122909434                              {pd product} {ergonomic}
    uintx ReservedCodeCacheSize                    = 251658240                              {pd product} {ergonomic}
     bool SegmentedCodeCache                       = true                                      {product} {ergonomic}
   size_t SoftMaxHeapSize                          = 536870912                              {manageable} {ergonomic}
     bool UseCompressedOops                        = true                           {product lp64_product} {ergonomic}
     bool UseG1GC                                  = true                                      {product} {ergonomic}
     bool UseLargePagesIndividualAllocation        = false                                  {pd product} {ergonomic}

Logging:
Log output configuration:
 #0: stdout all=warning uptime,level,tags foldmultilines=false
 #1: stderr all=off uptime,level,tags foldmultilines=false

Environment Variables:
JAVA_HOME=C:\Program Files\Eclipse Adoptium\jdk-21.0.6.7-hotspot
PATH=C:\Program Files\Eclipse Adoptium\jdk-21.0.6.7-hotspot\bin;C:\WINDOWS\system32;C:\WINDOWS;C:\WINDOWS\System32\Wbem;C:\WINDOWS\System32\WindowsPowerShell\v1.0\;C:\WINDOWS\System32\OpenSSH\;C:\Program Files\Git\cmd;C:\Program Files\MongoDB\Server\8.0;C:\xampp\php;C:\Program Files\nodejs\;C:\Program Files\NVIDIA Corporation\NVIDIA App\NvDLISR;C:\Program Files\Microsoft SQL Server\170\Tools\Binn\;C:\Program Files\dotnet\;%JAVA_HOME%\bin;C:\Users\SBS\AppData\Local\Programs\Python\Launcher\;C:\Users\SBS\AppData\Local\Microsoft\WindowsApps;C:\Users\SBS\AppData\Local\Programs\Microsoft VS Code\bin;C:\MinGW\bin;C:\Users\SBS\AppData\Local\spicetify;C:\Users\SBS\Documents\mongosh-2.3.8-win32-x64\bin;C:\Users\SBS\AppData\Roaming\npm;C:\Users\SBS\AppData\Local\Microsoft\WindowsApps;C:\Users\SBS\.dotnet\tools;C:\Users\SBS\Downloads\Rep\winutils-master\hadoop-3.3.6\bin;C:\Users\SBS\Downloads\Rep\winutils-master\hadoop-3.3.6\bin;C:\Users\SBS\Downloads\apache-maven-3.9.11-bin\apache-maven-3.9.11\bin;C:\Program Files\Eclipse Adoptium\jdk-21.0.6.7-hotspot\bin;C:\Users\SBS\AppData\Roaming\npm;C:\Users\SBS\AppData\Local\Programs\Antigravity\bin
USERNAME=SBS
OS=Windows_NT
PROCESSOR_IDENTIFIER=AMD64 Family 25 Model 80 Stepping 0, AuthenticAMD
TMP=C:\Users\SBS\AppData\Local\Temp
TEMP=C:\Users\SBS\AppData\Local\Temp




Periodic native trim disabled

---------------  S Y S T E M  ---------------

OS:
 Windows 11 , 64 bit Build 26100 (10.0.26100.9168)
OS uptime: 0 days 20:47 hours
Hyper-V role detected

CPU: total 8 (initial active 8) (8 cores per cpu, 2 threads per core) family 25 model 80 stepping 0 microcode 0xa50000d, cx8, cmov, fxsr, ht, mmx, 3dnowpref, sse, sse2, sse3, ssse3, sse4a, sse4.1, sse4.2, popcnt, lzcnt, tsc, tscinvbit, avx, avx2, aes, erms, clmul, bmi1, bmi2, adx, sha, fma, vzeroupper, clflush, clflushopt, hv, rdtscp, rdpid, fsrm, f16c, cet_ss
Processor Information for the first 8 processors :
  Max Mhz: 3301, Current Mhz: 1908, Mhz Limit: 3301

Memory: 4k page, system-wide physical 7020M (69M free)
TotalPageFile size 22657M (AvailPageFile size 96M)
current process WorkingSet (physical memory assigned to process): 190M, peak: 251M
current process commit charge ("private bytes"): 447M, peak: 452M

vm_info: OpenJDK 64-Bit Server VM (21.0.6+7-LTS) for windows-amd64 JRE (21.0.6+7-LTS), built on 2025-01-21T00:00:00Z by "admin" with MS VC++ 17.7 (VS2022)

END.
