#
# There is insufficient memory for the Java Runtime Environment to continue.
# Native memory allocation (malloc) failed to allocate 131088 bytes. Error detail: Chunk::new
# Possible reasons:
#   The system is out of physical RAM or swap space
#   This process is running with CompressedOops enabled, and the Java Heap may be blocking the growth of the native heap
# Possible solutions:
#   Reduce memory load on the system
#   Increase physical memory or swap space
#   Check if swap backing store is full
#   Decrease Java heap size (-Xmx/-Xms)
#   Decrease number of Java threads
#   Decrease Java thread stack sizes (-Xss)
#   Set larger code cache with -XX:ReservedCodeCacheSize=
#   JVM is running with Unscaled Compressed Oops mode in which the Java heap is
#     placed in the first 4GB address space. The Java Heap base address is the
#     maximum limit for the native heap growth. Please use -XX:HeapBaseMinAddress
#     to set the Java Heap base and to place the Java Heap above 4GB virtual address.
# This output file may be truncated or incomplete.
#
#  Out of Memory Error (arena.cpp:168), pid=21832, tid=12876
#
# JRE version: OpenJDK Runtime Environment Temurin-21.0.6+7 (21.0.6+7) (build 21.0.6+7-LTS)
# Java VM: OpenJDK 64-Bit Server VM Temurin-21.0.6+7 (21.0.6+7-LTS, mixed mode, sharing, tiered, compressed oops, compressed class ptrs, g1 gc, windows-amd64)
# No core dump will be written. Minidumps are not enabled by default on client versions of Windows
#

---------------  S U M M A R Y ------------

Command Line: --add-opens=java.base/java.lang=ALL-UNNAMED --add-opens=java.base/java.lang.invoke=ALL-UNNAMED --add-opens=java.base/java.util=ALL-UNNAMED --add-opens=java.prefs/java.util.prefs=ALL-UNNAMED --add-exports=jdk.compiler/com.sun.tools.javac.api=ALL-UNNAMED --add-exports=jdk.compiler/com.sun.tools.javac.util=ALL-UNNAMED --add-opens=java.base/java.util=ALL-UNNAMED --add-opens=java.prefs/java.util.prefs=ALL-UNNAMED --add-opens=java.base/java.nio.charset=ALL-UNNAMED --add-opens=java.base/java.net=ALL-UNNAMED --add-opens=java.base/java.util.concurrent.atomic=ALL-UNNAMED --add-opens=java.xml/javax.xml.namespace=ALL-UNNAMED -XX:MaxMetaspaceSize=384m -XX:+HeapDumpOnOutOfMemoryError -Xms256m -Xmx512m -Dfile.encoding=UTF-8 -Duser.country=FR -Duser.language=fr -Duser.variant -javaagent:C:\Users\SBS\.gradle\wrapper\dists\gradle-8.14-bin\38aieal9i53h9rfe7vjup95b9\gradle-8.14\lib\agents\gradle-instrumentation-agent-8.14.jar org.gradle.launcher.daemon.bootstrap.GradleDaemon 8.14

Host: AMD Ryzen 5 5500H with Radeon Graphics         , 8 cores, 6G,  Windows 11 , 64 bit Build 26100 (10.0.26100.9168)
Time: Sat Aug 15 14:09:19 2026 Afr. centrale Ouest elapsed time: 143.098413 seconds (0d 0h 2m 23s)

---------------  T H R E A D  ---------------

Current thread (0x0000020e2d4de680):  JavaThread "C2 CompilerThread0" daemon [_thread_in_native, id=12876, stack(0x000000de72d00000,0x000000de72e00000) (1024K)]


Current CompileTask:
C2:143098 4747 %     4       javax.management.ObjectName::construct @ 86 (1135 bytes)

Stack: [0x000000de72d00000,0x000000de72e00000]
Native frames: (J=compiled Java code, j=interpreted, Vv=VM code, C=native code)
V  [jvm.dll+0x6cdee9]
V  [jvm.dll+0x8a83d1]
V  [jvm.dll+0x8aa8fe]
V  [jvm.dll+0x8aafe3]
V  [jvm.dll+0x27f706]
V  [jvm.dll+0xc500d]
V  [jvm.dll+0xc5543]
V  [jvm.dll+0xc5135]
V  [jvm.dll+0x6f51df]
V  [jvm.dll+0x1cba53]
V  [jvm.dll+0x6f748d]
V  [jvm.dll+0x31fa30]
V  [jvm.dll+0x320935]
V  [jvm.dll+0x68fe97]
V  [jvm.dll+0x1367ac]
V  [jvm.dll+0x392774]
V  [jvm.dll+0x6e3bba]
V  [jvm.dll+0x6e62de]
V  [jvm.dll+0x6e0503]
V  [jvm.dll+0x6dfc1e]
V  [jvm.dll+0x6ddd0c]
V  [jvm.dll+0x1ca62c]
V  [jvm.dll+0x2f1cdc]
V  [jvm.dll+0x6e8512]
V  [jvm.dll+0x6e0503]
V  [jvm.dll+0x6dfc1e]
V  [jvm.dll+0x6ddd0c]
V  [jvm.dll+0x1ca62c]
V  [jvm.dll+0x2f1cdc]
V  [jvm.dll+0x6e8512]
V  [jvm.dll+0x6e0503]
V  [jvm.dll+0x6dfc1e]
V  [jvm.dll+0x6ddd0c]
V  [jvm.dll+0x1ca62c]
V  [jvm.dll+0x2f1cdc]
V  [jvm.dll+0x6e8512]
V  [jvm.dll+0x6e0503]
V  [jvm.dll+0x6dfc1e]
V  [jvm.dll+0x6ddd0c]
V  [jvm.dll+0x1ca62c]
V  [jvm.dll+0x1cb1ac]
V  [jvm.dll+0x2f1cdc]
V  [jvm.dll+0x6e8512]
V  [jvm.dll+0x6e0503]
V  [jvm.dll+0x6dfc1e]
V  [jvm.dll+0x6ddd0c]
V  [jvm.dll+0x1ca62c]
V  [jvm.dll+0x246b3e]
V  [jvm.dll+0x1c75ee]
V  [jvm.dll+0x25685a]
V  [jvm.dll+0x254dfa]
V  [jvm.dll+0x3f0256]
V  [jvm.dll+0x851f8b]
V  [jvm.dll+0x6cc5ed]
C  [ucrtbase.dll+0x2cd30]
C  [KERNEL32.DLL+0x2ccb7]
C  [ntdll.dll+0xaad6c]


---------------  P R O C E S S  ---------------

Threads class SMR info:
_java_thread_list=0x0000020e47c2f260, length=33, elements={
0x0000020e12651990, 0x0000020e2d4d0b00, 0x0000020e2d4d4280, 0x0000020e2d4dba10,
0x0000020e2d4dc460, 0x0000020e2d4dceb0, 0x0000020e2d4dd900, 0x0000020e2d4de680,
0x0000020e2d4e8d50, 0x0000020e2d4a8300, 0x0000020e2d6d2980, 0x0000020e4860f460,
0x0000020e2d8c6850, 0x0000020e47968a30, 0x0000020e47b30e20, 0x0000020e478b4f10,
0x0000020e47afc890, 0x0000020e47afe2d0, 0x0000020e47afeff0, 0x0000020e47afe960,
0x0000020e47afd5b0, 0x0000020e47afc200, 0x0000020e47afbb70, 0x0000020e47afcf20,
0x0000020e47afdc40, 0x0000020e495b90a0, 0x0000020e495b7cf0, 0x0000020e495b5c20,
0x0000020e495b9730, 0x0000020e495b8a10, 0x0000020e495b6fd0, 0x0000020e495b62b0,
0x0000020e495b8380
}

Java Threads: ( => current thread )
  0x0000020e12651990 JavaThread "main"                              [_thread_blocked, id=18788, stack(0x000000de71f00000,0x000000de72000000) (1024K)]
  0x0000020e2d4d0b00 JavaThread "Reference Handler"          daemon [_thread_blocked, id=22392, stack(0x000000de72700000,0x000000de72800000) (1024K)]
  0x0000020e2d4d4280 JavaThread "Finalizer"                  daemon [_thread_blocked, id=21988, stack(0x000000de72800000,0x000000de72900000) (1024K)]
  0x0000020e2d4dba10 JavaThread "Signal Dispatcher"          daemon [_thread_blocked, id=3048, stack(0x000000de72900000,0x000000de72a00000) (1024K)]
  0x0000020e2d4dc460 JavaThread "Attach Listener"            daemon [_thread_blocked, id=10592, stack(0x000000de72a00000,0x000000de72b00000) (1024K)]
  0x0000020e2d4dceb0 JavaThread "Service Thread"             daemon [_thread_in_vm, id=21436, stack(0x000000de72b00000,0x000000de72c00000) (1024K)]
  0x0000020e2d4dd900 JavaThread "Monitor Deflation Thread"   daemon [_thread_blocked, id=20104, stack(0x000000de72c00000,0x000000de72d00000) (1024K)]
=>0x0000020e2d4de680 JavaThread "C2 CompilerThread0"         daemon [_thread_in_native, id=12876, stack(0x000000de72d00000,0x000000de72e00000) (1024K)]
  0x0000020e2d4e8d50 JavaThread "C1 CompilerThread0"         daemon [_thread_blocked, id=10152, stack(0x000000de72e00000,0x000000de72f00000) (1024K)]
  0x0000020e2d4a8300 JavaThread "Common-Cleaner"             daemon [_thread_blocked, id=8228, stack(0x000000de72f00000,0x000000de73000000) (1024K)]
  0x0000020e2d6d2980 JavaThread "Notification Thread"        daemon [_thread_blocked, id=22456, stack(0x000000de73000000,0x000000de73100000) (1024K)]
  0x0000020e4860f460 JavaThread "Daemon health stats"               [_thread_blocked, id=22436, stack(0x000000de73100000,0x000000de73200000) (1024K)]
  0x0000020e2d8c6850 JavaThread "Incoming local TCP Connector on port 54455"        [_thread_in_native, id=21692, stack(0x000000de73700000,0x000000de73800000) (1024K)]
  0x0000020e47968a30 JavaThread "Daemon periodic checks"            [_thread_blocked, id=2468, stack(0x000000de73800000,0x000000de73900000) (1024K)]
  0x0000020e47b30e20 JavaThread "Daemon"                            [_thread_blocked, id=21684, stack(0x000000de73900000,0x000000de73a00000) (1024K)]
  0x0000020e478b4f10 JavaThread "Daemon worker"                     [_thread_blocked, id=19428, stack(0x000000de73c00000,0x000000de73d00000) (1024K)]
  0x0000020e47afc890 JavaThread "Handler for socket connection from /127.0.0.1:54455 to /127.0.0.1:54475"        [_thread_in_native, id=19820, stack(0x000000de73a00000,0x000000de73b00000) (1024K)]
  0x0000020e47afe2d0 JavaThread "Cancel handler"                    [_thread_blocked, id=22548, stack(0x000000de73b00000,0x000000de73c00000) (1024K)]
  0x0000020e47afeff0 JavaThread "Asynchronous log dispatcher for DefaultDaemonConnection: socket connection from /127.0.0.1:54455 to /127.0.0.1:54475"        [_thread_blocked, id=18332, stack(0x000000de73d00000,0x000000de73e00000) (1024K)]
  0x0000020e47afe960 JavaThread "Stdin handler"                     [_thread_blocked, id=19792, stack(0x000000de73e00000,0x000000de73f00000) (1024K)]
  0x0000020e47afd5b0 JavaThread "Daemon client event forwarder"        [_thread_blocked, id=22432, stack(0x000000de73f00000,0x000000de74000000) (1024K)]
  0x0000020e47afc200 JavaThread "Cache worker for journal cache (C:\Users\SBS\.gradle\caches\journal-1)"        [_thread_blocked, id=23504, stack(0x000000de74000000,0x000000de74100000) (1024K)]
  0x0000020e47afbb70 JavaThread "File lock request listener"        [_thread_in_native, id=15668, stack(0x000000de74100000,0x000000de74200000) (1024K)]
  0x0000020e47afcf20 JavaThread "Cache worker for file hash cache (C:\Users\SBS\.gradle\caches\8.14\fileHashes)"        [_thread_blocked, id=20864, stack(0x000000de74200000,0x000000de74300000) (1024K)]
  0x0000020e47afdc40 JavaThread "File lock release action executor"        [_thread_blocked, id=23092, stack(0x000000de74300000,0x000000de74400000) (1024K)]
  0x0000020e495b90a0 JavaThread "Cache worker for file hash cache (C:\Users\SBS\Desktop\start UP\wym\BACKEND\.gradle\8.14\fileHashes)"        [_thread_blocked, id=23912, stack(0x000000de74700000,0x000000de74800000) (1024K)]
  0x0000020e495b7cf0 JavaThread "Cache worker for Build Output Cleanup Cache (C:\Users\SBS\Desktop\start UP\wym\BACKEND\.gradle\buildOutputCleanup)"        [_thread_blocked, id=23916, stack(0x000000de74800000,0x000000de74900000) (1024K)]
  0x0000020e495b5c20 JavaThread "File watcher server"        daemon [_thread_in_native, id=23620, stack(0x000000de74900000,0x000000de74a00000) (1024K)]
  0x0000020e495b9730 JavaThread "File watcher consumer"      daemon [_thread_blocked, id=23616, stack(0x000000de74a00000,0x000000de74b00000) (1024K)]
  0x0000020e495b8a10 JavaThread "jar transforms"                    [_thread_blocked, id=25556, stack(0x000000de71c00000,0x000000de71d00000) (1024K)]
  0x0000020e495b6fd0 JavaThread "jar transforms Thread 2"           [_thread_blocked, id=25588, stack(0x000000de71d00000,0x000000de71e00000) (1024K)]
  0x0000020e495b62b0 JavaThread "File lock release action executor Thread 2"        [_thread_blocked, id=21164, stack(0x000000de71e00000,0x000000de71f00000) (1024K)]
  0x0000020e495b8380 JavaThread "Cache worker for checksums cache (C:\Users\SBS\Desktop\start UP\wym\BACKEND\.gradle\8.14\checksums)"        [_thread_blocked, id=23028, stack(0x000000de74b00000,0x000000de74c00000) (1024K)]
Total: 33

Other Threads:
  0x0000020e2d4b79f0 VMThread "VM Thread"                           [id=20752, stack(0x000000de72600000,0x000000de72700000) (1024K)] _threads_hazard_ptr=0x0000020e47c2f260
  0x0000020e2d4a69a0 WatcherThread "VM Periodic Task Thread"        [id=21388, stack(0x000000de72500000,0x000000de72600000) (1024K)]
  0x0000020e1267df10 WorkerThread "GC Thread#0"                     [id=13272, stack(0x000000de72000000,0x000000de72100000) (1024K)]
  0x0000020e4716dfe0 WorkerThread "GC Thread#1"                     [id=22628, stack(0x000000de73200000,0x000000de73300000) (1024K)]
  0x0000020e2d864f20 WorkerThread "GC Thread#2"                     [id=22632, stack(0x000000de73300000,0x000000de73400000) (1024K)]
  0x0000020e470624e0 WorkerThread "GC Thread#3"                     [id=22636, stack(0x000000de73400000,0x000000de73500000) (1024K)]
  0x0000020e47062880 WorkerThread "GC Thread#4"                     [id=22640, stack(0x000000de73500000,0x000000de73600000) (1024K)]
  0x0000020e4709cd60 WorkerThread "GC Thread#5"                     [id=22644, stack(0x000000de73600000,0x000000de73700000) (1024K)]
  0x0000020e4a530fc0 WorkerThread "GC Thread#6"                     [id=23536, stack(0x000000de74400000,0x000000de74500000) (1024K)]
  0x0000020e4a530880 WorkerThread "GC Thread#7"                     [id=21236, stack(0x000000de74500000,0x000000de74600000) (1024K)]
  0x0000020e12682e00 ConcurrentGCThread "G1 Main Marker"            [id=22208, stack(0x000000de72100000,0x000000de72200000) (1024K)]
  0x0000020e12684020 WorkerThread "G1 Conc#0"                       [id=20100, stack(0x000000de72200000,0x000000de72300000) (1024K)]
  0x0000020e4a530c20 WorkerThread "G1 Conc#1"                       [id=10960, stack(0x000000de74600000,0x000000de74700000) (1024K)]
  0x0000020e1270e7c0 ConcurrentGCThread "G1 Refine#0"               [id=17884, stack(0x000000de72300000,0x000000de72400000) (1024K)]
  0x0000020e2d3745d0 ConcurrentGCThread "G1 Service"                [id=18056, stack(0x000000de72400000,0x000000de72500000) (1024K)]
Total: 15

Threads with active compile tasks:
C2 CompilerThread0  144697 4747 %     4       javax.management.ObjectName::construct @ 86 (1135 bytes)
Total: 1

VM state: synchronizing (normal execution)

VM Mutex/Monitor currently owned by a thread:  ([mutex/lock_event])
[0x00007ffaf538e380] Threads_lock - owner thread: 0x0000020e2d4b79f0

Heap address: 0x00000000e0000000, size: 512 MB, Compressed Oops mode: 32-bit

CDS archive(s) mapped at: [0x0000020e2e000000-0x0000020e2ec80000-0x0000020e2ec80000), size 13107200, SharedBaseAddress: 0x0000020e2e000000, ArchiveRelocationMode: 1.
Compressed class space mapped at: 0x0000020e2f000000-0x0000020e43000000, reserved size: 335544320
Narrow klass base: 0x0000020e2e000000, Narrow klass shift: 0, Narrow klass range: 0x100000000

GC Precious Log:
 CardTable entry size: 512
 Card Set container configuration: InlinePtr #cards 5 size 8 Array Of Cards #cards 12 size 40 Howl #buckets 4 coarsen threshold 1843 Howl Bitmap #cards 512 size 80 coarsen threshold 460 Card regions per heap region 1 cards per card region 2048
 CPUs: 8 total, 8 available
 Memory: 7020M
 Large Page Support: Disabled
 NUMA Support: Disabled
 Compressed Oops: Enabled (32-bit)
 Heap Region Size: 1M
 Heap Min Capacity: 256M
 Heap Initial Capacity: 256M
 Heap Max Capacity: 512M
 Pre-touch: Disabled
 Parallel Workers: 8
 Concurrent Workers: 2
 Concurrent Refinement Workers: 8
 Periodic GC: Disabled

Heap:
 garbage-first heap   total 262144K, used 38778K [0x00000000e0000000, 0x0000000100000000)
  region size 1024K, 10 young (10240K), 2 survivors (2048K)
 Metaspace       used 35545K, committed 36672K, reserved 393216K
  class space    used 4939K, committed 5504K, reserved 327680K

Heap Regions: E=young(eden), S=young(survivor), O=old, HS=humongous(starts), HC=humongous(continues), CS=collection set, F=free, TAMS=top-at-mark-start, PB=parsable bottom
|   0|0x00000000e0000000, 0x00000000e0100000, 0x00000000e0100000|100%|HS|  |TAMS 0x00000000e0000000| PB 0x00000000e0000000| Complete 
|   1|0x00000000e0100000, 0x00000000e0200000, 0x00000000e0200000|100%|HC|  |TAMS 0x00000000e0100000| PB 0x00000000e0100000| Complete 
|   2|0x00000000e0200000, 0x00000000e0300000, 0x00000000e0300000|100%|HC|  |TAMS 0x00000000e0200000| PB 0x00000000e0200000| Complete 
|   3|0x00000000e0300000, 0x00000000e0400000, 0x00000000e0400000|100%| O|  |TAMS 0x00000000e0300000| PB 0x00000000e0300000| Untracked 
|   4|0x00000000e0400000, 0x00000000e0500000, 0x00000000e0500000|100%| O|  |TAMS 0x00000000e0400000| PB 0x00000000e0400000| Untracked 
|   5|0x00000000e0500000, 0x00000000e0600000, 0x00000000e0600000|100%| O|  |TAMS 0x00000000e0500000| PB 0x00000000e0500000| Untracked 
|   6|0x00000000e0600000, 0x00000000e0700000, 0x00000000e0700000|100%|HS|  |TAMS 0x00000000e0600000| PB 0x00000000e0600000| Complete 
|   7|0x00000000e0700000, 0x00000000e0800000, 0x00000000e0800000|100%| O|  |TAMS 0x00000000e0700000| PB 0x00000000e0700000| Untracked 
|   8|0x00000000e0800000, 0x00000000e0900000, 0x00000000e0900000|100%| O|  |TAMS 0x00000000e0800000| PB 0x00000000e0800000| Untracked 
|   9|0x00000000e0900000, 0x00000000e0a00000, 0x00000000e0a00000|100%| O|  |TAMS 0x00000000e0900000| PB 0x00000000e0900000| Untracked 
|  10|0x00000000e0a00000, 0x00000000e0b00000, 0x00000000e0b00000|100%| O|  |TAMS 0x00000000e0a00000| PB 0x00000000e0a00000| Untracked 
|  11|0x00000000e0b00000, 0x00000000e0c00000, 0x00000000e0c00000|100%| O|  |TAMS 0x00000000e0b00000| PB 0x00000000e0b00000| Untracked 
|  12|0x00000000e0c00000, 0x00000000e0d00000, 0x00000000e0d00000|100%| O|Cm|TAMS 0x00000000e0c00000| PB 0x00000000e0c00000| Complete 
|  13|0x00000000e0d00000, 0x00000000e0e00000, 0x00000000e0e00000|100%| O|  |TAMS 0x00000000e0d00000| PB 0x00000000e0d00000| Untracked 
|  14|0x00000000e0e00000, 0x00000000e0f00000, 0x00000000e0f00000|100%| O|  |TAMS 0x00000000e0e00000| PB 0x00000000e0e00000| Untracked 
|  15|0x00000000e0f00000, 0x00000000e1000000, 0x00000000e1000000|100%| O|  |TAMS 0x00000000e0f00000| PB 0x00000000e0f00000| Untracked 
|  16|0x00000000e1000000, 0x00000000e1100000, 0x00000000e1100000|100%| O|  |TAMS 0x00000000e1000000| PB 0x00000000e1000000| Untracked 
|  17|0x00000000e1100000, 0x00000000e1200000, 0x00000000e1200000|100%| O|  |TAMS 0x00000000e1100000| PB 0x00000000e1100000| Untracked 
|  18|0x00000000e1200000, 0x00000000e1300000, 0x00000000e1300000|100%| O|  |TAMS 0x00000000e1200000| PB 0x00000000e1200000| Untracked 
|  19|0x00000000e1300000, 0x00000000e1400000, 0x00000000e1400000|100%| O|  |TAMS 0x00000000e1300000| PB 0x00000000e1300000| Untracked 
|  20|0x00000000e1400000, 0x00000000e1500000, 0x00000000e1500000|100%| O|  |TAMS 0x00000000e1400000| PB 0x00000000e1400000| Untracked 
|  21|0x00000000e1500000, 0x00000000e1600000, 0x00000000e1600000|100%| O|  |TAMS 0x00000000e1500000| PB 0x00000000e1500000| Untracked 
|  22|0x00000000e1600000, 0x00000000e1700000, 0x00000000e1700000|100%| O|  |TAMS 0x00000000e1600000| PB 0x00000000e1600000| Untracked 
|  23|0x00000000e1700000, 0x00000000e1800000, 0x00000000e1800000|100%| O|  |TAMS 0x00000000e1700000| PB 0x00000000e1700000| Untracked 
|  24|0x00000000e1800000, 0x00000000e1900000, 0x00000000e1900000|100%| O|  |TAMS 0x00000000e1800000| PB 0x00000000e1800000| Untracked 
|  25|0x00000000e1900000, 0x00000000e1a00000, 0x00000000e1a00000|100%| O|  |TAMS 0x00000000e1900000| PB 0x00000000e1900000| Untracked 
|  26|0x00000000e1a00000, 0x00000000e1b00000, 0x00000000e1b00000|100%| O|  |TAMS 0x00000000e1a00000| PB 0x00000000e1a00000| Untracked 
|  27|0x00000000e1b00000, 0x00000000e1c00000, 0x00000000e1c00000|100%| O|  |TAMS 0x00000000e1b00000| PB 0x00000000e1b00000| Untracked 
|  28|0x00000000e1c00000, 0x00000000e1d00000, 0x00000000e1d00000|100%| O|  |TAMS 0x00000000e1c00000| PB 0x00000000e1c00000| Untracked 
|  29|0x00000000e1d00000, 0x00000000e1e00000, 0x00000000e1e00000|100%| O|  |TAMS 0x00000000e1d00000| PB 0x00000000e1d00000| Untracked 
|  30|0x00000000e1e00000, 0x00000000e1e00000, 0x00000000e1f00000|  0%| F|  |TAMS 0x00000000e1e00000| PB 0x00000000e1e00000| Untracked 
|  31|0x00000000e1f00000, 0x00000000e1f00000, 0x00000000e2000000|  0%| F|  |TAMS 0x00000000e1f00000| PB 0x00000000e1f00000| Untracked 
|  32|0x00000000e2000000, 0x00000000e2000000, 0x00000000e2100000|  0%| F|  |TAMS 0x00000000e2000000| PB 0x00000000e2000000| Untracked 
|  33|0x00000000e2100000, 0x00000000e2100000, 0x00000000e2200000|  0%| F|  |TAMS 0x00000000e2100000| PB 0x00000000e2100000| Untracked 
|  34|0x00000000e2200000, 0x00000000e2200000, 0x00000000e2300000|  0%| F|  |TAMS 0x00000000e2200000| PB 0x00000000e2200000| Untracked 
|  35|0x00000000e2300000, 0x00000000e2300000, 0x00000000e2400000|  0%| F|  |TAMS 0x00000000e2300000| PB 0x00000000e2300000| Untracked 
|  36|0x00000000e2400000, 0x00000000e2400000, 0x00000000e2500000|  0%| F|  |TAMS 0x00000000e2400000| PB 0x00000000e2400000| Untracked 
|  37|0x00000000e2500000, 0x00000000e2500000, 0x00000000e2600000|  0%| F|  |TAMS 0x00000000e2500000| PB 0x00000000e2500000| Untracked 
|  38|0x00000000e2600000, 0x00000000e2600000, 0x00000000e2700000|  0%| F|  |TAMS 0x00000000e2600000| PB 0x00000000e2600000| Untracked 
|  39|0x00000000e2700000, 0x00000000e2700000, 0x00000000e2800000|  0%| F|  |TAMS 0x00000000e2700000| PB 0x00000000e2700000| Untracked 
|  40|0x00000000e2800000, 0x00000000e2800000, 0x00000000e2900000|  0%| F|  |TAMS 0x00000000e2800000| PB 0x00000000e2800000| Untracked 
|  41|0x00000000e2900000, 0x00000000e2900000, 0x00000000e2a00000|  0%| F|  |TAMS 0x00000000e2900000| PB 0x00000000e2900000| Untracked 
|  42|0x00000000e2a00000, 0x00000000e2a00000, 0x00000000e2b00000|  0%| F|  |TAMS 0x00000000e2a00000| PB 0x00000000e2a00000| Untracked 
|  43|0x00000000e2b00000, 0x00000000e2b00000, 0x00000000e2c00000|  0%| F|  |TAMS 0x00000000e2b00000| PB 0x00000000e2b00000| Untracked 
|  44|0x00000000e2c00000, 0x00000000e2c00000, 0x00000000e2d00000|  0%| F|  |TAMS 0x00000000e2c00000| PB 0x00000000e2c00000| Untracked 
|  45|0x00000000e2d00000, 0x00000000e2d00000, 0x00000000e2e00000|  0%| F|  |TAMS 0x00000000e2d00000| PB 0x00000000e2d00000| Untracked 
|  46|0x00000000e2e00000, 0x00000000e2e00000, 0x00000000e2f00000|  0%| F|  |TAMS 0x00000000e2e00000| PB 0x00000000e2e00000| Untracked 
|  47|0x00000000e2f00000, 0x00000000e2f00000, 0x00000000e3000000|  0%| F|  |TAMS 0x00000000e2f00000| PB 0x00000000e2f00000| Untracked 
|  48|0x00000000e3000000, 0x00000000e3000000, 0x00000000e3100000|  0%| F|  |TAMS 0x00000000e3000000| PB 0x00000000e3000000| Untracked 
|  49|0x00000000e3100000, 0x00000000e3100000, 0x00000000e3200000|  0%| F|  |TAMS 0x00000000e3100000| PB 0x00000000e3100000| Untracked 
|  50|0x00000000e3200000, 0x00000000e3200000, 0x00000000e3300000|  0%| F|  |TAMS 0x00000000e3200000| PB 0x00000000e3200000| Untracked 
|  51|0x00000000e3300000, 0x00000000e3300000, 0x00000000e3400000|  0%| F|  |TAMS 0x00000000e3300000| PB 0x00000000e3300000| Untracked 
|  52|0x00000000e3400000, 0x00000000e3400000, 0x00000000e3500000|  0%| F|  |TAMS 0x00000000e3400000| PB 0x00000000e3400000| Untracked 
|  53|0x00000000e3500000, 0x00000000e3500000, 0x00000000e3600000|  0%| F|  |TAMS 0x00000000e3500000| PB 0x00000000e3500000| Untracked 
|  54|0x00000000e3600000, 0x00000000e3600000, 0x00000000e3700000|  0%| F|  |TAMS 0x00000000e3600000| PB 0x00000000e3600000| Untracked 
|  55|0x00000000e3700000, 0x00000000e3700000, 0x00000000e3800000|  0%| F|  |TAMS 0x00000000e3700000| PB 0x00000000e3700000| Untracked 
|  56|0x00000000e3800000, 0x00000000e3800000, 0x00000000e3900000|  0%| F|  |TAMS 0x00000000e3800000| PB 0x00000000e3800000| Untracked 
|  57|0x00000000e3900000, 0x00000000e3900000, 0x00000000e3a00000|  0%| F|  |TAMS 0x00000000e3900000| PB 0x00000000e3900000| Untracked 
|  58|0x00000000e3a00000, 0x00000000e3a00000, 0x00000000e3b00000|  0%| F|  |TAMS 0x00000000e3a00000| PB 0x00000000e3a00000| Untracked 
|  59|0x00000000e3b00000, 0x00000000e3b00000, 0x00000000e3c00000|  0%| F|  |TAMS 0x00000000e3b00000| PB 0x00000000e3b00000| Untracked 
|  60|0x00000000e3c00000, 0x00000000e3c00000, 0x00000000e3d00000|  0%| F|  |TAMS 0x00000000e3c00000| PB 0x00000000e3c00000| Untracked 
|  61|0x00000000e3d00000, 0x00000000e3d00000, 0x00000000e3e00000|  0%| F|  |TAMS 0x00000000e3d00000| PB 0x00000000e3d00000| Untracked 
|  62|0x00000000e3e00000, 0x00000000e3e00000, 0x00000000e3f00000|  0%| F|  |TAMS 0x00000000e3e00000| PB 0x00000000e3e00000| Untracked 
|  63|0x00000000e3f00000, 0x00000000e3f00000, 0x00000000e4000000|  0%| F|  |TAMS 0x00000000e3f00000| PB 0x00000000e3f00000| Untracked 
|  64|0x00000000e4000000, 0x00000000e4000000, 0x00000000e4100000|  0%| F|  |TAMS 0x00000000e4000000| PB 0x00000000e4000000| Untracked 
|  65|0x00000000e4100000, 0x00000000e4100000, 0x00000000e4200000|  0%| F|  |TAMS 0x00000000e4100000| PB 0x00000000e4100000| Untracked 
|  66|0x00000000e4200000, 0x00000000e4200000, 0x00000000e4300000|  0%| F|  |TAMS 0x00000000e4200000| PB 0x00000000e4200000| Untracked 
|  67|0x00000000e4300000, 0x00000000e4300000, 0x00000000e4400000|  0%| F|  |TAMS 0x00000000e4300000| PB 0x00000000e4300000| Untracked 
|  68|0x00000000e4400000, 0x00000000e4400000, 0x00000000e4500000|  0%| F|  |TAMS 0x00000000e4400000| PB 0x00000000e4400000| Untracked 
|  69|0x00000000e4500000, 0x00000000e4500000, 0x00000000e4600000|  0%| F|  |TAMS 0x00000000e4500000| PB 0x00000000e4500000| Untracked 
|  70|0x00000000e4600000, 0x00000000e4600000, 0x00000000e4700000|  0%| F|  |TAMS 0x00000000e4600000| PB 0x00000000e4600000| Untracked 
|  71|0x00000000e4700000, 0x00000000e4700000, 0x00000000e4800000|  0%| F|  |TAMS 0x00000000e4700000| PB 0x00000000e4700000| Untracked 
|  72|0x00000000e4800000, 0x00000000e4800000, 0x00000000e4900000|  0%| F|  |TAMS 0x00000000e4800000| PB 0x00000000e4800000| Untracked 
|  73|0x00000000e4900000, 0x00000000e4900000, 0x00000000e4a00000|  0%| F|  |TAMS 0x00000000e4900000| PB 0x00000000e4900000| Untracked 
|  74|0x00000000e4a00000, 0x00000000e4a00000, 0x00000000e4b00000|  0%| F|  |TAMS 0x00000000e4a00000| PB 0x00000000e4a00000| Untracked 
|  75|0x00000000e4b00000, 0x00000000e4b00000, 0x00000000e4c00000|  0%| F|  |TAMS 0x00000000e4b00000| PB 0x00000000e4b00000| Untracked 
|  76|0x00000000e4c00000, 0x00000000e4c00000, 0x00000000e4d00000|  0%| F|  |TAMS 0x00000000e4c00000| PB 0x00000000e4c00000| Untracked 
|  77|0x00000000e4d00000, 0x00000000e4d00000, 0x00000000e4e00000|  0%| F|  |TAMS 0x00000000e4d00000| PB 0x00000000e4d00000| Untracked 
|  78|0x00000000e4e00000, 0x00000000e4e00000, 0x00000000e4f00000|  0%| F|  |TAMS 0x00000000e4e00000| PB 0x00000000e4e00000| Untracked 
|  79|0x00000000e4f00000, 0x00000000e4f00000, 0x00000000e5000000|  0%| F|  |TAMS 0x00000000e4f00000| PB 0x00000000e4f00000| Untracked 
|  80|0x00000000e5000000, 0x00000000e5000000, 0x00000000e5100000|  0%| F|  |TAMS 0x00000000e5000000| PB 0x00000000e5000000| Untracked 
|  81|0x00000000e5100000, 0x00000000e5100000, 0x00000000e5200000|  0%| F|  |TAMS 0x00000000e5100000| PB 0x00000000e5100000| Untracked 
|  82|0x00000000e5200000, 0x00000000e5200000, 0x00000000e5300000|  0%| F|  |TAMS 0x00000000e5200000| PB 0x00000000e5200000| Untracked 
|  83|0x00000000e5300000, 0x00000000e5300000, 0x00000000e5400000|  0%| F|  |TAMS 0x00000000e5300000| PB 0x00000000e5300000| Untracked 
|  84|0x00000000e5400000, 0x00000000e5400000, 0x00000000e5500000|  0%| F|  |TAMS 0x00000000e5400000| PB 0x00000000e5400000| Untracked 
|  85|0x00000000e5500000, 0x00000000e5500000, 0x00000000e5600000|  0%| F|  |TAMS 0x00000000e5500000| PB 0x00000000e5500000| Untracked 
|  86|0x00000000e5600000, 0x00000000e5600000, 0x00000000e5700000|  0%| F|  |TAMS 0x00000000e5600000| PB 0x00000000e5600000| Untracked 
|  87|0x00000000e5700000, 0x00000000e5700000, 0x00000000e5800000|  0%| F|  |TAMS 0x00000000e5700000| PB 0x00000000e5700000| Untracked 
|  88|0x00000000e5800000, 0x00000000e5800000, 0x00000000e5900000|  0%| F|  |TAMS 0x00000000e5800000| PB 0x00000000e5800000| Untracked 
|  89|0x00000000e5900000, 0x00000000e5900000, 0x00000000e5a00000|  0%| F|  |TAMS 0x00000000e5900000| PB 0x00000000e5900000| Untracked 
|  90|0x00000000e5a00000, 0x00000000e5a00000, 0x00000000e5b00000|  0%| F|  |TAMS 0x00000000e5a00000| PB 0x00000000e5a00000| Untracked 
|  91|0x00000000e5b00000, 0x00000000e5b00000, 0x00000000e5c00000|  0%| F|  |TAMS 0x00000000e5b00000| PB 0x00000000e5b00000| Untracked 
|  92|0x00000000e5c00000, 0x00000000e5c00000, 0x00000000e5d00000|  0%| F|  |TAMS 0x00000000e5c00000| PB 0x00000000e5c00000| Untracked 
|  93|0x00000000e5d00000, 0x00000000e5d00000, 0x00000000e5e00000|  0%| F|  |TAMS 0x00000000e5d00000| PB 0x00000000e5d00000| Untracked 
|  94|0x00000000e5e00000, 0x00000000e5e00000, 0x00000000e5f00000|  0%| F|  |TAMS 0x00000000e5e00000| PB 0x00000000e5e00000| Untracked 
|  95|0x00000000e5f00000, 0x00000000e5f00000, 0x00000000e6000000|  0%| F|  |TAMS 0x00000000e5f00000| PB 0x00000000e5f00000| Untracked 
|  96|0x00000000e6000000, 0x00000000e6000000, 0x00000000e6100000|  0%| F|  |TAMS 0x00000000e6000000| PB 0x00000000e6000000| Untracked 
|  97|0x00000000e6100000, 0x00000000e6100000, 0x00000000e6200000|  0%| F|  |TAMS 0x00000000e6100000| PB 0x00000000e6100000| Untracked 
|  98|0x00000000e6200000, 0x00000000e6200000, 0x00000000e6300000|  0%| F|  |TAMS 0x00000000e6200000| PB 0x00000000e6200000| Untracked 
|  99|0x00000000e6300000, 0x00000000e6300000, 0x00000000e6400000|  0%| F|  |TAMS 0x00000000e6300000| PB 0x00000000e6300000| Untracked 
| 100|0x00000000e6400000, 0x00000000e6400000, 0x00000000e6500000|  0%| F|  |TAMS 0x00000000e6400000| PB 0x00000000e6400000| Untracked 
| 101|0x00000000e6500000, 0x00000000e6500000, 0x00000000e6600000|  0%| F|  |TAMS 0x00000000e6500000| PB 0x00000000e6500000| Untracked 
| 102|0x00000000e6600000, 0x00000000e6600000, 0x00000000e6700000|  0%| F|  |TAMS 0x00000000e6600000| PB 0x00000000e6600000| Untracked 
| 103|0x00000000e6700000, 0x00000000e6700000, 0x00000000e6800000|  0%| F|  |TAMS 0x00000000e6700000| PB 0x00000000e6700000| Untracked 
| 104|0x00000000e6800000, 0x00000000e6800000, 0x00000000e6900000|  0%| F|  |TAMS 0x00000000e6800000| PB 0x00000000e6800000| Untracked 
| 105|0x00000000e6900000, 0x00000000e6900000, 0x00000000e6a00000|  0%| F|  |TAMS 0x00000000e6900000| PB 0x00000000e6900000| Untracked 
| 106|0x00000000e6a00000, 0x00000000e6a00000, 0x00000000e6b00000|  0%| F|  |TAMS 0x00000000e6a00000| PB 0x00000000e6a00000| Untracked 
| 107|0x00000000e6b00000, 0x00000000e6b00000, 0x00000000e6c00000|  0%| F|  |TAMS 0x00000000e6b00000| PB 0x00000000e6b00000| Untracked 
| 108|0x00000000e6c00000, 0x00000000e6c00000, 0x00000000e6d00000|  0%| F|  |TAMS 0x00000000e6c00000| PB 0x00000000e6c00000| Untracked 
| 109|0x00000000e6d00000, 0x00000000e6d00000, 0x00000000e6e00000|  0%| F|  |TAMS 0x00000000e6d00000| PB 0x00000000e6d00000| Untracked 
| 110|0x00000000e6e00000, 0x00000000e6e00000, 0x00000000e6f00000|  0%| F|  |TAMS 0x00000000e6e00000| PB 0x00000000e6e00000| Untracked 
| 111|0x00000000e6f00000, 0x00000000e6f00000, 0x00000000e7000000|  0%| F|  |TAMS 0x00000000e6f00000| PB 0x00000000e6f00000| Untracked 
| 112|0x00000000e7000000, 0x00000000e7000000, 0x00000000e7100000|  0%| F|  |TAMS 0x00000000e7000000| PB 0x00000000e7000000| Untracked 
| 113|0x00000000e7100000, 0x00000000e7100000, 0x00000000e7200000|  0%| F|  |TAMS 0x00000000e7100000| PB 0x00000000e7100000| Untracked 
| 114|0x00000000e7200000, 0x00000000e7200000, 0x00000000e7300000|  0%| F|  |TAMS 0x00000000e7200000| PB 0x00000000e7200000| Untracked 
| 115|0x00000000e7300000, 0x00000000e7300000, 0x00000000e7400000|  0%| F|  |TAMS 0x00000000e7300000| PB 0x00000000e7300000| Untracked 
| 116|0x00000000e7400000, 0x00000000e7400000, 0x00000000e7500000|  0%| F|  |TAMS 0x00000000e7400000| PB 0x00000000e7400000| Untracked 
| 117|0x00000000e7500000, 0x00000000e7500000, 0x00000000e7600000|  0%| F|  |TAMS 0x00000000e7500000| PB 0x00000000e7500000| Untracked 
| 118|0x00000000e7600000, 0x00000000e7600000, 0x00000000e7700000|  0%| F|  |TAMS 0x00000000e7600000| PB 0x00000000e7600000| Untracked 
| 119|0x00000000e7700000, 0x00000000e7700000, 0x00000000e7800000|  0%| F|  |TAMS 0x00000000e7700000| PB 0x00000000e7700000| Untracked 
| 120|0x00000000e7800000, 0x00000000e7800000, 0x00000000e7900000|  0%| F|  |TAMS 0x00000000e7800000| PB 0x00000000e7800000| Untracked 
| 121|0x00000000e7900000, 0x00000000e7900000, 0x00000000e7a00000|  0%| F|  |TAMS 0x00000000e7900000| PB 0x00000000e7900000| Untracked 
| 122|0x00000000e7a00000, 0x00000000e7a00000, 0x00000000e7b00000|  0%| F|  |TAMS 0x00000000e7a00000| PB 0x00000000e7a00000| Untracked 
| 123|0x00000000e7b00000, 0x00000000e7b00000, 0x00000000e7c00000|  0%| F|  |TAMS 0x00000000e7b00000| PB 0x00000000e7b00000| Untracked 
| 124|0x00000000e7c00000, 0x00000000e7c00000, 0x00000000e7d00000|  0%| F|  |TAMS 0x00000000e7c00000| PB 0x00000000e7c00000| Untracked 
| 125|0x00000000e7d00000, 0x00000000e7d00000, 0x00000000e7e00000|  0%| F|  |TAMS 0x00000000e7d00000| PB 0x00000000e7d00000| Untracked 
| 126|0x00000000e7e00000, 0x00000000e7e00000, 0x00000000e7f00000|  0%| F|  |TAMS 0x00000000e7e00000| PB 0x00000000e7e00000| Untracked 
| 127|0x00000000e7f00000, 0x00000000e7f00000, 0x00000000e8000000|  0%| F|  |TAMS 0x00000000e7f00000| PB 0x00000000e7f00000| Untracked 
| 128|0x00000000e8000000, 0x00000000e8000000, 0x00000000e8100000|  0%| F|  |TAMS 0x00000000e8000000| PB 0x00000000e8000000| Untracked 
| 129|0x00000000e8100000, 0x00000000e8100000, 0x00000000e8200000|  0%| F|  |TAMS 0x00000000e8100000| PB 0x00000000e8100000| Untracked 
| 130|0x00000000e8200000, 0x00000000e8200000, 0x00000000e8300000|  0%| F|  |TAMS 0x00000000e8200000| PB 0x00000000e8200000| Untracked 
| 131|0x00000000e8300000, 0x00000000e8300000, 0x00000000e8400000|  0%| F|  |TAMS 0x00000000e8300000| PB 0x00000000e8300000| Untracked 
| 132|0x00000000e8400000, 0x00000000e8400000, 0x00000000e8500000|  0%| F|  |TAMS 0x00000000e8400000| PB 0x00000000e8400000| Untracked 
| 133|0x00000000e8500000, 0x00000000e8500000, 0x00000000e8600000|  0%| F|  |TAMS 0x00000000e8500000| PB 0x00000000e8500000| Untracked 
| 134|0x00000000e8600000, 0x00000000e8600000, 0x00000000e8700000|  0%| F|  |TAMS 0x00000000e8600000| PB 0x00000000e8600000| Untracked 
| 135|0x00000000e8700000, 0x00000000e8700000, 0x00000000e8800000|  0%| F|  |TAMS 0x00000000e8700000| PB 0x00000000e8700000| Untracked 
| 136|0x00000000e8800000, 0x00000000e8800000, 0x00000000e8900000|  0%| F|  |TAMS 0x00000000e8800000| PB 0x00000000e8800000| Untracked 
| 137|0x00000000e8900000, 0x00000000e8900000, 0x00000000e8a00000|  0%| F|  |TAMS 0x00000000e8900000| PB 0x00000000e8900000| Untracked 
| 138|0x00000000e8a00000, 0x00000000e8a00000, 0x00000000e8b00000|  0%| F|  |TAMS 0x00000000e8a00000| PB 0x00000000e8a00000| Untracked 
| 139|0x00000000e8b00000, 0x00000000e8b00000, 0x00000000e8c00000|  0%| F|  |TAMS 0x00000000e8b00000| PB 0x00000000e8b00000| Untracked 
| 140|0x00000000e8c00000, 0x00000000e8c00000, 0x00000000e8d00000|  0%| F|  |TAMS 0x00000000e8c00000| PB 0x00000000e8c00000| Untracked 
| 141|0x00000000e8d00000, 0x00000000e8d00000, 0x00000000e8e00000|  0%| F|  |TAMS 0x00000000e8d00000| PB 0x00000000e8d00000| Untracked 
| 142|0x00000000e8e00000, 0x00000000e8e00000, 0x00000000e8f00000|  0%| F|  |TAMS 0x00000000e8e00000| PB 0x00000000e8e00000| Untracked 
| 143|0x00000000e8f00000, 0x00000000e8f00000, 0x00000000e9000000|  0%| F|  |TAMS 0x00000000e8f00000| PB 0x00000000e8f00000| Untracked 
| 144|0x00000000e9000000, 0x00000000e9000000, 0x00000000e9100000|  0%| F|  |TAMS 0x00000000e9000000| PB 0x00000000e9000000| Untracked 
| 145|0x00000000e9100000, 0x00000000e9100000, 0x00000000e9200000|  0%| F|  |TAMS 0x00000000e9100000| PB 0x00000000e9100000| Untracked 
| 146|0x00000000e9200000, 0x00000000e9200000, 0x00000000e9300000|  0%| F|  |TAMS 0x00000000e9200000| PB 0x00000000e9200000| Untracked 
| 147|0x00000000e9300000, 0x00000000e9300000, 0x00000000e9400000|  0%| F|  |TAMS 0x00000000e9300000| PB 0x00000000e9300000| Untracked 
| 148|0x00000000e9400000, 0x00000000e9400000, 0x00000000e9500000|  0%| F|  |TAMS 0x00000000e9400000| PB 0x00000000e9400000| Untracked 
| 149|0x00000000e9500000, 0x00000000e9500000, 0x00000000e9600000|  0%| F|  |TAMS 0x00000000e9500000| PB 0x00000000e9500000| Untracked 
| 150|0x00000000e9600000, 0x00000000e9600000, 0x00000000e9700000|  0%| F|  |TAMS 0x00000000e9600000| PB 0x00000000e9600000| Untracked 
| 151|0x00000000e9700000, 0x00000000e9700000, 0x00000000e9800000|  0%| F|  |TAMS 0x00000000e9700000| PB 0x00000000e9700000| Untracked 
| 152|0x00000000e9800000, 0x00000000e9800000, 0x00000000e9900000|  0%| F|  |TAMS 0x00000000e9800000| PB 0x00000000e9800000| Untracked 
| 153|0x00000000e9900000, 0x00000000e9900000, 0x00000000e9a00000|  0%| F|  |TAMS 0x00000000e9900000| PB 0x00000000e9900000| Untracked 
| 154|0x00000000e9a00000, 0x00000000e9a00000, 0x00000000e9b00000|  0%| F|  |TAMS 0x00000000e9a00000| PB 0x00000000e9a00000| Untracked 
| 155|0x00000000e9b00000, 0x00000000e9b00000, 0x00000000e9c00000|  0%| F|  |TAMS 0x00000000e9b00000| PB 0x00000000e9b00000| Untracked 
| 156|0x00000000e9c00000, 0x00000000e9c00000, 0x00000000e9d00000|  0%| F|  |TAMS 0x00000000e9c00000| PB 0x00000000e9c00000| Untracked 
| 157|0x00000000e9d00000, 0x00000000e9d00000, 0x00000000e9e00000|  0%| F|  |TAMS 0x00000000e9d00000| PB 0x00000000e9d00000| Untracked 
| 158|0x00000000e9e00000, 0x00000000e9e00000, 0x00000000e9f00000|  0%| F|  |TAMS 0x00000000e9e00000| PB 0x00000000e9e00000| Untracked 
| 159|0x00000000e9f00000, 0x00000000e9f00000, 0x00000000ea000000|  0%| F|  |TAMS 0x00000000e9f00000| PB 0x00000000e9f00000| Untracked 
| 160|0x00000000ea000000, 0x00000000ea000000, 0x00000000ea100000|  0%| F|  |TAMS 0x00000000ea000000| PB 0x00000000ea000000| Untracked 
| 161|0x00000000ea100000, 0x00000000ea100000, 0x00000000ea200000|  0%| F|  |TAMS 0x00000000ea100000| PB 0x00000000ea100000| Untracked 
| 162|0x00000000ea200000, 0x00000000ea200000, 0x00000000ea300000|  0%| F|  |TAMS 0x00000000ea200000| PB 0x00000000ea200000| Untracked 
| 163|0x00000000ea300000, 0x00000000ea300000, 0x00000000ea400000|  0%| F|  |TAMS 0x00000000ea300000| PB 0x00000000ea300000| Untracked 
| 164|0x00000000ea400000, 0x00000000ea400000, 0x00000000ea500000|  0%| F|  |TAMS 0x00000000ea400000| PB 0x00000000ea400000| Untracked 
| 165|0x00000000ea500000, 0x00000000ea500000, 0x00000000ea600000|  0%| F|  |TAMS 0x00000000ea500000| PB 0x00000000ea500000| Untracked 
| 166|0x00000000ea600000, 0x00000000ea600000, 0x00000000ea700000|  0%| F|  |TAMS 0x00000000ea600000| PB 0x00000000ea600000| Untracked 
| 167|0x00000000ea700000, 0x00000000ea700000, 0x00000000ea800000|  0%| F|  |TAMS 0x00000000ea700000| PB 0x00000000ea700000| Untracked 
| 168|0x00000000ea800000, 0x00000000ea800000, 0x00000000ea900000|  0%| F|  |TAMS 0x00000000ea800000| PB 0x00000000ea800000| Untracked 
| 169|0x00000000ea900000, 0x00000000ea900000, 0x00000000eaa00000|  0%| F|  |TAMS 0x00000000ea900000| PB 0x00000000ea900000| Untracked 
| 170|0x00000000eaa00000, 0x00000000eaa00000, 0x00000000eab00000|  0%| F|  |TAMS 0x00000000eaa00000| PB 0x00000000eaa00000| Untracked 
| 171|0x00000000eab00000, 0x00000000eab00000, 0x00000000eac00000|  0%| F|  |TAMS 0x00000000eab00000| PB 0x00000000eab00000| Untracked 
| 172|0x00000000eac00000, 0x00000000eac00000, 0x00000000ead00000|  0%| F|  |TAMS 0x00000000eac00000| PB 0x00000000eac00000| Untracked 
| 173|0x00000000ead00000, 0x00000000ead00000, 0x00000000eae00000|  0%| F|  |TAMS 0x00000000ead00000| PB 0x00000000ead00000| Untracked 
| 174|0x00000000eae00000, 0x00000000eae00000, 0x00000000eaf00000|  0%| F|  |TAMS 0x00000000eae00000| PB 0x00000000eae00000| Untracked 
| 175|0x00000000eaf00000, 0x00000000eaf00000, 0x00000000eb000000|  0%| F|  |TAMS 0x00000000eaf00000| PB 0x00000000eaf00000| Untracked 
| 176|0x00000000eb000000, 0x00000000eb000000, 0x00000000eb100000|  0%| F|  |TAMS 0x00000000eb000000| PB 0x00000000eb000000| Untracked 
| 177|0x00000000eb100000, 0x00000000eb100000, 0x00000000eb200000|  0%| F|  |TAMS 0x00000000eb100000| PB 0x00000000eb100000| Untracked 
| 178|0x00000000eb200000, 0x00000000eb200000, 0x00000000eb300000|  0%| F|  |TAMS 0x00000000eb200000| PB 0x00000000eb200000| Untracked 
| 179|0x00000000eb300000, 0x00000000eb300000, 0x00000000eb400000|  0%| F|  |TAMS 0x00000000eb300000| PB 0x00000000eb300000| Untracked 
| 180|0x00000000eb400000, 0x00000000eb400000, 0x00000000eb500000|  0%| F|  |TAMS 0x00000000eb400000| PB 0x00000000eb400000| Untracked 
| 181|0x00000000eb500000, 0x00000000eb500000, 0x00000000eb600000|  0%| F|  |TAMS 0x00000000eb500000| PB 0x00000000eb500000| Untracked 
| 182|0x00000000eb600000, 0x00000000eb600000, 0x00000000eb700000|  0%| F|  |TAMS 0x00000000eb600000| PB 0x00000000eb600000| Untracked 
| 183|0x00000000eb700000, 0x00000000eb700000, 0x00000000eb800000|  0%| F|  |TAMS 0x00000000eb700000| PB 0x00000000eb700000| Untracked 
| 184|0x00000000eb800000, 0x00000000eb800000, 0x00000000eb900000|  0%| F|  |TAMS 0x00000000eb800000| PB 0x00000000eb800000| Untracked 
| 185|0x00000000eb900000, 0x00000000eb900000, 0x00000000eba00000|  0%| F|  |TAMS 0x00000000eb900000| PB 0x00000000eb900000| Untracked 
| 186|0x00000000eba00000, 0x00000000eba00000, 0x00000000ebb00000|  0%| F|  |TAMS 0x00000000eba00000| PB 0x00000000eba00000| Untracked 
| 187|0x00000000ebb00000, 0x00000000ebb00000, 0x00000000ebc00000|  0%| F|  |TAMS 0x00000000ebb00000| PB 0x00000000ebb00000| Untracked 
| 188|0x00000000ebc00000, 0x00000000ebc00000, 0x00000000ebd00000|  0%| F|  |TAMS 0x00000000ebc00000| PB 0x00000000ebc00000| Untracked 
| 189|0x00000000ebd00000, 0x00000000ebd00000, 0x00000000ebe00000|  0%| F|  |TAMS 0x00000000ebd00000| PB 0x00000000ebd00000| Untracked 
| 190|0x00000000ebe00000, 0x00000000ebe00000, 0x00000000ebf00000|  0%| F|  |TAMS 0x00000000ebe00000| PB 0x00000000ebe00000| Untracked 
| 191|0x00000000ebf00000, 0x00000000ebf00000, 0x00000000ec000000|  0%| F|  |TAMS 0x00000000ebf00000| PB 0x00000000ebf00000| Untracked 
| 192|0x00000000ec000000, 0x00000000ec000000, 0x00000000ec100000|  0%| F|  |TAMS 0x00000000ec000000| PB 0x00000000ec000000| Untracked 
| 193|0x00000000ec100000, 0x00000000ec100000, 0x00000000ec200000|  0%| F|  |TAMS 0x00000000ec100000| PB 0x00000000ec100000| Untracked 
| 194|0x00000000ec200000, 0x00000000ec200000, 0x00000000ec300000|  0%| F|  |TAMS 0x00000000ec200000| PB 0x00000000ec200000| Untracked 
| 195|0x00000000ec300000, 0x00000000ec300000, 0x00000000ec400000|  0%| F|  |TAMS 0x00000000ec300000| PB 0x00000000ec300000| Untracked 
| 196|0x00000000ec400000, 0x00000000ec400000, 0x00000000ec500000|  0%| F|  |TAMS 0x00000000ec400000| PB 0x00000000ec400000| Untracked 
| 197|0x00000000ec500000, 0x00000000ec500000, 0x00000000ec600000|  0%| F|  |TAMS 0x00000000ec500000| PB 0x00000000ec500000| Untracked 
| 198|0x00000000ec600000, 0x00000000ec600000, 0x00000000ec700000|  0%| F|  |TAMS 0x00000000ec600000| PB 0x00000000ec600000| Untracked 
| 199|0x00000000ec700000, 0x00000000ec700000, 0x00000000ec800000|  0%| F|  |TAMS 0x00000000ec700000| PB 0x00000000ec700000| Untracked 
| 200|0x00000000ec800000, 0x00000000ec800000, 0x00000000ec900000|  0%| F|  |TAMS 0x00000000ec800000| PB 0x00000000ec800000| Untracked 
| 201|0x00000000ec900000, 0x00000000ec900000, 0x00000000eca00000|  0%| F|  |TAMS 0x00000000ec900000| PB 0x00000000ec900000| Untracked 
| 202|0x00000000eca00000, 0x00000000eca00000, 0x00000000ecb00000|  0%| F|  |TAMS 0x00000000eca00000| PB 0x00000000eca00000| Untracked 
| 203|0x00000000ecb00000, 0x00000000ecb00000, 0x00000000ecc00000|  0%| F|  |TAMS 0x00000000ecb00000| PB 0x00000000ecb00000| Untracked 
| 204|0x00000000ecc00000, 0x00000000ecc00000, 0x00000000ecd00000|  0%| F|  |TAMS 0x00000000ecc00000| PB 0x00000000ecc00000| Untracked 
| 205|0x00000000ecd00000, 0x00000000ecd00000, 0x00000000ece00000|  0%| F|  |TAMS 0x00000000ecd00000| PB 0x00000000ecd00000| Untracked 
| 206|0x00000000ece00000, 0x00000000ece00000, 0x00000000ecf00000|  0%| F|  |TAMS 0x00000000ece00000| PB 0x00000000ece00000| Untracked 
| 207|0x00000000ecf00000, 0x00000000ecf00000, 0x00000000ed000000|  0%| F|  |TAMS 0x00000000ecf00000| PB 0x00000000ecf00000| Untracked 
| 208|0x00000000ed000000, 0x00000000ed000000, 0x00000000ed100000|  0%| F|  |TAMS 0x00000000ed000000| PB 0x00000000ed000000| Untracked 
| 209|0x00000000ed100000, 0x00000000ed100000, 0x00000000ed200000|  0%| F|  |TAMS 0x00000000ed100000| PB 0x00000000ed100000| Untracked 
| 210|0x00000000ed200000, 0x00000000ed200000, 0x00000000ed300000|  0%| F|  |TAMS 0x00000000ed200000| PB 0x00000000ed200000| Untracked 
| 211|0x00000000ed300000, 0x00000000ed300000, 0x00000000ed400000|  0%| F|  |TAMS 0x00000000ed300000| PB 0x00000000ed300000| Untracked 
| 212|0x00000000ed400000, 0x00000000ed400000, 0x00000000ed500000|  0%| F|  |TAMS 0x00000000ed400000| PB 0x00000000ed400000| Untracked 
| 213|0x00000000ed500000, 0x00000000ed500000, 0x00000000ed600000|  0%| F|  |TAMS 0x00000000ed500000| PB 0x00000000ed500000| Untracked 
| 214|0x00000000ed600000, 0x00000000ed600000, 0x00000000ed700000|  0%| F|  |TAMS 0x00000000ed600000| PB 0x00000000ed600000| Untracked 
| 215|0x00000000ed700000, 0x00000000ed700000, 0x00000000ed800000|  0%| F|  |TAMS 0x00000000ed700000| PB 0x00000000ed700000| Untracked 
| 216|0x00000000ed800000, 0x00000000ed800000, 0x00000000ed900000|  0%| F|  |TAMS 0x00000000ed800000| PB 0x00000000ed800000| Untracked 
| 217|0x00000000ed900000, 0x00000000ed900000, 0x00000000eda00000|  0%| F|  |TAMS 0x00000000ed900000| PB 0x00000000ed900000| Untracked 
| 218|0x00000000eda00000, 0x00000000eda00000, 0x00000000edb00000|  0%| F|  |TAMS 0x00000000eda00000| PB 0x00000000eda00000| Untracked 
| 219|0x00000000edb00000, 0x00000000edb00000, 0x00000000edc00000|  0%| F|  |TAMS 0x00000000edb00000| PB 0x00000000edb00000| Untracked 
| 220|0x00000000edc00000, 0x00000000edc00000, 0x00000000edd00000|  0%| F|  |TAMS 0x00000000edc00000| PB 0x00000000edc00000| Untracked 
| 221|0x00000000edd00000, 0x00000000edd00000, 0x00000000ede00000|  0%| F|  |TAMS 0x00000000edd00000| PB 0x00000000edd00000| Untracked 
| 222|0x00000000ede00000, 0x00000000ede00000, 0x00000000edf00000|  0%| F|  |TAMS 0x00000000ede00000| PB 0x00000000ede00000| Untracked 
| 223|0x00000000edf00000, 0x00000000edf00000, 0x00000000ee000000|  0%| F|  |TAMS 0x00000000edf00000| PB 0x00000000edf00000| Untracked 
| 224|0x00000000ee000000, 0x00000000ee000000, 0x00000000ee100000|  0%| F|  |TAMS 0x00000000ee000000| PB 0x00000000ee000000| Untracked 
| 225|0x00000000ee100000, 0x00000000ee100000, 0x00000000ee200000|  0%| F|  |TAMS 0x00000000ee100000| PB 0x00000000ee100000| Untracked 
| 226|0x00000000ee200000, 0x00000000ee200000, 0x00000000ee300000|  0%| F|  |TAMS 0x00000000ee200000| PB 0x00000000ee200000| Untracked 
| 227|0x00000000ee300000, 0x00000000ee300000, 0x00000000ee400000|  0%| F|  |TAMS 0x00000000ee300000| PB 0x00000000ee300000| Untracked 
| 228|0x00000000ee400000, 0x00000000ee400000, 0x00000000ee500000|  0%| F|  |TAMS 0x00000000ee400000| PB 0x00000000ee400000| Untracked 
| 229|0x00000000ee500000, 0x00000000ee500000, 0x00000000ee600000|  0%| F|  |TAMS 0x00000000ee500000| PB 0x00000000ee500000| Untracked 
| 230|0x00000000ee600000, 0x00000000ee600000, 0x00000000ee700000|  0%| F|  |TAMS 0x00000000ee600000| PB 0x00000000ee600000| Untracked 
| 231|0x00000000ee700000, 0x00000000ee700000, 0x00000000ee800000|  0%| F|  |TAMS 0x00000000ee700000| PB 0x00000000ee700000| Untracked 
| 232|0x00000000ee800000, 0x00000000ee800000, 0x00000000ee900000|  0%| F|  |TAMS 0x00000000ee800000| PB 0x00000000ee800000| Untracked 
| 233|0x00000000ee900000, 0x00000000ee900000, 0x00000000eea00000|  0%| F|  |TAMS 0x00000000ee900000| PB 0x00000000ee900000| Untracked 
| 234|0x00000000eea00000, 0x00000000eea00000, 0x00000000eeb00000|  0%| F|  |TAMS 0x00000000eea00000| PB 0x00000000eea00000| Untracked 
| 235|0x00000000eeb00000, 0x00000000eeb00000, 0x00000000eec00000|  0%| F|  |TAMS 0x00000000eeb00000| PB 0x00000000eeb00000| Untracked 
| 236|0x00000000eec00000, 0x00000000eec00000, 0x00000000eed00000|  0%| F|  |TAMS 0x00000000eec00000| PB 0x00000000eec00000| Untracked 
| 237|0x00000000eed00000, 0x00000000eed00000, 0x00000000eee00000|  0%| F|  |TAMS 0x00000000eed00000| PB 0x00000000eed00000| Untracked 
| 238|0x00000000eee00000, 0x00000000eee00000, 0x00000000eef00000|  0%| F|  |TAMS 0x00000000eee00000| PB 0x00000000eee00000| Untracked 
| 239|0x00000000eef00000, 0x00000000eef00000, 0x00000000ef000000|  0%| F|  |TAMS 0x00000000eef00000| PB 0x00000000eef00000| Untracked 
| 240|0x00000000ef000000, 0x00000000ef000000, 0x00000000ef100000|  0%| F|  |TAMS 0x00000000ef000000| PB 0x00000000ef000000| Untracked 
| 241|0x00000000ef100000, 0x00000000ef100000, 0x00000000ef200000|  0%| F|  |TAMS 0x00000000ef100000| PB 0x00000000ef100000| Untracked 
| 242|0x00000000ef200000, 0x00000000ef200000, 0x00000000ef300000|  0%| F|  |TAMS 0x00000000ef200000| PB 0x00000000ef200000| Untracked 
| 243|0x00000000ef300000, 0x00000000ef300000, 0x00000000ef400000|  0%| F|  |TAMS 0x00000000ef300000| PB 0x00000000ef300000| Untracked 
| 244|0x00000000ef400000, 0x00000000ef400000, 0x00000000ef500000|  0%| F|  |TAMS 0x00000000ef400000| PB 0x00000000ef400000| Untracked 
| 245|0x00000000ef500000, 0x00000000ef500000, 0x00000000ef600000|  0%| F|  |TAMS 0x00000000ef500000| PB 0x00000000ef500000| Untracked 
| 246|0x00000000ef600000, 0x00000000ef649b20, 0x00000000ef700000| 28%| E|  |TAMS 0x00000000ef600000| PB 0x00000000ef600000| Complete 
| 247|0x00000000ef700000, 0x00000000ef800000, 0x00000000ef800000|100%| E|CS|TAMS 0x00000000ef700000| PB 0x00000000ef700000| Complete 
| 248|0x00000000ef800000, 0x00000000ef900000, 0x00000000ef900000|100%| E|CS|TAMS 0x00000000ef800000| PB 0x00000000ef800000| Complete 
| 249|0x00000000ef900000, 0x00000000efa00000, 0x00000000efa00000|100%| E|CS|TAMS 0x00000000ef900000| PB 0x00000000ef900000| Complete 
| 250|0x00000000efa00000, 0x00000000efb00000, 0x00000000efb00000|100%| E|CS|TAMS 0x00000000efa00000| PB 0x00000000efa00000| Complete 
| 251|0x00000000efb00000, 0x00000000efc00000, 0x00000000efc00000|100%| E|CS|TAMS 0x00000000efb00000| PB 0x00000000efb00000| Complete 
| 252|0x00000000efc00000, 0x00000000efd00000, 0x00000000efd00000|100%| E|CS|TAMS 0x00000000efc00000| PB 0x00000000efc00000| Complete 
| 253|0x00000000efd00000, 0x00000000efdde978, 0x00000000efe00000| 86%| S|CS|TAMS 0x00000000efd00000| PB 0x00000000efd00000| Complete 
| 254|0x00000000efe00000, 0x00000000eff00000, 0x00000000eff00000|100%| S|CS|TAMS 0x00000000efe00000| PB 0x00000000efe00000| Complete 
| 255|0x00000000eff00000, 0x00000000f0000000, 0x00000000f0000000|100%| E|  |TAMS 0x00000000eff00000| PB 0x00000000eff00000| Complete 

Card table byte_map: [0x0000020e2a160000,0x0000020e2a260000] _byte_map_base: 0x0000020e29a60000

Marking Bits: (CMBitMap*) 0x0000020e1267e520
 Bits: [0x0000020e2a260000, 0x0000020e2aa60000)

Polling page: 0x0000020e10460000

Metaspace:

Usage:
  Non-class:     29.89 MB used.
      Class:      4.82 MB used.
       Both:     34.71 MB used.

Virtual space:
  Non-class space:       64.00 MB reserved,      30.44 MB ( 48%) committed,  1 nodes.
      Class space:      320.00 MB reserved,       5.38 MB (  2%) committed,  1 nodes.
             Both:      384.00 MB reserved,      35.81 MB (  9%) committed. 

Chunk freelists:
   Non-Class:  888.00 KB
       Class:  10.62 MB
        Both:  11.49 MB

MaxMetaspaceSize: 384.00 MB
CompressedClassSpaceSize: 320.00 MB
Initial GC threshold: 21.00 MB
Current GC threshold: 59.00 MB
CDS: on
 - commit_granule_bytes: 65536.
 - commit_granule_words: 8192.
 - virtual_space_node_default_size: 8388608.
 - enlarge_chunks_in_place: 1.
 - use_allocation_guard: 0.


Internal statistics:

num_allocs_failed_limit: 6.
num_arena_births: 1736.
num_arena_deaths: 0.
num_vsnodes_births: 2.
num_vsnodes_deaths: 0.
num_space_committed: 573.
num_space_uncommitted: 0.
num_chunks_returned_to_freelist: 6.
num_chunks_taken_from_freelist: 3235.
num_chunk_merges: 6.
num_chunk_splits: 2079.
num_chunks_enlarged: 1300.
num_inconsistent_stats: 0.

CodeHeap 'non-profiled nmethods': size=120000Kb used=2208Kb max_used=2514Kb free=117791Kb
 bounds [0x0000020e22800000, 0x0000020e22a80000, 0x0000020e29d30000]
CodeHeap 'profiled nmethods': size=120000Kb used=7958Kb max_used=8997Kb free=112041Kb
 bounds [0x0000020e1ad30000, 0x0000020e1b600000, 0x0000020e22260000]
CodeHeap 'non-nmethods': size=5760Kb used=1916Kb max_used=1940Kb free=3844Kb
 bounds [0x0000020e22260000, 0x0000020e224d0000, 0x0000020e22800000]
 total_blobs=4912 nmethods=4223 adapters=593
 compilation: enabled
              stopped_count=0, restarted_count=0
 full_count=0

Compilation events (20 events):
Event: 137.515 Thread 0x0000020e2d4e8d50 4742       3       org.gradle.launcher.daemon.context.DefaultDaemonContext$Serializer::read (229 bytes)
Event: 137.517 Thread 0x0000020e2d4e8d50 nmethod 4742 0x0000020e1ae07910 code [0x0000020e1ae07d20, 0x0000020e1ae09a68]
Event: 137.517 Thread 0x0000020e2d4e8d50 4738       3       org.gradle.internal.nativeintegration.services.NativeServices$NativeServicesMode::values (10 bytes)
Event: 137.517 Thread 0x0000020e2d4e8d50 nmethod 4738 0x0000020e1b194010 code [0x0000020e1b1941c0, 0x0000020e1b194468]
Event: 137.517 Thread 0x0000020e2d4e8d50 4739       3       org.gradle.launcher.daemon.configuration.DaemonPriority::values (10 bytes)
Event: 137.517 Thread 0x0000020e2d4e8d50 nmethod 4739 0x0000020e1ae74f10 code [0x0000020e1ae750c0, 0x0000020e1ae75368]
Event: 137.517 Thread 0x0000020e2d4e8d50 4740       3       org.gradle.launcher.daemon.context.DefaultDaemonContext::<init> (68 bytes)
Event: 137.518 Thread 0x0000020e2d4e8d50 nmethod 4740 0x0000020e1ad36610 code [0x0000020e1ad367e0, 0x0000020e1ad36d08]
Event: 137.518 Thread 0x0000020e2d4e8d50 4741       3       org.gradle.launcher.daemon.registry.DaemonInfo$Serializer::read (77 bytes)
Event: 137.519 Thread 0x0000020e2d4e8d50 nmethod 4741 0x0000020e1ad37e10 code [0x0000020e1ad380a0, 0x0000020e1ad38e48]
Event: 137.893 Thread 0x0000020e2d4e8d50 4743  s    3       java.io.FileDescriptor::close (9 bytes)
Event: 137.894 Thread 0x0000020e2d4e8d50 nmethod 4743 0x0000020e1ad37290 code [0x0000020e1ad37460, 0x0000020e1ad378d8]
Event: 137.894 Thread 0x0000020e2d4e8d50 4744  s    3       java.io.FileDescriptor::unregisterCleanup (20 bytes)
Event: 137.894 Thread 0x0000020e2d4e8d50 nmethod 4744 0x0000020e1b02dd90 code [0x0000020e1b02df40, 0x0000020e1b02e240]
Event: 138.826 Thread 0x0000020e2d4de680 4745       4       java.util.concurrent.locks.ReentrantLock$Sync::isHeldExclusively (16 bytes)
Event: 138.827 Thread 0x0000020e2d4de680 nmethod 4745 0x0000020e22867990 code [0x0000020e22867b20, 0x0000020e22867bc8]
Event: 139.145 Thread 0x0000020e2d4e8d50 4746       3       java.lang.invoke.InvokerBytecodeGenerator::resolveFrom (81 bytes)
Event: 139.145 Thread 0x0000020e2d4e8d50 nmethod 4746 0x0000020e1ad39910 code [0x0000020e1ad39ae0, 0x0000020e1ad39db0]
Event: 139.847 Thread 0x0000020e2d4de680 4747 %     4       javax.management.ObjectName::construct @ 86 (1135 bytes)
Event: 141.339 Thread 0x0000020e2d4e8d50 4748       1       java.lang.management.DefaultPlatformMBeanProvider$2::mbeanInterfaceNames (5 bytes)

GC Heap History (12 events):
Event: 3.881 GC heap before
{Heap before GC invocations=0 (full 0):
 garbage-first heap   total 262144K, used 22528K [0x00000000e0000000, 0x0000000100000000)
  region size 1024K, 23 young (23552K), 0 survivors (0K)
 Metaspace       used 1058K, committed 1152K, reserved 393216K
  class space    used 76K, committed 128K, reserved 327680K
}
Event: 4.195 GC heap after
{Heap after GC invocations=1 (full 0):
 garbage-first heap   total 262144K, used 1962K [0x00000000e0000000, 0x0000000100000000)
  region size 1024K, 2 young (2048K), 2 survivors (2048K)
 Metaspace       used 1058K, committed 1152K, reserved 393216K
  class space    used 76K, committed 128K, reserved 327680K
}
Event: 11.822 GC heap before
{Heap before GC invocations=1 (full 0):
 garbage-first heap   total 262144K, used 39850K [0x00000000e0000000, 0x0000000100000000)
  region size 1024K, 37 young (37888K), 2 survivors (2048K)
 Metaspace       used 4412K, committed 4608K, reserved 393216K
  class space    used 541K, committed 640K, reserved 327680K
}
Event: 11.833 GC heap after
{Heap after GC invocations=2 (full 0):
 garbage-first heap   total 262144K, used 11130K [0x00000000e0000000, 0x0000000100000000)
  region size 1024K, 5 young (5120K), 5 survivors (5120K)
 Metaspace       used 4412K, committed 4608K, reserved 393216K
  class space    used 541K, committed 640K, reserved 327680K
}
Event: 18.428 GC heap before
{Heap before GC invocations=2 (full 0):
 garbage-first heap   total 262144K, used 62330K [0x00000000e0000000, 0x0000000100000000)
  region size 1024K, 53 young (54272K), 5 survivors (5120K)
 Metaspace       used 5279K, committed 5568K, reserved 393216K
  class space    used 692K, committed 832K, reserved 327680K
}
Event: 18.437 GC heap after
{Heap after GC invocations=3 (full 0):
 garbage-first heap   total 262144K, used 16606K [0x00000000e0000000, 0x0000000100000000)
  region size 1024K, 5 young (5120K), 5 survivors (5120K)
 Metaspace       used 5279K, committed 5568K, reserved 393216K
  class space    used 692K, committed 832K, reserved 327680K
}
Event: 44.149 GC heap before
{Heap before GC invocations=3 (full 0):
 garbage-first heap   total 262144K, used 107742K [0x00000000e0000000, 0x0000000100000000)
  region size 1024K, 95 young (97280K), 5 survivors (5120K)
 Metaspace       used 20855K, committed 21504K, reserved 393216K
  class space    used 2944K, committed 3264K, reserved 327680K
}
Event: 44.190 GC heap after
{Heap after GC invocations=4 (full 0):
 garbage-first heap   total 262144K, used 23930K [0x00000000e0000000, 0x0000000100000000)
  region size 1024K, 12 young (12288K), 12 survivors (12288K)
 Metaspace       used 20855K, committed 21504K, reserved 393216K
  class space    used 2944K, committed 3264K, reserved 327680K
}
Event: 114.006 GC heap before
{Heap before GC invocations=5 (full 0):
 garbage-first heap   total 262144K, used 132474K [0x00000000e0000000, 0x0000000100000000)
  region size 1024K, 120 young (122880K), 12 survivors (12288K)
 Metaspace       used 35101K, committed 36160K, reserved 393216K
  class space    used 4862K, committed 5376K, reserved 327680K
}
Event: 118.956 GC heap after
{Heap after GC invocations=6 (full 0):
 garbage-first heap   total 262144K, used 32268K [0x00000000e0000000, 0x0000000100000000)
  region size 1024K, 16 young (16384K), 16 survivors (16384K)
 Metaspace       used 35101K, committed 36160K, reserved 393216K
  class space    used 4862K, committed 5376K, reserved 327680K
}
Event: 120.581 GC heap before
{Heap before GC invocations=6 (full 0):
 garbage-first heap   total 262144K, used 33292K [0x00000000e0000000, 0x0000000100000000)
  region size 1024K, 17 young (17408K), 16 survivors (16384K)
 Metaspace       used 35109K, committed 36224K, reserved 393216K
  class space    used 4863K, committed 5376K, reserved 327680K
}
Event: 120.661 GC heap after
{Heap after GC invocations=7 (full 0):
 garbage-first heap   total 262144K, used 32634K [0x00000000e0000000, 0x0000000100000000)
  region size 1024K, 2 young (2048K), 2 survivors (2048K)
 Metaspace       used 35109K, committed 36224K, reserved 393216K
  class space    used 4863K, committed 5376K, reserved 327680K
}

Dll operation events (15 events):
Event: 0.043 Loaded shared library C:\Program Files\Eclipse Adoptium\jdk-21.0.6.7-hotspot\bin\java.dll
Event: 0.532 Loaded shared library C:\Program Files\Eclipse Adoptium\jdk-21.0.6.7-hotspot\bin\jsvml.dll
Event: 0.756 Loaded shared library C:\Program Files\Eclipse Adoptium\jdk-21.0.6.7-hotspot\bin\zip.dll
Event: 0.763 Loaded shared library C:\Program Files\Eclipse Adoptium\jdk-21.0.6.7-hotspot\bin\instrument.dll
Event: 0.777 Loaded shared library C:\Program Files\Eclipse Adoptium\jdk-21.0.6.7-hotspot\bin\net.dll
Event: 0.865 Loaded shared library C:\Program Files\Eclipse Adoptium\jdk-21.0.6.7-hotspot\bin\nio.dll
Event: 0.873 Loaded shared library C:\Program Files\Eclipse Adoptium\jdk-21.0.6.7-hotspot\bin\zip.dll
Event: 3.467 Loaded shared library C:\Program Files\Eclipse Adoptium\jdk-21.0.6.7-hotspot\bin\jimage.dll
Event: 5.605 Loaded shared library C:\Program Files\Eclipse Adoptium\jdk-21.0.6.7-hotspot\bin\verify.dll
Event: 6.493 Loaded shared library C:\Users\SBS\.gradle\native\1def1411415f61bf3af743bc5b6707747c0891f09f0c88961ee8f79bc544acac\windows-amd64\native-platform.dll
Event: 6.558 Loaded shared library C:\Users\SBS\.gradle\native\0.2.7\x86_64-windows-gnu\gradle-fileevents.dll
Event: 19.423 Loaded shared library C:\Program Files\Eclipse Adoptium\jdk-21.0.6.7-hotspot\bin\management.dll
Event: 19.435 Loaded shared library C:\Program Files\Eclipse Adoptium\jdk-21.0.6.7-hotspot\bin\management_ext.dll
Event: 23.958 Loaded shared library C:\Program Files\Eclipse Adoptium\jdk-21.0.6.7-hotspot\bin\extnet.dll
Event: 27.484 Loaded shared library C:\Program Files\Eclipse Adoptium\jdk-21.0.6.7-hotspot\bin\sunmscapi.dll

Deoptimization events (20 events):
Event: 109.872 Thread 0x0000020e478b4f10 DEOPT PACKING pc=0x0000020e229729dc sp=0x000000de73cf9b70
Event: 109.872 Thread 0x0000020e478b4f10 DEOPT UNPACKING pc=0x0000020e222b46a2 sp=0x000000de73cf9b40 mode 2
Event: 113.384 Thread 0x0000020e478b4f10 DEOPT PACKING pc=0x0000020e1b599457 sp=0x000000de73cf8180
Event: 113.384 Thread 0x0000020e478b4f10 DEOPT UNPACKING pc=0x0000020e222b4e42 sp=0x000000de73cf7608 mode 0
Event: 128.739 Thread 0x0000020e478b4f10 Uncommon trap: trap_request=0xffffffde fr.pc=0x0000020e22a1ae3c relative=0x000000000000105c
Event: 128.739 Thread 0x0000020e478b4f10 Uncommon trap: reason=class_check action=maybe_recompile pc=0x0000020e22a1ae3c method=jdk.internal.loader.URLClassPath.getLoader(I)Ljdk/internal/loader/URLClassPath$Loader; @ 190 c2
Event: 128.739 Thread 0x0000020e478b4f10 DEOPT PACKING pc=0x0000020e22a1ae3c sp=0x000000de73cf8270
Event: 128.739 Thread 0x0000020e478b4f10 DEOPT UNPACKING pc=0x0000020e222b46a2 sp=0x000000de73cf8260 mode 2
Event: 128.740 Thread 0x0000020e478b4f10 Uncommon trap: trap_request=0xffffffde fr.pc=0x0000020e22a7394c relative=0x000000000000020c
Event: 128.740 Thread 0x0000020e478b4f10 Uncommon trap: reason=class_check action=maybe_recompile pc=0x0000020e22a7394c method=jdk.internal.loader.URLClassPath.getResource(Ljava/lang/String;Z)Ljdk/internal/loader/Resource; @ 53 c2
Event: 128.740 Thread 0x0000020e478b4f10 DEOPT PACKING pc=0x0000020e22a7394c sp=0x000000de73cf8330
Event: 128.740 Thread 0x0000020e478b4f10 DEOPT UNPACKING pc=0x0000020e222b46a2 sp=0x000000de73cf82c0 mode 2
Event: 130.371 Thread 0x0000020e478b4f10 Uncommon trap: trap_request=0xffffffde fr.pc=0x0000020e22a1ae3c relative=0x000000000000105c
Event: 130.371 Thread 0x0000020e478b4f10 Uncommon trap: reason=class_check action=maybe_recompile pc=0x0000020e22a1ae3c method=jdk.internal.loader.URLClassPath.getLoader(I)Ljdk/internal/loader/URLClassPath$Loader; @ 190 c2
Event: 130.371 Thread 0x0000020e478b4f10 DEOPT PACKING pc=0x0000020e22a1ae3c sp=0x000000de73cf8370
Event: 130.371 Thread 0x0000020e478b4f10 DEOPT UNPACKING pc=0x0000020e222b46a2 sp=0x000000de73cf8360 mode 2
Event: 130.371 Thread 0x0000020e478b4f10 Uncommon trap: trap_request=0xffffffde fr.pc=0x0000020e22a7394c relative=0x000000000000020c
Event: 130.371 Thread 0x0000020e478b4f10 Uncommon trap: reason=class_check action=maybe_recompile pc=0x0000020e22a7394c method=jdk.internal.loader.URLClassPath.getResource(Ljava/lang/String;Z)Ljdk/internal/loader/Resource; @ 53 c2
Event: 130.371 Thread 0x0000020e478b4f10 DEOPT PACKING pc=0x0000020e22a7394c sp=0x000000de73cf8430
Event: 130.371 Thread 0x0000020e478b4f10 DEOPT UNPACKING pc=0x0000020e222b46a2 sp=0x000000de73cf83c0 mode 2

Classes loaded (20 events):
Event: 93.806 Loading class java/util/WeakHashMap$KeyIterator
Event: 93.806 Loading class java/util/WeakHashMap$HashIterator
Event: 93.806 Loading class java/util/WeakHashMap$HashIterator done
Event: 93.806 Loading class java/util/WeakHashMap$KeyIterator done
Event: 93.872 Loading class sun/nio/fs/WindowsPath$1
Event: 93.872 Loading class sun/nio/fs/WindowsPath$1 done
Event: 93.873 Loading class sun/nio/fs/WindowsException
Event: 93.873 Loading class sun/nio/fs/WindowsException done
Event: 93.903 Loading class java/io/StringReader
Event: 93.903 Loading class java/io/StringReader done
Event: 93.936 Loading class java/math/MutableBigInteger
Event: 93.937 Loading class java/math/MutableBigInteger done
Event: 98.131 Loading class java/util/stream/Streams$RangeIntSpliterator
Event: 98.131 Loading class java/util/stream/Streams$RangeIntSpliterator done
Event: 109.472 Loading class jdk/internal/loader/URLClassPath$FileLoader
Event: 109.472 Loading class jdk/internal/loader/URLClassPath$FileLoader done
Event: 109.474 Loading class jdk/internal/loader/URLClassPath$FileLoader$1
Event: 109.474 Loading class jdk/internal/loader/URLClassPath$FileLoader$1 done
Event: 112.984 Loading class java/lang/ProcessBuilder
Event: 112.984 Loading class java/lang/ProcessBuilder done

Classes unloaded (0 events):
No events

Classes redefined (0 events):
No events

Internal exceptions (20 events):
Event: 109.468 Thread 0x0000020e478b4f10 Exception <a 'java/lang/NoSuchMethodError'{0x00000000e8b8f998}: 'void java.lang.invoke.DelegatingMethodHandle$Holder.reinvoke_L(java.lang.Object, java.lang.Object, java.lang.Object, java.lang.Object, java.lang.Object, java.lang.Object, java.lang.Object)'> (0x00000000e8b8f998) 
thrown [s\src\hotspot\share\interpreter\linkResolver.cpp, line 773]
Event: 112.983 Thread 0x0000020e478b4f10 Exception <a 'java/lang/NoSuchMethodError'{0x00000000e89c42d0}: 'java.lang.Object java.lang.invoke.DirectMethodHandle$Holder.invokeStaticInit(java.lang.Object, java.lang.Object, java.lang.Object, java.lang.Object, java.lang.Object, java.lang.Object, java.lang.Object)'> (0x00000000e89c42d0) 
thrown [s\src\hotspot\share\interpreter\linkResolver.cpp, line 773]
Event: 113.380 Thread 0x0000020e478b4f10 Exception <a 'java/lang/NoSuchMethodError'{0x00000000e89e9838}: 'java.lang.Object java.lang.invoke.DirectMethodHandle$Holder.invokeSpecial(java.lang.Object, java.lang.Object, java.lang.Object, int, java.lang.Object, java.lang.Object)'> (0x00000000e89e9838) 
thrown [s\src\hotspot\share\interpreter\linkResolver.cpp, line 773]
Event: 125.426 Thread 0x0000020e478b4f10 Exception <a 'java/lang/ClassNotFoundException'{0x00000000efb76c90}: groovy/lang/BindingBeanInfo> (0x00000000efb76c90) 
thrown [s\src\hotspot\share\classfile\systemDictionary.cpp, line 312]
Event: 125.517 Thread 0x0000020e478b4f10 Exception <a 'java/lang/ClassNotFoundException'{0x00000000efb805e0}: groovy/lang/BindingCustomizer> (0x00000000efb805e0) 
thrown [s\src\hotspot\share\classfile\systemDictionary.cpp, line 312]
Event: 128.896 Thread 0x0000020e478b4f10 Exception <a 'java/lang/ClassNotFoundException'{0x00000000ef903f88}: settings_aa9lsg5nu84j3r9uss3h64uomBeanInfo> (0x00000000ef903f88) 
thrown [s\src\hotspot\share\classfile\systemDictionary.cpp, line 312]
Event: 128.914 Thread 0x0000020e478b4f10 Exception <a 'java/lang/ClassNotFoundException'{0x00000000ef90dd70}: org/gradle/initialization/SettingsScriptBeanInfo> (0x00000000ef90dd70) 
thrown [s\src\hotspot\share\classfile\systemDictionary.cpp, line 312]
Event: 128.928 Thread 0x0000020e478b4f10 Exception <a 'java/lang/ClassNotFoundException'{0x00000000ef917d78}: org/gradle/plugin/use/internal/PluginsAwareScriptBeanInfo> (0x00000000ef917d78) 
thrown [s\src\hotspot\share\classfile\systemDictionary.cpp, line 312]
Event: 128.947 Thread 0x0000020e478b4f10 Exception <a 'java/lang/ClassNotFoundException'{0x00000000ef921e20}: org/gradle/groovy/scripts/DefaultScriptBeanInfo> (0x00000000ef921e20) 
thrown [s\src\hotspot\share\classfile\systemDictionary.cpp, line 312]
Event: 129.007 Thread 0x0000020e478b4f10 Exception <a 'java/lang/ClassNotFoundException'{0x00000000ef92bb08}: org/gradle/groovy/scripts/BasicScriptBeanInfo> (0x00000000ef92bb08) 
thrown [s\src\hotspot\share\classfile\systemDictionary.cpp, line 312]
Event: 129.091 Thread 0x0000020e478b4f10 Exception <a 'java/lang/ClassNotFoundException'{0x00000000ef935790}: org/gradle/groovy/scripts/ScriptBeanInfo> (0x00000000ef935790) 
thrown [s\src\hotspot\share\classfile\systemDictionary.cpp, line 312]
Event: 129.606 Thread 0x0000020e478b4f10 Exception <a 'java/lang/ClassNotFoundException'{0x00000000ef93f0f0}: groovy/lang/ScriptBeanInfo> (0x00000000ef93f0f0) 
thrown [s\src\hotspot\share\classfile\systemDictionary.cpp, line 312]
Event: 129.608 Thread 0x0000020e478b4f10 Exception <a 'java/lang/ClassNotFoundException'{0x00000000ef948d10}: groovy/lang/ScriptCustomizer> (0x00000000ef948d10) 
thrown [s\src\hotspot\share\classfile\systemDictionary.cpp, line 312]
Event: 129.790 Thread 0x0000020e478b4f10 Exception <a 'java/lang/ClassNotFoundException'{0x00000000ef95b008}: org/gradle/groovy/scripts/ScriptCustomizer> (0x00000000ef95b008) 
thrown [s\src\hotspot\share\classfile\systemDictionary.cpp, line 312]
Event: 129.792 Thread 0x0000020e478b4f10 Exception <a 'java/lang/ClassNotFoundException'{0x00000000ef96bc88}: org/gradle/groovy/scripts/BasicScriptCustomizer> (0x00000000ef96bc88) 
thrown [s\src\hotspot\share\classfile\systemDictionary.cpp, line 312]
Event: 129.854 Thread 0x0000020e478b4f10 Exception <a 'java/lang/ClassNotFoundException'{0x00000000ef982f18}: org/gradle/groovy/scripts/DefaultScriptCustomizer> (0x00000000ef982f18) 
thrown [s\src\hotspot\share\classfile\systemDictionary.cpp, line 312]
Event: 130.180 Thread 0x0000020e478b4f10 Exception <a 'java/lang/ClassNotFoundException'{0x00000000ef9c8198}: org/gradle/plugin/use/internal/PluginsAwareScriptCustomizer> (0x00000000ef9c8198) 
thrown [s\src\hotspot\share\classfile\systemDictionary.cpp, line 312]
Event: 130.182 Thread 0x0000020e478b4f10 Exception <a 'java/lang/ClassNotFoundException'{0x00000000ef9da078}: org/gradle/initialization/SettingsScriptCustomizer> (0x00000000ef9da078) 
thrown [s\src\hotspot\share\classfile\systemDictionary.cpp, line 312]
Event: 130.438 Thread 0x0000020e478b4f10 Exception <a 'java/lang/ClassNotFoundException'{0x00000000ef9e8750}: settings_aa9lsg5nu84j3r9uss3h64uomCustomizer> (0x00000000ef9e8750) 
thrown [s\src\hotspot\share\classfile\systemDictionary.cpp, line 312]
Event: 139.145 Thread 0x0000020e478b4f10 Exception <a 'java/lang/NoSuchMethodError'{0x00000000ef761690}: 'java.lang.Object java.lang.invoke.DirectMethodHandle$Holder.invokeSpecialIFC(java.lang.Object, java.lang.Object, java.lang.Object, java.lang.Object)'> (0x00000000ef761690) 
thrown [s\src\hotspot\share\interpreter\linkResolver.cpp, line 773]

ZGC Phase Switch (0 events):
No events

VM Operations (20 events):
Event: 123.613 Executing VM operation: Cleanup
Event: 123.645 Executing VM operation: Cleanup done
Event: 124.660 Executing VM operation: Cleanup
Event: 124.972 Executing VM operation: Cleanup done
Event: 125.985 Executing VM operation: Cleanup
Event: 126.640 Executing VM operation: Cleanup done
Event: 127.654 Executing VM operation: Cleanup
Event: 128.152 Executing VM operation: Cleanup done
Event: 129.161 Executing VM operation: Cleanup
Event: 129.600 Executing VM operation: Cleanup done
Event: 130.612 Executing VM operation: Cleanup
Event: 130.643 Executing VM operation: Cleanup done
Event: 131.656 Executing VM operation: Cleanup
Event: 132.112 Executing VM operation: Cleanup done
Event: 134.126 Executing VM operation: Cleanup
Event: 134.582 Executing VM operation: Cleanup done
Event: 136.607 Executing VM operation: Cleanup
Event: 137.246 Executing VM operation: Cleanup done
Event: 138.247 Executing VM operation: Cleanup
Event: 138.546 Executing VM operation: Cleanup done

Memory protections (0 events):
No events

Nmethod flushes (20 events):
Event: 119.799 Thread 0x0000020e2d4b79f0 flushing  nmethod 0x0000020e1af6ab90
Event: 119.799 Thread 0x0000020e2d4b79f0 flushing  nmethod 0x0000020e1af6b290
Event: 119.799 Thread 0x0000020e2d4b79f0 flushing  nmethod 0x0000020e1afa0d10
Event: 119.799 Thread 0x0000020e2d4b79f0 flushing  nmethod 0x0000020e1afa1490
Event: 119.799 Thread 0x0000020e2d4b79f0 flushing  nmethod 0x0000020e1afa8190
Event: 119.799 Thread 0x0000020e2d4b79f0 flushing  nmethod 0x0000020e1b19e690
Event: 119.799 Thread 0x0000020e2d4b79f0 flushing  nmethod 0x0000020e1b1a1490
Event: 119.799 Thread 0x0000020e2d4b79f0 flushing  nmethod 0x0000020e1b1bbd10
Event: 119.799 Thread 0x0000020e2d4b79f0 flushing  nmethod 0x0000020e1b1d8310
Event: 119.799 Thread 0x0000020e2d4b79f0 flushing  nmethod 0x0000020e1b1d8710
Event: 119.799 Thread 0x0000020e2d4b79f0 flushing  nmethod 0x0000020e1b1fc510
Event: 119.799 Thread 0x0000020e2d4b79f0 flushing  nmethod 0x0000020e22867190
Event: 119.799 Thread 0x0000020e2d4b79f0 flushing  nmethod 0x0000020e1af33a90
Event: 119.799 Thread 0x0000020e2d4b79f0 flushing  nmethod 0x0000020e1af34c10
Event: 119.799 Thread 0x0000020e2d4b79f0 flushing  nmethod 0x0000020e1b083410
Event: 119.799 Thread 0x0000020e2d4b79f0 flushing  nmethod 0x0000020e1b084210
Event: 119.799 Thread 0x0000020e2d4b79f0 flushing  nmethod 0x0000020e1b084810
Event: 119.800 Thread 0x0000020e2d4b79f0 flushing  nmethod 0x0000020e1b088f90
Event: 119.800 Thread 0x0000020e2d4b79f0 flushing  nmethod 0x0000020e1b08be90
Event: 119.800 Thread 0x0000020e2d4b79f0 flushing  nmethod 0x0000020e1b090f90

Events (20 events):
Event: 29.147 Thread 0x0000020e47c026b0 Thread exited: 0x0000020e47c026b0
Event: 32.986 Thread 0x0000020e47b30e20 Thread added: 0x0000020e47afc890
Event: 33.035 Thread 0x0000020e47b30e20 Thread added: 0x0000020e47afe2d0
Event: 33.063 Thread 0x0000020e478b4f10 Thread added: 0x0000020e47afeff0
Event: 33.069 Thread 0x0000020e478b4f10 Thread added: 0x0000020e47afe960
Event: 33.070 Thread 0x0000020e478b4f10 Thread added: 0x0000020e47afd5b0
Event: 35.680 Thread 0x0000020e478b4f10 Thread added: 0x0000020e47afc200
Event: 35.730 Thread 0x0000020e478b4f10 Thread added: 0x0000020e47afbb70
Event: 36.064 Thread 0x0000020e478b4f10 Thread added: 0x0000020e47afcf20
Event: 36.536 Thread 0x0000020e47afbb70 Thread added: 0x0000020e47afdc40
Event: 49.060 Thread 0x0000020e478b4f10 Thread added: 0x0000020e495b90a0
Event: 49.091 Thread 0x0000020e478b4f10 Thread added: 0x0000020e495b7cf0
Event: 57.488 Thread 0x0000020e478b4f10 Thread added: 0x0000020e495b5c20
Event: 57.551 Thread 0x0000020e478b4f10 Thread added: 0x0000020e495b9730
Event: 94.099 Thread 0x0000020e2d4de680 Thread added: 0x0000020e4a5ea800
Event: 95.378 Thread 0x0000020e4a5ea800 Thread exited: 0x0000020e4a5ea800
Event: 107.191 Thread 0x0000020e478b4f10 Thread added: 0x0000020e495b8a10
Event: 108.518 Thread 0x0000020e478b4f10 Thread added: 0x0000020e495b6fd0
Event: 109.174 Thread 0x0000020e47afbb70 Thread added: 0x0000020e495b62b0
Event: 136.527 Thread 0x0000020e478b4f10 Thread added: 0x0000020e495b8380


Dynamic libraries:
0x00007ff688c70000 - 0x00007ff688c7e000 	C:\Program Files\Eclipse Adoptium\jdk-21.0.6.7-hotspot\bin\java.exe
0x00007ffb6fe40000 - 0x00007ffb700a6000 	C:\WINDOWS\SYSTEM32\ntdll.dll
0x00007ffb6dd80000 - 0x00007ffb6de49000 	C:\WINDOWS\System32\KERNEL32.DLL
0x00007ffb6d460000 - 0x00007ffb6d85f000 	C:\WINDOWS\System32\KERNELBASE.dll
0x00007ffb6d050000 - 0x00007ffb6d19c000 	C:\WINDOWS\System32\ucrtbase.dll
0x00007ffb4d130000 - 0x00007ffb4d14e000 	C:\Program Files\Eclipse Adoptium\jdk-21.0.6.7-hotspot\bin\VCRUNTIME140.dll
0x00007ffb5d700000 - 0x00007ffb5d718000 	C:\Program Files\Eclipse Adoptium\jdk-21.0.6.7-hotspot\bin\jli.dll
0x00007ffb6fc30000 - 0x00007ffb6fdf6000 	C:\WINDOWS\System32\USER32.dll
0x00007ffb6d240000 - 0x00007ffb6d267000 	C:\WINDOWS\System32\win32u.dll
0x00007ffb6f7a0000 - 0x00007ffb6f7cb000 	C:\WINDOWS\System32\GDI32.dll
0x00007ffb6d330000 - 0x00007ffb6d459000 	C:\WINDOWS\System32\gdi32full.dll
0x00007ffb6d930000 - 0x00007ffb6d9d3000 	C:\WINDOWS\System32\msvcp_win.dll
0x00007ffb4c860000 - 0x00007ffb4caf1000 	C:\WINDOWS\WinSxS\amd64_microsoft.windows.common-controls_6595b64144ccf1df_6.0.26100.8972_none_3e0da176e32f9d4b\COMCTL32.dll
0x00007ffb6dc90000 - 0x00007ffb6dd39000 	C:\WINDOWS\System32\msvcrt.dll
0x00007ffb6de50000 - 0x00007ffb6de82000 	C:\WINDOWS\System32\IMM32.DLL
0x00007ffb5ff20000 - 0x00007ffb5ff2c000 	C:\Program Files\Eclipse Adoptium\jdk-21.0.6.7-hotspot\bin\vcruntime140_1.dll
0x00007ffb37a20000 - 0x00007ffb37aad000 	C:\Program Files\Eclipse Adoptium\jdk-21.0.6.7-hotspot\bin\msvcp140.dll
0x00007ffaf46e0000 - 0x00007ffaf5470000 	C:\Program Files\Eclipse Adoptium\jdk-21.0.6.7-hotspot\bin\server\jvm.dll
0x00007ffb6e590000 - 0x00007ffb6e64c000 	C:\WINDOWS\System32\ADVAPI32.dll
0x00007ffb6fac0000 - 0x00007ffb6fb6a000 	C:\WINDOWS\System32\sechost.dll
0x00007ffb6ee50000 - 0x00007ffb6ef68000 	C:\WINDOWS\System32\RPCRT4.dll
0x00007ffb6fb90000 - 0x00007ffb6fc12000 	C:\WINDOWS\System32\WS2_32.dll
0x00007ffb6ced0000 - 0x00007ffb6cf2e000 	C:\WINDOWS\SYSTEM32\POWRPROF.dll
0x00007ffb5b7e0000 - 0x00007ffb5b816000 	C:\WINDOWS\SYSTEM32\WINMM.dll
0x00007ffb5b820000 - 0x00007ffb5b82b000 	C:\WINDOWS\SYSTEM32\VERSION.dll
0x00007ffb6ceb0000 - 0x00007ffb6cec5000 	C:\WINDOWS\SYSTEM32\UMPDC.dll
0x00007ffb6bd00000 - 0x00007ffb6bd1b000 	C:\WINDOWS\SYSTEM32\kernel.appcore.dll
0x00007ffb5d620000 - 0x00007ffb5d62a000 	C:\Program Files\Eclipse Adoptium\jdk-21.0.6.7-hotspot\bin\jimage.dll
0x00007ffb4fd40000 - 0x00007ffb4ff82000 	C:\WINDOWS\SYSTEM32\DBGHELP.DLL
0x00007ffb6efc0000 - 0x00007ffb6f345000 	C:\WINDOWS\System32\combase.dll
0x00007ffb6f350000 - 0x00007ffb6f429000 	C:\WINDOWS\System32\OLEAUT32.dll
0x00007ffb4e330000 - 0x00007ffb4e36b000 	C:\WINDOWS\SYSTEM32\dbgcore.DLL
0x00007ffb6d270000 - 0x00007ffb6d31c000 	C:\WINDOWS\System32\bcryptPrimitives.dll
0x00007ffb61270000 - 0x00007ffb6127f000 	C:\Program Files\Eclipse Adoptium\jdk-21.0.6.7-hotspot\bin\instrument.dll
0x00007ffb47220000 - 0x00007ffb4723f000 	C:\Program Files\Eclipse Adoptium\jdk-21.0.6.7-hotspot\bin\java.dll
0x00007ffb6e6c0000 - 0x00007ffb6ee48000 	C:\WINDOWS\System32\SHELL32.dll
0x00007ffb6aae0000 - 0x00007ffb6b37b000 	C:\WINDOWS\SYSTEM32\windows.storage.dll
0x00007ffb6de90000 - 0x00007ffb6df89000 	C:\WINDOWS\System32\SHCORE.dll
0x00007ffb6f730000 - 0x00007ffb6f796000 	C:\WINDOWS\System32\shlwapi.dll
0x00007ffb6cf70000 - 0x00007ffb6cf99000 	C:\WINDOWS\SYSTEM32\profapi.dll
0x00007ffb32d30000 - 0x00007ffb32e07000 	C:\Program Files\Eclipse Adoptium\jdk-21.0.6.7-hotspot\bin\jsvml.dll
0x00007ffb46dd0000 - 0x00007ffb46de8000 	C:\Program Files\Eclipse Adoptium\jdk-21.0.6.7-hotspot\bin\zip.dll
0x00007ffb4d200000 - 0x00007ffb4d210000 	C:\Program Files\Eclipse Adoptium\jdk-21.0.6.7-hotspot\bin\net.dll
0x00007ffb65fa0000 - 0x00007ffb660c8000 	C:\WINDOWS\SYSTEM32\WINHTTP.dll
0x00007ffb6c290000 - 0x00007ffb6c2fc000 	C:\WINDOWS\system32\mswsock.dll
0x00007ffb471a0000 - 0x00007ffb471b6000 	C:\Program Files\Eclipse Adoptium\jdk-21.0.6.7-hotspot\bin\nio.dll
0x00007ffb47330000 - 0x00007ffb47340000 	C:\Program Files\Eclipse Adoptium\jdk-21.0.6.7-hotspot\bin\verify.dll
0x00007ffb69e00000 - 0x00007ffb69e27000 	C:\Users\SBS\.gradle\native\1def1411415f61bf3af743bc5b6707747c0891f09f0c88961ee8f79bc544acac\windows-amd64\native-platform.dll
0x00007ffb3c510000 - 0x00007ffb3c588000 	C:\Users\SBS\.gradle\native\0.2.7\x86_64-windows-gnu\gradle-fileevents.dll
0x00007ffb47110000 - 0x00007ffb4711a000 	C:\Program Files\Eclipse Adoptium\jdk-21.0.6.7-hotspot\bin\management.dll
0x00007ffb46e60000 - 0x00007ffb46e6b000 	C:\Program Files\Eclipse Adoptium\jdk-21.0.6.7-hotspot\bin\management_ext.dll
0x00007ffb6dd40000 - 0x00007ffb6dd48000 	C:\WINDOWS\System32\PSAPI.DLL
0x00007ffb6b6b0000 - 0x00007ffb6b6e3000 	C:\WINDOWS\SYSTEM32\IPHLPAPI.DLL
0x00007ffb6fc20000 - 0x00007ffb6fc2a000 	C:\WINDOWS\System32\NSI.dll
0x00007ffb44420000 - 0x00007ffb44429000 	C:\Program Files\Eclipse Adoptium\jdk-21.0.6.7-hotspot\bin\extnet.dll
0x00007ffb6c6b0000 - 0x00007ffb6c6cb000 	C:\WINDOWS\SYSTEM32\CRYPTSP.dll
0x00007ffb6bc60000 - 0x00007ffb6bc99000 	C:\WINDOWS\system32\rsaenh.dll
0x00007ffb6c340000 - 0x00007ffb6c372000 	C:\WINDOWS\SYSTEM32\USERENV.dll
0x00007ffb6cf40000 - 0x00007ffb6cf6a000 	C:\WINDOWS\SYSTEM32\bcrypt.dll
0x00007ffb6c4f0000 - 0x00007ffb6c4fc000 	C:\WINDOWS\SYSTEM32\CRYPTBASE.dll
0x00007ffb61100000 - 0x00007ffb6110e000 	C:\Program Files\Eclipse Adoptium\jdk-21.0.6.7-hotspot\bin\sunmscapi.dll
0x00007ffb6d9e0000 - 0x00007ffb6db5e000 	C:\WINDOWS\System32\CRYPT32.dll
0x00007ffb6c820000 - 0x00007ffb6c850000 	C:\WINDOWS\SYSTEM32\ncrypt.dll
0x00007ffb6c7d0000 - 0x00007ffb6c80f000 	C:\WINDOWS\SYSTEM32\NTASN1.dll
0x00007ffb61c30000 - 0x00007ffb61c38000 	C:\WINDOWS\system32\wshunix.dll

dbghelp: loaded successfully - version: 4.0.5 - missing functions: none
symbol engine: initialized successfully - sym options: 0x614 - pdb path: .;C:\Program Files\Eclipse Adoptium\jdk-21.0.6.7-hotspot\bin;C:\WINDOWS\SYSTEM32;C:\WINDOWS\WinSxS\amd64_microsoft.windows.common-controls_6595b64144ccf1df_6.0.26100.8972_none_3e0da176e32f9d4b;C:\Program Files\Eclipse Adoptium\jdk-21.0.6.7-hotspot\bin\server;C:\Users\SBS\.gradle\native\1def1411415f61bf3af743bc5b6707747c0891f09f0c88961ee8f79bc544acac\windows-amd64;C:\Users\SBS\.gradle\native\0.2.7\x86_64-windows-gnu

VM Arguments:
jvm_args: --add-opens=java.base/java.lang=ALL-UNNAMED --add-opens=java.base/java.lang.invoke=ALL-UNNAMED --add-opens=java.base/java.util=ALL-UNNAMED --add-opens=java.prefs/java.util.prefs=ALL-UNNAMED --add-exports=jdk.compiler/com.sun.tools.javac.api=ALL-UNNAMED --add-exports=jdk.compiler/com.sun.tools.javac.util=ALL-UNNAMED --add-opens=java.base/java.util=ALL-UNNAMED --add-opens=java.prefs/java.util.prefs=ALL-UNNAMED --add-opens=java.base/java.nio.charset=ALL-UNNAMED --add-opens=java.base/java.net=ALL-UNNAMED --add-opens=java.base/java.util.concurrent.atomic=ALL-UNNAMED --add-opens=java.xml/javax.xml.namespace=ALL-UNNAMED -XX:MaxMetaspaceSize=384m -XX:+HeapDumpOnOutOfMemoryError -Xms256m -Xmx512m -Dfile.encoding=UTF-8 -Duser.country=FR -Duser.language=fr -Duser.variant -javaagent:C:\Users\SBS\.gradle\wrapper\dists\gradle-8.14-bin\38aieal9i53h9rfe7vjup95b9\gradle-8.14\lib\agents\gradle-instrumentation-agent-8.14.jar 
java_command: org.gradle.launcher.daemon.bootstrap.GradleDaemon 8.14
java_class_path (initial): C:\Users\SBS\.gradle\wrapper\dists\gradle-8.14-bin\38aieal9i53h9rfe7vjup95b9\gradle-8.14\lib\gradle-daemon-main-8.14.jar
Launcher Type: SUN_STANDARD

[Global flags]
     intx CICompilerCount                          = 4                                         {product} {ergonomic}
   size_t CompressedClassSpaceSize                 = 335544320                                 {product} {ergonomic}
     uint ConcGCThreads                            = 2                                         {product} {ergonomic}
     uint G1ConcRefinementThreads                  = 8                                         {product} {ergonomic}
   size_t G1HeapRegionSize                         = 1048576                                   {product} {ergonomic}
    uintx GCDrainStackTargetSize                   = 64                                        {product} {ergonomic}
     bool HeapDumpOnOutOfMemoryError               = true                                   {manageable} {command line}
   size_t InitialHeapSize                          = 268435456                                 {product} {command line}
   size_t MarkStackSize                            = 4194304                                   {product} {ergonomic}
   size_t MaxHeapSize                              = 536870912                                 {product} {command line}
   size_t MaxMetaspaceSize                         = 402653184                                 {product} {command line}
   size_t MaxNewSize                               = 321912832                                 {product} {ergonomic}
   size_t MinHeapDeltaBytes                        = 1048576                                   {product} {ergonomic}
   size_t MinHeapSize                              = 268435456                                 {product} {command line}
    uintx NonNMethodCodeHeapSize                   = 5839372                                {pd product} {ergonomic}
    uintx NonProfiledCodeHeapSize                  = 122909434                              {pd product} {ergonomic}
    uintx ProfiledCodeHeapSize                     = 122909434                              {pd product} {ergonomic}
    uintx ReservedCodeCacheSize                    = 251658240                              {pd product} {ergonomic}
     bool SegmentedCodeCache                       = true                                      {product} {ergonomic}
   size_t SoftMaxHeapSize                          = 536870912                              {manageable} {ergonomic}
     bool UseCompressedOops                        = true                           {product lp64_product} {ergonomic}
     bool UseG1GC                                  = true                                      {product} {ergonomic}
     bool UseLargePagesIndividualAllocation        = false                                  {pd product} {ergonomic}

Logging:
Log output configuration:
 #0: stdout all=warning uptime,level,tags foldmultilines=false
 #1: stderr all=off uptime,level,tags foldmultilines=false

Environment Variables:
JAVA_HOME=C:\Program Files\Eclipse Adoptium\jdk-21.0.6.7-hotspot
PATH=C:\Program Files\Eclipse Adoptium\jdk-21.0.6.7-hotspot\bin;C:\WINDOWS\system32;C:\WINDOWS;C:\WINDOWS\System32\Wbem;C:\WINDOWS\System32\WindowsPowerShell\v1.0\;C:\WINDOWS\System32\OpenSSH\;C:\Program Files\Git\cmd;C:\Program Files\MongoDB\Server\8.0;C:\xampp\php;C:\Program Files\nodejs\;C:\Program Files\NVIDIA Corporation\NVIDIA App\NvDLISR;C:\Program Files\Microsoft SQL Server\170\Tools\Binn\;C:\Program Files\dotnet\;%JAVA_HOME%\bin;C:\Users\SBS\AppData\Local\Programs\Python\Launcher\;C:\Users\SBS\AppData\Local\Microsoft\WindowsApps;C:\Users\SBS\AppData\Local\Programs\Microsoft VS Code\bin;C:\MinGW\bin;C:\Users\SBS\AppData\Local\spicetify;C:\Users\SBS\Documents\mongosh-2.3.8-win32-x64\bin;C:\Users\SBS\AppData\Roaming\npm;C:\Users\SBS\AppData\Local\Microsoft\WindowsApps;C:\Users\SBS\.dotnet\tools;C:\Users\SBS\Downloads\Rep\winutils-master\hadoop-3.3.6\bin;C:\Users\SBS\Downloads\Rep\winutils-master\hadoop-3.3.6\bin;C:\Users\SBS\Downloads\apache-maven-3.9.11-bin\apache-maven-3.9.11\bin;C:\Program Files\Eclipse Adoptium\jdk-21.0.6.7-hotspot\bin;C:\Users\SBS\AppData\Roaming\npm;C:\Users\SBS\AppData\Local\Programs\Antigravity\bin
USERNAME=SBS
OS=Windows_NT
PROCESSOR_IDENTIFIER=AMD64 Family 25 Model 80 Stepping 0, AuthenticAMD
TMP=C:\Users\SBS\AppData\Local\Temp
TEMP=C:\Users\SBS\AppData\Local\Temp




Periodic native trim disabled

---------------  S Y S T E M  ---------------

OS:
 Windows 11 , 64 bit Build 26100 (10.0.26100.9168)
OS uptime: 0 days 20:47 hours
Hyper-V role detected

CPU: total 8 (initial active 8) (8 cores per cpu, 2 threads per core) family 25 model 80 stepping 0 microcode 0xa50000d, cx8, cmov, fxsr, ht, mmx, 3dnowpref, sse, sse2, sse3, ssse3, sse4a, sse4.1, sse4.2, popcnt, lzcnt, tsc, tscinvbit, avx, avx2, aes, erms, clmul, bmi1, bmi2, adx, sha, fma, vzeroupper, clflush, clflushopt, hv, rdtscp, rdpid, fsrm, f16c, cet_ss
Processor Information for the first 8 processors :
  Max Mhz: 3301, Current Mhz: 1908, Mhz Limit: 3301

Memory: 4k page, system-wide physical 7020M (200M free)
TotalPageFile size 22657M (AvailPageFile size 9M)
current process WorkingSet (physical memory assigned to process): 147M, peak: 229M
current process commit charge ("private bytes"): 425M, peak: 432M

vm_info: OpenJDK 64-Bit Server VM (21.0.6+7-LTS) for windows-amd64 JRE (21.0.6+7-LTS), built on 2025-01-21T00:00:00Z by "admin" with MS VC++ 17.7 (VS2022)

END.
