#
# There is insufficient memory for the Java Runtime Environment to continue.
# Native memory allocation (malloc) failed to allocate 482016 bytes. Error detail: Chunk::new
# Possible reasons:
#   The system is out of physical RAM or swap space
#   This process is running with CompressedOops enabled, and the Java Heap may be blocking the growth of the native heap
# Possible solutions:
#   Reduce memory load on the system
#   Increase physical memory or swap space
#   Check if swap backing store is full
#   Decrease Java heap size (-Xmx/-Xms)
#   Decrease number of Java threads
#   Decrease Java thread stack sizes (-Xss)
#   Set larger code cache with -XX:ReservedCodeCacheSize=
#   JVM is running with Unscaled Compressed Oops mode in which the Java heap is
#     placed in the first 4GB address space. The Java Heap base address is the
#     maximum limit for the native heap growth. Please use -XX:HeapBaseMinAddress
#     to set the Java Heap base and to place the Java Heap above 4GB virtual address.
# This output file may be truncated or incomplete.
#
#  Out of Memory Error (arena.cpp:168), pid=7016, tid=23356
#
# JRE version: OpenJDK Runtime Environment Temurin-21.0.6+7 (21.0.6+7) (build 21.0.6+7-LTS)
# Java VM: OpenJDK 64-Bit Server VM Temurin-21.0.6+7 (21.0.6+7-LTS, mixed mode, sharing, tiered, compressed oops, compressed class ptrs, g1 gc, windows-amd64)
# No core dump will be written. Minidumps are not enabled by default on client versions of Windows
#

---------------  S U M M A R Y ------------

Command Line: --add-opens=java.base/java.lang=ALL-UNNAMED --add-opens=java.base/java.lang.invoke=ALL-UNNAMED --add-opens=java.base/java.util=ALL-UNNAMED --add-opens=java.prefs/java.util.prefs=ALL-UNNAMED --add-exports=jdk.compiler/com.sun.tools.javac.api=ALL-UNNAMED --add-exports=jdk.compiler/com.sun.tools.javac.util=ALL-UNNAMED --add-opens=java.base/java.util=ALL-UNNAMED --add-opens=java.prefs/java.util.prefs=ALL-UNNAMED --add-opens=java.base/java.nio.charset=ALL-UNNAMED --add-opens=java.base/java.net=ALL-UNNAMED --add-opens=java.base/java.util.concurrent.atomic=ALL-UNNAMED --add-opens=java.xml/javax.xml.namespace=ALL-UNNAMED -XX:MaxMetaspaceSize=384m -XX:+HeapDumpOnOutOfMemoryError -Xms256m -Xmx512m -Dfile.encoding=UTF-8 -Duser.country=FR -Duser.language=fr -Duser.variant -javaagent:C:\Users\SBS\.gradle\wrapper\dists\gradle-8.14-bin\38aieal9i53h9rfe7vjup95b9\gradle-8.14\lib\agents\gradle-instrumentation-agent-8.14.jar org.gradle.launcher.daemon.bootstrap.GradleDaemon 8.14

Host: AMD Ryzen 5 5500H with Radeon Graphics         , 8 cores, 6G,  Windows 11 , 64 bit Build 26100 (10.0.26100.9168)
Time: Sat Aug 15 14:09:20 2026 Afr. centrale Ouest elapsed time: 122.227573 seconds (0d 0h 2m 2s)

---------------  T H R E A D  ---------------

Current thread (0x00000133f5571eb0):  JavaThread "C2 CompilerThread0" daemon [_thread_in_native, id=23356, stack(0x0000000d6f800000,0x0000000d6f900000) (1024K)]


Current CompileTask:
C2:122227 4902       4       javax.management.ObjectName::construct (1135 bytes)

Stack: [0x0000000d6f800000,0x0000000d6f900000]
Native frames: (J=compiled Java code, j=interpreted, Vv=VM code, C=native code)
V  [jvm.dll+0x6cdee9]
V  [jvm.dll+0x8a83d1]
V  [jvm.dll+0x8aa8fe]
V  [jvm.dll+0x8aafe3]
V  [jvm.dll+0x27f706]
V  [jvm.dll+0xc500d]
V  [jvm.dll+0xc5543]
V  [jvm.dll+0x2f2acd]
V  [jvm.dll+0x5f6a2a]
V  [jvm.dll+0x250bb2]
V  [jvm.dll+0x24908e]
V  [jvm.dll+0x246ec4]
V  [jvm.dll+0x1c75ee]
V  [jvm.dll+0x25685a]
V  [jvm.dll+0x254dfa]
V  [jvm.dll+0x3f0256]
V  [jvm.dll+0x851f8b]
V  [jvm.dll+0x6cc5ed]
C  [ucrtbase.dll+0x2cd30]
C  [KERNEL32.DLL+0x2ccb7]
C  [ntdll.dll+0xaad6c]


---------------  P R O C E S S  ---------------

Threads class SMR info:
_java_thread_list=0x00000133fc17f9d0, length=35, elements={
0x00000133d8630ec0, 0x00000133f5552cb0, 0x00000133f5554420, 0x00000133f555dfe0,
0x00000133f5570080, 0x00000133f55706e0, 0x00000133f5571130, 0x00000133f5571eb0,
0x00000133f55758f0, 0x00000133f55d8ae0, 0x00000133f5743f20, 0x00000133fb5946e0,
0x00000133fa0c8af0, 0x00000133f5671b90, 0x00000133fa068dd0, 0x00000133fa86b3e0,
0x00000133f565efd0, 0x00000133fa854ea0, 0x00000133fa0b7990, 0x00000133fa82be80,
0x00000133fa82aad0, 0x00000133fa82d230, 0x00000133fa82d8c0, 0x00000133fa82b160,
0x00000133fa82b7f0, 0x00000133fa82df50, 0x00000133fb6943a0, 0x00000133fb693d10,
0x00000133fb692ff0, 0x00000133fb692960, 0x00000133fb6950c0, 0x00000133fb696b00,
0x00000133fb695750, 0x00000133fb695de0, 0x00000133fb696470
}

Java Threads: ( => current thread )
  0x00000133d8630ec0 JavaThread "main"                              [_thread_blocked, id=23240, stack(0x0000000d6ea00000,0x0000000d6eb00000) (1024K)]
  0x00000133f5552cb0 JavaThread "Reference Handler"          daemon [_thread_blocked, id=21044, stack(0x0000000d6f200000,0x0000000d6f300000) (1024K)]
  0x00000133f5554420 JavaThread "Finalizer"                  daemon [_thread_blocked, id=23328, stack(0x0000000d6f300000,0x0000000d6f400000) (1024K)]
  0x00000133f555dfe0 JavaThread "Signal Dispatcher"          daemon [_thread_blocked, id=23332, stack(0x0000000d6f400000,0x0000000d6f500000) (1024K)]
  0x00000133f5570080 JavaThread "Attach Listener"            daemon [_thread_blocked, id=16364, stack(0x0000000d6f500000,0x0000000d6f600000) (1024K)]
  0x00000133f55706e0 JavaThread "Service Thread"             daemon [_thread_blocked, id=23340, stack(0x0000000d6f600000,0x0000000d6f700000) (1024K)]
  0x00000133f5571130 JavaThread "Monitor Deflation Thread"   daemon [_thread_blocked, id=23316, stack(0x0000000d6f700000,0x0000000d6f800000) (1024K)]
=>0x00000133f5571eb0 JavaThread "C2 CompilerThread0"         daemon [_thread_in_native, id=23356, stack(0x0000000d6f800000,0x0000000d6f900000) (1024K)]
  0x00000133f55758f0 JavaThread "C1 CompilerThread0"         daemon [_thread_blocked, id=23320, stack(0x0000000d6f900000,0x0000000d6fa00000) (1024K)]
  0x00000133f55d8ae0 JavaThread "Common-Cleaner"             daemon [_thread_blocked, id=23360, stack(0x0000000d6fa00000,0x0000000d6fb00000) (1024K)]
  0x00000133f5743f20 JavaThread "Notification Thread"        daemon [_thread_blocked, id=23424, stack(0x0000000d6fb00000,0x0000000d6fc00000) (1024K)]
  0x00000133fb5946e0 JavaThread "Daemon health stats"               [_thread_blocked, id=20300, stack(0x0000000d70300000,0x0000000d70400000) (1024K)]
  0x00000133fa0c8af0 JavaThread "Incoming local TCP Connector on port 54521"        [_thread_in_native, id=23868, stack(0x0000000d70400000,0x0000000d70500000) (1024K)]
  0x00000133f5671b90 JavaThread "Daemon periodic checks"            [_thread_blocked, id=23892, stack(0x0000000d70500000,0x0000000d70600000) (1024K)]
  0x00000133fa068dd0 JavaThread "Daemon"                            [_thread_blocked, id=24388, stack(0x0000000d6e800000,0x0000000d6e900000) (1024K)]
  0x00000133fa86b3e0 JavaThread "Handler for socket connection from /127.0.0.1:54521 to /127.0.0.1:54523"        [_thread_in_native, id=24392, stack(0x0000000d70600000,0x0000000d70700000) (1024K)]
  0x00000133f565efd0 JavaThread "Cancel handler"                    [_thread_blocked, id=21900, stack(0x0000000d70700000,0x0000000d70800000) (1024K)]
  0x00000133fa854ea0 JavaThread "Daemon worker"                     [_thread_in_vm, id=21992, stack(0x0000000d70800000,0x0000000d70900000) (1024K)]
  0x00000133fa0b7990 JavaThread "Asynchronous log dispatcher for DefaultDaemonConnection: socket connection from /127.0.0.1:54521 to /127.0.0.1:54523"        [_thread_blocked, id=19176, stack(0x0000000d70900000,0x0000000d70a00000) (1024K)]
  0x00000133fa82be80 JavaThread "Stdin handler"                     [_thread_blocked, id=12676, stack(0x0000000d70a00000,0x0000000d70b00000) (1024K)]
  0x00000133fa82aad0 JavaThread "Daemon client event forwarder"        [_thread_blocked, id=20432, stack(0x0000000d70b00000,0x0000000d70c00000) (1024K)]
  0x00000133fa82d230 JavaThread "Cache worker for journal cache (C:\Users\SBS\.gradle\caches\journal-1)"        [_thread_blocked, id=21548, stack(0x0000000d70c00000,0x0000000d70d00000) (1024K)]
  0x00000133fa82d8c0 JavaThread "File lock request listener"        [_thread_in_native, id=23904, stack(0x0000000d70d00000,0x0000000d70e00000) (1024K)]
  0x00000133fa82b160 JavaThread "File lock release action executor"        [_thread_blocked, id=23940, stack(0x0000000d70e00000,0x0000000d70f00000) (1024K)]
  0x00000133fa82b7f0 JavaThread "Cache worker for file hash cache (C:\Users\SBS\.gradle\caches\8.14\fileHashes)"        [_thread_blocked, id=22940, stack(0x0000000d70f00000,0x0000000d71000000) (1024K)]
  0x00000133fa82df50 JavaThread "Cache worker for file hash cache (C:\Users\SBS\Desktop\start UP\wym\BACKEND\.gradle\8.14\fileHashes)"        [_thread_blocked, id=24356, stack(0x0000000d71200000,0x0000000d71300000) (1024K)]
  0x00000133fb6943a0 JavaThread "Cache worker for Build Output Cleanup Cache (C:\Users\SBS\Desktop\start UP\wym\BACKEND\.gradle\buildOutputCleanup)"        [_thread_blocked, id=24124, stack(0x0000000d71300000,0x0000000d71400000) (1024K)]
  0x00000133fb693d10 JavaThread "File watcher server"        daemon [_thread_in_native, id=23464, stack(0x0000000d71400000,0x0000000d71500000) (1024K)]
  0x00000133fb692ff0 JavaThread "File watcher consumer"      daemon [_thread_blocked, id=12940, stack(0x0000000d71500000,0x0000000d71600000) (1024K)]
  0x00000133fb692960 JavaThread "jar transforms"                    [_thread_blocked, id=24972, stack(0x0000000d71600000,0x0000000d71700000) (1024K)]
  0x00000133fb6950c0 JavaThread "jar transforms Thread 2"           [_thread_blocked, id=25224, stack(0x0000000d71700000,0x0000000d71800000) (1024K)]
  0x00000133fb696b00 JavaThread "Cache worker for checksums cache (C:\Users\SBS\Desktop\start UP\wym\BACKEND\.gradle\8.14\checksums)"        [_thread_blocked, id=25300, stack(0x0000000d71800000,0x0000000d71900000) (1024K)]
  0x00000133fb695750 JavaThread "Cache worker for file content cache (C:\Users\SBS\.gradle\caches\8.14\fileContent)"        [_thread_blocked, id=25304, stack(0x0000000d71900000,0x0000000d71a00000) (1024K)]
  0x00000133fb695de0 JavaThread "Cache worker for cache directory md-supplier (C:\Users\SBS\.gradle\caches\8.14\md-supplier)"        [_thread_blocked, id=20988, stack(0x0000000d6e700000,0x0000000d6e800000) (1024K)]
  0x00000133fb696470 JavaThread "Cache worker for cache directory md-rule (C:\Users\SBS\.gradle\caches\8.14\md-rule)"        [_thread_blocked, id=23712, stack(0x0000000d6e900000,0x0000000d6ea00000) (1024K)]
Total: 35

Other Threads:
  0x00000133f5537940 VMThread "VM Thread"                           [id=23312, stack(0x0000000d6f100000,0x0000000d6f200000) (1024K)]
  0x00000133f5524d60 WatcherThread "VM Periodic Task Thread"        [id=23292, stack(0x0000000d6f000000,0x0000000d6f100000) (1024K)]
  0x00000133d865d240 WorkerThread "GC Thread#0"                     [id=23192, stack(0x0000000d6eb00000,0x0000000d6ec00000) (1024K)]
  0x00000133f586c530 WorkerThread "GC Thread#1"                     [id=9208, stack(0x0000000d6fc00000,0x0000000d6fd00000) (1024K)]
  0x00000133f58681e0 WorkerThread "GC Thread#2"                     [id=21656, stack(0x0000000d6fd00000,0x0000000d6fe00000) (1024K)]
  0x00000133f5868580 WorkerThread "GC Thread#3"                     [id=23496, stack(0x0000000d6fe00000,0x0000000d6ff00000) (1024K)]
  0x00000133f5868920 WorkerThread "GC Thread#4"                     [id=23480, stack(0x0000000d6ff00000,0x0000000d70000000) (1024K)]
  0x00000133f5868cc0 WorkerThread "GC Thread#5"                     [id=23404, stack(0x0000000d70000000,0x0000000d70100000) (1024K)]
  0x00000133fa915800 WorkerThread "GC Thread#6"                     [id=6904, stack(0x0000000d70100000,0x0000000d70200000) (1024K)]
  0x00000133fb4f2e80 WorkerThread "GC Thread#7"                     [id=14816, stack(0x0000000d70200000,0x0000000d70300000) (1024K)]
  0x00000133d8662130 ConcurrentGCThread "G1 Main Marker"            [id=23228, stack(0x0000000d6ec00000,0x0000000d6ed00000) (1024K)]
  0x00000133d8663350 WorkerThread "G1 Conc#0"                       [id=23244, stack(0x0000000d6ed00000,0x0000000d6ee00000) (1024K)]
  0x00000133fd296430 WorkerThread "G1 Conc#1"                       [id=24572, stack(0x0000000d71100000,0x0000000d71200000) (1024K)]
  0x00000133f53f25d0 ConcurrentGCThread "G1 Refine#0"               [id=23236, stack(0x0000000d6ee00000,0x0000000d6ef00000) (1024K)]
  0x00000133f53f4f60 ConcurrentGCThread "G1 Service"                [id=22360, stack(0x0000000d6ef00000,0x0000000d6f000000) (1024K)]
Total: 15

Threads with active compile tasks:
C2 CompilerThread0  123467 4902       4       javax.management.ObjectName::construct (1135 bytes)
Total: 1

VM state: not at safepoint (normal execution)

VM Mutex/Monitor currently owned by a thread: None

Heap address: 0x00000000e0000000, size: 512 MB, Compressed Oops mode: 32-bit

CDS archive(s) mapped at: [0x0000013380000000-0x0000013380c80000-0x0000013380c80000), size 13107200, SharedBaseAddress: 0x0000013380000000, ArchiveRelocationMode: 1.
Compressed class space mapped at: 0x0000013381000000-0x0000013395000000, reserved size: 335544320
Narrow klass base: 0x0000013380000000, Narrow klass shift: 0, Narrow klass range: 0x100000000

GC Precious Log:
 CardTable entry size: 512
 Card Set container configuration: InlinePtr #cards 5 size 8 Array Of Cards #cards 12 size 40 Howl #buckets 4 coarsen threshold 1843 Howl Bitmap #cards 512 size 80 coarsen threshold 460 Card regions per heap region 1 cards per card region 2048
 CPUs: 8 total, 8 available
 Memory: 7020M
 Large Page Support: Disabled
 NUMA Support: Disabled
 Compressed Oops: Enabled (32-bit)
 Heap Region Size: 1M
 Heap Min Capacity: 256M
 Heap Initial Capacity: 256M
 Heap Max Capacity: 512M
 Pre-touch: Disabled
 Parallel Workers: 8
 Concurrent Workers: 2
 Concurrent Refinement Workers: 8
 Periodic GC: Disabled

Heap:
 garbage-first heap   total 262144K, used 52766K [0x00000000e0000000, 0x0000000100000000)
  region size 1024K, 21 young (21504K), 1 survivors (1024K)
 Metaspace       used 39088K, committed 40576K, reserved 393216K
  class space    used 5544K, committed 6272K, reserved 327680K

Heap Regions: E=young(eden), S=young(survivor), O=old, HS=humongous(starts), HC=humongous(continues), CS=collection set, F=free, TAMS=top-at-mark-start, PB=parsable bottom
|   0|0x00000000e0000000, 0x00000000e0100000, 0x00000000e0100000|100%|HS|  |TAMS 0x00000000e0000000| PB 0x00000000e0000000| Complete 
|   1|0x00000000e0100000, 0x00000000e0200000, 0x00000000e0200000|100%|HC|  |TAMS 0x00000000e0100000| PB 0x00000000e0100000| Complete 
|   2|0x00000000e0200000, 0x00000000e0300000, 0x00000000e0300000|100%|HC|  |TAMS 0x00000000e0200000| PB 0x00000000e0200000| Complete 
|   3|0x00000000e0300000, 0x00000000e0400000, 0x00000000e0400000|100%| O|  |TAMS 0x00000000e0300000| PB 0x00000000e0300000| Untracked 
|   4|0x00000000e0400000, 0x00000000e0500000, 0x00000000e0500000|100%| O|  |TAMS 0x00000000e0400000| PB 0x00000000e0400000| Untracked 
|   5|0x00000000e0500000, 0x00000000e0600000, 0x00000000e0600000|100%| O|  |TAMS 0x00000000e0500000| PB 0x00000000e0500000| Untracked 
|   6|0x00000000e0600000, 0x00000000e0700000, 0x00000000e0700000|100%|HS|  |TAMS 0x00000000e0600000| PB 0x00000000e0600000| Complete 
|   7|0x00000000e0700000, 0x00000000e0800000, 0x00000000e0800000|100%| O|  |TAMS 0x00000000e0700000| PB 0x00000000e0700000| Untracked 
|   8|0x00000000e0800000, 0x00000000e0900000, 0x00000000e0900000|100%| O|  |TAMS 0x00000000e0800000| PB 0x00000000e0800000| Untracked 
|   9|0x00000000e0900000, 0x00000000e0a00000, 0x00000000e0a00000|100%| O|  |TAMS 0x00000000e0900000| PB 0x00000000e0900000| Untracked 
|  10|0x00000000e0a00000, 0x00000000e0b00000, 0x00000000e0b00000|100%| O|  |TAMS 0x00000000e0a00000| PB 0x00000000e0a00000| Untracked 
|  11|0x00000000e0b00000, 0x00000000e0b00000, 0x00000000e0c00000|  0%| F|  |TAMS 0x00000000e0b00000| PB 0x00000000e0b00000| Untracked 
|  12|0x00000000e0c00000, 0x00000000e0d00000, 0x00000000e0d00000|100%| O|  |TAMS 0x00000000e0c00000| PB 0x00000000e0c00000| Untracked 
|  13|0x00000000e0d00000, 0x00000000e0e00000, 0x00000000e0e00000|100%| O|  |TAMS 0x00000000e0d00000| PB 0x00000000e0d00000| Untracked 
|  14|0x00000000e0e00000, 0x00000000e0f00000, 0x00000000e0f00000|100%| O|  |TAMS 0x00000000e0e00000| PB 0x00000000e0e00000| Untracked 
|  15|0x00000000e0f00000, 0x00000000e1000000, 0x00000000e1000000|100%| O|  |TAMS 0x00000000e0f00000| PB 0x00000000e0f00000| Untracked 
|  16|0x00000000e1000000, 0x00000000e1100000, 0x00000000e1100000|100%| O|  |TAMS 0x00000000e1000000| PB 0x00000000e1000000| Untracked 
|  17|0x00000000e1100000, 0x00000000e1200000, 0x00000000e1200000|100%| O|  |TAMS 0x00000000e1100000| PB 0x00000000e1100000| Untracked 
|  18|0x00000000e1200000, 0x00000000e1300000, 0x00000000e1300000|100%| O|  |TAMS 0x00000000e1200000| PB 0x00000000e1200000| Untracked 
|  19|0x00000000e1300000, 0x00000000e1400000, 0x00000000e1400000|100%| O|  |TAMS 0x00000000e1300000| PB 0x00000000e1300000| Untracked 
|  20|0x00000000e1400000, 0x00000000e1500000, 0x00000000e1500000|100%| O|  |TAMS 0x00000000e1400000| PB 0x00000000e1400000| Untracked 
|  21|0x00000000e1500000, 0x00000000e1600000, 0x00000000e1600000|100%| O|  |TAMS 0x00000000e1500000| PB 0x00000000e1500000| Untracked 
|  22|0x00000000e1600000, 0x00000000e1700000, 0x00000000e1700000|100%| O|  |TAMS 0x00000000e1600000| PB 0x00000000e1600000| Untracked 
|  23|0x00000000e1700000, 0x00000000e1800000, 0x00000000e1800000|100%| O|  |TAMS 0x00000000e1700000| PB 0x00000000e1700000| Untracked 
|  24|0x00000000e1800000, 0x00000000e1900000, 0x00000000e1900000|100%| O|  |TAMS 0x00000000e1800000| PB 0x00000000e1800000| Untracked 
|  25|0x00000000e1900000, 0x00000000e1a00000, 0x00000000e1a00000|100%| O|  |TAMS 0x00000000e1900000| PB 0x00000000e1900000| Untracked 
|  26|0x00000000e1a00000, 0x00000000e1b00000, 0x00000000e1b00000|100%| O|  |TAMS 0x00000000e1a00000| PB 0x00000000e1a00000| Untracked 
|  27|0x00000000e1b00000, 0x00000000e1c00000, 0x00000000e1c00000|100%| O|  |TAMS 0x00000000e1b00000| PB 0x00000000e1b00000| Untracked 
|  28|0x00000000e1c00000, 0x00000000e1d00000, 0x00000000e1d00000|100%| O|  |TAMS 0x00000000e1c00000| PB 0x00000000e1c00000| Untracked 
|  29|0x00000000e1d00000, 0x00000000e1e00000, 0x00000000e1e00000|100%| O|  |TAMS 0x00000000e1d00000| PB 0x00000000e1d00000| Untracked 
|  30|0x00000000e1e00000, 0x00000000e1f00000, 0x00000000e1f00000|100%| O|Cm|TAMS 0x00000000e1e00000| PB 0x00000000e1e00000| Complete 
|  31|0x00000000e1f00000, 0x00000000e2000000, 0x00000000e2000000|100%| O|  |TAMS 0x00000000e1f00000| PB 0x00000000e1f00000| Untracked 
|  32|0x00000000e2000000, 0x00000000e20e9e00, 0x00000000e2100000| 91%| O|  |TAMS 0x00000000e2000000| PB 0x00000000e2000000| Untracked 
|  33|0x00000000e2100000, 0x00000000e2100000, 0x00000000e2200000|  0%| F|  |TAMS 0x00000000e2100000| PB 0x00000000e2100000| Untracked 
|  34|0x00000000e2200000, 0x00000000e2200000, 0x00000000e2300000|  0%| F|  |TAMS 0x00000000e2200000| PB 0x00000000e2200000| Untracked 
|  35|0x00000000e2300000, 0x00000000e2300000, 0x00000000e2400000|  0%| F|  |TAMS 0x00000000e2300000| PB 0x00000000e2300000| Untracked 
|  36|0x00000000e2400000, 0x00000000e2400000, 0x00000000e2500000|  0%| F|  |TAMS 0x00000000e2400000| PB 0x00000000e2400000| Untracked 
|  37|0x00000000e2500000, 0x00000000e2500000, 0x00000000e2600000|  0%| F|  |TAMS 0x00000000e2500000| PB 0x00000000e2500000| Untracked 
|  38|0x00000000e2600000, 0x00000000e2600000, 0x00000000e2700000|  0%| F|  |TAMS 0x00000000e2600000| PB 0x00000000e2600000| Untracked 
|  39|0x00000000e2700000, 0x00000000e2700000, 0x00000000e2800000|  0%| F|  |TAMS 0x00000000e2700000| PB 0x00000000e2700000| Untracked 
|  40|0x00000000e2800000, 0x00000000e2800000, 0x00000000e2900000|  0%| F|  |TAMS 0x00000000e2800000| PB 0x00000000e2800000| Untracked 
|  41|0x00000000e2900000, 0x00000000e2900000, 0x00000000e2a00000|  0%| F|  |TAMS 0x00000000e2900000| PB 0x00000000e2900000| Untracked 
|  42|0x00000000e2a00000, 0x00000000e2a00000, 0x00000000e2b00000|  0%| F|  |TAMS 0x00000000e2a00000| PB 0x00000000e2a00000| Untracked 
|  43|0x00000000e2b00000, 0x00000000e2b00000, 0x00000000e2c00000|  0%| F|  |TAMS 0x00000000e2b00000| PB 0x00000000e2b00000| Untracked 
|  44|0x00000000e2c00000, 0x00000000e2c00000, 0x00000000e2d00000|  0%| F|  |TAMS 0x00000000e2c00000| PB 0x00000000e2c00000| Untracked 
|  45|0x00000000e2d00000, 0x00000000e2d00000, 0x00000000e2e00000|  0%| F|  |TAMS 0x00000000e2d00000| PB 0x00000000e2d00000| Untracked 
|  46|0x00000000e2e00000, 0x00000000e2e00000, 0x00000000e2f00000|  0%| F|  |TAMS 0x00000000e2e00000| PB 0x00000000e2e00000| Untracked 
|  47|0x00000000e2f00000, 0x00000000e2f00000, 0x00000000e3000000|  0%| F|  |TAMS 0x00000000e2f00000| PB 0x00000000e2f00000| Untracked 
|  48|0x00000000e3000000, 0x00000000e3000000, 0x00000000e3100000|  0%| F|  |TAMS 0x00000000e3000000| PB 0x00000000e3000000| Untracked 
|  49|0x00000000e3100000, 0x00000000e3100000, 0x00000000e3200000|  0%| F|  |TAMS 0x00000000e3100000| PB 0x00000000e3100000| Untracked 
|  50|0x00000000e3200000, 0x00000000e3200000, 0x00000000e3300000|  0%| F|  |TAMS 0x00000000e3200000| PB 0x00000000e3200000| Untracked 
|  51|0x00000000e3300000, 0x00000000e3300000, 0x00000000e3400000|  0%| F|  |TAMS 0x00000000e3300000| PB 0x00000000e3300000| Untracked 
|  52|0x00000000e3400000, 0x00000000e3400000, 0x00000000e3500000|  0%| F|  |TAMS 0x00000000e3400000| PB 0x00000000e3400000| Untracked 
|  53|0x00000000e3500000, 0x00000000e3500000, 0x00000000e3600000|  0%| F|  |TAMS 0x00000000e3500000| PB 0x00000000e3500000| Untracked 
|  54|0x00000000e3600000, 0x00000000e3600000, 0x00000000e3700000|  0%| F|  |TAMS 0x00000000e3600000| PB 0x00000000e3600000| Untracked 
|  55|0x00000000e3700000, 0x00000000e3700000, 0x00000000e3800000|  0%| F|  |TAMS 0x00000000e3700000| PB 0x00000000e3700000| Untracked 
|  56|0x00000000e3800000, 0x00000000e3800000, 0x00000000e3900000|  0%| F|  |TAMS 0x00000000e3800000| PB 0x00000000e3800000| Untracked 
|  57|0x00000000e3900000, 0x00000000e3900000, 0x00000000e3a00000|  0%| F|  |TAMS 0x00000000e3900000| PB 0x00000000e3900000| Untracked 
|  58|0x00000000e3a00000, 0x00000000e3a00000, 0x00000000e3b00000|  0%| F|  |TAMS 0x00000000e3a00000| PB 0x00000000e3a00000| Untracked 
|  59|0x00000000e3b00000, 0x00000000e3b00000, 0x00000000e3c00000|  0%| F|  |TAMS 0x00000000e3b00000| PB 0x00000000e3b00000| Untracked 
|  60|0x00000000e3c00000, 0x00000000e3c00000, 0x00000000e3d00000|  0%| F|  |TAMS 0x00000000e3c00000| PB 0x00000000e3c00000| Untracked 
|  61|0x00000000e3d00000, 0x00000000e3d00000, 0x00000000e3e00000|  0%| F|  |TAMS 0x00000000e3d00000| PB 0x00000000e3d00000| Untracked 
|  62|0x00000000e3e00000, 0x00000000e3e00000, 0x00000000e3f00000|  0%| F|  |TAMS 0x00000000e3e00000| PB 0x00000000e3e00000| Untracked 
|  63|0x00000000e3f00000, 0x00000000e3f00000, 0x00000000e4000000|  0%| F|  |TAMS 0x00000000e3f00000| PB 0x00000000e3f00000| Untracked 
|  64|0x00000000e4000000, 0x00000000e4000000, 0x00000000e4100000|  0%| F|  |TAMS 0x00000000e4000000| PB 0x00000000e4000000| Untracked 
|  65|0x00000000e4100000, 0x00000000e4100000, 0x00000000e4200000|  0%| F|  |TAMS 0x00000000e4100000| PB 0x00000000e4100000| Untracked 
|  66|0x00000000e4200000, 0x00000000e4200000, 0x00000000e4300000|  0%| F|  |TAMS 0x00000000e4200000| PB 0x00000000e4200000| Untracked 
|  67|0x00000000e4300000, 0x00000000e4300000, 0x00000000e4400000|  0%| F|  |TAMS 0x00000000e4300000| PB 0x00000000e4300000| Untracked 
|  68|0x00000000e4400000, 0x00000000e4400000, 0x00000000e4500000|  0%| F|  |TAMS 0x00000000e4400000| PB 0x00000000e4400000| Untracked 
|  69|0x00000000e4500000, 0x00000000e4500000, 0x00000000e4600000|  0%| F|  |TAMS 0x00000000e4500000| PB 0x00000000e4500000| Untracked 
|  70|0x00000000e4600000, 0x00000000e4600000, 0x00000000e4700000|  0%| F|  |TAMS 0x00000000e4600000| PB 0x00000000e4600000| Untracked 
|  71|0x00000000e4700000, 0x00000000e4700000, 0x00000000e4800000|  0%| F|  |TAMS 0x00000000e4700000| PB 0x00000000e4700000| Untracked 
|  72|0x00000000e4800000, 0x00000000e4800000, 0x00000000e4900000|  0%| F|  |TAMS 0x00000000e4800000| PB 0x00000000e4800000| Untracked 
|  73|0x00000000e4900000, 0x00000000e4900000, 0x00000000e4a00000|  0%| F|  |TAMS 0x00000000e4900000| PB 0x00000000e4900000| Untracked 
|  74|0x00000000e4a00000, 0x00000000e4a00000, 0x00000000e4b00000|  0%| F|  |TAMS 0x00000000e4a00000| PB 0x00000000e4a00000| Untracked 
|  75|0x00000000e4b00000, 0x00000000e4b00000, 0x00000000e4c00000|  0%| F|  |TAMS 0x00000000e4b00000| PB 0x00000000e4b00000| Untracked 
|  76|0x00000000e4c00000, 0x00000000e4c00000, 0x00000000e4d00000|  0%| F|  |TAMS 0x00000000e4c00000| PB 0x00000000e4c00000| Untracked 
|  77|0x00000000e4d00000, 0x00000000e4d00000, 0x00000000e4e00000|  0%| F|  |TAMS 0x00000000e4d00000| PB 0x00000000e4d00000| Untracked 
|  78|0x00000000e4e00000, 0x00000000e4e00000, 0x00000000e4f00000|  0%| F|  |TAMS 0x00000000e4e00000| PB 0x00000000e4e00000| Untracked 
|  79|0x00000000e4f00000, 0x00000000e4f00000, 0x00000000e5000000|  0%| F|  |TAMS 0x00000000e4f00000| PB 0x00000000e4f00000| Untracked 
|  80|0x00000000e5000000, 0x00000000e5000000, 0x00000000e5100000|  0%| F|  |TAMS 0x00000000e5000000| PB 0x00000000e5000000| Untracked 
|  81|0x00000000e5100000, 0x00000000e5100000, 0x00000000e5200000|  0%| F|  |TAMS 0x00000000e5100000| PB 0x00000000e5100000| Untracked 
|  82|0x00000000e5200000, 0x00000000e5200000, 0x00000000e5300000|  0%| F|  |TAMS 0x00000000e5200000| PB 0x00000000e5200000| Untracked 
|  83|0x00000000e5300000, 0x00000000e5300000, 0x00000000e5400000|  0%| F|  |TAMS 0x00000000e5300000| PB 0x00000000e5300000| Untracked 
|  84|0x00000000e5400000, 0x00000000e5400000, 0x00000000e5500000|  0%| F|  |TAMS 0x00000000e5400000| PB 0x00000000e5400000| Untracked 
|  85|0x00000000e5500000, 0x00000000e5500000, 0x00000000e5600000|  0%| F|  |TAMS 0x00000000e5500000| PB 0x00000000e5500000| Untracked 
|  86|0x00000000e5600000, 0x00000000e5600000, 0x00000000e5700000|  0%| F|  |TAMS 0x00000000e5600000| PB 0x00000000e5600000| Untracked 
|  87|0x00000000e5700000, 0x00000000e5700000, 0x00000000e5800000|  0%| F|  |TAMS 0x00000000e5700000| PB 0x00000000e5700000| Untracked 
|  88|0x00000000e5800000, 0x00000000e5800000, 0x00000000e5900000|  0%| F|  |TAMS 0x00000000e5800000| PB 0x00000000e5800000| Untracked 
|  89|0x00000000e5900000, 0x00000000e5900000, 0x00000000e5a00000|  0%| F|  |TAMS 0x00000000e5900000| PB 0x00000000e5900000| Untracked 
|  90|0x00000000e5a00000, 0x00000000e5a00000, 0x00000000e5b00000|  0%| F|  |TAMS 0x00000000e5a00000| PB 0x00000000e5a00000| Untracked 
|  91|0x00000000e5b00000, 0x00000000e5b00000, 0x00000000e5c00000|  0%| F|  |TAMS 0x00000000e5b00000| PB 0x00000000e5b00000| Untracked 
|  92|0x00000000e5c00000, 0x00000000e5c00000, 0x00000000e5d00000|  0%| F|  |TAMS 0x00000000e5c00000| PB 0x00000000e5c00000| Untracked 
|  93|0x00000000e5d00000, 0x00000000e5d00000, 0x00000000e5e00000|  0%| F|  |TAMS 0x00000000e5d00000| PB 0x00000000e5d00000| Untracked 
|  94|0x00000000e5e00000, 0x00000000e5e00000, 0x00000000e5f00000|  0%| F|  |TAMS 0x00000000e5e00000| PB 0x00000000e5e00000| Untracked 
|  95|0x00000000e5f00000, 0x00000000e5f00000, 0x00000000e6000000|  0%| F|  |TAMS 0x00000000e5f00000| PB 0x00000000e5f00000| Untracked 
|  96|0x00000000e6000000, 0x00000000e6000000, 0x00000000e6100000|  0%| F|  |TAMS 0x00000000e6000000| PB 0x00000000e6000000| Untracked 
|  97|0x00000000e6100000, 0x00000000e6100000, 0x00000000e6200000|  0%| F|  |TAMS 0x00000000e6100000| PB 0x00000000e6100000| Untracked 
|  98|0x00000000e6200000, 0x00000000e6200000, 0x00000000e6300000|  0%| F|  |TAMS 0x00000000e6200000| PB 0x00000000e6200000| Untracked 
|  99|0x00000000e6300000, 0x00000000e6300000, 0x00000000e6400000|  0%| F|  |TAMS 0x00000000e6300000| PB 0x00000000e6300000| Untracked 
| 100|0x00000000e6400000, 0x00000000e6400000, 0x00000000e6500000|  0%| F|  |TAMS 0x00000000e6400000| PB 0x00000000e6400000| Untracked 
| 101|0x00000000e6500000, 0x00000000e6500000, 0x00000000e6600000|  0%| F|  |TAMS 0x00000000e6500000| PB 0x00000000e6500000| Untracked 
| 102|0x00000000e6600000, 0x00000000e6600000, 0x00000000e6700000|  0%| F|  |TAMS 0x00000000e6600000| PB 0x00000000e6600000| Untracked 
| 103|0x00000000e6700000, 0x00000000e6700000, 0x00000000e6800000|  0%| F|  |TAMS 0x00000000e6700000| PB 0x00000000e6700000| Untracked 
| 104|0x00000000e6800000, 0x00000000e6800000, 0x00000000e6900000|  0%| F|  |TAMS 0x00000000e6800000| PB 0x00000000e6800000| Untracked 
| 105|0x00000000e6900000, 0x00000000e6900000, 0x00000000e6a00000|  0%| F|  |TAMS 0x00000000e6900000| PB 0x00000000e6900000| Untracked 
| 106|0x00000000e6a00000, 0x00000000e6a00000, 0x00000000e6b00000|  0%| F|  |TAMS 0x00000000e6a00000| PB 0x00000000e6a00000| Untracked 
| 107|0x00000000e6b00000, 0x00000000e6b00000, 0x00000000e6c00000|  0%| F|  |TAMS 0x00000000e6b00000| PB 0x00000000e6b00000| Untracked 
| 108|0x00000000e6c00000, 0x00000000e6c00000, 0x00000000e6d00000|  0%| F|  |TAMS 0x00000000e6c00000| PB 0x00000000e6c00000| Untracked 
| 109|0x00000000e6d00000, 0x00000000e6d00000, 0x00000000e6e00000|  0%| F|  |TAMS 0x00000000e6d00000| PB 0x00000000e6d00000| Untracked 
| 110|0x00000000e6e00000, 0x00000000e6e00000, 0x00000000e6f00000|  0%| F|  |TAMS 0x00000000e6e00000| PB 0x00000000e6e00000| Untracked 
| 111|0x00000000e6f00000, 0x00000000e6f00000, 0x00000000e7000000|  0%| F|  |TAMS 0x00000000e6f00000| PB 0x00000000e6f00000| Untracked 
| 112|0x00000000e7000000, 0x00000000e7000000, 0x00000000e7100000|  0%| F|  |TAMS 0x00000000e7000000| PB 0x00000000e7000000| Untracked 
| 113|0x00000000e7100000, 0x00000000e7100000, 0x00000000e7200000|  0%| F|  |TAMS 0x00000000e7100000| PB 0x00000000e7100000| Untracked 
| 114|0x00000000e7200000, 0x00000000e7200000, 0x00000000e7300000|  0%| F|  |TAMS 0x00000000e7200000| PB 0x00000000e7200000| Untracked 
| 115|0x00000000e7300000, 0x00000000e7300000, 0x00000000e7400000|  0%| F|  |TAMS 0x00000000e7300000| PB 0x00000000e7300000| Untracked 
| 116|0x00000000e7400000, 0x00000000e7400000, 0x00000000e7500000|  0%| F|  |TAMS 0x00000000e7400000| PB 0x00000000e7400000| Untracked 
| 117|0x00000000e7500000, 0x00000000e7500000, 0x00000000e7600000|  0%| F|  |TAMS 0x00000000e7500000| PB 0x00000000e7500000| Untracked 
| 118|0x00000000e7600000, 0x00000000e7600000, 0x00000000e7700000|  0%| F|  |TAMS 0x00000000e7600000| PB 0x00000000e7600000| Untracked 
| 119|0x00000000e7700000, 0x00000000e7700000, 0x00000000e7800000|  0%| F|  |TAMS 0x00000000e7700000| PB 0x00000000e7700000| Untracked 
| 120|0x00000000e7800000, 0x00000000e7800000, 0x00000000e7900000|  0%| F|  |TAMS 0x00000000e7800000| PB 0x00000000e7800000| Untracked 
| 121|0x00000000e7900000, 0x00000000e7900000, 0x00000000e7a00000|  0%| F|  |TAMS 0x00000000e7900000| PB 0x00000000e7900000| Untracked 
| 122|0x00000000e7a00000, 0x00000000e7a00000, 0x00000000e7b00000|  0%| F|  |TAMS 0x00000000e7a00000| PB 0x00000000e7a00000| Untracked 
| 123|0x00000000e7b00000, 0x00000000e7b00000, 0x00000000e7c00000|  0%| F|  |TAMS 0x00000000e7b00000| PB 0x00000000e7b00000| Untracked 
| 124|0x00000000e7c00000, 0x00000000e7c00000, 0x00000000e7d00000|  0%| F|  |TAMS 0x00000000e7c00000| PB 0x00000000e7c00000| Untracked 
| 125|0x00000000e7d00000, 0x00000000e7d00000, 0x00000000e7e00000|  0%| F|  |TAMS 0x00000000e7d00000| PB 0x00000000e7d00000| Untracked 
| 126|0x00000000e7e00000, 0x00000000e7e00000, 0x00000000e7f00000|  0%| F|  |TAMS 0x00000000e7e00000| PB 0x00000000e7e00000| Untracked 
| 127|0x00000000e7f00000, 0x00000000e7f00000, 0x00000000e8000000|  0%| F|  |TAMS 0x00000000e7f00000| PB 0x00000000e7f00000| Untracked 
| 128|0x00000000e8000000, 0x00000000e8000000, 0x00000000e8100000|  0%| F|  |TAMS 0x00000000e8000000| PB 0x00000000e8000000| Untracked 
| 129|0x00000000e8100000, 0x00000000e8100000, 0x00000000e8200000|  0%| F|  |TAMS 0x00000000e8100000| PB 0x00000000e8100000| Untracked 
| 130|0x00000000e8200000, 0x00000000e8200000, 0x00000000e8300000|  0%| F|  |TAMS 0x00000000e8200000| PB 0x00000000e8200000| Untracked 
| 131|0x00000000e8300000, 0x00000000e8300000, 0x00000000e8400000|  0%| F|  |TAMS 0x00000000e8300000| PB 0x00000000e8300000| Untracked 
| 132|0x00000000e8400000, 0x00000000e8400000, 0x00000000e8500000|  0%| F|  |TAMS 0x00000000e8400000| PB 0x00000000e8400000| Untracked 
| 133|0x00000000e8500000, 0x00000000e8500000, 0x00000000e8600000|  0%| F|  |TAMS 0x00000000e8500000| PB 0x00000000e8500000| Untracked 
| 134|0x00000000e8600000, 0x00000000e8600000, 0x00000000e8700000|  0%| F|  |TAMS 0x00000000e8600000| PB 0x00000000e8600000| Untracked 
| 135|0x00000000e8700000, 0x00000000e8700000, 0x00000000e8800000|  0%| F|  |TAMS 0x00000000e8700000| PB 0x00000000e8700000| Untracked 
| 136|0x00000000e8800000, 0x00000000e8800000, 0x00000000e8900000|  0%| F|  |TAMS 0x00000000e8800000| PB 0x00000000e8800000| Untracked 
| 137|0x00000000e8900000, 0x00000000e8900000, 0x00000000e8a00000|  0%| F|  |TAMS 0x00000000e8900000| PB 0x00000000e8900000| Untracked 
| 138|0x00000000e8a00000, 0x00000000e8a00000, 0x00000000e8b00000|  0%| F|  |TAMS 0x00000000e8a00000| PB 0x00000000e8a00000| Untracked 
| 139|0x00000000e8b00000, 0x00000000e8b00000, 0x00000000e8c00000|  0%| F|  |TAMS 0x00000000e8b00000| PB 0x00000000e8b00000| Untracked 
| 140|0x00000000e8c00000, 0x00000000e8c00000, 0x00000000e8d00000|  0%| F|  |TAMS 0x00000000e8c00000| PB 0x00000000e8c00000| Untracked 
| 141|0x00000000e8d00000, 0x00000000e8d00000, 0x00000000e8e00000|  0%| F|  |TAMS 0x00000000e8d00000| PB 0x00000000e8d00000| Untracked 
| 142|0x00000000e8e00000, 0x00000000e8e00000, 0x00000000e8f00000|  0%| F|  |TAMS 0x00000000e8e00000| PB 0x00000000e8e00000| Untracked 
| 143|0x00000000e8f00000, 0x00000000e8f00000, 0x00000000e9000000|  0%| F|  |TAMS 0x00000000e8f00000| PB 0x00000000e8f00000| Untracked 
| 144|0x00000000e9000000, 0x00000000e9000000, 0x00000000e9100000|  0%| F|  |TAMS 0x00000000e9000000| PB 0x00000000e9000000| Untracked 
| 145|0x00000000e9100000, 0x00000000e9100000, 0x00000000e9200000|  0%| F|  |TAMS 0x00000000e9100000| PB 0x00000000e9100000| Untracked 
| 146|0x00000000e9200000, 0x00000000e9200000, 0x00000000e9300000|  0%| F|  |TAMS 0x00000000e9200000| PB 0x00000000e9200000| Untracked 
| 147|0x00000000e9300000, 0x00000000e9300000, 0x00000000e9400000|  0%| F|  |TAMS 0x00000000e9300000| PB 0x00000000e9300000| Untracked 
| 148|0x00000000e9400000, 0x00000000e9400000, 0x00000000e9500000|  0%| F|  |TAMS 0x00000000e9400000| PB 0x00000000e9400000| Untracked 
| 149|0x00000000e9500000, 0x00000000e9500000, 0x00000000e9600000|  0%| F|  |TAMS 0x00000000e9500000| PB 0x00000000e9500000| Untracked 
| 150|0x00000000e9600000, 0x00000000e9600000, 0x00000000e9700000|  0%| F|  |TAMS 0x00000000e9600000| PB 0x00000000e9600000| Untracked 
| 151|0x00000000e9700000, 0x00000000e9700000, 0x00000000e9800000|  0%| F|  |TAMS 0x00000000e9700000| PB 0x00000000e9700000| Untracked 
| 152|0x00000000e9800000, 0x00000000e9800000, 0x00000000e9900000|  0%| F|  |TAMS 0x00000000e9800000| PB 0x00000000e9800000| Untracked 
| 153|0x00000000e9900000, 0x00000000e9900000, 0x00000000e9a00000|  0%| F|  |TAMS 0x00000000e9900000| PB 0x00000000e9900000| Untracked 
| 154|0x00000000e9a00000, 0x00000000e9a00000, 0x00000000e9b00000|  0%| F|  |TAMS 0x00000000e9a00000| PB 0x00000000e9a00000| Untracked 
| 155|0x00000000e9b00000, 0x00000000e9b00000, 0x00000000e9c00000|  0%| F|  |TAMS 0x00000000e9b00000| PB 0x00000000e9b00000| Untracked 
| 156|0x00000000e9c00000, 0x00000000e9c00000, 0x00000000e9d00000|  0%| F|  |TAMS 0x00000000e9c00000| PB 0x00000000e9c00000| Untracked 
| 157|0x00000000e9d00000, 0x00000000e9d00000, 0x00000000e9e00000|  0%| F|  |TAMS 0x00000000e9d00000| PB 0x00000000e9d00000| Untracked 
| 158|0x00000000e9e00000, 0x00000000e9e00000, 0x00000000e9f00000|  0%| F|  |TAMS 0x00000000e9e00000| PB 0x00000000e9e00000| Untracked 
| 159|0x00000000e9f00000, 0x00000000e9f00000, 0x00000000ea000000|  0%| F|  |TAMS 0x00000000e9f00000| PB 0x00000000e9f00000| Untracked 
| 160|0x00000000ea000000, 0x00000000ea000000, 0x00000000ea100000|  0%| F|  |TAMS 0x00000000ea000000| PB 0x00000000ea000000| Untracked 
| 161|0x00000000ea100000, 0x00000000ea100000, 0x00000000ea200000|  0%| F|  |TAMS 0x00000000ea100000| PB 0x00000000ea100000| Untracked 
| 162|0x00000000ea200000, 0x00000000ea200000, 0x00000000ea300000|  0%| F|  |TAMS 0x00000000ea200000| PB 0x00000000ea200000| Untracked 
| 163|0x00000000ea300000, 0x00000000ea300000, 0x00000000ea400000|  0%| F|  |TAMS 0x00000000ea300000| PB 0x00000000ea300000| Untracked 
| 164|0x00000000ea400000, 0x00000000ea400000, 0x00000000ea500000|  0%| F|  |TAMS 0x00000000ea400000| PB 0x00000000ea400000| Untracked 
| 165|0x00000000ea500000, 0x00000000ea500000, 0x00000000ea600000|  0%| F|  |TAMS 0x00000000ea500000| PB 0x00000000ea500000| Untracked 
| 166|0x00000000ea600000, 0x00000000ea600000, 0x00000000ea700000|  0%| F|  |TAMS 0x00000000ea600000| PB 0x00000000ea600000| Untracked 
| 167|0x00000000ea700000, 0x00000000ea700000, 0x00000000ea800000|  0%| F|  |TAMS 0x00000000ea700000| PB 0x00000000ea700000| Untracked 
| 168|0x00000000ea800000, 0x00000000ea800000, 0x00000000ea900000|  0%| F|  |TAMS 0x00000000ea800000| PB 0x00000000ea800000| Untracked 
| 169|0x00000000ea900000, 0x00000000ea900000, 0x00000000eaa00000|  0%| F|  |TAMS 0x00000000ea900000| PB 0x00000000ea900000| Untracked 
| 170|0x00000000eaa00000, 0x00000000eaa00000, 0x00000000eab00000|  0%| F|  |TAMS 0x00000000eaa00000| PB 0x00000000eaa00000| Untracked 
| 171|0x00000000eab00000, 0x00000000eab00000, 0x00000000eac00000|  0%| F|  |TAMS 0x00000000eab00000| PB 0x00000000eab00000| Untracked 
| 172|0x00000000eac00000, 0x00000000eac00000, 0x00000000ead00000|  0%| F|  |TAMS 0x00000000eac00000| PB 0x00000000eac00000| Untracked 
| 173|0x00000000ead00000, 0x00000000ead00000, 0x00000000eae00000|  0%| F|  |TAMS 0x00000000ead00000| PB 0x00000000ead00000| Untracked 
| 174|0x00000000eae00000, 0x00000000eae00000, 0x00000000eaf00000|  0%| F|  |TAMS 0x00000000eae00000| PB 0x00000000eae00000| Untracked 
| 175|0x00000000eaf00000, 0x00000000eaf00000, 0x00000000eb000000|  0%| F|  |TAMS 0x00000000eaf00000| PB 0x00000000eaf00000| Untracked 
| 176|0x00000000eb000000, 0x00000000eb000000, 0x00000000eb100000|  0%| F|  |TAMS 0x00000000eb000000| PB 0x00000000eb000000| Untracked 
| 177|0x00000000eb100000, 0x00000000eb100000, 0x00000000eb200000|  0%| F|  |TAMS 0x00000000eb100000| PB 0x00000000eb100000| Untracked 
| 178|0x00000000eb200000, 0x00000000eb200000, 0x00000000eb300000|  0%| F|  |TAMS 0x00000000eb200000| PB 0x00000000eb200000| Untracked 
| 179|0x00000000eb300000, 0x00000000eb300000, 0x00000000eb400000|  0%| F|  |TAMS 0x00000000eb300000| PB 0x00000000eb300000| Untracked 
| 180|0x00000000eb400000, 0x00000000eb400000, 0x00000000eb500000|  0%| F|  |TAMS 0x00000000eb400000| PB 0x00000000eb400000| Untracked 
| 181|0x00000000eb500000, 0x00000000eb500000, 0x00000000eb600000|  0%| F|  |TAMS 0x00000000eb500000| PB 0x00000000eb500000| Untracked 
| 182|0x00000000eb600000, 0x00000000eb600000, 0x00000000eb700000|  0%| F|  |TAMS 0x00000000eb600000| PB 0x00000000eb600000| Untracked 
| 183|0x00000000eb700000, 0x00000000eb700000, 0x00000000eb800000|  0%| F|  |TAMS 0x00000000eb700000| PB 0x00000000eb700000| Untracked 
| 184|0x00000000eb800000, 0x00000000eb800000, 0x00000000eb900000|  0%| F|  |TAMS 0x00000000eb800000| PB 0x00000000eb800000| Untracked 
| 185|0x00000000eb900000, 0x00000000eb900000, 0x00000000eba00000|  0%| F|  |TAMS 0x00000000eb900000| PB 0x00000000eb900000| Untracked 
| 186|0x00000000eba00000, 0x00000000eba00000, 0x00000000ebb00000|  0%| F|  |TAMS 0x00000000eba00000| PB 0x00000000eba00000| Untracked 
| 187|0x00000000ebb00000, 0x00000000ebb00000, 0x00000000ebc00000|  0%| F|  |TAMS 0x00000000ebb00000| PB 0x00000000ebb00000| Untracked 
| 188|0x00000000ebc00000, 0x00000000ebc00000, 0x00000000ebd00000|  0%| F|  |TAMS 0x00000000ebc00000| PB 0x00000000ebc00000| Untracked 
| 189|0x00000000ebd00000, 0x00000000ebd00000, 0x00000000ebe00000|  0%| F|  |TAMS 0x00000000ebd00000| PB 0x00000000ebd00000| Untracked 
| 190|0x00000000ebe00000, 0x00000000ebe00000, 0x00000000ebf00000|  0%| F|  |TAMS 0x00000000ebe00000| PB 0x00000000ebe00000| Untracked 
| 191|0x00000000ebf00000, 0x00000000ebf00000, 0x00000000ec000000|  0%| F|  |TAMS 0x00000000ebf00000| PB 0x00000000ebf00000| Untracked 
| 192|0x00000000ec000000, 0x00000000ec000000, 0x00000000ec100000|  0%| F|  |TAMS 0x00000000ec000000| PB 0x00000000ec000000| Untracked 
| 193|0x00000000ec100000, 0x00000000ec100000, 0x00000000ec200000|  0%| F|  |TAMS 0x00000000ec100000| PB 0x00000000ec100000| Untracked 
| 194|0x00000000ec200000, 0x00000000ec200000, 0x00000000ec300000|  0%| F|  |TAMS 0x00000000ec200000| PB 0x00000000ec200000| Untracked 
| 195|0x00000000ec300000, 0x00000000ec300000, 0x00000000ec400000|  0%| F|  |TAMS 0x00000000ec300000| PB 0x00000000ec300000| Untracked 
| 196|0x00000000ec400000, 0x00000000ec400000, 0x00000000ec500000|  0%| F|  |TAMS 0x00000000ec400000| PB 0x00000000ec400000| Untracked 
| 197|0x00000000ec500000, 0x00000000ec500000, 0x00000000ec600000|  0%| F|  |TAMS 0x00000000ec500000| PB 0x00000000ec500000| Untracked 
| 198|0x00000000ec600000, 0x00000000ec600000, 0x00000000ec700000|  0%| F|  |TAMS 0x00000000ec600000| PB 0x00000000ec600000| Untracked 
| 199|0x00000000ec700000, 0x00000000ec700000, 0x00000000ec800000|  0%| F|  |TAMS 0x00000000ec700000| PB 0x00000000ec700000| Untracked 
| 200|0x00000000ec800000, 0x00000000ec800000, 0x00000000ec900000|  0%| F|  |TAMS 0x00000000ec800000| PB 0x00000000ec800000| Untracked 
| 201|0x00000000ec900000, 0x00000000ec900000, 0x00000000eca00000|  0%| F|  |TAMS 0x00000000ec900000| PB 0x00000000ec900000| Untracked 
| 202|0x00000000eca00000, 0x00000000eca00000, 0x00000000ecb00000|  0%| F|  |TAMS 0x00000000eca00000| PB 0x00000000eca00000| Untracked 
| 203|0x00000000ecb00000, 0x00000000ecb00000, 0x00000000ecc00000|  0%| F|  |TAMS 0x00000000ecb00000| PB 0x00000000ecb00000| Untracked 
| 204|0x00000000ecc00000, 0x00000000ecc00000, 0x00000000ecd00000|  0%| F|  |TAMS 0x00000000ecc00000| PB 0x00000000ecc00000| Untracked 
| 205|0x00000000ecd00000, 0x00000000ecd00000, 0x00000000ece00000|  0%| F|  |TAMS 0x00000000ecd00000| PB 0x00000000ecd00000| Untracked 
| 206|0x00000000ece00000, 0x00000000ece00000, 0x00000000ecf00000|  0%| F|  |TAMS 0x00000000ece00000| PB 0x00000000ece00000| Untracked 
| 207|0x00000000ecf00000, 0x00000000ecf00000, 0x00000000ed000000|  0%| F|  |TAMS 0x00000000ecf00000| PB 0x00000000ecf00000| Untracked 
| 208|0x00000000ed000000, 0x00000000ed000000, 0x00000000ed100000|  0%| F|  |TAMS 0x00000000ed000000| PB 0x00000000ed000000| Untracked 
| 209|0x00000000ed100000, 0x00000000ed100000, 0x00000000ed200000|  0%| F|  |TAMS 0x00000000ed100000| PB 0x00000000ed100000| Untracked 
| 210|0x00000000ed200000, 0x00000000ed200000, 0x00000000ed300000|  0%| F|  |TAMS 0x00000000ed200000| PB 0x00000000ed200000| Untracked 
| 211|0x00000000ed300000, 0x00000000ed300000, 0x00000000ed400000|  0%| F|  |TAMS 0x00000000ed300000| PB 0x00000000ed300000| Untracked 
| 212|0x00000000ed400000, 0x00000000ed400000, 0x00000000ed500000|  0%| F|  |TAMS 0x00000000ed400000| PB 0x00000000ed400000| Untracked 
| 213|0x00000000ed500000, 0x00000000ed500000, 0x00000000ed600000|  0%| F|  |TAMS 0x00000000ed500000| PB 0x00000000ed500000| Untracked 
| 214|0x00000000ed600000, 0x00000000ed600000, 0x00000000ed700000|  0%| F|  |TAMS 0x00000000ed600000| PB 0x00000000ed600000| Untracked 
| 215|0x00000000ed700000, 0x00000000ed700000, 0x00000000ed800000|  0%| F|  |TAMS 0x00000000ed700000| PB 0x00000000ed700000| Untracked 
| 216|0x00000000ed800000, 0x00000000ed800000, 0x00000000ed900000|  0%| F|  |TAMS 0x00000000ed800000| PB 0x00000000ed800000| Untracked 
| 217|0x00000000ed900000, 0x00000000ed900000, 0x00000000eda00000|  0%| F|  |TAMS 0x00000000ed900000| PB 0x00000000ed900000| Untracked 
| 218|0x00000000eda00000, 0x00000000eda00000, 0x00000000edb00000|  0%| F|  |TAMS 0x00000000eda00000| PB 0x00000000eda00000| Untracked 
| 219|0x00000000edb00000, 0x00000000edb00000, 0x00000000edc00000|  0%| F|  |TAMS 0x00000000edb00000| PB 0x00000000edb00000| Untracked 
| 220|0x00000000edc00000, 0x00000000edc00000, 0x00000000edd00000|  0%| F|  |TAMS 0x00000000edc00000| PB 0x00000000edc00000| Untracked 
| 221|0x00000000edd00000, 0x00000000edd00000, 0x00000000ede00000|  0%| F|  |TAMS 0x00000000edd00000| PB 0x00000000edd00000| Untracked 
| 222|0x00000000ede00000, 0x00000000ede00000, 0x00000000edf00000|  0%| F|  |TAMS 0x00000000ede00000| PB 0x00000000ede00000| Untracked 
| 223|0x00000000edf00000, 0x00000000edf00000, 0x00000000ee000000|  0%| F|  |TAMS 0x00000000edf00000| PB 0x00000000edf00000| Untracked 
| 224|0x00000000ee000000, 0x00000000ee000000, 0x00000000ee100000|  0%| F|  |TAMS 0x00000000ee000000| PB 0x00000000ee000000| Untracked 
| 225|0x00000000ee100000, 0x00000000ee100000, 0x00000000ee200000|  0%| F|  |TAMS 0x00000000ee100000| PB 0x00000000ee100000| Untracked 
| 226|0x00000000ee200000, 0x00000000ee200000, 0x00000000ee300000|  0%| F|  |TAMS 0x00000000ee200000| PB 0x00000000ee200000| Untracked 
| 227|0x00000000ee300000, 0x00000000ee300000, 0x00000000ee400000|  0%| F|  |TAMS 0x00000000ee300000| PB 0x00000000ee300000| Untracked 
| 228|0x00000000ee400000, 0x00000000ee400000, 0x00000000ee500000|  0%| F|  |TAMS 0x00000000ee400000| PB 0x00000000ee400000| Untracked 
| 229|0x00000000ee500000, 0x00000000ee500000, 0x00000000ee600000|  0%| F|  |TAMS 0x00000000ee500000| PB 0x00000000ee500000| Untracked 
| 230|0x00000000ee600000, 0x00000000ee600000, 0x00000000ee700000|  0%| F|  |TAMS 0x00000000ee600000| PB 0x00000000ee600000| Untracked 
| 231|0x00000000ee700000, 0x00000000ee700000, 0x00000000ee800000|  0%| F|  |TAMS 0x00000000ee700000| PB 0x00000000ee700000| Untracked 
| 232|0x00000000ee800000, 0x00000000ee800000, 0x00000000ee900000|  0%| F|  |TAMS 0x00000000ee800000| PB 0x00000000ee800000| Untracked 
| 233|0x00000000ee900000, 0x00000000ee900000, 0x00000000eea00000|  0%| F|  |TAMS 0x00000000ee900000| PB 0x00000000ee900000| Untracked 
| 234|0x00000000eea00000, 0x00000000eea00000, 0x00000000eeb00000|  0%| F|  |TAMS 0x00000000eea00000| PB 0x00000000eea00000| Untracked 
| 235|0x00000000eeb00000, 0x00000000eeba9448, 0x00000000eec00000| 66%| E|  |TAMS 0x00000000eeb00000| PB 0x00000000eeb00000| Complete 
| 236|0x00000000eec00000, 0x00000000eed00000, 0x00000000eed00000|100%| E|CS|TAMS 0x00000000eec00000| PB 0x00000000eec00000| Complete 
| 237|0x00000000eed00000, 0x00000000eee00000, 0x00000000eee00000|100%| E|CS|TAMS 0x00000000eed00000| PB 0x00000000eed00000| Complete 
| 238|0x00000000eee00000, 0x00000000eef00000, 0x00000000eef00000|100%| E|CS|TAMS 0x00000000eee00000| PB 0x00000000eee00000| Complete 
| 239|0x00000000eef00000, 0x00000000ef000000, 0x00000000ef000000|100%| E|CS|TAMS 0x00000000eef00000| PB 0x00000000eef00000| Complete 
| 240|0x00000000ef000000, 0x00000000ef100000, 0x00000000ef100000|100%| E|CS|TAMS 0x00000000ef000000| PB 0x00000000ef000000| Complete 
| 241|0x00000000ef100000, 0x00000000ef200000, 0x00000000ef200000|100%| E|CS|TAMS 0x00000000ef100000| PB 0x00000000ef100000| Complete 
| 242|0x00000000ef200000, 0x00000000ef300000, 0x00000000ef300000|100%| E|CS|TAMS 0x00000000ef200000| PB 0x00000000ef200000| Complete 
| 243|0x00000000ef300000, 0x00000000ef400000, 0x00000000ef400000|100%| E|CS|TAMS 0x00000000ef300000| PB 0x00000000ef300000| Complete 
| 244|0x00000000ef400000, 0x00000000ef500000, 0x00000000ef500000|100%| E|CS|TAMS 0x00000000ef400000| PB 0x00000000ef400000| Complete 
| 245|0x00000000ef500000, 0x00000000ef600000, 0x00000000ef600000|100%| E|CS|TAMS 0x00000000ef500000| PB 0x00000000ef500000| Complete 
| 246|0x00000000ef600000, 0x00000000ef700000, 0x00000000ef700000|100%| E|CS|TAMS 0x00000000ef600000| PB 0x00000000ef600000| Complete 
| 247|0x00000000ef700000, 0x00000000ef800000, 0x00000000ef800000|100%| E|CS|TAMS 0x00000000ef700000| PB 0x00000000ef700000| Complete 
| 248|0x00000000ef800000, 0x00000000ef900000, 0x00000000ef900000|100%| E|CS|TAMS 0x00000000ef800000| PB 0x00000000ef800000| Complete 
| 249|0x00000000ef900000, 0x00000000efa00000, 0x00000000efa00000|100%| E|CS|TAMS 0x00000000ef900000| PB 0x00000000ef900000| Complete 
| 250|0x00000000efa00000, 0x00000000efa9dd98, 0x00000000efb00000| 61%| S|CS|TAMS 0x00000000efa00000| PB 0x00000000efa00000| Complete 
| 251|0x00000000efb00000, 0x00000000efc00000, 0x00000000efc00000|100%| E|CS|TAMS 0x00000000efb00000| PB 0x00000000efb00000| Complete 
| 252|0x00000000efc00000, 0x00000000efd00000, 0x00000000efd00000|100%| E|CS|TAMS 0x00000000efc00000| PB 0x00000000efc00000| Complete 
| 253|0x00000000efd00000, 0x00000000efe00000, 0x00000000efe00000|100%| E|CS|TAMS 0x00000000efd00000| PB 0x00000000efd00000| Complete 
| 254|0x00000000efe00000, 0x00000000eff00000, 0x00000000eff00000|100%| E|CS|TAMS 0x00000000efe00000| PB 0x00000000efe00000| Complete 
| 255|0x00000000eff00000, 0x00000000f0000000, 0x00000000f0000000|100%| E|CS|TAMS 0x00000000eff00000| PB 0x00000000eff00000| Complete 

Card table byte_map: [0x00000133f21a0000,0x00000133f22a0000] _byte_map_base: 0x00000133f1aa0000

Marking Bits: (CMBitMap*) 0x00000133d865d850
 Bits: [0x00000133f22a0000, 0x00000133f2aa0000)

Polling page: 0x00000133d86f0000

Metaspace:

Usage:
  Non-class:     32.76 MB used.
      Class:      5.41 MB used.
       Both:     38.17 MB used.

Virtual space:
  Non-class space:       64.00 MB reserved,      33.50 MB ( 52%) committed,  1 nodes.
      Class space:      320.00 MB reserved,       6.12 MB (  2%) committed,  1 nodes.
             Both:      384.00 MB reserved,      39.62 MB ( 10%) committed. 

Chunk freelists:
   Non-Class:  13.61 MB
       Class:  9.85 MB
        Both:  23.46 MB

MaxMetaspaceSize: 384.00 MB
CompressedClassSpaceSize: 320.00 MB
Initial GC threshold: 21.00 MB
Current GC threshold: 62.62 MB
CDS: on
 - commit_granule_bytes: 65536.
 - commit_granule_words: 8192.
 - virtual_space_node_default_size: 8388608.
 - enlarge_chunks_in_place: 1.
 - use_allocation_guard: 0.


Internal statistics:

num_allocs_failed_limit: 21.
num_arena_births: 2460.
num_arena_deaths: 0.
num_vsnodes_births: 2.
num_vsnodes_deaths: 0.
num_space_committed: 634.
num_space_uncommitted: 0.
num_chunks_returned_to_freelist: 21.
num_chunks_taken_from_freelist: 4247.
num_chunk_merges: 21.
num_chunk_splits: 2777.
num_chunks_enlarged: 1672.
num_inconsistent_stats: 0.

CodeHeap 'non-profiled nmethods': size=120000Kb used=2738Kb max_used=2753Kb free=117262Kb
 bounds [0x00000133ea100000, 0x00000133ea3f0000, 0x00000133f1630000]
CodeHeap 'profiled nmethods': size=120000Kb used=8284Kb max_used=9281Kb free=111715Kb
 bounds [0x00000133e2630000, 0x00000133e2f50000, 0x00000133e9b60000]
CodeHeap 'non-nmethods': size=5760Kb used=1922Kb max_used=1969Kb free=3838Kb
 bounds [0x00000133e9b60000, 0x00000133e9dd0000, 0x00000133ea100000]
 total_blobs=5078 nmethods=4387 adapters=596
 compilation: enabled
              stopped_count=0, restarted_count=0
 full_count=0

Compilation events (20 events):
Event: 111.826 Thread 0x00000133f55758f0 4894       3       org.gradle.internal.service.DefaultServiceRegistry$OwnServices::getAll (50 bytes)
Event: 111.827 Thread 0x00000133f55758f0 nmethod 4894 0x00000133e27c4c90 code [0x00000133e27c4ec0, 0x00000133e27c57b8]
Event: 111.884 Thread 0x00000133f5571eb0 nmethod 4893 0x00000133ea188c90 code [0x00000133ea188fc0, 0x00000133ea18a998]
Event: 112.341 Thread 0x00000133f55758f0 4895       3       org.gradle.internal.service.DefaultServiceRegistry$ConstructorService::<init> (127 bytes)
Event: 112.344 Thread 0x00000133f55758f0 nmethod 4895 0x00000133e2656210 code [0x00000133e26566c0, 0x00000133e2658970]
Event: 112.344 Thread 0x00000133f55758f0 4896       3       org.gradle.internal.service.InjectUtil::selectConstructor (167 bytes)
Event: 112.346 Thread 0x00000133f5571eb0 4898       4       java.lang.reflect.Modifier::isPublic (12 bytes)
Event: 112.347 Thread 0x00000133f5571eb0 nmethod 4898 0x00000133ea187890 code [0x00000133ea187a00, 0x00000133ea187a70]
Event: 112.348 Thread 0x00000133f55758f0 nmethod 4896 0x00000133e2671610 code [0x00000133e2671c80, 0x00000133e2675420]
Event: 112.348 Thread 0x00000133f55758f0 4897       3       org.gradle.internal.service.InjectUtil::isInnerClass (23 bytes)
Event: 112.349 Thread 0x00000133f55758f0 nmethod 4897 0x00000133e2901a90 code [0x00000133e2901ca0, 0x00000133e2902180]
Event: 112.536 Thread 0x00000133f55758f0 4899       3       org.gradle.internal.service.DefaultServiceRegistry$ConstructorService::<init> (15 bytes)
Event: 112.537 Thread 0x00000133f55758f0 nmethod 4899 0x00000133e292e310 code [0x00000133e292e4e0, 0x00000133e292e8c0]
Event: 114.334 Thread 0x00000133f5571eb0 4900       4       sun.net.util.IPAddressUtil::scan (92 bytes)
Event: 114.336 Thread 0x00000133f5571eb0 nmethod 4900 0x00000133ea187510 code [0x00000133ea1876a0, 0x00000133ea187770]
Event: 116.714 Thread 0x00000133f5571eb0 4901       4       java.util.concurrent.locks.ReentrantLock$Sync::isHeldExclusively (16 bytes)
Event: 116.715 Thread 0x00000133f5571eb0 nmethod 4901 0x00000133ea15ea90 code [0x00000133ea15ec20, 0x00000133ea15ecc8]
Event: 116.739 Thread 0x00000133f5571eb0 4902       4       javax.management.ObjectName::construct (1135 bytes)
Event: 117.573 Thread 0x00000133f55758f0 4904       3       java.util.concurrent.locks.AbstractQueuedSynchronizer$ConditionObject::signal (34 bytes)
Event: 117.824 Thread 0x00000133f55758f0 nmethod 4904 0x00000133e26c4090 code [0x00000133e26c4260, 0x00000133e26c45b0]

GC Heap History (14 events):
Event: 5.822 GC heap before
{Heap before GC invocations=0 (full 0):
 garbage-first heap   total 262144K, used 22528K [0x00000000e0000000, 0x0000000100000000)
  region size 1024K, 23 young (23552K), 0 survivors (0K)
 Metaspace       used 1063K, committed 1216K, reserved 393216K
  class space    used 76K, committed 128K, reserved 327680K
}
Event: 6.311 GC heap after
{Heap after GC invocations=1 (full 0):
 garbage-first heap   total 262144K, used 1962K [0x00000000e0000000, 0x0000000100000000)
  region size 1024K, 2 young (2048K), 2 survivors (2048K)
 Metaspace       used 1063K, committed 1216K, reserved 393216K
  class space    used 76K, committed 128K, reserved 327680K
}
Event: 15.028 GC heap before
{Heap before GC invocations=1 (full 0):
 garbage-first heap   total 262144K, used 40874K [0x00000000e0000000, 0x0000000100000000)
  region size 1024K, 38 young (38912K), 2 survivors (2048K)
 Metaspace       used 4407K, committed 4608K, reserved 393216K
  class space    used 541K, committed 640K, reserved 327680K
}
Event: 15.037 GC heap after
{Heap after GC invocations=2 (full 0):
 garbage-first heap   total 262144K, used 11050K [0x00000000e0000000, 0x0000000100000000)
  region size 1024K, 5 young (5120K), 5 survivors (5120K)
 Metaspace       used 4407K, committed 4608K, reserved 393216K
  class space    used 541K, committed 640K, reserved 327680K
}
Event: 19.253 GC heap before
{Heap before GC invocations=2 (full 0):
 garbage-first heap   total 262144K, used 63274K [0x00000000e0000000, 0x0000000100000000)
  region size 1024K, 54 young (55296K), 5 survivors (5120K)
 Metaspace       used 5877K, committed 6080K, reserved 393216K
  class space    used 755K, committed 832K, reserved 327680K
}
Event: 19.266 GC heap after
{Heap after GC invocations=3 (full 0):
 garbage-first heap   total 262144K, used 18284K [0x00000000e0000000, 0x0000000100000000)
  region size 1024K, 6 young (6144K), 6 survivors (6144K)
 Metaspace       used 5877K, committed 6080K, reserved 393216K
  class space    used 755K, committed 832K, reserved 327680K
}
Event: 48.148 GC heap before
{Heap before GC invocations=3 (full 0):
 garbage-first heap   total 262144K, used 107372K [0x00000000e0000000, 0x0000000100000000)
  region size 1024K, 94 young (96256K), 6 survivors (6144K)
 Metaspace       used 20870K, committed 21504K, reserved 393216K
  class space    used 2972K, committed 3264K, reserved 327680K
}
Event: 48.163 GC heap after
{Heap after GC invocations=4 (full 0):
 garbage-first heap   total 262144K, used 24582K [0x00000000e0000000, 0x0000000100000000)
  region size 1024K, 12 young (12288K), 12 survivors (12288K)
 Metaspace       used 20870K, committed 21504K, reserved 393216K
  class space    used 2972K, committed 3264K, reserved 327680K
}
Event: 87.154 GC heap before
{Heap before GC invocations=5 (full 0):
 garbage-first heap   total 262144K, used 151558K [0x00000000e0000000, 0x0000000100000000)
  region size 1024K, 138 young (141312K), 12 survivors (12288K)
 Metaspace       used 36635K, committed 37760K, reserved 393216K
  class space    used 5134K, committed 5696K, reserved 327680K
}
Event: 87.513 GC heap after
{Heap after GC invocations=6 (full 0):
 garbage-first heap   total 262144K, used 33965K [0x00000000e0000000, 0x0000000100000000)
  region size 1024K, 16 young (16384K), 16 survivors (16384K)
 Metaspace       used 36635K, committed 37760K, reserved 393216K
  class space    used 5134K, committed 5696K, reserved 327680K
}
Event: 89.526 GC heap before
{Heap before GC invocations=6 (full 0):
 garbage-first heap   total 262144K, used 36013K [0x00000000e0000000, 0x0000000100000000)
  region size 1024K, 19 young (19456K), 16 survivors (16384K)
 Metaspace       used 36931K, committed 38080K, reserved 393216K
  class space    used 5184K, committed 5760K, reserved 327680K
}
Event: 89.717 GC heap after
{Heap after GC invocations=7 (full 0):
 garbage-first heap   total 262144K, used 34727K [0x00000000e0000000, 0x0000000100000000)
  region size 1024K, 2 young (2048K), 2 survivors (2048K)
 Metaspace       used 36931K, committed 38080K, reserved 393216K
  class space    used 5184K, committed 5760K, reserved 327680K
}
Event: 91.589 GC heap before
{Heap before GC invocations=7 (full 0):
 garbage-first heap   total 262144K, used 36775K [0x00000000e0000000, 0x0000000100000000)
  region size 1024K, 5 young (5120K), 2 survivors (2048K)
 Metaspace       used 37168K, committed 38400K, reserved 393216K
  class space    used 5233K, committed 5888K, reserved 327680K
}
Event: 91.607 GC heap after
{Heap after GC invocations=8 (full 0):
 garbage-first heap   total 262144K, used 33310K [0x00000000e0000000, 0x0000000100000000)
  region size 1024K, 1 young (1024K), 1 survivors (1024K)
 Metaspace       used 37168K, committed 38400K, reserved 393216K
  class space    used 5233K, committed 5888K, reserved 327680K
}

Dll operation events (15 events):
Event: 0.394 Loaded shared library C:\Program Files\Eclipse Adoptium\jdk-21.0.6.7-hotspot\bin\java.dll
Event: 1.538 Loaded shared library C:\Program Files\Eclipse Adoptium\jdk-21.0.6.7-hotspot\bin\jsvml.dll
Event: 1.873 Loaded shared library C:\Program Files\Eclipse Adoptium\jdk-21.0.6.7-hotspot\bin\zip.dll
Event: 1.887 Loaded shared library C:\Program Files\Eclipse Adoptium\jdk-21.0.6.7-hotspot\bin\instrument.dll
Event: 1.906 Loaded shared library C:\Program Files\Eclipse Adoptium\jdk-21.0.6.7-hotspot\bin\net.dll
Event: 1.966 Loaded shared library C:\Program Files\Eclipse Adoptium\jdk-21.0.6.7-hotspot\bin\nio.dll
Event: 1.977 Loaded shared library C:\Program Files\Eclipse Adoptium\jdk-21.0.6.7-hotspot\bin\zip.dll
Event: 5.258 Loaded shared library C:\Program Files\Eclipse Adoptium\jdk-21.0.6.7-hotspot\bin\jimage.dll
Event: 7.501 Loaded shared library C:\Program Files\Eclipse Adoptium\jdk-21.0.6.7-hotspot\bin\verify.dll
Event: 8.649 Loaded shared library C:\Users\SBS\.gradle\native\1def1411415f61bf3af743bc5b6707747c0891f09f0c88961ee8f79bc544acac\windows-amd64\native-platform.dll
Event: 8.779 Loaded shared library C:\Users\SBS\.gradle\native\0.2.7\x86_64-windows-gnu\gradle-fileevents.dll
Event: 19.352 Loaded shared library C:\Program Files\Eclipse Adoptium\jdk-21.0.6.7-hotspot\bin\management.dll
Event: 19.377 Loaded shared library C:\Program Files\Eclipse Adoptium\jdk-21.0.6.7-hotspot\bin\management_ext.dll
Event: 22.192 Loaded shared library C:\Program Files\Eclipse Adoptium\jdk-21.0.6.7-hotspot\bin\extnet.dll
Event: 30.083 Loaded shared library C:\Program Files\Eclipse Adoptium\jdk-21.0.6.7-hotspot\bin\sunmscapi.dll

Deoptimization events (20 events):
Event: 106.006 Thread 0x00000133fa854ea0 Uncommon trap: trap_request=0xffffffde fr.pc=0x00000133ea22a194 relative=0x00000000000002b4
Event: 106.006 Thread 0x00000133fa854ea0 Uncommon trap: reason=class_check action=maybe_recompile pc=0x00000133ea22a194 method=java.util.Collections$SetFromMap.remove(Ljava/lang/Object;)Z @ 5 c2
Event: 106.006 Thread 0x00000133fa854ea0 DEOPT PACKING pc=0x00000133ea22a194 sp=0x0000000d708fa700
Event: 106.006 Thread 0x00000133fa854ea0 DEOPT UNPACKING pc=0x00000133e9bb46a2 sp=0x0000000d708fa6e8 mode 2
Event: 106.134 Thread 0x00000133fa854ea0 Uncommon trap: trap_request=0xffffff45 fr.pc=0x00000133ea31c8d0 relative=0x0000000000000130
Event: 106.134 Thread 0x00000133fa854ea0 Uncommon trap: reason=unstable_if action=reinterpret pc=0x00000133ea31c8d0 method=java.util.Arrays.hashCode([Ljava/lang/Object;)I @ 34 c2
Event: 106.134 Thread 0x00000133fa854ea0 DEOPT PACKING pc=0x00000133ea31c8d0 sp=0x0000000d708fab10
Event: 106.134 Thread 0x00000133fa854ea0 DEOPT UNPACKING pc=0x00000133e9bb46a2 sp=0x0000000d708faa88 mode 2
Event: 108.767 Thread 0x00000133fa854ea0 Uncommon trap: trap_request=0xffffffde fr.pc=0x00000133ea3428bc relative=0x000000000000279c
Event: 108.768 Thread 0x00000133fa854ea0 Uncommon trap: reason=class_check action=maybe_recompile pc=0x00000133ea3428bc method=java.util.regex.Pattern$CharProperty.study(Ljava/util/regex/Pattern$TreeInfo;)Z @ 25 c2
Event: 108.768 Thread 0x00000133fa854ea0 DEOPT PACKING pc=0x00000133ea3428bc sp=0x0000000d708f97d0
Event: 108.768 Thread 0x00000133fa854ea0 DEOPT UNPACKING pc=0x00000133e9bb46a2 sp=0x0000000d708f96c8 mode 2
Event: 110.263 Thread 0x00000133fa854ea0 Uncommon trap: trap_request=0xffffff45 fr.pc=0x00000133ea13aff8 relative=0x0000000000000058
Event: 110.263 Thread 0x00000133fa854ea0 Uncommon trap: reason=unstable_if action=reinterpret pc=0x00000133ea13aff8 method=java.net.URI.match(CJJ)Z @ 19 c2
Event: 110.263 Thread 0x00000133fa854ea0 DEOPT PACKING pc=0x00000133ea13aff8 sp=0x0000000d708f9ff0
Event: 110.264 Thread 0x00000133fa854ea0 DEOPT UNPACKING pc=0x00000133e9bb46a2 sp=0x0000000d708f9f80 mode 2
Event: 110.636 Thread 0x00000133fa854ea0 Uncommon trap: trap_request=0xffffff45 fr.pc=0x00000133ea3a4108 relative=0x0000000000000a28
Event: 110.636 Thread 0x00000133fa854ea0 Uncommon trap: reason=unstable_if action=reinterpret pc=0x00000133ea3a4108 method=org.objectweb.asm.Frame.push(I)V @ 26 c2
Event: 110.636 Thread 0x00000133fa854ea0 DEOPT PACKING pc=0x00000133ea3a4108 sp=0x0000000d708f9a90
Event: 110.636 Thread 0x00000133fa854ea0 DEOPT UNPACKING pc=0x00000133e9bb46a2 sp=0x0000000d708f9998 mode 2

Classes loaded (20 events):
Event: 78.885 Loading class sun/invoke/util/ValueConversions$1
Event: 79.007 Loading class sun/invoke/util/ValueConversions$1 done
Event: 79.009 Loading class java/lang/invoke/BoundMethodHandle$Species_LI
Event: 79.009 Loading class java/lang/invoke/BoundMethodHandle$Species_LI done
Event: 96.050 Loading class java/lang/invoke/BoundMethodHandle$Species_LLLLLLLLLLLLLLLLLLLLLLLLL
Event: 96.050 Loading class java/lang/invoke/BoundMethodHandle$Species_LLLLLLLLLLLLLLLLLLLLLLLLL done
Event: 96.053 Loading class java/lang/invoke/BoundMethodHandle$Species_LLLLLLLLLLLLLLLLLLLLLLLLLL
Event: 96.053 Loading class java/lang/invoke/BoundMethodHandle$Species_LLLLLLLLLLLLLLLLLLLLLLLLLL done
Event: 96.056 Loading class java/lang/invoke/BoundMethodHandle$Species_LLLLLLLLLLLLLLLLLLLLLLLLLLL
Event: 96.056 Loading class java/lang/invoke/BoundMethodHandle$Species_LLLLLLLLLLLLLLLLLLLLLLLLLLL done
Event: 96.077 Loading class java/lang/invoke/BoundMethodHandle$Species_LLLLLLLLLLLLLLLLLLLLLLLLLLLL
Event: 96.077 Loading class java/lang/invoke/BoundMethodHandle$Species_LLLLLLLLLLLLLLLLLLLLLLLLLLLL done
Event: 96.079 Loading class java/lang/invoke/BoundMethodHandle$Species_LLLLLLLLLLLLLLLLLLLLLLLLLLLLL
Event: 96.079 Loading class java/lang/invoke/BoundMethodHandle$Species_LLLLLLLLLLLLLLLLLLLLLLLLLLLLL done
Event: 96.082 Loading class java/lang/invoke/BoundMethodHandle$Species_LLLLLLLLLLLLLLLLLLLLLLLLLLLLLL
Event: 96.082 Loading class java/lang/invoke/BoundMethodHandle$Species_LLLLLLLLLLLLLLLLLLLLLLLLLLLLLL done
Event: 96.085 Loading class java/lang/invoke/BoundMethodHandle$Species_LLLLLLLLLLLLLLLLLLLLLLLLLLLLLLL
Event: 96.085 Loading class java/lang/invoke/BoundMethodHandle$Species_LLLLLLLLLLLLLLLLLLLLLLLLLLLLLLL done
Event: 96.106 Loading class java/lang/invoke/BoundMethodHandle$Species_LLLLLLLLLLLLLLLLLLLLLLLLLLLLLLLL
Event: 96.107 Loading class java/lang/invoke/BoundMethodHandle$Species_LLLLLLLLLLLLLLLLLLLLLLLLLLLLLLLL done

Classes unloaded (0 events):
No events

Classes redefined (0 events):
No events

Internal exceptions (20 events):
Event: 79.381 Thread 0x00000133fa854ea0 Exception <a 'java/lang/ClassNotFoundException'{0x00000000e81337c8}: org/gradle/initialization/DefaultProjectDescriptorCustomizer> (0x00000000e81337c8) 
thrown [s\src\hotspot\share\classfile\systemDictionary.cpp, line 312]
Event: 87.153 Thread 0x00000133fa854ea0 Exception <a 'java/lang/NoSuchMethodError'{0x00000000e764ab68}: 'java.lang.Object java.lang.invoke.DirectMethodHandle$Holder.newInvokeSpecial(java.lang.Object, java.lang.Object, java.lang.Object, java.lang.Object, java.lang.Object, java.lang.Object, java.lang.Object, java.lang.Object, java.lang.Object, java.lang.Object, java.lang.Object)'> (0x00000000e764ab68) 
thrown [s\src\hotspot\share\interpreter\linkResolver.cpp, line 773]
Event: 90.511 Thread 0x00000133fa854ea0 Exception <a 'java/lang/NoSuchMethodError'{0x00000000eff7f520}: 'java.lang.Object java.lang.invoke.DirectMethodHandle$Holder.newInvokeSpecial(java.lang.Object, java.lang.Object, java.lang.Object, java.lang.Object, java.lang.Object, java.lang.Object, java.lang.Object, java.lang.Object, java.lang.Object, java.lang.Object, java.lang.Object, java.lang.Object)'> (0x00000000eff7f520) 
thrown [s\src\hotspot\share\interpreter\linkResolver.cpp, line 773]
Event: 90.512 Thread 0x00000133fa854ea0 Exception <a 'java/lang/NoSuchMethodError'{0x00000000eff849c0}: 'java.lang.Object java.lang.invoke.Invokers$Holder.linkToTargetMethod(java.lang.Object, java.lang.Object, java.lang.Object, java.lang.Object, java.lang.Object, java.lang.Object, java.lang.Object, java.lang.Object, java.lang.Object, java.lang.Object, java.lang.Object, java.lang.Object)'> (0x00000000eff849c0) 
thrown [s\src\hotspot\share\interpreter\linkResolver.cpp, line 773]
Event: 91.229 Thread 0x00000133fa854ea0 Exception <a 'java/lang/NoSuchMethodError'{0x00000000efe25178}: 'java.lang.Object java.lang.invoke.DirectMethodHandle$Holder.newInvokeSpecial(java.lang.Object, java.lang.Object, java.lang.Object, java.lang.Object, java.lang.Object, java.lang.Object, java.lang.Object, java.lang.Object, java.lang.Object, java.lang.Object, java.lang.Object, java.lang.Object, java.lang.Object, java.lang.Object, java.lang.Object)'> (0x00000000efe25178) 
thrown [s\src\hotspot\share\interpreter\linkResolver.cpp, line 773]
Event: 91.230 Thread 0x00000133fa854ea0 Exception <a 'java/lang/NoSuchMethodError'{0x00000000efe2b558}: 'java.lang.Object java.lang.invoke.DirectMethodHandle$Holder.invokeSpecial(java.lang.Object, java.lang.Object, java.lang.Object, java.lang.Object, java.lang.Object, java.lang.Object, java.lang.Object, java.lang.Object, java.lang.Object, java.lang.Object, java.lang.Object, java.lang.Object, java.lang.Object, java.lang.Object, java.lang.Object, java.lang.Object)'> (0x00000000efe2b558) 
thrown [s\src\hotspot\share\interpreter\linkResolver.cpp, li
Event: 91.230 Thread 0x00000133fa854ea0 Exception <a 'java/lang/NoSuchMethodError'{0x00000000efe307d8}: 'java.lang.Object java.lang.invoke.DelegatingMethodHandle$Holder.reinvoke_L(java.lang.Object, java.lang.Object, java.lang.Object, java.lang.Object, java.lang.Object, java.lang.Object, java.lang.Object, java.lang.Object, java.lang.Object, java.lang.Object, java.lang.Object, java.lang.Object, java.lang.Object, java.lang.Object, java.lang.Object)'> (0x00000000efe307d8) 
thrown [s\src\hotspot\share\interpreter\linkResolver.cpp, line 773]
Event: 96.030 Thread 0x00000133fa854ea0 Exception <a 'java/lang/NoSuchMethodError'{0x00000000efbe5d60}: 'java.lang.Object java.lang.invoke.DelegatingMethodHandle$Holder.reinvoke_L(java.lang.Object, java.lang.Object, java.lang.Object, java.lang.Object, java.lang.Object, java.lang.Object, java.lang.Object, java.lang.Object, java.lang.Object, java.lang.Object, java.lang.Object, java.lang.Object, java.lang.Object, java.lang.Object, java.lang.Object, java.lang.Object, java.lang.Object, java.lang.Object, java.lang.Object, java.lang.Object, java.lang.O
Event: 96.052 Thread 0x00000133fa854ea0 Exception <a 'java/lang/NoSuchMethodError'{0x00000000ef9cffc0}: 'java.lang.Object java.lang.invoke.DirectMethodHandle$Holder.invokeStatic(java.lang.Object, java.lang.Object, java.lang.Object, java.lang.Object, java.lang.Object, java.lang.Object, java.lang.Object, java.lang.Object, java.lang.Object, java.lang.Object, java.lang.Object, java.lang.Object, java.lang.Object, java.lang.Object, java.lang.Object, java.lang.Object, java.lang.Object, java.lang.Object, java.lang.Object, java.lang.Object, java.lang.Obj
Event: 96.054 Thread 0x00000133fa854ea0 Exception <a 'java/lang/NoSuchMethodError'{0x00000000ef806a00}: 'java.lang.Object java.lang.invoke.DirectMethodHandle$Holder.invokeStatic(java.lang.Object, java.lang.Object, java.lang.Object, java.lang.Object, java.lang.Object, java.lang.Object, java.lang.Object, java.lang.Object, java.lang.Object, java.lang.Object, java.lang.Object, java.lang.Object, java.lang.Object, java.lang.Object, java.lang.Object, java.lang.Object, java.lang.Object, java.lang.Object, java.lang.Object, java.lang.Object, java.lang.Obj
Event: 96.075 Thread 0x00000133fa854ea0 Exception <a 'java/lang/NoSuchMethodError'{0x00000000ef83ea08}: 'java.lang.Object java.lang.invoke.DirectMethodHandle$Holder.invokeStatic(java.lang.Object, java.lang.Object, java.lang.Object, java.lang.Object, java.lang.Object, java.lang.Object, java.lang.Object, java.lang.Object, java.lang.Object, java.lang.Object, java.lang.Object, java.lang.Object, java.lang.Object, java.lang.Object, java.lang.Object, java.lang.Object, java.lang.Object, java.lang.Object, java.lang.Object, java.lang.Object, java.lang.Obj
Event: 96.078 Thread 0x00000133fa854ea0 Exception <a 'java/lang/NoSuchMethodError'{0x00000000ef8778b0}: 'java.lang.Object java.lang.invoke.DirectMethodHandle$Holder.invokeStatic(java.lang.Object, java.lang.Object, java.lang.Object, java.lang.Object, java.lang.Object, java.lang.Object, java.lang.Object, java.lang.Object, java.lang.Object, java.lang.Object, java.lang.Object, java.lang.Object, java.lang.Object, java.lang.Object, java.lang.Object, java.lang.Object, java.lang.Object, java.lang.Object, java.lang.Object, java.lang.Object, java.lang.Obj
Event: 96.081 Thread 0x00000133fa854ea0 Exception <a 'java/lang/NoSuchMethodError'{0x00000000ef8b33c8}: 'java.lang.Object java.lang.invoke.DirectMethodHandle$Holder.invokeStatic(java.lang.Object, java.lang.Object, java.lang.Object, java.lang.Object, java.lang.Object, java.lang.Object, java.lang.Object, java.lang.Object, java.lang.Object, java.lang.Object, java.lang.Object, java.lang.Object, java.lang.Object, java.lang.Object, java.lang.Object, java.lang.Object, java.lang.Object, java.lang.Object, java.lang.Object, java.lang.Object, java.lang.Obj
Event: 96.084 Thread 0x00000133fa854ea0 Exception <a 'java/lang/NoSuchMethodError'{0x00000000ef8efee0}: 'java.lang.Object java.lang.invoke.DirectMethodHandle$Holder.invokeStatic(java.lang.Object, java.lang.Object, java.lang.Object, java.lang.Object, java.lang.Object, java.lang.Object, java.lang.Object, java.lang.Object, java.lang.Object, java.lang.Object, java.lang.Object, java.lang.Object, java.lang.Object, java.lang.Object, java.lang.Object, java.lang.Object, java.lang.Object, java.lang.Object, java.lang.Object, java.lang.Object, java.lang.Obj
Event: 96.086 Thread 0x00000133fa854ea0 Exception <a 'java/lang/NoSuchMethodError'{0x00000000ef72dfd8}: 'java.lang.Object java.lang.invoke.DirectMethodHandle$Holder.invokeStatic(java.lang.Object, java.lang.Object, java.lang.Object, java.lang.Object, java.lang.Object, java.lang.Object, java.lang.Object, java.lang.Object, java.lang.Object, java.lang.Object, java.lang.Object, java.lang.Object, java.lang.Object, java.lang.Object, java.lang.Object, java.lang.Object, java.lang.Object, java.lang.Object, java.lang.Object, java.lang.Object, java.lang.Obj
Event: 96.108 Thread 0x00000133fa854ea0 Exception <a 'java/lang/NoSuchMethodError'{0x00000000ef76dc98}: 'java.lang.Object java.lang.invoke.DirectMethodHandle$Holder.invokeStatic(java.lang.Object, java.lang.Object, java.lang.Object, java.lang.Object, java.lang.Object, java.lang.Object, java.lang.Object, java.lang.Object, java.lang.Object, java.lang.Object, java.lang.Object, java.lang.Object, java.lang.Object, java.lang.Object, java.lang.Object, java.lang.Object, java.lang.Object, java.lang.Object, java.lang.Object, java.lang.Object, java.lang.Obj
Event: 97.193 Thread 0x00000133fa854ea0 Exception <a 'java/lang/NoSuchMethodError'{0x00000000ef632b08}: 'java.lang.Object java.lang.invoke.DirectMethodHandle$Holder.newInvokeSpecial(java.lang.Object, java.lang.Object, java.lang.Object, java.lang.Object, java.lang.Object, java.lang.Object, java.lang.Object, java.lang.Object, java.lang.Object, java.lang.Object, java.lang.Object, java.lang.Object, java.lang.Object, java.lang.Object, java.lang.Object, java.lang.Object, java.lang.Object, java.lang.Object, java.lang.Object)'> (0x00000000ef632b08) 
thr
Event: 97.194 Thread 0x00000133fa854ea0 Exception <a 'java/lang/NoSuchMethodError'{0x00000000ef6394d8}: 'java.lang.Object java.lang.invoke.DirectMethodHandle$Holder.invokeSpecial(java.lang.Object, java.lang.Object, java.lang.Object, java.lang.Object, java.lang.Object, java.lang.Object, java.lang.Object, java.lang.Object, java.lang.Object, java.lang.Object, java.lang.Object, java.lang.Object, java.lang.Object, java.lang.Object, java.lang.Object, java.lang.Object, java.lang.Object, java.lang.Object, java.lang.Object, java.lang.Object)'> (0x0000000
Event: 97.195 Thread 0x00000133fa854ea0 Exception <a 'java/lang/NoSuchMethodError'{0x00000000ef63ed28}: 'java.lang.Object java.lang.invoke.DelegatingMethodHandle$Holder.reinvoke_L(java.lang.Object, java.lang.Object, java.lang.Object, java.lang.Object, java.lang.Object, java.lang.Object, java.lang.Object, java.lang.Object, java.lang.Object, java.lang.Object, java.lang.Object, java.lang.Object, java.lang.Object, java.lang.Object, java.lang.Object, java.lang.Object, java.lang.Object, java.lang.Object, java.lang.Object)'> (0x00000000ef63ed28) 
throw
Event: 106.134 Thread 0x00000133fa854ea0 Implicit null exception at 0x00000133ea31c7fc to 0x00000133ea31c8b4

ZGC Phase Switch (0 events):
No events

VM Operations (20 events):
Event: 92.718 Executing VM operation: G1PauseRemark done
Event: 92.730 Executing VM operation: G1PauseCleanup
Event: 92.731 Executing VM operation: G1PauseCleanup done
Event: 93.746 Executing VM operation: Cleanup
Event: 93.746 Executing VM operation: Cleanup done
Event: 95.763 Executing VM operation: Cleanup
Event: 95.763 Executing VM operation: Cleanup done
Event: 97.765 Executing VM operation: Cleanup
Event: 97.765 Executing VM operation: Cleanup done
Event: 100.784 Executing VM operation: Cleanup
Event: 100.784 Executing VM operation: Cleanup done
Event: 104.826 Executing VM operation: Cleanup
Event: 104.841 Executing VM operation: Cleanup done
Event: 108.876 Executing VM operation: Cleanup
Event: 109.020 Executing VM operation: Cleanup done
Event: 111.030 Executing VM operation: Cleanup
Event: 111.031 Executing VM operation: Cleanup done
Event: 118.073 Executing VM operation: Cleanup
Event: 118.905 Executing VM operation: Cleanup done
Event: 120.574 Executing VM operation: HandshakeAllThreads (HandshakeForDeflation)

Memory protections (0 events):
No events

Nmethod flushes (20 events):
Event: 92.715 Thread 0x00000133f5537940 flushing  nmethod 0x00000133e268a410
Event: 92.715 Thread 0x00000133f5537940 flushing  nmethod 0x00000133e268bc90
Event: 92.715 Thread 0x00000133f5537940 flushing  nmethod 0x00000133e268d710
Event: 92.716 Thread 0x00000133f5537940 flushing  nmethod 0x00000133e26b7690
Event: 92.716 Thread 0x00000133f5537940 flushing  nmethod 0x00000133e26b7b90
Event: 92.716 Thread 0x00000133f5537940 flushing  nmethod 0x00000133e26b8c90
Event: 92.716 Thread 0x00000133f5537940 flushing  nmethod 0x00000133e26b9390
Event: 92.716 Thread 0x00000133f5537940 flushing  nmethod 0x00000133e26b9a10
Event: 92.716 Thread 0x00000133f5537940 flushing  nmethod 0x00000133e26ba510
Event: 92.716 Thread 0x00000133f5537940 flushing  nmethod 0x00000133e26ba810
Event: 92.716 Thread 0x00000133f5537940 flushing  nmethod 0x00000133e26bac10
Event: 92.716 Thread 0x00000133f5537940 flushing  nmethod 0x00000133e26bb390
Event: 92.716 Thread 0x00000133f5537940 flushing  nmethod 0x00000133e26e3190
Event: 92.716 Thread 0x00000133f5537940 flushing  nmethod 0x00000133e26e3710
Event: 92.716 Thread 0x00000133f5537940 flushing  nmethod 0x00000133e26e3b10
Event: 92.716 Thread 0x00000133f5537940 flushing  nmethod 0x00000133e26e5f90
Event: 92.716 Thread 0x00000133f5537940 flushing  nmethod 0x00000133e26e6590
Event: 92.716 Thread 0x00000133f5537940 flushing  nmethod 0x00000133e26e7e90
Event: 92.716 Thread 0x00000133f5537940 flushing  nmethod 0x00000133e26e9c10
Event: 92.716 Thread 0x00000133f5537940 flushing  nmethod 0x00000133e26eac90

Events (20 events):
Event: 34.799 Thread 0x00000133fa854ea0 Thread added: 0x00000133fa82be80
Event: 34.829 Thread 0x00000133fa854ea0 Thread added: 0x00000133fa82aad0
Event: 38.031 Thread 0x00000133fa854ea0 Thread added: 0x00000133fa82d230
Event: 38.079 Thread 0x00000133fa854ea0 Thread added: 0x00000133fa82d8c0
Event: 38.374 Thread 0x00000133fa82d8c0 Thread added: 0x00000133fa82b160
Event: 38.659 Thread 0x00000133fa854ea0 Thread added: 0x00000133fa82b7f0
Event: 38.836 Thread 0x00000133fa82d8c0 Thread added: 0x00000133fa82c510
Event: 43.971 Thread 0x00000133f55758f0 Thread added: 0x00000133fb6f9ad0
Event: 44.297 Thread 0x00000133fb6f9ad0 Thread exited: 0x00000133fb6f9ad0
Event: 48.728 Thread 0x00000133fa854ea0 Thread added: 0x00000133fa82df50
Event: 48.930 Thread 0x00000133fa854ea0 Thread added: 0x00000133fb6943a0
Event: 53.705 Thread 0x00000133fa854ea0 Thread added: 0x00000133fb693d10
Event: 53.723 Thread 0x00000133fa854ea0 Thread added: 0x00000133fb692ff0
Event: 70.268 Thread 0x00000133fa854ea0 Thread added: 0x00000133fb692960
Event: 75.881 Thread 0x00000133fa854ea0 Thread added: 0x00000133fb6950c0
Event: 78.365 Thread 0x00000133fa854ea0 Thread added: 0x00000133fb696b00
Event: 78.608 Thread 0x00000133fa854ea0 Thread added: 0x00000133fb695750
Event: 91.193 Thread 0x00000133fa854ea0 Thread added: 0x00000133fb695de0
Event: 94.367 Thread 0x00000133fa854ea0 Thread added: 0x00000133fb696470
Event: 99.344 Thread 0x00000133fa82c510 Thread exited: 0x00000133fa82c510


Dynamic libraries:
0x00007ff688c70000 - 0x00007ff688c7e000 	C:\Program Files\Eclipse Adoptium\jdk-21.0.6.7-hotspot\bin\java.exe
0x00007ffb6fe40000 - 0x00007ffb700a6000 	C:\WINDOWS\SYSTEM32\ntdll.dll
0x00007ffb6dd80000 - 0x00007ffb6de49000 	C:\WINDOWS\System32\KERNEL32.DLL
0x00007ffb6d460000 - 0x00007ffb6d85f000 	C:\WINDOWS\System32\KERNELBASE.dll
0x00007ffb6d050000 - 0x00007ffb6d19c000 	C:\WINDOWS\System32\ucrtbase.dll
0x00007ffb5d700000 - 0x00007ffb5d718000 	C:\Program Files\Eclipse Adoptium\jdk-21.0.6.7-hotspot\bin\jli.dll
0x00007ffb6fc30000 - 0x00007ffb6fdf6000 	C:\WINDOWS\System32\USER32.dll
0x00007ffb6d240000 - 0x00007ffb6d267000 	C:\WINDOWS\System32\win32u.dll
0x00007ffb6f7a0000 - 0x00007ffb6f7cb000 	C:\WINDOWS\System32\GDI32.dll
0x00007ffb4d130000 - 0x00007ffb4d14e000 	C:\Program Files\Eclipse Adoptium\jdk-21.0.6.7-hotspot\bin\VCRUNTIME140.dll
0x00007ffb4c860000 - 0x00007ffb4caf1000 	C:\WINDOWS\WinSxS\amd64_microsoft.windows.common-controls_6595b64144ccf1df_6.0.26100.8972_none_3e0da176e32f9d4b\COMCTL32.dll
0x00007ffb6dc90000 - 0x00007ffb6dd39000 	C:\WINDOWS\System32\msvcrt.dll
0x00007ffb6d330000 - 0x00007ffb6d459000 	C:\WINDOWS\System32\gdi32full.dll
0x00007ffb6d930000 - 0x00007ffb6d9d3000 	C:\WINDOWS\System32\msvcp_win.dll
0x00007ffb6de50000 - 0x00007ffb6de82000 	C:\WINDOWS\System32\IMM32.DLL
0x00007ffb5ff20000 - 0x00007ffb5ff2c000 	C:\Program Files\Eclipse Adoptium\jdk-21.0.6.7-hotspot\bin\vcruntime140_1.dll
0x00007ffb37a20000 - 0x00007ffb37aad000 	C:\Program Files\Eclipse Adoptium\jdk-21.0.6.7-hotspot\bin\msvcp140.dll
0x00007ffaf46e0000 - 0x00007ffaf5470000 	C:\Program Files\Eclipse Adoptium\jdk-21.0.6.7-hotspot\bin\server\jvm.dll
0x00007ffb6e590000 - 0x00007ffb6e64c000 	C:\WINDOWS\System32\ADVAPI32.dll
0x00007ffb6fac0000 - 0x00007ffb6fb6a000 	C:\WINDOWS\System32\sechost.dll
0x00007ffb6ee50000 - 0x00007ffb6ef68000 	C:\WINDOWS\System32\RPCRT4.dll
0x00007ffb6fb90000 - 0x00007ffb6fc12000 	C:\WINDOWS\System32\WS2_32.dll
0x00007ffb6ced0000 - 0x00007ffb6cf2e000 	C:\WINDOWS\SYSTEM32\POWRPROF.dll
0x00007ffb5b7e0000 - 0x00007ffb5b816000 	C:\WINDOWS\SYSTEM32\WINMM.dll
0x00007ffb5b820000 - 0x00007ffb5b82b000 	C:\WINDOWS\SYSTEM32\VERSION.dll
0x00007ffb6ceb0000 - 0x00007ffb6cec5000 	C:\WINDOWS\SYSTEM32\UMPDC.dll
0x00007ffb6bd00000 - 0x00007ffb6bd1b000 	C:\WINDOWS\SYSTEM32\kernel.appcore.dll
0x00007ffb5d620000 - 0x00007ffb5d62a000 	C:\Program Files\Eclipse Adoptium\jdk-21.0.6.7-hotspot\bin\jimage.dll
0x00007ffb4fd40000 - 0x00007ffb4ff82000 	C:\WINDOWS\SYSTEM32\DBGHELP.DLL
0x00007ffb6efc0000 - 0x00007ffb6f345000 	C:\WINDOWS\System32\combase.dll
0x00007ffb6f350000 - 0x00007ffb6f429000 	C:\WINDOWS\System32\OLEAUT32.dll
0x00007ffb4e330000 - 0x00007ffb4e36b000 	C:\WINDOWS\SYSTEM32\dbgcore.DLL
0x00007ffb6d270000 - 0x00007ffb6d31c000 	C:\WINDOWS\System32\bcryptPrimitives.dll
0x00007ffb61270000 - 0x00007ffb6127f000 	C:\Program Files\Eclipse Adoptium\jdk-21.0.6.7-hotspot\bin\instrument.dll
0x00007ffb47220000 - 0x00007ffb4723f000 	C:\Program Files\Eclipse Adoptium\jdk-21.0.6.7-hotspot\bin\java.dll
0x00007ffb6e6c0000 - 0x00007ffb6ee48000 	C:\WINDOWS\System32\SHELL32.dll
0x00007ffb6aae0000 - 0x00007ffb6b37b000 	C:\WINDOWS\SYSTEM32\windows.storage.dll
0x00007ffb6de90000 - 0x00007ffb6df89000 	C:\WINDOWS\System32\SHCORE.dll
0x00007ffb6f730000 - 0x00007ffb6f796000 	C:\WINDOWS\System32\shlwapi.dll
0x00007ffb6cf70000 - 0x00007ffb6cf99000 	C:\WINDOWS\SYSTEM32\profapi.dll
0x00007ffb32d30000 - 0x00007ffb32e07000 	C:\Program Files\Eclipse Adoptium\jdk-21.0.6.7-hotspot\bin\jsvml.dll
0x00007ffb46dd0000 - 0x00007ffb46de8000 	C:\Program Files\Eclipse Adoptium\jdk-21.0.6.7-hotspot\bin\zip.dll
0x00007ffb4d200000 - 0x00007ffb4d210000 	C:\Program Files\Eclipse Adoptium\jdk-21.0.6.7-hotspot\bin\net.dll
0x00007ffb65fa0000 - 0x00007ffb660c8000 	C:\WINDOWS\SYSTEM32\WINHTTP.dll
0x00007ffb6c290000 - 0x00007ffb6c2fc000 	C:\WINDOWS\system32\mswsock.dll
0x00007ffb471a0000 - 0x00007ffb471b6000 	C:\Program Files\Eclipse Adoptium\jdk-21.0.6.7-hotspot\bin\nio.dll
0x00007ffb47330000 - 0x00007ffb47340000 	C:\Program Files\Eclipse Adoptium\jdk-21.0.6.7-hotspot\bin\verify.dll
0x00007ffb69e00000 - 0x00007ffb69e27000 	C:\Users\SBS\.gradle\native\1def1411415f61bf3af743bc5b6707747c0891f09f0c88961ee8f79bc544acac\windows-amd64\native-platform.dll
0x00007ffb3c510000 - 0x00007ffb3c588000 	C:\Users\SBS\.gradle\native\0.2.7\x86_64-windows-gnu\gradle-fileevents.dll
0x00007ffb47110000 - 0x00007ffb4711a000 	C:\Program Files\Eclipse Adoptium\jdk-21.0.6.7-hotspot\bin\management.dll
0x00007ffb46e60000 - 0x00007ffb46e6b000 	C:\Program Files\Eclipse Adoptium\jdk-21.0.6.7-hotspot\bin\management_ext.dll
0x00007ffb6dd40000 - 0x00007ffb6dd48000 	C:\WINDOWS\System32\PSAPI.DLL
0x00007ffb6b6b0000 - 0x00007ffb6b6e3000 	C:\WINDOWS\SYSTEM32\IPHLPAPI.DLL
0x00007ffb6fc20000 - 0x00007ffb6fc2a000 	C:\WINDOWS\System32\NSI.dll
0x00007ffb44420000 - 0x00007ffb44429000 	C:\Program Files\Eclipse Adoptium\jdk-21.0.6.7-hotspot\bin\extnet.dll
0x00007ffb6c6b0000 - 0x00007ffb6c6cb000 	C:\WINDOWS\SYSTEM32\CRYPTSP.dll
0x00007ffb6bc60000 - 0x00007ffb6bc99000 	C:\WINDOWS\system32\rsaenh.dll
0x00007ffb6c340000 - 0x00007ffb6c372000 	C:\WINDOWS\SYSTEM32\USERENV.dll
0x00007ffb6cf40000 - 0x00007ffb6cf6a000 	C:\WINDOWS\SYSTEM32\bcrypt.dll
0x00007ffb6c4f0000 - 0x00007ffb6c4fc000 	C:\WINDOWS\SYSTEM32\CRYPTBASE.dll
0x00007ffb61100000 - 0x00007ffb6110e000 	C:\Program Files\Eclipse Adoptium\jdk-21.0.6.7-hotspot\bin\sunmscapi.dll
0x00007ffb6d9e0000 - 0x00007ffb6db5e000 	C:\WINDOWS\System32\CRYPT32.dll
0x00007ffb6c820000 - 0x00007ffb6c850000 	C:\WINDOWS\SYSTEM32\ncrypt.dll
0x00007ffb6c7d0000 - 0x00007ffb6c80f000 	C:\WINDOWS\SYSTEM32\NTASN1.dll
0x00007ffb61c30000 - 0x00007ffb61c38000 	C:\WINDOWS\system32\wshunix.dll

dbghelp: loaded successfully - version: 4.0.5 - missing functions: none
symbol engine: initialized successfully - sym options: 0x614 - pdb path: .;C:\Program Files\Eclipse Adoptium\jdk-21.0.6.7-hotspot\bin;C:\WINDOWS\SYSTEM32;C:\WINDOWS\WinSxS\amd64_microsoft.windows.common-controls_6595b64144ccf1df_6.0.26100.8972_none_3e0da176e32f9d4b;C:\Program Files\Eclipse Adoptium\jdk-21.0.6.7-hotspot\bin\server;C:\Users\SBS\.gradle\native\1def1411415f61bf3af743bc5b6707747c0891f09f0c88961ee8f79bc544acac\windows-amd64;C:\Users\SBS\.gradle\native\0.2.7\x86_64-windows-gnu

VM Arguments:
jvm_args: --add-opens=java.base/java.lang=ALL-UNNAMED --add-opens=java.base/java.lang.invoke=ALL-UNNAMED --add-opens=java.base/java.util=ALL-UNNAMED --add-opens=java.prefs/java.util.prefs=ALL-UNNAMED --add-exports=jdk.compiler/com.sun.tools.javac.api=ALL-UNNAMED --add-exports=jdk.compiler/com.sun.tools.javac.util=ALL-UNNAMED --add-opens=java.base/java.util=ALL-UNNAMED --add-opens=java.prefs/java.util.prefs=ALL-UNNAMED --add-opens=java.base/java.nio.charset=ALL-UNNAMED --add-opens=java.base/java.net=ALL-UNNAMED --add-opens=java.base/java.util.concurrent.atomic=ALL-UNNAMED --add-opens=java.xml/javax.xml.namespace=ALL-UNNAMED -XX:MaxMetaspaceSize=384m -XX:+HeapDumpOnOutOfMemoryError -Xms256m -Xmx512m -Dfile.encoding=UTF-8 -Duser.country=FR -Duser.language=fr -Duser.variant -javaagent:C:\Users\SBS\.gradle\wrapper\dists\gradle-8.14-bin\38aieal9i53h9rfe7vjup95b9\gradle-8.14\lib\agents\gradle-instrumentation-agent-8.14.jar 
java_command: org.gradle.launcher.daemon.bootstrap.GradleDaemon 8.14
java_class_path (initial): C:\Users\SBS\.gradle\wrapper\dists\gradle-8.14-bin\38aieal9i53h9rfe7vjup95b9\gradle-8.14\lib\gradle-daemon-main-8.14.jar
Launcher Type: SUN_STANDARD

[Global flags]
     intx CICompilerCount                          = 4                                         {product} {ergonomic}
   size_t CompressedClassSpaceSize                 = 335544320                                 {product} {ergonomic}
     uint ConcGCThreads                            = 2                                         {product} {ergonomic}
     uint G1ConcRefinementThreads                  = 8                                         {product} {ergonomic}
   size_t G1HeapRegionSize                         = 1048576                                   {product} {ergonomic}
    uintx GCDrainStackTargetSize                   = 64                                        {product} {ergonomic}
     bool HeapDumpOnOutOfMemoryError               = true                                   {manageable} {command line}
   size_t InitialHeapSize                          = 268435456                                 {product} {command line}
   size_t MarkStackSize                            = 4194304                                   {product} {ergonomic}
   size_t MaxHeapSize                              = 536870912                                 {product} {command line}
   size_t MaxMetaspaceSize                         = 402653184                                 {product} {command line}
   size_t MaxNewSize                               = 321912832                                 {product} {ergonomic}
   size_t MinHeapDeltaBytes                        = 1048576                                   {product} {ergonomic}
   size_t MinHeapSize                              = 268435456                                 {product} {command line}
    uintx NonNMethodCodeHeapSize                   = 5839372                                {pd product} {ergonomic}
    uintx NonProfiledCodeHeapSize                  = 122909434                              {pd product} {ergonomic}
    uintx ProfiledCodeHeapSize                     = 122909434                              {pd product} {ergonomic}
    uintx ReservedCodeCacheSize                    = 251658240                              {pd product} {ergonomic}
     bool SegmentedCodeCache                       = true                                      {product} {ergonomic}
   size_t SoftMaxHeapSize                          = 536870912                              {manageable} {ergonomic}
     bool UseCompressedOops                        = true                           {product lp64_product} {ergonomic}
     bool UseG1GC                                  = true                                      {product} {ergonomic}
     bool UseLargePagesIndividualAllocation        = false                                  {pd product} {ergonomic}

Logging:
Log output configuration:
 #0: stdout all=warning uptime,level,tags foldmultilines=false
 #1: stderr all=off uptime,level,tags foldmultilines=false

Environment Variables:
JAVA_HOME=C:\Program Files\Eclipse Adoptium\jdk-21.0.6.7-hotspot
PATH=C:\Program Files\Eclipse Adoptium\jdk-21.0.6.7-hotspot\bin;C:\WINDOWS\system32;C:\WINDOWS;C:\WINDOWS\System32\Wbem;C:\WINDOWS\System32\WindowsPowerShell\v1.0\;C:\WINDOWS\System32\OpenSSH\;C:\Program Files\Git\cmd;C:\Program Files\MongoDB\Server\8.0;C:\xampp\php;C:\Program Files\nodejs\;C:\Program Files\NVIDIA Corporation\NVIDIA App\NvDLISR;C:\Program Files\Microsoft SQL Server\170\Tools\Binn\;C:\Program Files\dotnet\;%JAVA_HOME%\bin;C:\Users\SBS\AppData\Local\Programs\Python\Launcher\;C:\Users\SBS\AppData\Local\Microsoft\WindowsApps;C:\Users\SBS\AppData\Local\Programs\Microsoft VS Code\bin;C:\MinGW\bin;C:\Users\SBS\AppData\Local\spicetify;C:\Users\SBS\Documents\mongosh-2.3.8-win32-x64\bin;C:\Users\SBS\AppData\Roaming\npm;C:\Users\SBS\AppData\Local\Microsoft\WindowsApps;C:\Users\SBS\.dotnet\tools;C:\Users\SBS\Downloads\Rep\winutils-master\hadoop-3.3.6\bin;C:\Users\SBS\Downloads\Rep\winutils-master\hadoop-3.3.6\bin;C:\Users\SBS\Downloads\apache-maven-3.9.11-bin\apache-maven-3.9.11\bin;C:\Program Files\Eclipse Adoptium\jdk-21.0.6.7-hotspot\bin;C:\Users\SBS\AppData\Roaming\npm;C:\Users\SBS\AppData\Local\Programs\Antigravity\bin
USERNAME=SBS
OS=Windows_NT
PROCESSOR_IDENTIFIER=AMD64 Family 25 Model 80 Stepping 0, AuthenticAMD
TMP=C:\Users\SBS\AppData\Local\Temp
TEMP=C:\Users\SBS\AppData\Local\Temp




Periodic native trim disabled

---------------  S Y S T E M  ---------------

OS:
 Windows 11 , 64 bit Build 26100 (10.0.26100.9168)
OS uptime: 0 days 20:47 hours
Hyper-V role detected

CPU: total 8 (initial active 8) (8 cores per cpu, 2 threads per core) family 25 model 80 stepping 0 microcode 0xa50000d, cx8, cmov, fxsr, ht, mmx, 3dnowpref, sse, sse2, sse3, ssse3, sse4a, sse4.1, sse4.2, popcnt, lzcnt, tsc, tscinvbit, avx, avx2, aes, erms, clmul, bmi1, bmi2, adx, sha, fma, vzeroupper, clflush, clflushopt, hv, rdtscp, rdpid, fsrm, f16c, cet_ss
Processor Information for processor 0
  Max Mhz: 3301, Current Mhz: 1908, Mhz Limit: 3301
Processor Information for processor 1
  Max Mhz: 3301, Current Mhz: 1908, Mhz Limit: 3301
Processor Information for processor 2
  Max Mhz: 3301, Current Mhz: 1908, Mhz Limit: 3301
Processor Information for processor 3
  Max Mhz: 3301, Current Mhz: 1908, Mhz Limit: 3301
Processor Information for processor 4
  Max Mhz: 3301, Current Mhz: 1805, Mhz Limit: 3301
Processor Information for processor 5
  Max Mhz: 3301, Current Mhz: 1805, Mhz Limit: 3301
Processor Information for processor 6
  Max Mhz: 3301, Current Mhz: 1805, Mhz Limit: 3301
Processor Information for processor 7
  Max Mhz: 3301, Current Mhz: 1805, Mhz Limit: 3301

Memory: 4k page, system-wide physical 7020M (193M free)
TotalPageFile size 22657M (AvailPageFile size 8M)
current process WorkingSet (physical memory assigned to process): 121M, peak: 272M
current process commit charge ("private bytes"): 435M, peak: 455M

vm_info: OpenJDK 64-Bit Server VM (21.0.6+7-LTS) for windows-amd64 JRE (21.0.6+7-LTS), built on 2025-01-21T00:00:00Z by "admin" with MS VC++ 17.7 (VS2022)

END.
